[SUP] ===== action 35 (trg) utc=2026-10-02T07:25:57Z =====
[SUP] trg media override: one still action on a video unit
[CMD] one-shot trigger id=64117 trg=2 (capture + send): window gate BYPASSED for this boot only
[SUP] trg id=64117: one action with {'mode.media': 'still', 'still.message_cap': 40} (not persisted)
[RC] cycle start: budget=480s pacing=1.3s/msg
[CMD] time-sync subscribe sent; waiting up to 60s (fresh read)
[CMD] spotter UTC decoded: 2026-10-02T07:25:57.222000+00:00
[BOOT] spotter_utc_read uptime_s=4609.18
[RC] schedule gate: Within transmit window 00:00-00:00 America/Los_Angeles; local_time=2026-10-02T00:25:57.222000-07:00 (window bypassed; time read only)
[DEBUG] Sent compact telemetry message (134 bytes): <WS v=1 a=cap cfg=edcd4560 up=2085 tz=America/Los_Angeles lt=na ws=0000 we=0000 rk=800x450 q=20 ct=39.7 sha=91a08f624011 hn=bmcam004>
[DEBUG] Applying requested focus camera controls: args=--autofocus-mode manual --lens-position 0.5 --awb custom --awbgains 1.8,1.6 --shutter 10000 --gain 2 --ev -1 --contrast 2 --denoise cdn_hq --hdr auto; requested={'camera_control_source': 'image_pipeline.camera_controls', 'camera_controls_enabled': True, 'requested_focus_enabled': True, 'requested_focus_mode': 'manual', 'requested_lens_position': 0.5, 'requested_white_balance_enabled': True, 'requested_white_balance_mode': 'manual', 'requested_red_gain': 1.8, 'requested_blue_gain': 1.6, 'requested_colour_gains': [1.8, 1.6], 'requested_exposure_enabled': True, 'requested_shutter_us': 10000, 'requested_analogue_gain': 2.0, 'requested_ev': -1.0, 'requested_image_processing_enabled': True, 'requested_contrast': 2.0, 'requested_denoise': 'cdn_hq', 'requested_hdr': True}
[DEBUG] Running native capture command attempt 1/4: /usr/bin/rpicam-still -n --timeout 2000 --width 4608 --height 2592 --quality 95 --metadata /home/pi/BM_Devel_Pi/images/2026-10-02T07:25:57Z_image_native_full.metadata.json --autofocus-mode manual --lens-position 0.5 --awb custom --awbgains 1.8,1.6 --shutter 10000 --gain 2 --ev -1 --contrast 2 --denoise cdn_hq --hdr auto -o /home/pi/BM_Devel_Pi/images/2026-10-02T07:25:57Z_image_native_full.jpg
[DEBUG] Native capture completed: output=/home/pi/BM_Devel_Pi/images/2026-10-02T07:25:57Z_image_native_full.jpg, bytes=1255470, duration_sec=3.73, attempt=1/4
[RC] native ready: /home/pi/BM_Devel_Pi/images/2026-10-02T07:25:57Z_image_native_full.jpg (1255470 B, elapsed=4.0s)
[RC] source prepared: 800x450 (elapsed=4.5s)
[RC] attempt q20: 3210 B, 12 msgs, over_cap=False, budget_fit=True
[RC] selection: quality=20 attempts=1 fits=True reason=fit
[RC] final JPEG: /home/pi/BM_Devel_Pi/images/2026-10-02T07:25:57Z_image_compressed.jpg (3210 B, 12 msgs, sha256=ab1d3d5161306245...)
[HEAL] wake plan: 0 pending heal(s), 0 chunk(s) this wake (cap 40)
[KEY] media key 0e3zb9 from Spotter UTC 2026-10-02T07:25:57.222000+00:00 (spotter)
[KEY] sent record: /home/pi/BM_Devel_Pi/sent/2026-10-02T07:25:57Z_image_compressed.sent.json (12 msgs, chunks <I0e3zb9.n/12>)
[DEBUG] Runtime BM transfer settings: network=0x02 cellular-only; image_buffer_size=384; image_transmit_delay_seconds=1.3
[BOOT] transmit_start uptime_s=4613.63
[RC] transmit done: sent=12/12 complete=True incomplete_emitted=False uart=17.1s
[DEBUG] Raw image size: 1255470 bytes
[DEBUG] Image quality: 20
[DEBUG] Compressed image size: 3210 bytes
[DEBUG] Buffers: 12
[DEBUG] Execution Time: 0.36 min
[DEBUG] Within Window: True
[DEBUG] CPU Temp: 38.60°C
[DEBUG]  
[DEBUG]  
[DEBUG]  
[CMD] no listen tail: stay_on (the idle loop listens)
[SUP] action: media=video stage=None sent=12/12 elapsed=21.8s
[SUP] ===== action 35 done: stage=None skipped=False =====
