[0:48:55.418983824] [1726]  INFO Camera camera_manager.cpp:340 libcamera v0.7.1+rpt20260609
[0:48:55.464063731] [1729]  WARN CameraSensorProperties camera_sensor_properties.cpp:548 No static properties available for 'imx708_wide'
[0:48:55.464180970] [1729]  WARN CameraSensorProperties camera_sensor_properties.cpp:550 Please consider updating the camera sensor properties database
[0:48:55.549007355] [1729]  INFO RPI pipeline_base.cpp:1133 Using configuration file '/usr/share/libcamera/pipeline/rpi/vc4/rpi_apps.yaml'
[0:48:55.629220459] [1729]  INFO IPAProxy ipa_proxy.cpp:184 Using tuning file /usr/share/libcamera/ipa/rpi/vc4/imx708_wide.json
[0:48:55.646996717] [1729]  WARN CameraSensor camera_sensor_legacy.cpp:502 'imx708_wide': No sensor delays found in static properties. Assuming unverified defaults.
[0:48:55.648292536] [1729]  INFO Camera camera_manager.cpp:223 Adding camera '/base/soc/i2c0mux/i2c@1/imx708@1a' for pipeline handler rpi/vc4
[0:48:55.648393368] [1729]  INFO RPI vc4.cpp:445 Registered camera /base/soc/i2c0mux/i2c@1/imx708@1a to Unicam device /dev/media0 and ISP device /dev/media1
Mode selection for 2304:1296:12:P
    SRGGB10_CSI2P,1536x864/0 - Score: 3400
    SRGGB10_CSI2P,2304x1296/0 - Score: 1000
    SRGGB10_CSI2P,4608x2592/0 - Score: 1900
[0:48:55.652961545] [1726]  INFO Camera camera.cpp:1216 configuring streams: (0) 2304x1296-YUV420/sYCC (1) 2304x1296-SBGGR10_CSI2P/RAW
[0:48:55.653603673] [1729]  INFO RPI vc4.cpp:620 Sensor: /base/soc/i2c0mux/i2c@1/imx708@1a - Selected sensor format: 2304x1296-SBGGR10_1X10/RAW - Selected unicam format: 2304x1296-pBAA/RAW
Mode selection for 4608:2592:12:P
    SRGGB10_CSI2P,1536x864/0 - Score: 10600
    SRGGB10_CSI2P,2304x1296/0 - Score: 8200
    SRGGB10_CSI2P,4608x2592/0 - Score: 1000
[0:48:57.753242870] [1726]  INFO Camera camera.cpp:1216 configuring streams: (0) 4608x2592-YUV420/sYCC (1) 4608x2592-SBGGR10_CSI2P/RAW
[0:48:57.754564209] [1729]  INFO RPI vc4.cpp:620 Sensor: /base/soc/i2c0mux/i2c@1/imx708@1a - Selected sensor format: 4608x2592-SBGGR10_1X10/RAW - Selected unicam format: 4608x2592-pBAA/RAW
Still capture image received
Bayer format is BGGR-10
