2026-09-27T05:17:41Z SPOT-33507C > bridge cfg get c3c564b91856226c s bridgePowerControllerEnabled
2026-09-27T05:17:44Z bridge cfg get c3c564b91856226c s bridgePowerControllerEnabled
2026-09-27T05:17:44Z Succesfully sent config get msg
2026-09-27T05:17:44Z 2026-09-27T05:17:43.605Z [BRIDGE_CFG] [INFO] Node ID: 0000000000000000 Partition: system Value: 1
2026-09-27T05:17:49Z SPOT-33507C > bridge cfg set c3c564b91856226c s u bridgePowerControllerEnabled 0
2026-09-27T05:17:50Z bridge cfg set c3c564b91856226c s u bridgePowerControllerEnabled 0
2026-09-27T05:17:50Z Succesfully sent config set msg
2026-09-27T05:17:50Z 2026-09-27T05:17:50.035Z [BRIDGE_CFG] [INFO] Node ID: 0000000000000000 Partition: system Value: 0
2026-09-27T05:17:56Z SPOT-33507C > bridge cfg commit c3c564b91856226c s
2026-09-27T05:17:57Z bridge cfg commit c3c564b91856226c s
2026-09-27T05:17:57Z Succesfull config commit send
2026-09-27T05:17:58Z 2026-09-27T05:17:57.785Z [BRIDGE] [ERROR] Bridge RX Processing Packet Failure: -7
2026-09-27T05:17:58Z 2026-09-27T05:17:57.789Z [BRIDGE] [INFO] Setting negotiated baud rate to 1000000 from 1000000
2026-09-27T05:17:58Z 2026-09-27T05:17:57.792Z [BRIDGE_SYS] [INFO] Bridge State Init
2026-09-27T05:17:58Z 2026-09-27T05:17:57.796Z [BRIDGE] [INFO] Reboot info received from c3c564b91856226c - Reason: 5 gitSHA: 1595f804 Reboot cnt: 0 PC: 0x0 LR: 0x0
2026-09-27T05:17:58Z 2026-09-27T05:17:57.804Z [BRIDGE_SYS] [INFO] Bridge bus power: 1
2026-09-27T05:17:58Z 2026-09-27T05:17:57.855Z [BRIDGE_CFG] [INFO] Response msg -- Node Id: 0000000000000000, Partition: system, Commit Status: 0
2026-09-27T05:17:58Z 2026-09-27T05:17:57.855Z [BRIDGE_CFG] [INFO] Num Keys: 18
2026-09-27T05:17:58Z 2026-09-27T05:17:57.855Z [BRIDGE_CFG] [INFO] Key 0: sampleIntervalMs
2026-09-27T05:17:58Z 2026-09-27T05:17:57.855Z [BRIDGE_CFG] [INFO] Key 1: sampleDurationMs
2026-09-27T05:17:58Z 2026-09-27T05:17:57.855Z [BRIDGE_CFG] [INFO] Key 2: subsampleIntervalMs
2026-09-27T05:17:58Z 2026-09-27T05:17:57.855Z [BRIDGE_CFG] [INFO] Key 3: subsampleDurationMs
2026-09-27T05:17:58Z 2026-09-27T05:17:57.855Z [BRIDGE_CFG] [INFO] Key 4: subsampleEnabled
2026-09-27T05:17:58Z 2026-09-27T05:17:57.855Z [BRIDGE_CFG] [INFO] Key 5: bridgePowerControllerEnabled
2026-09-27T05:17:58Z 2026-09-27T05:17:57.855Z [BRIDGE_CFG] [INFO] Key 6: alignmentInterval5Min
2026-09-27T05:17:58Z 2026-09-27T05:17:57.855Z [BRIDGE_CFG] [INFO] Key 7: ticksSamplingEnabled
2026-09-27T05:17:58Z 2026-09-27T05:17:57.855Z [BRIDGE_CFG] [INFO] Key 8: samplesPerReport
2026-09-27T05:17:58Z 2026-09-27T05:17:57.855Z [BRIDGE_CFG] [INFO] Key 9: transmitAggregations
2026-09-27T05:17:58Z 2026-09-27T05:17:57.855Z [BRIDGE_CFG] [INFO] Key 10: currentReadingPeriodMs
2026-09-27T05:17:58Z 2026-09-27T05:17:57.855Z [BRIDGE_CFG] [INFO] Key 11: softReadingPeriodMs
2026-09-27T05:17:58Z 2026-09-27T05:17:57.855Z [BRIDGE_CFG] [INFO] Key 12: rbrCodaReadingPeriodMs
2026-09-27T05:17:58Z 2026-09-27T05:17:57.859Z [BRIDGE_CFG] [INFO] Key 13: turbidityReadingPeriodMs
2026-09-27T05:17:58Z 2026-09-27T05:17:57.859Z [BRIDGE_CFG] [INFO] Key 14: disableUnusedPortsTimeMs
2026-09-27T05:17:58Z 2026-09-27T05:17:57.859Z [BRIDGE_CFG] [INFO] Key 15: salinityReadingPeriodMs
2026-09-27T05:17:58Z 2026-09-27T05:17:57.859Z [BRIDGE_CFG] [INFO] Key 16: sensorsCheckIntervalS
2026-09-27T05:17:58Z 2026-09-27T05:17:57.859Z [BRIDGE_CFG] [INFO] Key 17: sensorsPollIntervalMs
2026-09-27T05:17:58Z 2026-09-27T05:17:57.859Z [BRIDGE_CFG] [INFO] Response msg -- Node Id: 0000000000000000, Partition: user, Commit Status: 0
2026-09-27T05:17:58Z 2026-09-27T05:17:57.859Z [BRIDGE_CFG] [INFO] Num Keys: 0
2026-09-27T05:17:58Z 2026-09-27T05:17:57.859Z [BRIDGE_CFG] [INFO] Response msg -- Node Id: 0000000000000000, Partition: hardware, Commit Status: 0
2026-09-27T05:17:58Z 2026-09-27T05:17:57.859Z [BRIDGE_CFG] [INFO] Num Keys: 1
2026-09-27T05:17:58Z 2026-09-27T05:17:57.859Z [BRIDGE_CFG] [INFO] Key 0: smConfigurationCrc
2026-09-27T05:17:58Z 2026-09-27T05:17:57.859Z [BRIDGE] [INFO] handle_power_states, power on for: 4294967295
2026-09-27T05:17:58Z 2026-09-27T05:17:57.867Z [BRIDGE_CFG] [INFO] Node ID: 0000000000000000 Partition: system Value: 3600000
2026-09-27T05:17:58Z 2026-09-27T05:17:57.871Z [BRIDGE_CFG] [INFO] Node ID: 0000000000000000 Partition: system Value: 600000
2026-09-27T05:17:58Z 2026-09-27T05:17:57.875Z [BRIDGE_CFG] [INFO] Node ID: 0000000000000000 Partition: system Value: 300000
2026-09-27T05:17:58Z 2026-09-27T05:17:57.882Z [BRIDGE_CFG] [INFO] Node ID: 0000000000000000 Partition: system Value: 30000
2026-09-27T05:17:58Z 2026-09-27T05:17:57.886Z [BRIDGE_CFG] [INFO] Node ID: 0000000000000000 Partition: system Value: 0
2026-09-27T05:17:58Z 2026-09-27T05:17:57.890Z [BRIDGE_CFG] [INFO] Node ID: 0000000000000000 Partition: system Value: 0
2026-09-27T05:17:58Z 2026-09-27T05:17:57.894Z [BRIDGE_CFG] [INFO] Node ID: 0000000000000000 Partition: system Value: 1
2026-09-27T05:17:58Z 2026-09-27T05:17:57.902Z [BRIDGE_CFG] [INFO] Node ID: 0000000000000000 Partition: system Value: 0
2026-09-27T05:17:58Z 2026-09-27T05:17:57.906Z [BRIDGE_CFG] [INFO] Node ID: 0000000000000000 Partition: system Value: 1
2026-09-27T05:17:58Z 2026-09-27T05:17:57.910Z [BRIDGE_CFG] [INFO] Node ID: 0000000000000000 Partition: system Value: 0
2026-09-27T05:17:58Z 2026-09-27T05:17:57.917Z [BRIDGE_CFG] [INFO] Node ID: 0000000000000000 Partition: system Value: 60000
2026-09-27T05:17:58Z 2026-09-27T05:17:57.921Z [BRIDGE_CFG] [INFO] Node ID: 0000000000000000 Partition: system Value: 500
2026-09-27T05:17:58Z 2026-09-27T05:17:57.925Z [BRIDGE_CFG] [INFO] Node ID: 0000000000000000 Partition: system Value: 500
2026-09-27T05:17:58Z 2026-09-27T05:17:57.929Z [BRIDGE_CFG] [INFO] Node ID: 0000000000000000 Partition: system Value: 1000
2026-09-27T05:17:58Z 2026-09-27T05:17:57.937Z [BRIDGE_CFG] [INFO] Node ID: 0000000000000000 Partition: system Value: 0
2026-09-27T05:17:58Z 2026-09-27T05:17:57.941Z [BRIDGE_CFG] [INFO] Node ID: 0000000000000000 Partition: system Value: 30000
2026-09-27T05:17:58Z 2026-09-27T05:17:57.945Z [BRIDGE_CFG] [INFO] Node ID: 0000000000000000 Partition: system Value: 60
2026-09-27T05:17:58Z 2026-09-27T05:17:57.949Z [BRIDGE_CFG] [INFO] Node ID: 0000000000000000 Partition: system Value: 10000
2026-09-27T05:17:58Z 2026-09-27T05:17:57.957Z [BRIDGE_CFG] [INFO] Node ID: 0000000000000000 Partition: hardware - Failed to decode value
2026-09-27T05:17:59Z 2026-09-27T05:17:58.832Z [BRIDGE_SYS] [INFO] Neighbor 53171fa3d81a8e6f added
2026-09-27T05:18:03Z 2026-09-27T05:18:02.800Z [BRIDGE_CFG] [INFO] Bridge topology in topology sampler:
2026-09-27T05:18:03Z 2026-09-27T05:18:02.808Z [BRIDGE_CFG] [INFO] c3c564b91856226c
2026-09-27T05:18:03Z 2026-09-27T05:18:02.812Z [BRIDGE_CFG] [INFO] 53171fa3d81a8e6f
2026-09-27T05:18:03Z 2026-09-27T05:18:02.812Z [BRIDGE_CFG] [INFO] Network configuration change detected! crc: 0xba829098 at UTC:1790486282
2026-09-27T05:18:03Z 2026-09-27T05:18:02.816Z [BRIDGE_CFG] [INFO] Stored CRCs:
2026-09-27T05:18:03Z 0xddf6e9b9
2026-09-27T05:18:03Z 0xa73850dc
2026-09-27T05:18:03Z 0xba829098
2026-09-27T05:18:03Z 0x1539bc17
2026-09-27T05:18:03Z 0x82e414ca
2026-09-27T05:18:03Z 0xf9cb90d5
2026-09-27T05:18:03Z 0x6e163808
2026-09-27T05:18:03Z 0x1614bd85
2026-09-27T05:18:03Z 0x24b9d688
2026-09-27T05:18:03Z 2026-09-27T05:18:02.835Z [BRIDGE_CFG] [INFO] Bridge network config: [[14106792153947972204, "bridge", 362149892, 3303883033, {"sampleIntervalMs": 3600000, "sampleDurationMs": 600000, "subsampleInterv
2026-09-27T05:18:03Z 2026-09-27T05:18:02.855Z [BRIDGE_CFG] [INFO] Bridge network info CRC: ba829098
2026-09-27T05:18:03Z 2026-09-27T05:18:02.855Z [BRIDGE_CFG] [INFO] Bridge FW Version: Major: 0 Minor: 13 Revision: 11
2026-09-27T05:18:03Z 2026-09-27T05:18:02.855Z [BRIDGE_CFG] [INFO] Bridge sys config partition CRC: c4ed4119
2026-09-27T05:18:03Z 2026-09-27T05:18:02.855Z [BRIDGE_CFG] [INFO] Bridge toplogy: c3c564b91856226c | 53171fa3d81a8e6f
2026-09-27T05:18:03Z 2026-09-27T05:18:02.859Z [BRIDGE_SYS] [INFO] Checking CRC in report builder!
2026-09-27T05:18:03Z No update available for 53171fa3d81a8e6f
2026-09-27T05:18:03Z 2026-09-27T05:18:02.859Z [BRIDGE_SYS] [INFO] Got CRC ba829098 OLD CRC 0
2026-09-27T05:18:03Z No update available for c3c564b91856226c
2026-09-27T05:18:03Z Current bit offset: 196
2026-09-27T05:18:03Z Rounded bit offset: 200
2026-09-27T05:18:03Z New bit offset: 2720
2026-09-27T05:18:03Z 2026-09-27T05:18:02.863Z [MS] [INFO] Added message(id: 60 len: 340) to queue MS_Q_LEGACY: (1)!
2026-09-27T05:18:03Z 2026-09-27T05:18:02.863Z [BRIDGE_SYS] [INFO] Getting topology in report builder!
2026-09-27T05:18:03Z Message: Current bit offset: 20
2026-09-27T05:18:03Z Rounded bit offset: 24
2026-09-27T05:18:03Z New bit offset: 1672
2026-09-27T05:18:03Z 2026-09-27T05:18:02.863Z [MS] [INFO] Added message(id: 61 len: 209) to queue MS_Q_LEGACY: (2)!
2026-09-27T05:18:03Z 2026-09-27T05:18:02.863Z [CFG] [INFO] Saving sysCfg
2026-09-27T05:18:03Z 2026-09-27T05:18:02.863Z [BRIDGE_SYS] [INFO] Got topology in report builder!
2026-09-27T05:18:03Z 2026-09-27T05:18:02.867Z [BRIDGE_SYS] [INFO] Updating CRC and topology in report builder!
2026-09-27T05:18:03Z 2026-09-27T05:18:02.871Z [BRIDGE_SYS] [INFO] Updated reportBuilders max network configuration CBOR map
2026-09-27T05:18:03Z 2026-09-27T05:18:02.871Z [BRIDGE_SYS] [INFO] Updated reportBuilders max network sensor type list
2026-09-27T05:18:03Z 2026-09-27T05:18:02.929Z [CFG] [INFO] Saving sysCfg
2026-09-27T05:18:03Z 2026-09-27T05:18:02.945Z [MS] [DEBUG] Has message 60 expired? queuedTime: 120872553, now64: 120872637, remaining: 86399916
2026-09-27T05:18:03Z 2026-09-27T05:18:02.945Z [MS] [DEBUG] Sending legacy messages to Notecard.
2026-09-27T05:18:03Z 2026-09-27T05:18:02.980Z [MS] [DEBUG] Notecard is 19.000000 pct full.
2026-09-27T05:18:03Z 2026-09-27T05:18:02.980Z [MS] [INFO] Queuing message 60 20027528
2026-09-27T05:18:03Z Message: Interpolated sample at: 1790486283.20
2026-09-27T05:18:03Z Interpolated sample at: 1790486283.60
2026-09-27T05:18:04Z 2026-09-27T05:18:03.566Z [MS] [DEBUG] Has message 61 expired? queuedTime: 120872554, now64: 120873260, remaining: 86399294
2026-09-27T05:18:04Z 2026-09-27T05:18:03.570Z [MS] [INFO] Queuing message 61 20029C98
2026-09-27T05:18:04Z 2026-09-27T05:18:03.875Z [MS] [INFO] Setting GPS coordinates lat:37.758018, lon: -122.430756
2026-09-27T05:18:04Z 2026-09-27T05:18:04.074Z [MS] [DEBUG] Attempting to Sync.
2026-09-27T05:18:04Z 2026-09-27T05:18:04.089Z [MS] [DEBUG] Waiting for TX
2026-09-27T05:18:05Z SPOT-33507C > bridge cfg get c3c564b91856226c s bridgePowerControllerEnabled
2026-09-27T05:18:06Z bridge cfg get c3c564b91856226c s bridgePowerControllerEnabled
2026-09-27T05:18:06Z Succesfully sent config get msg
2026-09-27T05:18:06Z 2026-09-27T05:18:05.917Z [BRIDGE_CFG] [INFO] Node ID: 0000000000000000 Partition: system Value: 0
2026-09-27T05:18:06Z Interpolated sample at: 1790486285.20
2026-09-27T05:18:06Z Interpolated sample at: 1790486285.60
2026-09-27T05:18:06Z Interpolated sample at: 1790486286.00
2026-09-27T05:18:06Z Interpolated sample at: 1790486286.40
2026-09-27T05:18:09Z Interpolated sample at: 1790486287.20
2026-09-27T05:18:09Z Interpolated sample at: 1790486287.60
2026-09-27T05:18:09Z Interpolated sample at: 1790486288.00
2026-09-27T05:18:09Z Interpolated sample at: 1790486288.40
2026-09-27T05:18:09Z Interpolated sample at: 1790486288.80
2026-09-27T05:18:11Z 2026-09-27T05:18:10.359Z [ERR] [INFO] GpsErrorState changed from OK to NO_SIGNAL
2026-09-27T05:18:12Z 2026-09-27T05:18:11.527Z [ERR] [INFO] GpsErrorState changed from NO_SIGNAL to OK
2026-09-27T05:21:04Z SPOT-33507C > bm pub bmcam/cmd {"id":26310,"c":"trg","v":2} 1 1
2026-09-27T05:21:06Z bm pub bmcam/cmd {"id":26310,"c":"trg","v":2} 1 1
2026-09-27T05:21:07Z 2026-09-27T05:21:06.425Z [MS] [INFO] Added message(id: 13393 len: 240) to queue MS_Q_CELLULAR_ONLY: (1)!
2026-09-27T05:21:07Z 2026-09-27T05:21:06.425Z [BM_TX] [INFO] Submitted spotter/transmit-data message to cell-only queue, Len: 115
2026-09-27T05:21:07Z 2026-09-27T05:21:06.425Z [BM_TX] [DEBUG] Message:
2026-09-27T05:21:07Z  7b 22 69 64 22 3a 32 36
2026-09-27T05:21:07Z  33 31 30 2c 22 6f 6b 22
2026-09-27T05:21:07Z  3a 31 2c 22 73 74 22 3a
2026-09-27T05:21:07Z  7b 22 72 6f 69 22 3a 30
2026-09-27T05:21:07Z  2c 22 66 6f 63 22 3a 30
2026-09-27T05:21:07Z  2c 22 61 77 62 22 3a 30
2026-09-27T05:21:07Z  2c 22 65 78 70 22 3a 30
2026-09-27T05:21:07Z  2c 22 77 69 6e 22 3a 30
2026-09-27T05:21:07Z  2c 22 74 78 64 22 3a 30
2026-09-27T05:21:07Z  2c 22 63 61 70 22 3a 30
2026-09-27T05:21:07Z  2c 22 73 72 63 22 3a 30
2026-09-27T05:21:07Z  2c 22 68 6c 74 22 3a 30
2026-09-27T05:21:07Z  2c 22 74 77 6e 22 3a 30
2026-09-27T05:21:07Z  2c 22 74 6d 7a 22 3a 30
2026-09-27T05:21:07Z  7d 7d
2026-09-27T05:21:07Z 2026-09-27T05:21:06.468Z [MS] [DEBUG] Notecard is 3.000000 pct full.
2026-09-27T05:21:07Z 2026-09-27T05:21:06.468Z [MS] [DEBUG] Has message 13393 expired? queuedTime: 121056149, now64: 121056194, remaining: 86399955
2026-09-27T05:21:07Z 2026-09-27T05:21:06.472Z [MS] [INFO] Sending Cellular message to Notecard.
2026-09-27T05:21:07Z 2026-09-27T05:21:06.472Z [MS] [INFO] Queuing message 13393 20029C98
2026-09-27T05:22:30Z SPOT-33507C > bm pub bmcam/cmd {"id":26311,"c":"trg","v":2} 1 1
2026-09-27T05:22:33Z bm pub bmcam/cmd {"id":26311,"c":"trg","v":2} 1 1
2026-09-27T05:22:33Z 2026-09-27T05:22:32.789Z [MS] [INFO] Added message(id: 13395 len: 240) to queue MS_Q_CELLULAR_ONLY: (1)!
2026-09-27T05:22:33Z 2026-09-27T05:22:32.789Z [BM_TX] [INFO] Submitted spotter/transmit-data message to cell-only queue, Len: 115
2026-09-27T05:22:33Z 2026-09-27T05:22:32.789Z [BM_TX] [DEBUG] Message:
2026-09-27T05:22:33Z  7b 22 69 64 22 3a 32 36
2026-09-27T05:22:33Z  33 31 31 2c 22 6f 6b 22
2026-09-27T05:22:33Z  3a 31 2c 22 73 74 22 3a
2026-09-27T05:22:33Z  7b 22 72 6f 69 22 3a 30
2026-09-27T05:22:33Z  2c 22 66 6f 63 22 3a 30
2026-09-27T05:22:33Z  2c 22 61 77 62 22 3a 30
2026-09-27T05:22:33Z  2c 22 65 78 70 22 3a 30
2026-09-27T05:22:33Z  2c 22 77 69 6e 22 3a 30
2026-09-27T05:22:33Z  2c 22 74 78 64 22 3a 30
2026-09-27T05:22:33Z  2c 22 63 61 70 22 3a 30
2026-09-27T05:22:33Z  2c 22 73 72 63 22 3a 30
2026-09-27T05:22:33Z  2c 22 68 6c 74 22 3a 30
2026-09-27T05:22:33Z  2c 22 74 77 6e 22 3a 30
2026-09-27T05:22:33Z  2c 22 74 6d 7a 22 3a 30
2026-09-27T05:22:33Z  7d 7d
2026-09-27T05:22:33Z 2026-09-27T05:22:32.835Z [MS] [DEBUG] Notecard is 3.000000 pct full.
2026-09-27T05:22:33Z 2026-09-27T05:22:32.835Z [MS] [DEBUG] Has message 13395 expired? queuedTime: 121142530, now64: 121142575, remaining: 86399955
2026-09-27T05:22:33Z 2026-09-27T05:22:32.835Z [MS] [INFO] Sending Cellular message to Notecard.
2026-09-27T05:22:33Z 2026-09-27T05:22:32.835Z [MS] [INFO] Queuing message 13395 20029C98
2026-09-27T05:25:21Z SPOT-33507C > bm pub bmcam/cmd {"id":26312,"c":"trg","v":2} 1 1
2026-09-27T05:25:23Z bm pub bmcam/cmd {"id":26312,"c":"trg","v":2} 1 1
2026-09-27T05:25:23Z 2026-09-27T05:25:23.167Z [MS] [INFO] Added message(id: 13500 len: 240) to queue MS_Q_CELLULAR_ONLY: (1)!
2026-09-27T05:25:23Z 2026-09-27T05:25:23.167Z [BM_TX] [INFO] Submitted spotter/transmit-data message to cell-only queue, Len: 115
2026-09-27T05:25:23Z 2026-09-27T05:25:23.167Z [BM_TX] [DEBUG] Message:
2026-09-27T05:25:23Z  7b 22 69 64 22 3a 32 36
2026-09-27T05:25:23Z  33 31 32 2c 22 6f 6b 22
2026-09-27T05:25:23Z  3a 31 2c 22 73 74 22 3a
2026-09-27T05:25:23Z  7b 22 72 6f 69 22 3a 30
2026-09-27T05:25:23Z  2c 22 66 6f 63 22 3a 30
2026-09-27T05:25:23Z  2c 22 61 77 62 22 3a 30
2026-09-27T05:25:23Z  2c 22 65 78 70 22 3a 30
2026-09-27T05:25:23Z  2c 22 77 69 6e 22 3a 30
2026-09-27T05:25:23Z  2c 22 74 78 64 22 3a 30
2026-09-27T05:25:23Z  2c 22 63 61 70 22 3a 30
2026-09-27T05:25:23Z  2c 22 73 72 63 22 3a 30
2026-09-27T05:25:23Z  2c 22 68 6c 74 22 3a 30
2026-09-27T05:25:23Z  2c 22 74 77 6e 22 3a 30
2026-09-27T05:25:23Z  2c 22 74 6d 7a 22 3a 30
2026-09-27T05:25:23Z  7d 7d
2026-09-27T05:25:23Z 2026-09-27T05:25:23.214Z [MS] [DEBUG] Notecard is 10.000000 pct full.
2026-09-27T05:25:23Z 2026-09-27T05:25:23.214Z [MS] [DEBUG] Has message 13500 expired? queuedTime: 121312940, now64: 121312986, remaining: 86399954
2026-09-27T05:25:23Z 2026-09-27T05:25:23.214Z [MS] [INFO] Sending Cellular message to Notecard.
2026-09-27T05:25:23Z 2026-09-27T05:25:23.218Z [MS] [INFO] Queuing message 13500 20027528
2026-09-27T05:28:02Z SPOT-33507C > bm pub bmcam/cmd {"id":26313,"c":"trg","v":2} 1 1
2026-09-27T05:28:05Z bm pub bmcam/cmd {"id":26313,"c":"trg","v":2} 1 1
2026-09-27T05:28:05Z 2026-09-27T05:28:04.871Z [MS] [ERROR] Queue MS_Q_CELLULAR_ONLY is full.
2026-09-27T05:28:05Z 2026-09-27T05:28:04.871Z [MS] [INFO] Error adding message to queue.
2026-09-27T05:28:05Z 2026-09-27T05:28:04.871Z [BM_TX] [ERROR] Unable to submit message to cell-only queue
2026-09-27T05:35:33Z SPOT-33507C > bm pub bmcam/cmd {"id":26314,"c":"trg","v":2} 1 1
2026-09-27T05:35:35Z bm pub bmcam/cmd {"id":26314,"c":"trg","v":2} 1 1
2026-09-27T05:35:35Z 2026-09-27T05:35:35.046Z [MS] [INFO] Added message(id: 13703 len: 240) to queue MS_Q_CELLULAR_ONLY: (1)!
2026-09-27T05:35:35Z 2026-09-27T05:35:35.050Z [BM_TX] [INFO] Submitted spotter/transmit-data message to cell-only queue, Len: 115
2026-09-27T05:35:35Z 2026-09-27T05:35:35.050Z [BM_TX] [DEBUG] Message:
2026-09-27T05:35:35Z  7b 22 69 64 22 3a 32 36
2026-09-27T05:35:35Z  33 31 34 2c 22 6f 6b 22
2026-09-27T05:35:35Z  3a 31 2c 22 73 74 22 3a
2026-09-27T05:35:35Z  7b 22 72 6f 69 22 3a 30
2026-09-27T05:35:35Z  2c 22 66 6f 63 22 3a 30
2026-09-27T05:35:35Z  2c 22 61 77 62 22 3a 30
2026-09-27T05:35:35Z  2c 22 65 78 70 22 3a 30
2026-09-27T05:35:35Z  2c 22 77 69 6e 22 3a 30
2026-09-27T05:35:35Z  2c 22 74 78 64 22 3a 30
2026-09-27T05:35:35Z  2c 22 63 61 70 22 3a 30
2026-09-27T05:35:35Z  2c 22 73 72 63 22 3a 30
2026-09-27T05:35:35Z  2c 22 68 6c 74 22 3a 30
2026-09-27T05:35:35Z  2c 22 74 77 6e 22 3a 30
2026-09-27T05:35:35Z  2c 22 74 6d 7a 22 3a 30
2026-09-27T05:35:35Z  7d 7d
2026-09-27T05:35:35Z 2026-09-27T05:35:35.093Z [MS] [DEBUG] Notecard is 24.000000 pct full.
2026-09-27T05:35:35Z 2026-09-27T05:35:35.093Z [MS] [DEBUG] Has message 13703 expired? queuedTime: 121924930, now64: 121924976, remaining: 86399954
2026-09-27T05:35:35Z 2026-09-27T05:35:35.097Z [MS] [INFO] Sending Cellular message to Notecard.
2026-09-27T05:35:35Z 2026-09-27T05:35:35.097Z [MS] [INFO] Queuing message 13703 20027488
2026-09-27T05:35:37Z Message: Message: Interpolated sample at: 1790487336.80
2026-09-27T05:35:37Z Interpolated sample at: 1790487337.20
2026-09-27T05:35:38Z 2026-09-27T05:35:37.558Z [ERR] [INFO] GpsErrorState changed from OK to NO_SIGNAL
2026-09-27T06:22:10Z SPOT-33507C > bridge cfg set c3c564b91856226c s u bridgePowerControllerEnabled 1
2026-09-27T06:22:12Z bridge cfg set c3c564b91856226c s u bridgePowerControllerEnabled 1
2026-09-27T06:22:12Z Succesfully sent config set msg
2026-09-27T06:22:12Z 2026-09-27T06:22:11.691Z [BRIDGE_CFG] [INFO] Node ID: 0000000000000000 Partition: system Value: 1
2026-09-27T06:22:17Z SPOT-33507C > bridge cfg commit c3c564b91856226c s
2026-09-27T06:22:18Z bridge cfg commit c3c564b91856226c s
2026-09-27T06:22:18Z Succesfull config commit send
2026-09-27T06:22:19Z 2026-09-27T06:22:19.441Z [BRIDGE] [ERROR] Bridge RX Processing Packet Failure: -7
2026-09-27T06:22:19Z 2026-09-27T06:22:19.441Z [BRIDGE] [INFO] Setting negotiated baud rate to 1000000 from 1000000
2026-09-27T06:22:19Z 2026-09-27T06:22:19.449Z [BRIDGE_SYS] [INFO] Bridge State Init
2026-09-27T06:22:19Z 2026-09-27T06:22:19.449Z [BRIDGE] [INFO] Reboot info received from c3c564b91856226c - Reason: 5 gitSHA: 1595f804 Reboot cnt: 0 PC: 0x0 LR: 0x0
2026-09-27T06:22:19Z 2026-09-27T06:22:19.457Z [BRIDGE_SYS] [INFO] Bridge bus power: 1
2026-09-27T06:22:20Z 2026-09-27T06:22:19.507Z [BRIDGE_CFG] [INFO] Response msg -- Node Id: 0000000000000000, Partition: system, Commit Status: 0
2026-09-27T06:22:20Z 2026-09-27T06:22:19.507Z [BRIDGE_CFG] [INFO] Num Keys: 18
2026-09-27T06:22:20Z 2026-09-27T06:22:19.507Z [BRIDGE_CFG] [INFO] Key 0: sampleIntervalMs
2026-09-27T06:22:20Z 2026-09-27T06:22:19.507Z [BRIDGE_CFG] [INFO] Key 1: sampleDurationMs
2026-09-27T06:22:20Z 2026-09-27T06:22:19.507Z [BRIDGE_CFG] [INFO] Key 2: subsampleIntervalMs
2026-09-27T06:22:20Z 2026-09-27T06:22:19.507Z [BRIDGE_CFG] [INFO] Key 3: subsampleDurationMs
2026-09-27T06:22:20Z 2026-09-27T06:22:19.511Z [BRIDGE_CFG] [INFO] Key 4: subsampleEnabled
2026-09-27T06:22:20Z 2026-09-27T06:22:19.511Z [BRIDGE_CFG] [INFO] Key 5: bridgePowerControllerEnabled
2026-09-27T06:22:20Z 2026-09-27T06:22:19.511Z [BRIDGE_CFG] [INFO] Key 6: alignmentInterval5Min
2026-09-27T06:22:20Z 2026-09-27T06:22:19.511Z [BRIDGE_CFG] [INFO] Key 7: ticksSamplingEnabled
2026-09-27T06:22:20Z 2026-09-27T06:22:19.511Z [BRIDGE_CFG] [INFO] Key 8: samplesPerReport
2026-09-27T06:22:20Z 2026-09-27T06:22:19.511Z [BRIDGE_CFG] [INFO] Key 9: transmitAggregations
2026-09-27T06:22:20Z 2026-09-27T06:22:19.511Z [BRIDGE_CFG] [INFO] Key 10: currentReadingPeriodMs
2026-09-27T06:22:20Z 2026-09-27T06:22:19.511Z [BRIDGE_CFG] [INFO] Key 11: softReadingPeriodMs
2026-09-27T06:22:20Z 2026-09-27T06:22:19.511Z [BRIDGE_CFG] [INFO] Key 12: rbrCodaReadingPeriodMs
2026-09-27T06:22:20Z 2026-09-27T06:22:19.511Z [BRIDGE_CFG] [INFO] Key 13: turbidityReadingPeriodMs
2026-09-27T06:22:20Z 2026-09-27T06:22:19.511Z [BRIDGE_CFG] [INFO] Key 14: disableUnusedPortsTimeMs
2026-09-27T06:22:20Z 2026-09-27T06:22:19.511Z [BRIDGE_CFG] [INFO] Key 15: salinityReadingPeriodMs
2026-09-27T06:22:20Z 2026-09-27T06:22:19.511Z [BRIDGE_CFG] [INFO] Key 16: sensorsCheckIntervalS
2026-09-27T06:22:20Z 2026-09-27T06:22:19.511Z [BRIDGE_CFG] [INFO] Key 17: sensorsPollIntervalMs
2026-09-27T06:22:20Z 2026-09-27T06:22:19.511Z [BRIDGE_CFG] [INFO] Response msg -- Node Id: 0000000000000000, Partition: user, Commit Status: 0
2026-09-27T06:22:20Z 2026-09-27T06:22:19.515Z [BRIDGE_CFG] [INFO] Num Keys: 0
2026-09-27T06:22:20Z 2026-09-27T06:22:19.515Z [BRIDGE_CFG] [INFO] Response msg -- Node Id: 0000000000000000, Partition: hardware, Commit Status: 0
2026-09-27T06:22:20Z 2026-09-27T06:22:19.515Z [BRIDGE_CFG] [INFO] Num Keys: 1
2026-09-27T06:22:20Z 2026-09-27T06:22:19.515Z [BRIDGE_CFG] [INFO] Key 0: smConfigurationCrc
2026-09-27T06:22:20Z 2026-09-27T06:22:19.515Z [BRIDGE] [INFO] handle_power_states, power on for: 120000
2026-09-27T06:22:20Z 2026-09-27T06:22:19.519Z [BRIDGE_CFG] [INFO] Node ID: 0000000000000000 Partition: system Value: 3600000
2026-09-27T06:22:20Z 2026-09-27T06:22:19.523Z [BRIDGE_CFG] [INFO] Node ID: 0000000000000000 Partition: system Value: 600000
2026-09-27T06:22:20Z 2026-09-27T06:22:19.531Z [BRIDGE_CFG] [INFO] Node ID: 0000000000000000 Partition: system Value: 300000
2026-09-27T06:22:20Z 2026-09-27T06:22:19.535Z [BRIDGE_CFG] [INFO] Node ID: 0000000000000000 Partition: system Value: 30000
2026-09-27T06:22:20Z 2026-09-27T06:22:19.539Z [BRIDGE_CFG] [INFO] Node ID: 0000000000000000 Partition: system Value: 0
2026-09-27T06:22:20Z 2026-09-27T06:22:19.542Z [BRIDGE_CFG] [INFO] Node ID: 0000000000000000 Partition: system Value: 1
2026-09-27T06:22:20Z 2026-09-27T06:22:19.550Z [BRIDGE_CFG] [INFO] Node ID: 0000000000000000 Partition: system Value: 1
2026-09-27T06:22:20Z 2026-09-27T06:22:19.554Z [BRIDGE_CFG] [INFO] Node ID: 0000000000000000 Partition: system Value: 0
2026-09-27T06:22:20Z 2026-09-27T06:22:19.558Z [BRIDGE_CFG] [INFO] Node ID: 0000000000000000 Partition: system Value: 1
2026-09-27T06:22:20Z 2026-09-27T06:22:19.566Z [BRIDGE_CFG] [INFO] Node ID: 0000000000000000 Partition: system Value: 0
2026-09-27T06:22:20Z 2026-09-27T06:22:19.570Z [BRIDGE_CFG] [INFO] Node ID: 0000000000000000 Partition: system Value: 60000
2026-09-27T06:22:20Z 2026-09-27T06:22:19.574Z [BRIDGE_CFG] [INFO] Node ID: 0000000000000000 Partition: system Value: 500
2026-09-27T06:22:20Z 2026-09-27T06:22:19.578Z [BRIDGE_CFG] [INFO] Node ID: 0000000000000000 Partition: system Value: 500
2026-09-27T06:22:20Z 2026-09-27T06:22:19.585Z [BRIDGE_CFG] [INFO] Node ID: 0000000000000000 Partition: system Value: 1000
2026-09-27T06:22:20Z 2026-09-27T06:22:19.589Z [BRIDGE_CFG] [INFO] Node ID: 0000000000000000 Partition: system Value: 0
2026-09-27T06:22:20Z 2026-09-27T06:22:19.593Z [BRIDGE_CFG] [INFO] Node ID: 0000000000000000 Partition: system Value: 30000
2026-09-27T06:22:20Z 2026-09-27T06:22:19.601Z [BRIDGE_CFG] [INFO] Node ID: 0000000000000000 Partition: system Value: 60
2026-09-27T06:22:20Z 2026-09-27T06:22:19.605Z [BRIDGE_CFG] [INFO] Node ID: 0000000000000000 Partition: system Value: 10000
2026-09-27T06:22:20Z 2026-09-27T06:22:19.609Z [BRIDGE_CFG] [INFO] Node ID: 0000000000000000 Partition: hardware - Failed to decode value
2026-09-27T06:22:21Z 2026-09-27T06:22:20.468Z [BRIDGE_SYS] [INFO] Neighbor 53171fa3d81a8e6f added
2026-09-27T06:22:24Z SPOT-33507C > bridge cfg get c3c564b91856226c s bridgePowerControllerEnabled
2026-09-27T06:22:25Z bridge cfg get c3c564b91856226c s bridgePowerControllerEnabled
2026-09-27T06:22:25Z Message: Succesfully sent config get msg
2026-09-27T06:22:25Z 2026-09-27T06:22:25.164Z [BRIDGE_CFG] [INFO] Node ID: 0000000000000000 Partition: system Value: 1
2026-09-27T06:22:25Z 2026-09-27T06:22:25.222Z [MS] [DEBUG] Has message 65 expired? queuedTime: 124734904, now64: 124735609, remaining: 86399295
2026-09-27T06:22:25Z 2026-09-27T06:22:25.222Z [MS] [INFO] Queuing message 65 200274B8
2026-09-27T06:22:26Z 2026-09-27T06:22:25.531Z [MS] [INFO] Setting GPS coordinates lat:37.763130, lon: -122.441902
2026-09-27T06:22:26Z 2026-09-27T06:22:25.562Z [MS] [DEBUG] Attempting to Sync.
2026-09-27T06:22:26Z 2026-09-27T06:22:25.597Z [MS] [DEBUG] Waiting for TX
2026-09-27T06:24:12Z nereus000: sudo systemctl enable --now bm-heal-driver (Nick OK in chat)
