[probe][pi] base: rpicam-still -n --timeout 2000 --width 4608 --height 2592 --quality 95
[probe][pi] base,1,107.9,60.2,84.9,1980883,0
[probe][pi] contrast,0.25,125.3,22.8,22.4,1419638,0
[probe][pi] contrast,0.5,119.5,34.6,38.5,1668296,0
[probe][pi] contrast,0.75,113.7,47.2,58.0,1843464,0
[probe][pi] contrast,1,107.9,60.2,84.5,1998052,0
[probe][pi] contrast,1.5,97.8,77.4,121.2,2080079,0
[probe][pi] contrast,2,92.5,84.6,130.6,2021770,0
[probe][pi] contrast,3,87.7,91.8,151.7,1946933,0
[probe][pi] contrast,4,84.0,95.9,162.6,1818421,0
[probe][pi] contrast,6,84.1,101.3,170.3,1830360,0
[probe][pi] contrast,8,82.7,103.4,170.2,1759655,0
[probe][pi] saturation,0.25,108.5,60.2,25.4,1869160,0
[probe][pi] saturation,0.5,108.3,60.0,45.8,1919637,0
[probe][pi] saturation,1,107.5,59.5,82.3,1940536,0
[probe][pi] saturation,2,105.3,56.5,132.2,2143465,0
[probe][pi] saturation,3,89.9,44.0,240.2,2261956,0
[probe][pi] saturation,4,48.1,35.9,253.2,2105322,0
[probe][pi] saturation,6,1.3,1.8,253.3,313797,0
[probe][pi] saturation,8,1.0,0.6,254.9,207364,0
[probe][pi] saturation,12,1.0,0.5,254.8,202070,0
[probe][pi] saturation,16,1.0,0.5,254.8,199106,0
[probe][pi] brightness,-0.75,9.6,27.9,237.2,1433372,0
[probe][pi] brightness,-0.5,19.6,37.3,201.4,1644328,0
[probe][pi] brightness,-0.25,55.8,52.4,129.2,2187704,0
[probe][pi] brightness,-0.1,88.1,56.0,99.9,2249967,0
[probe][pi] brightness,0,112.7,56.1,74.6,2233224,0
[probe][pi] brightness,0.1,137.6,54.5,57.0,2148998,0
[probe][pi] brightness,0.25,172.3,48.3,41.5,1879811,0
[probe][pi] brightness,0.5,222.8,31.9,27.1,1334868,0
[probe][pi] brightness,0.75,249.3,10.1,11.1,672519,0
[probe][pi] base,2,112.8,56.2,74.2,2238175,0
# image_processing usable-range probe

blank = sd_luma < 2 and (mean < 10 or > 245). Usable range = the contiguous run of non-blank values around the default.

| key | values (mean/sd/sat) | usable min | usable max |
|---|---|---|---|
| contrast | 0.25:125.3/22.8/22.4 0.5:119.5/34.6/38.5 0.75:113.7/47.2/58.0 1:107.9/60.2/84.5 1.5:97.8/77.4/121.2 2:92.5/84.6/130.6 3:87.7/91.8/151.7 4:84.0/95.9/162.6 6:84.1/101.3/170.3 8:82.7/103.4/170.2 | 0.25 | 8.0 |
| saturation | 0.25:108.5/60.2/25.4 0.5:108.3/60.0/45.8 1:107.5/59.5/82.3 2:105.3/56.5/132.2 3:89.9/44.0/240.2 4:48.1/35.9/253.2 6:1.3/1.8/253.3(BLANK) 8:1.0/0.6/254.9(BLANK) 12:1.0/0.5/254.8(BLANK) 16:1.0/0.5/254.8(BLANK) | 0.25 | 4.0 |
| brightness | -0.75:9.6/27.9/237.2 -0.5:19.6/37.3/201.4 -0.25:55.8/52.4/129.2 -0.1:88.1/56.0/99.9 0:112.7/56.1/74.6 0.1:137.6/54.5/57.0 0.25:172.3/48.3/41.5 0.5:222.8/31.9/27.1 0.75:249.3/10.1/11.1 | -0.75 | 0.75 |

Baselines: 107.9/60.2/84.9; 112.8/56.2/74.2
[probe] contact sheet: runs/s27_ip_range_probe_20261002/contact_sheet.jpg (thumbnails scaled to 400x225, NOT 1:1)
