LOG cron_logs/rc_cycle_20261008T210832Z.log
9ec4cb7ae7c1

============================================================
[RC-CRON] Sprint08 progressive-JPEG RC cycle starting
[RC-CRON] start_utc=2026-10-08T21:08:32+00:00
[RC-CRON] uptime_s=17.70
[RC-CRON] user=pi
[RC-CRON] hostname=bmcam003
[RC-CRON] app_dir=/home/pi/BM_Devel_Pi
[RC-CRON] log_file=/home/pi/BM_Devel_Pi/cron_logs/rc_cycle_20261008T210832Z.log
[RC-CRON] disk: /dev/mmcblk0p2  115G   87G   24G  79% /
[RC-CRON] images_dir: 626M
[RC-CRON] running RC capture/transmit cycle (halt at end per power_halt YAML)...
[BOOT] main_entry uptime_s=19.49
[CFG] config v2 /home/pi/BM_Devel_Pi/camera_config.yaml media=still hash=8332d613 hv=1 registry=v11 overlay=1 key(s)
[CFG] legacy runtime reads the v1 render /dev/shm/bmcam/camera_schedule.yaml (level=v2)
[CFG] last-known-good saved /home/pi/BM_Devel_Pi/camera_config.lkg.json
[CFG] supervisor runs the effective config: base ⊕ 1 overlay key(s) hash=8332d613 (render /dev/shm/bmcam/camera_schedule.yaml)
[GUARD] boot 175: 0 guarded key(s) pending
[RUNTIME] supervisor (source=config (v2))
[CMD] bm_commands enabled: topic=bmcam/cmd tail=150.0s defer_acks=False state=/home/pi/BM_Devel_Pi/bm_command_state_v2.json (loaded from file)
[NET] network island: default=nereus_hq ap_fallback_s=90 ap_timeout_min=60
[NET] applying boot default: sudo -n /home/pi/BM_Devel_Pi/network_ap.sh default nereus_hq 90
[RC] Sprint08 progressive-JPEG RC — resolved settings
[RC] config_path=/dev/shm/bmcam/camera_schedule.yaml
[RC] capture_mode=progressive_jpeg (RC path selected)
[RC] quality ladder (explicit): q_max=90 q_min=9 -> [90, 80, 70, 60, 50, 40, 30, 25, 20, 15, 13, 11, 9]
[RC] cycle budget: max_run_time_min=8 (480 s)
[RC] message cap: 195 msgs (field-tested hard cap)
[RC] pacing (bm_serial block, source=yaml): chunk_b64_chars=384 delay_s=1.0
[RC] derived (informational): transmit-only budget holds 480 paced msgs; M1 owns real accounting
[RC] power_halt: enabled=True dry_run=False mode=halt script=/home/pi/BM_Devel_Pi/tuned_halt.sh source=yaml
[RC] schedule: window=00:00-00:00 tz=America/Los_Angeles source=yaml
[RC] transmit_phase (C2): OFF (unscheduled transmit)
[RC] geometry (native coords, frozen): crop_xywh=(1504, 846, 1600, 900) output=1000x562 backend=rpicam
[SUP] per_boot: media=still transmit=True
[CMD] shared UART open: /dev/ttyAMA0@115200 (single port owner)
[CMD] subscribed topic=bmcam/cmd frame_bytes=17
[CMD] reader thread started
[BOOT] cmd_subscribed uptime_s=20.40
[RC] cycle start: budget=480s pacing=1.0s/msg
[CMD] time-sync subscribe sent; waiting up to 60s (fresh read)
[CMD] spotter UTC decoded: 2026-10-08T22:00:31.574000+00:00
Thu  8 Oct 22:00:31 UTC 2026
[BOOT] spotter_utc_read uptime_s=22.28
[RC] schedule gate: Within transmit window 00:00-00:00 America/Los_Angeles; local_time=2026-10-08T15:00:31.574000-07:00
[STORE] over limit: used=75.0% (cap 75%) free=23.98GiB (floor 10GiB) — pruning old stills
[STORE] pruned {'natives': 2}, freed 3.1 MB; used 75.0% -> 75.0%
[DEBUG] Sent compact telemetry message (132 bytes): <WS v=1 a=cap cfg=8332d613 up=3 tz=America/Los_Angeles lt=na ws=0000 we=0000 rk=1000x562 q=90 ct=33.8 sha=9ec4cb7ae7c1 hn=bmcam003>
[RAW] still.format=nrjxl: target_fill=0.97 d_max=10.4 distances=[3.8, 4.6, 5.95, 8.25] effort=5 encode_max_s=30 keep_crop=False crop=[1504, 846, 1600, 900] (native px)
[DEBUG] Applying requested focus camera controls: args=--autofocus-mode auto --lens-position 1.82; requested={'camera_control_source': 'image_pipeline.camera_controls', 'camera_controls_enabled': True, 'requested_focus_enabled': True, 'requested_focus_mode': 'auto', 'requested_lens_position': 1.82, 'requested_white_balance_enabled': False, 'requested_exposure_enabled': False, 'requested_image_processing_enabled': False}
[DEBUG] Running RAW capture (one attempt, no retries): /usr/bin/rpicam-still -n --timeout 2000 --width 4608 --height 2592 --quality 95 --metadata /home/pi/BM_Devel_Pi/images/2026-10-08T22:00:32Z_image_native_full.metadata.json --autofocus-mode auto --lens-position 1.82 --raw -o /home/pi/BM_Devel_Pi/images/2026-10-08T22:00:32Z_image_native_full.jpg
[DEBUG] RAW capture completed: /home/pi/BM_Devel_Pi/images/2026-10-08T22:00:32Z_image_native_full.jpg + /home/pi/BM_Devel_Pi/images/2026-10-08T22:00:32Z_image_native_full.dng (24029068 B DNG, 5.04 s)
[RC] native ready: /home/pi/BM_Devel_Pi/images/2026-10-08T22:00:32Z_image_native_full.jpg (2563019 B, elapsed=8.4s)
[RC] source prepared: 1000x562 (elapsed=9.7s)
[RC] attempt q90: 113225 B, 394 msgs, over_cap=True, budget_fit=True
[RC] attempt q80: 77705 B, 270 msgs, over_cap=True, budget_fit=True
[RC] attempt q70: 62169 B, 216 msgs, over_cap=True, budget_fit=True
[RC] attempt q60: 52207 B, 182 msgs, over_cap=False, budget_fit=True
[RC] selection: quality=60 attempts=4 fits=True reason=fit
[RC] final JPEG: /home/pi/BM_Devel_Pi/images/2026-10-08T22:00:32Z_image_compressed.jpg (52207 B, 182 msgs, sha256=d688caac33aaf597...)
[HEAL] wake plan: 2 pending heal(s), 34 chunk(s) this wake (cap 40)
[RAW] rgb (B3a) written to /home/pi/BM_Devel_Pi/images/.nrjxl_work_2026-10-08T22:00:32Z_image; supervisor VmRSS=76292 KiB (cjxl runs on top of this)
[NET] 2026-10-08T22:00:47Z client WiFi UP: profile=nereus-hq
[RAW] search1 d=2.595: 47736 B, 166 msgs, over_cap=False, budget_fit=True, 11.1 s, peak_rss=96428 KiB
[RAW] search2 d=2.26: 53958 B, 188 msgs, over_cap=False, budget_fit=True, 9.5 s, peak_rss=98076 KiB
[RAW] nrjxl ready: 53958 B, 188 msgs at d=2.26 att=2 (encode 20.6 s, elapsed=34.3s)
[KEY] media key 0eg7sv from Spotter UTC 2026-10-08T22:00:31.574000+00:00 (spotter)
[KEY] sent record: /home/pi/BM_Devel_Pi/sent/2026-10-08T22:00:32Z_image_compressed.sent.json (188 msgs, chunks <I0eg7sv.n/188>)
[DEBUG] Runtime BM transfer settings: network=0x02 cellular-only; image_buffer_size=384; image_transmit_delay_seconds=1.0
[BOOT] transmit_start uptime_s=55.07
[HEAL] sent 34 heal chunk(s) before START: 0efzgx:[69, 70, 71, 72, 73, 74, 75, 76, 77, 78, 94, 140, 152, 153, 154, 155, 156, 157, 158, 159, 160, 161], 0eftwy:[26, 27, 28, 29, 30, 31, 32, 33, 34, 35, 69, 130]
[HEAL] pending after this wake: none
[RC] transmit done: sent=188/188 complete=True incomplete_emitted=False uart=192.5s
[DEBUG] Raw image size: 2563019 bytes
[DEBUG] Image quality: 226
[DEBUG] Compressed image size: 53958 bytes
[DEBUG] Buffers: 188
[DEBUG] Execution Time: 4.37 min
[DEBUG] Within Window: True
[DEBUG] CPU Temp: 32.70°C
[DEBUG]  
[DEBUG]  
[DEBUG]  
[CMD] rsd id=100234 key=0eg28w n=40: accepted
[CMD] applied id=100234 rsd: rsd: 1 heal(s) queued (<HL> reports each)
[CMD] console: 1 line(s) sent, 0 queued
[HEAL] status: <HL v=1 key=0efzgx a=sent n=22 r=ok id=100233 w=0eg7sv>
[HEAL] status: <HL v=1 key=0eftwy a=sent n=12 r=ok id=100233 w=0eg7sv>
[HEAL] status: <HL v=1 key=0eg28w a=requested n=40 r=ok id=100234 w=0eg7sv>
[CMD] post-transmit listen window: 150s
[CMD] post-transmit listen window done: 0 command(s) processed, 0 ack(s) still queued
[SUP] staying awake 45s (hld=False, keep-alive after a command)
[SUP] action: media=still stage=None sent=188/188 elapsed=460.1s
[CMD] stopped: applied=1 dup=0 rejected=0 unackable=0 acks=0 frames=1 sig_hits=1 crc_scan_fail=0 bad_start=0 read_err=0
[BOOT] halt uptime_s=480.40
[RC][halt] executing: sudo -n /bin/bash /home/pi/BM_Devel_Pi/tuned_halt.sh (SSH/process death after this is SUCCESS)
