LOG cron_logs/rc_cycle_20261008T220832Z.log
9ec4cb7ae7c1

============================================================
[RC-CRON] Sprint08 progressive-JPEG RC cycle starting
[RC-CRON] start_utc=2026-10-08T22:08:32+00:00
[RC-CRON] uptime_s=17.73
[RC-CRON] user=pi
[RC-CRON] hostname=bmcam003
[RC-CRON] app_dir=/home/pi/BM_Devel_Pi
[RC-CRON] log_file=/home/pi/BM_Devel_Pi/cron_logs/rc_cycle_20261008T220832Z.log
[RC-CRON] disk: /dev/mmcblk0p2  115G   87G   24G  79% /
[RC-CRON] images_dir: 625M
[RC-CRON] running RC capture/transmit cycle (halt at end per power_halt YAML)...
[BOOT] main_entry uptime_s=19.54
[CFG] config v2 /home/pi/BM_Devel_Pi/camera_config.yaml media=still hash=8332d613 hv=1 registry=v11 overlay=1 key(s)
[CFG] legacy runtime reads the v1 render /dev/shm/bmcam/camera_schedule.yaml (level=v2)
[CFG] supervisor runs the effective config: base ⊕ 1 overlay key(s) hash=8332d613 (render /dev/shm/bmcam/camera_schedule.yaml)
[GUARD] boot 176: 0 guarded key(s) pending
[RUNTIME] supervisor (source=config (v2))
[CMD] bm_commands enabled: topic=bmcam/cmd tail=150.0s defer_acks=False state=/home/pi/BM_Devel_Pi/bm_command_state_v2.json (loaded from file)
[NET] network island: default=nereus_hq ap_fallback_s=90 ap_timeout_min=60
[NET] applying boot default: sudo -n /home/pi/BM_Devel_Pi/network_ap.sh default nereus_hq 90
[RC] Sprint08 progressive-JPEG RC — resolved settings
[RC] config_path=/dev/shm/bmcam/camera_schedule.yaml
[RC] capture_mode=progressive_jpeg (RC path selected)
[RC] quality ladder (explicit): q_max=90 q_min=9 -> [90, 80, 70, 60, 50, 40, 30, 25, 20, 15, 13, 11, 9]
[RC] cycle budget: max_run_time_min=8 (480 s)
[RC] message cap: 195 msgs (field-tested hard cap)
[RC] pacing (bm_serial block, source=yaml): chunk_b64_chars=384 delay_s=1.0
[RC] derived (informational): transmit-only budget holds 480 paced msgs; M1 owns real accounting
[RC] power_halt: enabled=True dry_run=False mode=halt script=/home/pi/BM_Devel_Pi/tuned_halt.sh source=yaml
[RC] schedule: window=00:00-00:00 tz=America/Los_Angeles source=yaml
[RC] transmit_phase (C2): OFF (unscheduled transmit)
[RC] geometry (native coords, frozen): crop_xywh=(1504, 846, 1600, 900) output=1000x562 backend=rpicam
[SUP] per_boot: media=still transmit=True
[CMD] shared UART open: /dev/ttyAMA0@115200 (single port owner)
[CMD] subscribed topic=bmcam/cmd frame_bytes=17
[CMD] reader thread started
[BOOT] cmd_subscribed uptime_s=20.42
[RC] cycle start: budget=480s pacing=1.0s/msg
[CMD] time-sync subscribe sent; waiting up to 60s (fresh read)
[CMD] spotter UTC decoded: 2026-10-08T23:00:30.929000+00:00
Thu  8 Oct 23:00:30 UTC 2026
[BOOT] spotter_utc_read uptime_s=21.69
[RC] schedule gate: Within transmit window 00:00-00:00 America/Los_Angeles; local_time=2026-10-08T16:00:30.929000-07:00
[STORE] over limit: used=75.0% (cap 75%) free=23.98GiB (floor 10GiB) — pruning old stills
[STORE] pruned {'natives': 1}, freed 1.6 MB; used 75.0% -> 75.0%
[DEBUG] Sent compact telemetry message (132 bytes): <WS v=1 a=cap cfg=8332d613 up=2 tz=America/Los_Angeles lt=na ws=0000 we=0000 rk=1000x562 q=90 ct=33.2 sha=9ec4cb7ae7c1 hn=bmcam003>
[RAW] still.format=nrjxl: target_fill=0.97 d_max=10.4 distances=[3.8, 4.6, 5.95, 8.25] effort=5 encode_max_s=30 keep_crop=False crop=[1504, 846, 1600, 900] (native px)
[DEBUG] Applying requested focus camera controls: args=--autofocus-mode auto --lens-position 1.82; requested={'camera_control_source': 'image_pipeline.camera_controls', 'camera_controls_enabled': True, 'requested_focus_enabled': True, 'requested_focus_mode': 'auto', 'requested_lens_position': 1.82, 'requested_white_balance_enabled': False, 'requested_exposure_enabled': False, 'requested_image_processing_enabled': False}
[DEBUG] Running RAW capture (one attempt, no retries): /usr/bin/rpicam-still -n --timeout 2000 --width 4608 --height 2592 --quality 95 --metadata /home/pi/BM_Devel_Pi/images/2026-10-08T23:00:31Z_image_native_full.metadata.json --autofocus-mode auto --lens-position 1.82 --raw -o /home/pi/BM_Devel_Pi/images/2026-10-08T23:00:31Z_image_native_full.jpg
[DEBUG] RAW capture completed: /home/pi/BM_Devel_Pi/images/2026-10-08T23:00:31Z_image_native_full.jpg + /home/pi/BM_Devel_Pi/images/2026-10-08T23:00:31Z_image_native_full.dng (24029068 B DNG, 5.06 s)
[RC] native ready: /home/pi/BM_Devel_Pi/images/2026-10-08T23:00:31Z_image_native_full.jpg (2604571 B, elapsed=7.8s)
[RC] source prepared: 1000x562 (elapsed=9.0s)
[RC] attempt q90: 120618 B, 419 msgs, over_cap=True, budget_fit=True
[RC] attempt q80: 83642 B, 291 msgs, over_cap=True, budget_fit=True
[RC] attempt q70: 67246 B, 234 msgs, over_cap=True, budget_fit=True
[RC] attempt q60: 56647 B, 197 msgs, over_cap=True, budget_fit=True
[RC] attempt q50: 49617 B, 173 msgs, over_cap=False, budget_fit=True
[RC] selection: quality=50 attempts=5 fits=True reason=fit
[RC] final JPEG: /home/pi/BM_Devel_Pi/images/2026-10-08T23:00:31Z_image_compressed.jpg (49617 B, 173 msgs, sha256=31895989b12b70e2...)
[HEAL] wake plan: 1 pending heal(s), 40 chunk(s) this wake (cap 40)
[RAW] rgb (B3a) written to /home/pi/BM_Devel_Pi/images/.nrjxl_work_2026-10-08T23:00:31Z_image; supervisor VmRSS=76196 KiB (cjxl runs on top of this)
[NET] 2026-10-08T23:00:47Z client WiFi UP: profile=nereus-hq
[RAW] search1 d=2.595: 50869 B, 177 msgs, over_cap=False, budget_fit=True, 10.6 s, peak_rss=96492 KiB
[RAW] nrjxl ready: 50869 B, 177 msgs at d=2.595 att=1 (encode 10.6 s, elapsed=23.5s)
[KEY] media key 0egaku from Spotter UTC 2026-10-08T23:00:30.929000+00:00 (spotter)
[KEY] pruned 2 sent file(s) older than 14 d (by key time) from /home/pi/BM_Devel_Pi/sent
[KEY] sent record: /home/pi/BM_Devel_Pi/sent/2026-10-08T23:00:31Z_image_compressed.sent.json (177 msgs, chunks <I0egaku.n/177>)
[DEBUG] Runtime BM transfer settings: network=0x02 cellular-only; image_buffer_size=384; image_transmit_delay_seconds=1.0
[BOOT] transmit_start uptime_s=44.33
[HEAL] sent 40 heal chunk(s) before START: 0eg28w:[5, 6, 7, 8, 9, 10, 11, 12, 13, 14, 15, 16, 17, 18, 19, 20, 21, 22, 23, 24, 25, 26, 27, 28, 29, 30, 31, 32, 33, 34, 35, 36, 37, 38, 39, 40, 41, 42, 43, 44]
[HEAL] pending after this wake: none
[RC] transmit done: sent=177/177 complete=True incomplete_emitted=False uart=181.3s
[DEBUG] Raw image size: 2604571 bytes
[DEBUG] Image quality: 260
[DEBUG] Compressed image size: 50869 bytes
[DEBUG] Buffers: 177
[DEBUG] Execution Time: 4.10 min
[DEBUG] Within Window: True
[DEBUG] CPU Temp: 32.20°C
[DEBUG]  
[DEBUG]  
[DEBUG]  
[HEAL] status: <HL v=1 key=0eg28w a=sent n=40 r=ok id=100234 w=0egaku>
[CMD] post-transmit listen window: 150s
[CMD] post-transmit listen window done: 0 command(s) processed, 0 ack(s) still queued
[SUP] action: media=still stage=None sent=177/177 elapsed=397.2s
[CMD] stopped: applied=0 dup=0 rejected=0 unackable=0 acks=0 frames=0 sig_hits=0 crc_scan_fail=0 bad_start=0 read_err=0
[BOOT] halt uptime_s=417.56
[RC][halt] executing: sudo -n /bin/bash /home/pi/BM_Devel_Pi/tuned_halt.sh (SSH/process death after this is SUCCESS)
