LOG cron_logs/rc_cycle_20261009T140835Z.log
9ec4cb7ae7c1

============================================================
[RC-CRON] Sprint08 progressive-JPEG RC cycle starting
[RC-CRON] start_utc=2026-10-09T14:08:35+00:00
[RC-CRON] uptime_s=17.68
[RC-CRON] user=pi
[RC-CRON] hostname=bmcam003
[RC-CRON] app_dir=/home/pi/BM_Devel_Pi
[RC-CRON] log_file=/home/pi/BM_Devel_Pi/cron_logs/rc_cycle_20261009T140835Z.log
[RC-CRON] disk: /dev/mmcblk0p2  115G   87G   24G  79% /
[RC-CRON] images_dir: 624M
[RC-CRON] running RC capture/transmit cycle (halt at end per power_halt YAML)...
[BOOT] main_entry uptime_s=19.48
[CFG] config v2 /home/pi/BM_Devel_Pi/camera_config.yaml media=still hash=9c980489 hv=1 registry=v11 overlay=4 key(s)
[CFG] legacy runtime reads the v1 render /dev/shm/bmcam/camera_schedule.yaml (level=v2)
[CFG] supervisor runs the effective config: base ⊕ 4 overlay key(s) hash=9c980489 (render /dev/shm/bmcam/camera_schedule.yaml)
[GUARD] boot 192: 0 guarded key(s) pending
[RUNTIME] supervisor (source=config (v2))
[CMD] bm_commands enabled: topic=bmcam/cmd tail=150.0s defer_acks=False state=/home/pi/BM_Devel_Pi/bm_command_state_v2.json (loaded from file)
[NET] network island: default=nereus_hq ap_fallback_s=90 ap_timeout_min=60
[NET] applying boot default: sudo -n /home/pi/BM_Devel_Pi/network_ap.sh default nereus_hq 90
[RC] Sprint08 progressive-JPEG RC — resolved settings
[RC] config_path=/dev/shm/bmcam/camera_schedule.yaml
[RC] capture_mode=progressive_jpeg (RC path selected)
[RC] quality ladder (explicit): q_max=90 q_min=9 -> [90, 80, 70, 60, 50, 40, 30, 25, 20, 15, 13, 11, 9]
[RC] cycle budget: max_run_time_min=8 (480 s)
[RC] message cap: 195 msgs (field-tested hard cap)
[RC] pacing (bm_serial block, source=yaml): chunk_b64_chars=384 delay_s=1.0
[RC] derived (informational): transmit-only budget holds 480 paced msgs; M1 owns real accounting
[RC] power_halt: enabled=True dry_run=False mode=halt script=/home/pi/BM_Devel_Pi/tuned_halt.sh source=yaml
[RC] schedule: window=00:00-00:00 tz=America/Los_Angeles source=yaml
[RC] transmit_phase (C2): OFF (unscheduled transmit)
[RC] geometry (native coords, frozen): crop_xywh=(1504, 846, 1600, 900) output=1000x562 backend=rpicam
[SUP] per_boot: media=still transmit=True
[CMD] shared UART open: /dev/ttyAMA0@115200 (single port owner)
[CMD] subscribed topic=bmcam/cmd frame_bytes=17
[CMD] reader thread started
[BOOT] cmd_subscribed uptime_s=20.38
[RC] cycle start: budget=480s pacing=1.0s/msg
[CMD] time-sync subscribe sent; waiting up to 60s (fresh read)
[CMD] spotter UTC decoded: 2026-10-09T15:00:36.902000+00:00
Fri  9 Oct 15:00:36 UTC 2026
[BOOT] spotter_utc_read uptime_s=27.66
[CMD] ack re-send: 1 answer(s) from the last boots as d:1 (ids [1000168]; 1 paced msg(s) from the wake budget)
[CMD] ack re-sent: {"id":1000168,"ok":1,"h":"9c980489","d":1}
[RC] schedule gate: Within transmit window 00:00-00:00 America/Los_Angeles; local_time=2026-10-09T08:00:36.902000-07:00
[DEBUG] Sent compact telemetry message (132 bytes): <WS v=1 a=cap cfg=9c980489 up=7 tz=America/Los_Angeles lt=na ws=0000 we=0000 rk=1000x562 q=90 ct=25.7 sha=9ec4cb7ae7c1 hn=bmcam003>
[RAW] still.format=nrjxl: target_fill=0.97 d_max=10.4 distances=[3.8, 4.6, 5.95, 8.25] effort=5 encode_max_s=30 keep_crop=False crop=[1504, 846, 1600, 900] (native px)
[DEBUG] [EXP] low_gain: shutter up to 60000 us at the gain floor, then gain up to 1 (imx708_wide_lowgain_s60000_g1.json)
[DEBUG] Applying requested focus camera controls: args=--autofocus-mode auto --lens-position 1.82 --tuning-file /home/pi/BM_Devel_Pi/exposure_profile/tuning/imx708_wide_lowgain_s60000_g1.json; requested={'camera_control_source': 'image_pipeline.camera_controls', 'camera_controls_enabled': True, 'requested_focus_enabled': True, 'requested_focus_mode': 'auto', 'requested_lens_position': 1.82, 'requested_white_balance_enabled': False, 'requested_exposure_enabled': False, 'requested_image_processing_enabled': False, 'exposure_profile': 'low_gain', 'exposure_max_shutter_us': 60000, 'exposure_max_gain': 1.0, 'exposure_profile_applied': True, 'exposure_tuning_file': '/home/pi/BM_Devel_Pi/exposure_profile/tuning/imx708_wide_lowgain_s60000_g1.json', 'exposure_sensor_model': 'imx708_wide'}
[DEBUG] Running RAW capture (one attempt, no retries): /usr/bin/rpicam-still -n --timeout 2000 --width 4608 --height 2592 --quality 95 --metadata /home/pi/BM_Devel_Pi/images/2026-10-09T15:00:36Z_image_native_full.metadata.json --autofocus-mode auto --lens-position 1.82 --tuning-file /home/pi/BM_Devel_Pi/exposure_profile/tuning/imx708_wide_lowgain_s60000_g1.json --raw -o /home/pi/BM_Devel_Pi/images/2026-10-09T15:00:36Z_image_native_full.jpg
[DEBUG] RAW capture completed: /home/pi/BM_Devel_Pi/images/2026-10-09T15:00:36Z_image_native_full.jpg + /home/pi/BM_Devel_Pi/images/2026-10-09T15:00:36Z_image_native_full.dng (24029068 B DNG, 5.22 s)
[RC] native ready: /home/pi/BM_Devel_Pi/images/2026-10-09T15:00:36Z_image_native_full.jpg (2016953 B, elapsed=12.8s)
[RC] source prepared: 1000x562 (elapsed=15.8s)
[RC] attempt q90: 90195 B, 314 msgs, over_cap=True, budget_fit=True
[RC] attempt q80: 60600 B, 211 msgs, over_cap=True, budget_fit=True
[RC] attempt q70: 47881 B, 167 msgs, over_cap=False, budget_fit=True
[RC] selection: quality=70 attempts=3 fits=True reason=fit
[RC] final JPEG: /home/pi/BM_Devel_Pi/images/2026-10-09T15:00:36Z_image_compressed.jpg (47881 B, 167 msgs, sha256=f9ce3e206daf0b2f...)
[NET] 2026-10-09T15:00:45Z client WiFi UP: profile=nereus-hq
[HEAL] wake plan: 3 pending heal(s), 40 chunk(s) this wake (cap 40)
[RAW] rgb (B3a) written to /home/pi/BM_Devel_Pi/images/.nrjxl_work_2026-10-09T15:00:36Z_image; supervisor VmRSS=72852 KiB (cjxl runs on top of this)
[RAW] search1 d=2.595: 38902 B, 136 msgs, over_cap=False, budget_fit=True, 9.3 s, peak_rss=97980 KiB
[RAW] search2 d=1.873: 50721 B, 177 msgs, over_cap=False, budget_fit=True, 9.2 s, peak_rss=98072 KiB
[RAW] nrjxl ready: 50721 B, 177 msgs at d=1.873 att=2 (encode 18.5 s, elapsed=39.1s)
[KEY] media key 0ehj10 from Spotter UTC 2026-10-09T15:00:36.902000+00:00 (spotter)
[KEY] pruned 2 sent file(s) older than 14 d (by key time) from /home/pi/BM_Devel_Pi/sent
[KEY] sent record: /home/pi/BM_Devel_Pi/sent/2026-10-09T15:00:36Z_image_compressed.sent.json (177 msgs, chunks <I0ehj10.n/177>)
[DEBUG] Runtime BM transfer settings: network=0x02 cellular-only; image_buffer_size=384; image_transmit_delay_seconds=1.0
[BOOT] transmit_start uptime_s=59.59
[HEAL] sent 40 heal chunk(s) before START: 0ehdh2:[19, 20, 21, 22, 23, 24, 25, 26, 27, 28, 48, 49, 50, 51, 52, 53, 54, 55, 56, 57, 58, 59, 60, 61, 62, 63, 64, 65, 66, 67, 68, 69, 70, 71, 72, 73, 74, 75, 76, 77]
[HEAL] pending after this wake: 0egzkv(10 left, 1 wakes), 0egu0w(8 left, 1 wakes)
[RC] transmit done: sent=177/177 complete=True incomplete_emitted=False uart=181.3s
[DEBUG] Raw image size: 2016953 bytes
[DEBUG] Image quality: 187
[DEBUG] Compressed image size: 50721 bytes
[DEBUG] Buffers: 177
[DEBUG] Execution Time: 4.36 min
[DEBUG] Within Window: True
[DEBUG] CPU Temp: 24.10°C
[DEBUG]  
[DEBUG]  
[DEBUG]  
[HEAL] status: <HL v=1 key=0ehdh2 a=sent n=40 r=ok id=100250 w=0ehj10>
[CMD] post-transmit listen window: 150s
[CMD] post-transmit listen window done: 0 command(s) processed, 0 ack(s) still queued
[SUP] action: media=still stage=None sent=177/177 elapsed=412.5s
[CMD] stopped: applied=0 dup=0 rejected=0 unackable=0 acks=0 frames=0 sig_hits=0 crc_scan_fail=0 bad_start=0 read_err=0
[BOOT] halt uptime_s=432.87
[RC][halt] executing: sudo -n /bin/bash /home/pi/BM_Devel_Pi/tuned_halt.sh (SSH/process death after this is SUCCESS)
