LOG cron_logs/rc_cycle_20261009T060835Z.log
9ec4cb7ae7c1

============================================================
[RC-CRON] Sprint08 progressive-JPEG RC cycle starting
[RC-CRON] start_utc=2026-10-09T06:08:36+00:00
[RC-CRON] uptime_s=17.66
[RC-CRON] user=pi
[RC-CRON] hostname=bmcam003
[RC-CRON] app_dir=/home/pi/BM_Devel_Pi
[RC-CRON] log_file=/home/pi/BM_Devel_Pi/cron_logs/rc_cycle_20261009T060835Z.log
[RC-CRON] disk: /dev/mmcblk0p2  115G   87G   24G  79% /
[RC-CRON] images_dir: 625M
[RC-CRON] running RC capture/transmit cycle (halt at end per power_halt YAML)...
[BOOT] main_entry uptime_s=19.45
[CFG] config v2 /home/pi/BM_Devel_Pi/camera_config.yaml media=still hash=9c980489 hv=1 registry=v11 overlay=4 key(s)
[CFG] legacy runtime reads the v1 render /dev/shm/bmcam/camera_schedule.yaml (level=v2)
[CFG] supervisor runs the effective config: base ⊕ 4 overlay key(s) hash=9c980489 (render /dev/shm/bmcam/camera_schedule.yaml)
[GUARD] boot 184: 0 guarded key(s) pending
[RUNTIME] supervisor (source=config (v2))
[CMD] bm_commands enabled: topic=bmcam/cmd tail=150.0s defer_acks=False state=/home/pi/BM_Devel_Pi/bm_command_state_v2.json (loaded from file)
[NET] network island: default=nereus_hq ap_fallback_s=90 ap_timeout_min=60
[NET] applying boot default: sudo -n /home/pi/BM_Devel_Pi/network_ap.sh default nereus_hq 90
[RC] Sprint08 progressive-JPEG RC — resolved settings
[RC] config_path=/dev/shm/bmcam/camera_schedule.yaml
[RC] capture_mode=progressive_jpeg (RC path selected)
[RC] quality ladder (explicit): q_max=90 q_min=9 -> [90, 80, 70, 60, 50, 40, 30, 25, 20, 15, 13, 11, 9]
[RC] cycle budget: max_run_time_min=8 (480 s)
[RC] message cap: 195 msgs (field-tested hard cap)
[RC] pacing (bm_serial block, source=yaml): chunk_b64_chars=384 delay_s=1.0
[RC] derived (informational): transmit-only budget holds 480 paced msgs; M1 owns real accounting
[RC] power_halt: enabled=True dry_run=False mode=halt script=/home/pi/BM_Devel_Pi/tuned_halt.sh source=yaml
[RC] schedule: window=00:00-00:00 tz=America/Los_Angeles source=yaml
[RC] transmit_phase (C2): OFF (unscheduled transmit)
[RC] geometry (native coords, frozen): crop_xywh=(1504, 846, 1600, 900) output=1000x562 backend=rpicam
[SUP] per_boot: media=still transmit=True
[CMD] shared UART open: /dev/ttyAMA0@115200 (single port owner)
[CMD] subscribed topic=bmcam/cmd frame_bytes=17
[CMD] reader thread started
[BOOT] cmd_subscribed uptime_s=20.36
[RC] cycle start: budget=480s pacing=1.0s/msg
[CMD] time-sync subscribe sent; waiting up to 60s (fresh read)
[CMD] spotter UTC decoded: 2026-10-09T07:00:32.019000+00:00
Fri  9 Oct 07:00:32 UTC 2026
[BOOT] spotter_utc_read uptime_s=23.24
[RC] schedule gate: Within transmit window 00:00-00:00 America/Los_Angeles; local_time=2026-10-09T00:00:32.019000-07:00
[DEBUG] Sent compact telemetry message (132 bytes): <WS v=1 a=cap cfg=9c980489 up=2 tz=America/Los_Angeles lt=na ws=0000 we=0000 rk=1000x562 q=90 ct=26.3 sha=9ec4cb7ae7c1 hn=bmcam003>
[RAW] still.format=nrjxl: target_fill=0.97 d_max=10.4 distances=[3.8, 4.6, 5.95, 8.25] effort=5 encode_max_s=30 keep_crop=False crop=[1504, 846, 1600, 900] (native px)
[DEBUG] [EXP] low_gain: shutter up to 60000 us at the gain floor, then gain up to 1 (imx708_wide_lowgain_s60000_g1.json)
[DEBUG] Applying requested focus camera controls: args=--autofocus-mode auto --lens-position 1.82 --tuning-file /home/pi/BM_Devel_Pi/exposure_profile/tuning/imx708_wide_lowgain_s60000_g1.json; requested={'camera_control_source': 'image_pipeline.camera_controls', 'camera_controls_enabled': True, 'requested_focus_enabled': True, 'requested_focus_mode': 'auto', 'requested_lens_position': 1.82, 'requested_white_balance_enabled': False, 'requested_exposure_enabled': False, 'requested_image_processing_enabled': False, 'exposure_profile': 'low_gain', 'exposure_max_shutter_us': 60000, 'exposure_max_gain': 1.0, 'exposure_profile_applied': True, 'exposure_tuning_file': '/home/pi/BM_Devel_Pi/exposure_profile/tuning/imx708_wide_lowgain_s60000_g1.json', 'exposure_sensor_model': 'imx708_wide'}
[DEBUG] Running RAW capture (one attempt, no retries): /usr/bin/rpicam-still -n --timeout 2000 --width 4608 --height 2592 --quality 95 --metadata /home/pi/BM_Devel_Pi/images/2026-10-09T07:00:32Z_image_native_full.metadata.json --autofocus-mode auto --lens-position 1.82 --tuning-file /home/pi/BM_Devel_Pi/exposure_profile/tuning/imx708_wide_lowgain_s60000_g1.json --raw -o /home/pi/BM_Devel_Pi/images/2026-10-09T07:00:32Z_image_native_full.jpg
[DEBUG] RAW capture completed: /home/pi/BM_Devel_Pi/images/2026-10-09T07:00:32Z_image_native_full.jpg + /home/pi/BM_Devel_Pi/images/2026-10-09T07:00:32Z_image_native_full.dng (24029068 B DNG, 5.39 s)
[RC] native ready: /home/pi/BM_Devel_Pi/images/2026-10-09T07:00:32Z_image_native_full.jpg (544399 B, elapsed=8.6s)
[RC] source prepared: 1000x562 (elapsed=9.7s)
[RC] attempt q90: 3981 B, 14 msgs, over_cap=False, budget_fit=True
[RC] selection: quality=90 attempts=1 fits=True reason=fit
[RC] final JPEG: /home/pi/BM_Devel_Pi/images/2026-10-09T07:00:32Z_image_compressed.jpg (3981 B, 14 msgs, sha256=d0e547157d5b3795...)
[HEAL] wake plan: 2 pending heal(s), 40 chunk(s) this wake (cap 40)
[RAW] rgb (B3a) written to /home/pi/BM_Devel_Pi/images/.nrjxl_work_2026-10-09T07:00:32Z_image; supervisor VmRSS=76132 KiB (cjxl runs on top of this)
[NET] 2026-10-09T07:00:48Z client WiFi UP: profile=nereus-hq
[RAW] search1 d=2.595: 30207 B, 105 msgs, over_cap=False, budget_fit=True, 10.6 s, peak_rss=95728 KiB
[RAW] search2 d=1.541: 64463 B, 224 msgs, over_cap=True, budget_fit=True, 9.8 s, peak_rss=97928 KiB
[RAW] search3 d=1.73: 55879 B, 195 msgs, over_cap=False, budget_fit=True, 9.5 s, peak_rss=98208 KiB
[RAW] nrjxl ready: 55879 B, 195 msgs at d=1.73 att=3 (encode 29.8 s, elapsed=43.3s)
[KEY] media key 0egwsw from Spotter UTC 2026-10-09T07:00:32.019000+00:00 (spotter)
[KEY] pruned 2 sent file(s) older than 14 d (by key time) from /home/pi/BM_Devel_Pi/sent
[KEY] sent record: /home/pi/BM_Devel_Pi/sent/2026-10-09T07:00:32Z_image_compressed.sent.json (195 msgs, chunks <I0egwsw.n/195>)
[DEBUG] Runtime BM transfer settings: network=0x02 cellular-only; image_buffer_size=384; image_transmit_delay_seconds=1.0
[BOOT] transmit_start uptime_s=64.11
[HEAL] sent 40 heal chunk(s) before START: 0egogx:[63, 73, 74, 75, 76, 77, 78, 79, 80, 81, 82, 83, 84, 85, 86, 87, 88, 89, 90, 91, 92, 93, 94, 95, 96, 97, 98, 99, 100, 101, 102, 103, 104, 105, 106, 107, 108, 109, 110, 111]
[HEAL] pending after this wake: 0egloy(40 left, 2 wakes)
[RC] transmit done: sent=195/195 complete=True incomplete_emitted=False uart=199.6s
[DEBUG] Raw image size: 544399 bytes
[DEBUG] Image quality: 173
[DEBUG] Compressed image size: 55879 bytes
[DEBUG] Buffers: 195
[DEBUG] Execution Time: 4.74 min
[DEBUG] Within Window: True
[DEBUG] CPU Temp: 26.30°C
[DEBUG]  
[DEBUG]  
[DEBUG]  
[HEAL] status: <HL v=1 key=0egogx a=sent n=40 r=ok id=100242 w=0egwsw>
[CMD] post-transmit listen window: 150s
[CMD] post-transmit listen window done: 0 command(s) processed, 0 ack(s) still queued
[SUP] action: media=still stage=None sent=195/195 elapsed=435.4s
[CMD] stopped: applied=0 dup=0 rejected=0 unackable=0 acks=0 frames=0 sig_hits=0 crc_scan_fail=0 bad_start=0 read_err=0
[BOOT] halt uptime_s=455.68
[RC][halt] executing: sudo -n /bin/bash /home/pi/BM_Devel_Pi/tuned_halt.sh (SSH/process death after this is SUCCESS)
