LOG cron_logs/rc_cycle_20261009T130836Z.log
9ec4cb7ae7c1

============================================================
[RC-CRON] Sprint08 progressive-JPEG RC cycle starting
[RC-CRON] start_utc=2026-10-09T13:08:36+00:00
[RC-CRON] uptime_s=17.69
[RC-CRON] user=pi
[RC-CRON] hostname=bmcam003
[RC-CRON] app_dir=/home/pi/BM_Devel_Pi
[RC-CRON] log_file=/home/pi/BM_Devel_Pi/cron_logs/rc_cycle_20261009T130836Z.log
[RC-CRON] disk: /dev/mmcblk0p2  115G   87G   24G  79% /
[RC-CRON] images_dir: 626M
[RC-CRON] running RC capture/transmit cycle (halt at end per power_halt YAML)...
[BOOT] main_entry uptime_s=19.50
[CFG] config v2 /home/pi/BM_Devel_Pi/camera_config.yaml media=still hash=9c980489 hv=1 registry=v11 overlay=4 key(s)
[CFG] legacy runtime reads the v1 render /dev/shm/bmcam/camera_schedule.yaml (level=v2)
[CFG] supervisor runs the effective config: base ⊕ 4 overlay key(s) hash=9c980489 (render /dev/shm/bmcam/camera_schedule.yaml)
[GUARD] boot 191: 0 guarded key(s) pending
[RUNTIME] supervisor (source=config (v2))
[CMD] bm_commands enabled: topic=bmcam/cmd tail=150.0s defer_acks=False state=/home/pi/BM_Devel_Pi/bm_command_state_v2.json (loaded from file)
[NET] network island: default=nereus_hq ap_fallback_s=90 ap_timeout_min=60
[NET] applying boot default: sudo -n /home/pi/BM_Devel_Pi/network_ap.sh default nereus_hq 90
[RC] Sprint08 progressive-JPEG RC — resolved settings
[RC] config_path=/dev/shm/bmcam/camera_schedule.yaml
[RC] capture_mode=progressive_jpeg (RC path selected)
[RC] quality ladder (explicit): q_max=90 q_min=9 -> [90, 80, 70, 60, 50, 40, 30, 25, 20, 15, 13, 11, 9]
[RC] cycle budget: max_run_time_min=8 (480 s)
[RC] message cap: 195 msgs (field-tested hard cap)
[RC] pacing (bm_serial block, source=yaml): chunk_b64_chars=384 delay_s=1.0
[RC] derived (informational): transmit-only budget holds 480 paced msgs; M1 owns real accounting
[RC] power_halt: enabled=True dry_run=False mode=halt script=/home/pi/BM_Devel_Pi/tuned_halt.sh source=yaml
[RC] schedule: window=00:00-00:00 tz=America/Los_Angeles source=yaml
[RC] transmit_phase (C2): OFF (unscheduled transmit)
[RC] geometry (native coords, frozen): crop_xywh=(1504, 846, 1600, 900) output=1000x562 backend=rpicam
[SUP] per_boot: media=still transmit=True
[CMD] shared UART open: /dev/ttyAMA0@115200 (single port owner)
[CMD] subscribed topic=bmcam/cmd frame_bytes=17
[CMD] reader thread started
[BOOT] cmd_subscribed uptime_s=20.39
[RC] cycle start: budget=480s pacing=1.0s/msg
[CMD] time-sync subscribe sent; waiting up to 60s (fresh read)
[CMD] spotter UTC decoded: 2026-10-09T14:00:37.546000+00:00
Fri  9 Oct 14:00:37 UTC 2026
[BOOT] spotter_utc_read uptime_s=28.20
[CMD] ack re-send: 1 answer(s) from the last boots as d:1 (ids [1000168]; 1 paced msg(s) from the wake budget)
[CMD] ack re-sent: {"id":1000168,"ok":1,"h":"9c980489","d":1}
[RC] schedule gate: Within transmit window 00:00-00:00 America/Los_Angeles; local_time=2026-10-09T07:00:37.546000-07:00
[STORE] over limit: used=75.0% (cap 75%) free=23.98GiB (floor 10GiB) — pruning old stills
[STORE] pruned {'natives': 1}, freed 2.9 MB; used 75.0% -> 75.0%
[DEBUG] Sent compact telemetry message (132 bytes): <WS v=1 a=cap cfg=9c980489 up=9 tz=America/Los_Angeles lt=na ws=0000 we=0000 rk=1000x562 q=90 ct=25.7 sha=9ec4cb7ae7c1 hn=bmcam003>
[RAW] still.format=nrjxl: target_fill=0.97 d_max=10.4 distances=[3.8, 4.6, 5.95, 8.25] effort=5 encode_max_s=30 keep_crop=False crop=[1504, 846, 1600, 900] (native px)
[DEBUG] [EXP] low_gain: shutter up to 60000 us at the gain floor, then gain up to 1 (imx708_wide_lowgain_s60000_g1.json)
[DEBUG] Applying requested focus camera controls: args=--autofocus-mode auto --lens-position 1.82 --tuning-file /home/pi/BM_Devel_Pi/exposure_profile/tuning/imx708_wide_lowgain_s60000_g1.json; requested={'camera_control_source': 'image_pipeline.camera_controls', 'camera_controls_enabled': True, 'requested_focus_enabled': True, 'requested_focus_mode': 'auto', 'requested_lens_position': 1.82, 'requested_white_balance_enabled': False, 'requested_exposure_enabled': False, 'requested_image_processing_enabled': False, 'exposure_profile': 'low_gain', 'exposure_max_shutter_us': 60000, 'exposure_max_gain': 1.0, 'exposure_profile_applied': True, 'exposure_tuning_file': '/home/pi/BM_Devel_Pi/exposure_profile/tuning/imx708_wide_lowgain_s60000_g1.json', 'exposure_sensor_model': 'imx708_wide'}
[DEBUG] Running RAW capture (one attempt, no retries): /usr/bin/rpicam-still -n --timeout 2000 --width 4608 --height 2592 --quality 95 --metadata /home/pi/BM_Devel_Pi/images/2026-10-09T14:00:38Z_image_native_full.metadata.json --autofocus-mode auto --lens-position 1.82 --tuning-file /home/pi/BM_Devel_Pi/exposure_profile/tuning/imx708_wide_lowgain_s60000_g1.json --raw -o /home/pi/BM_Devel_Pi/images/2026-10-09T14:00:38Z_image_native_full.jpg
[DEBUG] RAW capture completed: /home/pi/BM_Devel_Pi/images/2026-10-09T14:00:38Z_image_native_full.jpg + /home/pi/BM_Devel_Pi/images/2026-10-09T14:00:38Z_image_native_full.dng (24029068 B DNG, 7.13 s)
[RC] native ready: /home/pi/BM_Devel_Pi/images/2026-10-09T14:00:38Z_image_native_full.jpg (1361241 B, elapsed=16.5s)
[NET] 2026-10-09T14:00:46Z client WiFi UP: profile=nereus-hq
[RC] source prepared: 1000x562 (elapsed=17.9s)
[RC] attempt q90: 34000 B, 119 msgs, over_cap=False, budget_fit=True
[RC] selection: quality=90 attempts=1 fits=True reason=fit
[RC] final JPEG: /home/pi/BM_Devel_Pi/images/2026-10-09T14:00:38Z_image_compressed.jpg (34000 B, 119 msgs, sha256=6e4703686e016377...)
[HEAL] wake plan: 5 pending heal(s), 40 chunk(s) this wake (cap 40)
[RAW] rgb (B3a) written to /home/pi/BM_Devel_Pi/images/.nrjxl_work_2026-10-09T14:00:38Z_image; supervisor VmRSS=76252 KiB (cjxl runs on top of this)
[RAW] search1 d=2.595: 22457 B, 78 msgs, over_cap=False, budget_fit=True, 8.7 s, peak_rss=98104 KiB
[RAW] search2 d=1.208: 51883 B, 181 msgs, over_cap=False, budget_fit=True, 8.8 s, peak_rss=98228 KiB
[RAW] nrjxl ready: 51883 B, 181 msgs at d=1.208 att=2 (encode 17.5 s, elapsed=39.6s)
[KEY] media key 0ehg91 from Spotter UTC 2026-10-09T14:00:37.546000+00:00 (spotter)
[KEY] sent record: /home/pi/BM_Devel_Pi/sent/2026-10-09T14:00:38Z_image_compressed.sent.json (181 msgs, chunks <I0ehg91.n/181>)
[DEBUG] Runtime BM transfer settings: network=0x02 cellular-only; image_buffer_size=384; image_transmit_delay_seconds=1.0
[BOOT] transmit_start uptime_s=60.11
[HEAL] sent 40 heal chunk(s) before START: 0ehap2:[37, 38, 39, 40, 41, 42, 43, 44, 45, 46, 77, 139, 140, 141, 142, 143, 144, 145, 146, 147, 148], 0eh2cu:[38], 0eh54u:[0, 36, 82], 0egzkv:[57, 58, 59, 60, 61, 62, 63, 64, 65, 66, 76, 138, 139, 140, 141]
[HEAL] pending after this wake: 0egzkv(10 left, 2 wakes), 0egu0w(8 left, 2 wakes)
[RC] transmit done: sent=181/181 complete=True incomplete_emitted=False uart=185.4s
[DEBUG] Raw image size: 1361241 bytes
[DEBUG] Image quality: 121
[DEBUG] Compressed image size: 51883 bytes
[DEBUG] Buffers: 181
[DEBUG] Execution Time: 4.43 min
[DEBUG] Within Window: True
[DEBUG] CPU Temp: 25.20°C
[DEBUG]  
[DEBUG]  
[DEBUG]  
[CMD] rsd id=100250 key=0ehdh2 n=40: accepted
[CMD] applied id=100250 rsd: rsd: 1 heal(s) queued (<HL> reports each)
[CMD] console: 1 line(s) sent, 0 queued
[HEAL] status: <HL v=1 key=0ehap2 a=sent n=21 r=ok id=100249 w=0ehg91>
[HEAL] status: <HL v=1 key=0eh2cu a=sent n=1 r=ok id=100249 w=0ehg91>
[HEAL] status: <HL v=1 key=0eh54u a=sent n=3 r=ok id=100248 w=0ehg91>
[HEAL] status: <HL v=1 key=0egzkv a=sent n=15 r=partial id=100248 w=0ehg91>
[HEAL] status: <HL v=1 key=0ehdh2 a=requested n=40 r=ok id=100250 w=0ehg91>
[CMD] post-transmit listen window: 150s
[CMD] post-transmit listen window done: 0 command(s) processed, 0 ack(s) still queued
[SUP] staying awake 39s (hld=False, keep-alive after a command)
