LOG cron_logs/rc_cycle_20261010T000741Z.log
9ec4cb7ae7c1

============================================================
[RC-CRON] Sprint08 progressive-JPEG RC cycle starting
[RC-CRON] start_utc=2026-10-10T00:07:41+00:00
[RC-CRON] uptime_s=17.86
[RC-CRON] user=pi
[RC-CRON] hostname=bmcam004
[RC-CRON] app_dir=/home/pi/BM_Devel_Pi
[RC-CRON] log_file=/home/pi/BM_Devel_Pi/cron_logs/rc_cycle_20261010T000741Z.log
[RC-CRON] disk: /dev/mmcblk0p2  115G   87G   24G  79% /
[RC-CRON] images_dir: 13M
[RC-CRON] running RC capture/transmit cycle (halt at end per power_halt YAML)...
[BOOT] main_entry uptime_s=19.57
[CFG] config v2 /home/pi/BM_Devel_Pi/camera_config.yaml media=still hash=2e63b5b5 hv=1 registry=v11 overlay=3 key(s)
[CFG] legacy runtime reads the v1 render /dev/shm/bmcam/camera_schedule.yaml (level=v2)
[CFG] supervisor runs the effective config: base ⊕ 3 overlay key(s) hash=2e63b5b5 (render /dev/shm/bmcam/camera_schedule.yaml)
[GUARD] boot 198: 0 guarded key(s) pending
[RUNTIME] supervisor (source=config (v2))
[CMD] bm_commands enabled: topic=bmcam/cmd tail=150.0s defer_acks=False state=/home/pi/BM_Devel_Pi/bm_command_state_v2.json (loaded from file)
[NET] network island: default=nereus_hq ap_fallback_s=90 ap_timeout_min=60
[NET] applying boot default: sudo -n /home/pi/BM_Devel_Pi/network_ap.sh default nereus_hq 90
[RC] Sprint08 progressive-JPEG RC — resolved settings
[RC] config_path=/dev/shm/bmcam/camera_schedule.yaml
[RC] capture_mode=progressive_jpeg (RC path selected)
[RC] quality ladder (explicit): q_max=90 q_min=9 -> [90, 80, 70, 60, 50, 40, 30, 25, 20, 15, 13, 11, 9]
[RC] cycle budget: max_run_time_min=8 (480 s)
[RC] message cap: 195 msgs (field-tested hard cap)
[RC] pacing (bm_serial block, source=yaml): chunk_b64_chars=384 delay_s=1.0
[RC] derived (informational): transmit-only budget holds 480 paced msgs; M1 owns real accounting
[RC] power_halt: enabled=True dry_run=False mode=halt script=/home/pi/BM_Devel_Pi/tuned_halt.sh source=yaml
[RC] schedule: window=00:00-00:00 tz=America/Los_Angeles source=yaml
[RC] transmit_phase (C2): OFF (unscheduled transmit)
[RC] geometry (native coords, frozen): crop_xywh=(1504, 846, 1600, 900) output=1000x562 backend=rpicam
[SUP] per_boot: media=still transmit=True
[CMD] shared UART open: /dev/ttyAMA0@115200 (single port owner)
[CMD] subscribed topic=bmcam/cmd frame_bytes=17
[CMD] reader thread started
[BOOT] cmd_subscribed uptime_s=20.48
[RC] cycle start: budget=480s pacing=1.0s/msg
[CMD] time-sync subscribe sent; waiting up to 60s (fresh read)
[NET] 2026-10-10T00:07:50Z client WiFi UP: profile=nereus-hq
[CMD] spotter UTC decoded: 2026-10-10T01:00:39.531000+00:00
Sat 10 Oct 01:00:39 UTC 2026
[BOOT] spotter_utc_read uptime_s=30.57
[CMD] ack re-send: 1 answer(s) from the last boots as d:1 (ids [1000073]; 1 paced msg(s) from the wake budget)
[CMD] ack re-sent: {"id":1000073,"ok":1,"h":"2e63b5b5","d":1}
[RC] schedule gate: Within transmit window 00:00-00:00 America/Los_Angeles; local_time=2026-10-09T18:00:39.531000-07:00
[STORE] over limit: used=75.4% (cap 75%) free=23.49GiB (floor 10GiB) — pruning old stills
[STORE] pruned {'natives': 1}, freed 2.6 MB; used 75.4% -> 75.4%
[STORE][FULL] limits still unmet after pruning every eligible still (heal payloads and the video ring are not the stills guard's to delete)
[STORE][WARN] SD still over its limit; a transmitting unit captures anyway (PLAN_S3c §5 C4)
[DEBUG] Sent compact telemetry message (133 bytes): <WS v=1 a=cap cfg=2e63b5b5 up=10 tz=America/Los_Angeles lt=na ws=0000 we=0000 rk=1000x562 q=90 ct=26.8 sha=9ec4cb7ae7c1 hn=bmcam004>
[RAW] still.format=nrjxl: target_fill=0.97 d_max=10.4 distances=[3.8, 4.6, 5.95, 8.25] effort=5 encode_max_s=30 keep_crop=False crop=[1504, 846, 1600, 900] (native px)
[DEBUG] [EXP] low_gain: shutter up to 60000 us at the gain floor, then gain up to 1 (imx708_wide_lowgain_s60000_g1.json)
[DEBUG] Applying requested focus camera controls: args=--autofocus-mode auto --lens-position 1.82 --tuning-file /home/pi/BM_Devel_Pi/exposure_profile/tuning/imx708_wide_lowgain_s60000_g1.json; requested={'camera_control_source': 'image_pipeline.camera_controls', 'camera_controls_enabled': True, 'requested_focus_enabled': True, 'requested_focus_mode': 'auto', 'requested_lens_position': 1.82, 'requested_white_balance_enabled': False, 'requested_exposure_enabled': False, 'requested_image_processing_enabled': False, 'exposure_profile': 'low_gain', 'exposure_max_shutter_us': 60000, 'exposure_max_gain': 1.0, 'exposure_profile_applied': True, 'exposure_tuning_file': '/home/pi/BM_Devel_Pi/exposure_profile/tuning/imx708_wide_lowgain_s60000_g1.json', 'exposure_sensor_model': 'imx708_wide'}
[DEBUG] Running RAW capture (one attempt, no retries): /usr/bin/rpicam-still -n --timeout 2000 --width 4608 --height 2592 --quality 95 --metadata /home/pi/BM_Devel_Pi/images/2026-10-10T01:00:39Z_image_native_full.metadata.json --autofocus-mode auto --lens-position 1.82 --tuning-file /home/pi/BM_Devel_Pi/exposure_profile/tuning/imx708_wide_lowgain_s60000_g1.json --raw -o /home/pi/BM_Devel_Pi/images/2026-10-10T01:00:39Z_image_native_full.jpg
[DEBUG] RAW capture completed: /home/pi/BM_Devel_Pi/images/2026-10-10T01:00:39Z_image_native_full.jpg + /home/pi/BM_Devel_Pi/images/2026-10-10T01:00:39Z_image_native_full.dng (24029068 B DNG, 4.83 s)
[RC] native ready: /home/pi/BM_Devel_Pi/images/2026-10-10T01:00:39Z_image_native_full.jpg (2633603 B, elapsed=15.9s)
[RC] source prepared: 1000x562 (elapsed=17.1s)
[RC] attempt q90: 118730 B, 413 msgs, over_cap=True, budget_fit=True
[RC] attempt q80: 83069 B, 289 msgs, over_cap=True, budget_fit=True
[RC] attempt q70: 67337 B, 234 msgs, over_cap=True, budget_fit=True
[RC] attempt q60: 57095 B, 199 msgs, over_cap=True, budget_fit=True
[RC] attempt q50: 50111 B, 174 msgs, over_cap=False, budget_fit=True
[RC] selection: quality=50 attempts=5 fits=True reason=fit
[RC] final JPEG: /home/pi/BM_Devel_Pi/images/2026-10-10T01:00:39Z_image_compressed.jpg (50111 B, 174 msgs, sha256=04743e23463ac002...)
[HEAL] wake plan: 0 pending heal(s), 0 chunk(s) this wake (cap 40)
[RAW] rgb (B3a) written to /home/pi/BM_Devel_Pi/images/.nrjxl_work_2026-10-10T01:00:39Z_image; supervisor VmRSS=76224 KiB (cjxl runs on top of this)
[RAW] search1 d=2.595: 45983 B, 160 msgs, over_cap=False, budget_fit=True, 11.7 s, peak_rss=96780 KiB
[RAW] search2 d=2.178: 52351 B, 182 msgs, over_cap=False, budget_fit=True, 9.8 s, peak_rss=98076 KiB
[RAW] nrjxl ready: 52351 B, 182 msgs at d=2.178 att=2 (encode 21.4 s, elapsed=41.5s)
[KEY] media key 0eiat3 from Spotter UTC 2026-10-10T01:00:39.531000+00:00 (spotter)
[KEY] pruned 7 sent file(s) older than 14 d (by key time) from /home/pi/BM_Devel_Pi/sent
[KEY] sent record: /home/pi/BM_Devel_Pi/sent/2026-10-10T01:00:39Z_image_compressed.sent.json (182 msgs, chunks <I0eiat3.n/182>)
[DEBUG] Runtime BM transfer settings: network=0x02 cellular-only; image_buffer_size=384; image_transmit_delay_seconds=1.0
[BOOT] transmit_start uptime_s=62.46
[RC] transmit done: sent=182/182 complete=True incomplete_emitted=False uart=186.5s
[DEBUG] Raw image size: 2633603 bytes
[DEBUG] Image quality: 218
[DEBUG] Compressed image size: 52351 bytes
[DEBUG] Buffers: 182
[DEBUG] Execution Time: 3.81 min
[DEBUG] Within Window: True
[DEBUG] CPU Temp: 26.80°C
[DEBUG]  
[DEBUG]  
[DEBUG]  
[CMD] rsd id=100235 key=0ei2gv n=4: accepted
[CMD] rsd id=100235 key=0ehwww n=20: accepted
[CMD] applied id=100235 rsd: rsd: 2 heal(s) queued (<HL> reports each)
[CMD] applied id=1000074 set: camera.image_processing.contrast: none -> 1.1 (next action)
[CMD] rsd id=100236 key=0ei58u n=2: accepted
[CMD] applied id=100236 rsd: rsd: 1 heal(s) queued (<HL> reports each)
[CMD] console: 3 line(s) sent, 0 queued
[CMD] ack sent: {"id":1000074,"ok":1,"h":"c013f614"}
[CMD] ack sent: <CF v=1 h=c013f614 camera.image_processing.contrast=1.1@c1000074>
[HEAL] status: <HL v=1 key=0ei2gv a=requested n=4 r=ok id=100235 w=0eiat3>
[HEAL] status: <HL v=1 key=0ehwww a=requested n=20 r=ok id=100235 w=0eiat3>
[HEAL] status: <HL v=1 key=0ei58u a=requested n=2 r=ok id=100236 w=0eiat3>
[CMD] post-transmit listen window: 150s
[CMD] post-transmit listen window done: 0 command(s) processed, 0 ack(s) still queued
[SUP] staying awake 77s (hld=False, keep-alive after a command)
[SUP] action: media=still stage=None sent=182/182 elapsed=460.1s
[CMD] stopped: applied=3 dup=0 rejected=0 unackable=0 acks=2 frames=3 sig_hits=4 crc_scan_fail=0 bad_start=0 read_err=0
[BOOT] halt uptime_s=480.56
[RC][halt] executing: sudo -n /bin/bash /home/pi/BM_Devel_Pi/tuned_halt.sh (SSH/process death after this is SUCCESS)
