LOG cron_logs/rc_cycle_20261009T210248Z.log
9ec4cb7ae7c1

============================================================
[RC-CRON] Sprint08 progressive-JPEG RC cycle starting
[RC-CRON] start_utc=2026-10-09T21:02:48+00:00
[RC-CRON] uptime_s=17.73
[RC-CRON] user=pi
[RC-CRON] hostname=bmcam004
[RC-CRON] app_dir=/home/pi/BM_Devel_Pi
[RC-CRON] log_file=/home/pi/BM_Devel_Pi/cron_logs/rc_cycle_20261009T210248Z.log
[RC-CRON] disk: /dev/mmcblk0p2  115G   87G   24G  79% /
[RC-CRON] images_dir: 44M
[RC-CRON] running RC capture/transmit cycle (halt at end per power_halt YAML)...
[BOOT] main_entry uptime_s=19.47
[CFG] config v2 /home/pi/BM_Devel_Pi/camera_config.yaml media=still hash=8fded2ea hv=1 registry=v11 overlay=0 key(s)
[CFG] legacy runtime reads the v1 render /dev/shm/bmcam/camera_schedule.yaml (level=v2)
[CFG] last-known-good saved /home/pi/BM_Devel_Pi/camera_config.lkg.json
[CFG] supervisor runs the effective config: base ⊕ 0 overlay key(s) hash=8fded2ea (render /dev/shm/bmcam/camera_schedule.yaml)
[GUARD] boot 195: 0 guarded key(s) pending
[RUNTIME] supervisor (source=config (v2))
[CMD] bm_commands enabled: topic=bmcam/cmd tail=150.0s defer_acks=False state=/home/pi/BM_Devel_Pi/bm_command_state_v2.json (loaded from file)
[NET] network island: default=nereus_hq ap_fallback_s=90 ap_timeout_min=60
[NET] applying boot default: sudo -n /home/pi/BM_Devel_Pi/network_ap.sh default nereus_hq 90
[RC] Sprint08 progressive-JPEG RC — resolved settings
[RC] config_path=/dev/shm/bmcam/camera_schedule.yaml
[RC] capture_mode=progressive_jpeg (RC path selected)
[RC] quality ladder (explicit): q_max=90 q_min=9 -> [90, 80, 70, 60, 50, 40, 30, 25, 20, 15, 13, 11, 9]
[RC] cycle budget: max_run_time_min=8 (480 s)
[RC] message cap: 195 msgs (field-tested hard cap)
[RC] pacing (bm_serial block, source=yaml): chunk_b64_chars=384 delay_s=1.0
[RC] derived (informational): transmit-only budget holds 480 paced msgs; M1 owns real accounting
[RC] power_halt: enabled=True dry_run=False mode=halt script=/home/pi/BM_Devel_Pi/tuned_halt.sh source=yaml
[RC] schedule: window=00:00-00:00 tz=America/Los_Angeles source=yaml
[RC] transmit_phase (C2): OFF (unscheduled transmit)
[RC] geometry (native coords, frozen): crop_xywh=(1504, 846, 1600, 900) output=1000x562 backend=rpicam
[SUP] per_boot: media=still transmit=True
[CMD] shared UART open: /dev/ttyAMA0@115200 (single port owner)
[CMD] subscribed topic=bmcam/cmd frame_bytes=17
[CMD] reader thread started
[BOOT] cmd_subscribed uptime_s=20.63
[RC] cycle start: budget=480s pacing=1.0s/msg
[CMD] time-sync subscribe sent; waiting up to 60s (fresh read)
[CMD] spotter UTC decoded: 2026-10-09T22:00:31.453000+00:00
Fri  9 Oct 22:00:31 UTC 2026
[BOOT] spotter_utc_read uptime_s=22.63
[RC] schedule gate: Within transmit window 00:00-00:00 America/Los_Angeles; local_time=2026-10-09T15:00:31.453000-07:00
[STORE] over limit: used=75.5% (cap 75%) free=23.46GiB (floor 10GiB) — pruning old stills
[STORE] pruned {'natives': 1, 'unsent': 1}, freed 2.6 MB; used 75.5% -> 75.5%
[STORE][FULL] limits still unmet after pruning every eligible still (heal payloads and the video ring are not the stills guard's to delete)
[STORE][WARN] SD still over its limit; a transmitting unit captures anyway (PLAN_S3c §5 C4)
[DEBUG] Sent compact telemetry message (132 bytes): <WS v=1 a=cap cfg=8fded2ea up=4 tz=America/Los_Angeles lt=na ws=0000 we=0000 rk=1000x562 q=90 ct=31.1 sha=9ec4cb7ae7c1 hn=bmcam004>
[RAW] orphan sweep: removed 2 RAW work file(s) (32719127 B) from /home/pi/BM_Devel_Pi/images
[RAW] still.format=nrjxl: target_fill=0.97 d_max=10.4 distances=[3.8, 4.6, 5.95, 8.25] effort=5 encode_max_s=30 keep_crop=False crop=[1504, 846, 1600, 900] (native px)
[DEBUG] Applying requested focus camera controls: args=--autofocus-mode auto --lens-position 1.82; requested={'camera_control_source': 'image_pipeline.camera_controls', 'camera_controls_enabled': True, 'requested_focus_enabled': True, 'requested_focus_mode': 'auto', 'requested_lens_position': 1.82, 'requested_white_balance_enabled': False, 'requested_exposure_enabled': False, 'requested_image_processing_enabled': False}
[DEBUG] Running RAW capture (one attempt, no retries): /usr/bin/rpicam-still -n --timeout 2000 --width 4608 --height 2592 --quality 95 --metadata /home/pi/BM_Devel_Pi/images/2026-10-09T22:00:33Z_image_native_full.metadata.json --autofocus-mode auto --lens-position 1.82 --raw -o /home/pi/BM_Devel_Pi/images/2026-10-09T22:00:33Z_image_native_full.jpg
[NET] 2026-10-09T22:00:34Z client WiFi UP: profile=nereus-hq
[DEBUG] RAW capture completed: /home/pi/BM_Devel_Pi/images/2026-10-09T22:00:33Z_image_native_full.jpg + /home/pi/BM_Devel_Pi/images/2026-10-09T22:00:33Z_image_native_full.dng (24029068 B DNG, 4.91 s)
[RC] native ready: /home/pi/BM_Devel_Pi/images/2026-10-09T22:00:33Z_image_native_full.jpg (2601534 B, elapsed=10.1s)
[RC] source prepared: 1000x562 (elapsed=11.4s)
[RC] attempt q90: 123303 B, 429 msgs, over_cap=True, budget_fit=True
[RC] attempt q80: 86475 B, 301 msgs, over_cap=True, budget_fit=True
[RC] attempt q70: 70096 B, 244 msgs, over_cap=True, budget_fit=True
[RC] attempt q60: 59271 B, 206 msgs, over_cap=True, budget_fit=True
[RC] attempt q50: 52189 B, 182 msgs, over_cap=False, budget_fit=True
[RC] selection: quality=50 attempts=5 fits=True reason=fit
[RC] final JPEG: /home/pi/BM_Devel_Pi/images/2026-10-09T22:00:33Z_image_compressed.jpg (52189 B, 182 msgs, sha256=8d605bf13a7555ef...)
[HEAL] wake plan: 0 pending heal(s), 0 chunk(s) this wake (cap 40)
[RAW] rgb (B3a) written to /home/pi/BM_Devel_Pi/images/.nrjxl_work_2026-10-09T22:00:33Z_image; supervisor VmRSS=76376 KiB (cjxl runs on top of this)
[RAW] search1 d=2.595: 50869 B, 177 msgs, over_cap=False, budget_fit=True, 10.0 s, peak_rss=98132 KiB
[RAW] nrjxl ready: 50869 B, 177 msgs at d=2.595 att=1 (encode 10.0 s, elapsed=24.2s)
[KEY] media key 0ei2gv from Spotter UTC 2026-10-09T22:00:31.453000+00:00 (spotter)
[KEY] pruned 4 sent file(s) older than 14 d (by key time) from /home/pi/BM_Devel_Pi/sent
[KEY] sent record: /home/pi/BM_Devel_Pi/sent/2026-10-09T22:00:33Z_image_compressed.sent.json (177 msgs, chunks <I0ei2gv.n/177>)
[DEBUG] Runtime BM transfer settings: network=0x02 cellular-only; image_buffer_size=384; image_transmit_delay_seconds=1.0
[BOOT] transmit_start uptime_s=45.19
[RC] transmit done: sent=177/177 complete=True incomplete_emitted=False uart=181.3s
[DEBUG] Raw image size: 2601534 bytes
[DEBUG] Image quality: 260
[DEBUG] Compressed image size: 50869 bytes
[DEBUG] Buffers: 177
[DEBUG] Execution Time: 3.43 min
[DEBUG] Within Window: True
[DEBUG] CPU Temp: 28.40°C
[DEBUG]  
[DEBUG]  
[DEBUG]  
[CMD] post-transmit listen window: 150s
