LOG cron_logs/rc_cycle_20261010T040745Z.log
9ec4cb7ae7c1

============================================================
[RC-CRON] Sprint08 progressive-JPEG RC cycle starting
[RC-CRON] start_utc=2026-10-10T04:07:45+00:00
[RC-CRON] uptime_s=17.71
[RC-CRON] user=pi
[RC-CRON] hostname=bmcam004
[RC-CRON] app_dir=/home/pi/BM_Devel_Pi
[RC-CRON] log_file=/home/pi/BM_Devel_Pi/cron_logs/rc_cycle_20261010T040745Z.log
[RC-CRON] disk: /dev/mmcblk0p2  115G   87G   24G  79% /
[RC-CRON] images_dir: 12M
[RC-CRON] running RC capture/transmit cycle (halt at end per power_halt YAML)...
[BOOT] main_entry uptime_s=19.45
[CFG] config v2 /home/pi/BM_Devel_Pi/camera_config.yaml media=still hash=9c980489 hv=1 registry=v11 overlay=4 key(s)
[CFG] legacy runtime reads the v1 render /dev/shm/bmcam/camera_schedule.yaml (level=v2)
[CFG] supervisor runs the effective config: base ⊕ 4 overlay key(s) hash=9c980489 (render /dev/shm/bmcam/camera_schedule.yaml)
[GUARD] boot 202: 0 guarded key(s) pending
[RUNTIME] supervisor (source=config (v2))
[CMD] bm_commands enabled: topic=bmcam/cmd tail=150.0s defer_acks=False state=/home/pi/BM_Devel_Pi/bm_command_state_v2.json (loaded from file)
[NET] network island: default=nereus_hq ap_fallback_s=90 ap_timeout_min=60
[NET] applying boot default: sudo -n /home/pi/BM_Devel_Pi/network_ap.sh default nereus_hq 90
[RC] Sprint08 progressive-JPEG RC — resolved settings
[RC] config_path=/dev/shm/bmcam/camera_schedule.yaml
[RC] capture_mode=progressive_jpeg (RC path selected)
[RC] quality ladder (explicit): q_max=90 q_min=9 -> [90, 80, 70, 60, 50, 40, 30, 25, 20, 15, 13, 11, 9]
[RC] cycle budget: max_run_time_min=8 (480 s)
[RC] message cap: 195 msgs (field-tested hard cap)
[RC] pacing (bm_serial block, source=yaml): chunk_b64_chars=384 delay_s=1.0
[RC] derived (informational): transmit-only budget holds 480 paced msgs; M1 owns real accounting
[RC] power_halt: enabled=True dry_run=False mode=halt script=/home/pi/BM_Devel_Pi/tuned_halt.sh source=yaml
[RC] schedule: window=00:00-00:00 tz=America/Los_Angeles source=yaml
[RC] transmit_phase (C2): OFF (unscheduled transmit)
[RC] geometry (native coords, frozen): crop_xywh=(1504, 846, 1600, 900) output=1000x562 backend=rpicam
[SUP] per_boot: media=still transmit=True
[CMD] shared UART open: /dev/ttyAMA0@115200 (single port owner)
[CMD] subscribed topic=bmcam/cmd frame_bytes=17
[CMD] reader thread started
[BOOT] cmd_subscribed uptime_s=20.38
[RC] cycle start: budget=480s pacing=1.0s/msg
[CMD] time-sync subscribe sent; waiting up to 60s (fresh read)
[CMD] spotter UTC decoded: 2026-10-10T05:00:33.011000+00:00
Sat 10 Oct 05:00:33 UTC 2026
[BOOT] spotter_utc_read uptime_s=23.76
[CMD] ack re-send: 1 answer(s) from the last boots as d:1 (ids [1000075]; 1 paced msg(s) from the wake budget)
[CMD] ack re-sent: {"id":1000075,"ok":1,"h":"9c980489","d":1}
[RC] schedule gate: Within transmit window 00:00-00:00 America/Los_Angeles; local_time=2026-10-09T22:00:33.011000-07:00
[STORE] over limit: used=75.4% (cap 75%) free=23.49GiB (floor 10GiB) — pruning old stills
[STORE] pruned {'natives': 1}, freed 0.6 MB; used 75.4% -> 75.4%
[STORE][FULL] limits still unmet after pruning every eligible still (heal payloads and the video ring are not the stills guard's to delete)
[STORE][WARN] SD still over its limit; a transmitting unit captures anyway (PLAN_S3c §5 C4)
[DEBUG] Sent compact telemetry message (132 bytes): <WS v=1 a=cap cfg=9c980489 up=5 tz=America/Los_Angeles lt=na ws=0000 we=0000 rk=1000x562 q=90 ct=28.4 sha=9ec4cb7ae7c1 hn=bmcam004>
[RAW] still.format=nrjxl: target_fill=0.97 d_max=10.4 distances=[3.8, 4.6, 5.95, 8.25] effort=5 encode_max_s=30 keep_crop=False crop=[1504, 846, 1600, 900] (native px)
[DEBUG] [EXP] low_gain: shutter up to 60000 us at the gain floor, then gain up to 1 (imx708_wide_lowgain_s60000_g1.json)
[DEBUG] Applying requested focus camera controls: args=--autofocus-mode auto --lens-position 1.82 --tuning-file /home/pi/BM_Devel_Pi/exposure_profile/tuning/imx708_wide_lowgain_s60000_g1.json; requested={'camera_control_source': 'image_pipeline.camera_controls', 'camera_controls_enabled': True, 'requested_focus_enabled': True, 'requested_focus_mode': 'auto', 'requested_lens_position': 1.82, 'requested_white_balance_enabled': False, 'requested_exposure_enabled': False, 'requested_image_processing_enabled': False, 'exposure_profile': 'low_gain', 'exposure_max_shutter_us': 60000, 'exposure_max_gain': 1.0, 'exposure_profile_applied': True, 'exposure_tuning_file': '/home/pi/BM_Devel_Pi/exposure_profile/tuning/imx708_wide_lowgain_s60000_g1.json', 'exposure_sensor_model': 'imx708_wide'}
[DEBUG] Running RAW capture (one attempt, no retries): /usr/bin/rpicam-still -n --timeout 2000 --width 4608 --height 2592 --quality 95 --metadata /home/pi/BM_Devel_Pi/images/2026-10-10T05:00:35Z_image_native_full.metadata.json --autofocus-mode auto --lens-position 1.82 --tuning-file /home/pi/BM_Devel_Pi/exposure_profile/tuning/imx708_wide_lowgain_s60000_g1.json --raw -o /home/pi/BM_Devel_Pi/images/2026-10-10T05:00:35Z_image_native_full.jpg
[NET] 2026-10-10T05:00:35Z client WiFi UP: profile=nereus-hq
[DEBUG] RAW capture completed: /home/pi/BM_Devel_Pi/images/2026-10-10T05:00:35Z_image_native_full.jpg + /home/pi/BM_Devel_Pi/images/2026-10-10T05:00:35Z_image_native_full.dng (24029068 B DNG, 4.79 s)
[RC] native ready: /home/pi/BM_Devel_Pi/images/2026-10-10T05:00:35Z_image_native_full.jpg (715652 B, elapsed=10.6s)
[RC] source prepared: 1000x562 (elapsed=11.7s)
[RC] attempt q90: 4906 B, 18 msgs, over_cap=False, budget_fit=True
[RC] selection: quality=90 attempts=1 fits=True reason=fit
[RC] final JPEG: /home/pi/BM_Devel_Pi/images/2026-10-10T05:00:35Z_image_compressed.jpg (4906 B, 18 msgs, sha256=471afe77e29a1aa6...)
[HEAL] wake plan: 0 pending heal(s), 0 chunk(s) this wake (cap 40)
[RAW] rgb (B3a) written to /home/pi/BM_Devel_Pi/images/.nrjxl_work_2026-10-10T05:00:35Z_image; supervisor VmRSS=76004 KiB (cjxl runs on top of this)
[RAW] search1 d=2.595: 32972 B, 115 msgs, over_cap=False, budget_fit=True, 9.3 s, peak_rss=98236 KiB
[RAW] search2 d=1.642: 58948 B, 205 msgs, over_cap=True, budget_fit=True, 9.3 s, peak_rss=98240 KiB
[RAW] search3 d=1.747: 54360 B, 189 msgs, over_cap=False, budget_fit=True, 9.1 s, peak_rss=98236 KiB
[RAW] nrjxl ready: 54360 B, 189 msgs at d=1.747 att=3 (encode 27.7 s, elapsed=42.0s)
[KEY] media key 0eilwx from Spotter UTC 2026-10-10T05:00:33.011000+00:00 (spotter)
[KEY] pruned 4 sent file(s) older than 14 d (by key time) from /home/pi/BM_Devel_Pi/sent
[KEY] sent record: /home/pi/BM_Devel_Pi/sent/2026-10-10T05:00:35Z_image_compressed.sent.json (189 msgs, chunks <I0eilwx.n/189>)
[DEBUG] Runtime BM transfer settings: network=0x02 cellular-only; image_buffer_size=384; image_transmit_delay_seconds=1.0
[BOOT] transmit_start uptime_s=62.67
[RC] transmit done: sent=189/189 complete=True incomplete_emitted=False uart=193.6s
[DEBUG] Raw image size: 715652 bytes
[DEBUG] Image quality: 175
[DEBUG] Compressed image size: 54360 bytes
[DEBUG] Buffers: 189
[DEBUG] Execution Time: 3.94 min
[DEBUG] Within Window: True
[DEBUG] CPU Temp: 25.70°C
[DEBUG]  
[DEBUG]  
[DEBUG]  
[CMD] rsd id=100239 key=0eidl2 n=14: accepted
[CMD] rsd id=100239 key=0ei80u n=4: accepted
[CMD] applied id=100239 rsd: rsd: 2 heal(s) queued (<HL> reports each)
[CMD] rsd id=100240 key=0eigd2 n=5: accepted
[CMD] rsd id=100240 key=0eiat3 n=6: accepted
[CMD] applied id=100240 rsd: rsd: 2 heal(s) queued (<HL> reports each)
[CMD] console: 2 line(s) sent, 0 queued
[HEAL] status: <HL v=1 key=0eidl2 a=requested n=14 r=ok id=100239 w=0eilwx>
[HEAL] status: <HL v=1 key=0ei80u a=requested n=4 r=ok id=100239 w=0eilwx>
[HEAL] status: <HL v=1 key=0eigd2 a=requested n=5 r=ok id=100240 w=0eilwx>
[HEAL] status: <HL v=1 key=0eiat3 a=requested n=6 r=ok id=100240 w=0eilwx>
[CMD] post-transmit listen window: 150s
[CMD] post-transmit listen window done: 0 command(s) processed, 0 ack(s) still queued
[SUP] staying awake 69s (hld=False, keep-alive after a command)
