2026-10-06T15:41:15Z SPOT-33507C > bridge cfg get c3c564b91856226c s bridgePowerControllerEnabled
2026-10-06T15:41:16Z bridge cfg get c3c564b91856226c s bridgePowerControllerEnabled
2026-10-06T15:41:16Z Succesfully sent config get msg
2026-10-06T15:41:16Z 2026-10-06T15:41:17.167Z [BRIDGE_CFG] [INFO] Node ID: 0000000000000000 Partition: system Value: 1
2026-10-06T15:41:19Z SPOT-33507C > bridge cfg set c3c564b91856226c s u bridgePowerControllerEnabled 0
2026-10-06T15:41:20Z bridge cfg set c3c564b91856226c s u bridgePowerControllerEnabled 0
2026-10-06T15:41:20Z Succesfully sent config set msg
2026-10-06T15:41:20Z 2026-10-06T15:41:21.386Z [BRIDGE_CFG] [INFO] Node ID: 0000000000000000 Partition: system Value: 0
2026-10-06T15:41:25Z SPOT-33507C > bridge cfg commit c3c564b91856226c s
2026-10-06T15:41:26Z bridge cfg commit c3c564b91856226c s
2026-10-06T15:41:26Z Succesfull config commit send
2026-10-06T15:41:27Z 2026-10-06T15:41:27.929Z [BRIDGE] [ERROR] Bridge RX Processing Packet Failure: -7
2026-10-06T15:41:27Z 2026-10-06T15:41:27.933Z [BRIDGE] [INFO] Setting negotiated baud rate to 1000000 from 1000000
2026-10-06T15:41:27Z 2026-10-06T15:41:27.937Z [BRIDGE_SYS] [INFO] Bridge State Init
2026-10-06T15:41:27Z 2026-10-06T15:41:27.941Z [BRIDGE] [INFO] Reboot info received from c3c564b91856226c - Reason: 5 gitSHA: 1595f804 Reboot cnt: 0 PC: 0x0 LR: 0x0
2026-10-06T15:41:27Z 2026-10-06T15:41:27.945Z [BRIDGE_SYS] [INFO] Bridge bus power: 1
2026-10-06T15:41:27Z 2026-10-06T15:41:28.000Z [BRIDGE_CFG] [INFO] Response msg -- Node Id: 0000000000000000, Partition: system, Commit Status: 0
2026-10-06T15:41:27Z 2026-10-06T15:41:28.000Z [BRIDGE_CFG] [INFO] Num Keys: 18
2026-10-06T15:41:27Z 2026-10-06T15:41:28.000Z [BRIDGE_CFG] [INFO] Key 0: sampleIntervalMs
2026-10-06T15:41:27Z 2026-10-06T15:41:28.000Z [BRIDGE_CFG] [INFO] Key 1: sampleDurationMs
2026-10-06T15:41:27Z 2026-10-06T15:41:28.000Z [BRIDGE_CFG] [INFO] Key 2: subsampleIntervalMs
2026-10-06T15:41:27Z 2026-10-06T15:41:28.000Z [BRIDGE_CFG] [INFO] Key 3: subsampleDurationMs
2026-10-06T15:41:27Z 2026-10-06T15:41:28.000Z [BRIDGE_CFG] [INFO] Key 4: subsampleEnabled
2026-10-06T15:41:27Z 2026-10-06T15:41:28.000Z [BRIDGE_CFG] [INFO] Key 5: bridgePowerControllerEnabled
2026-10-06T15:41:27Z 2026-10-06T15:41:28.000Z [BRIDGE_CFG] [INFO] Key 6: alignmentInterval5Min
2026-10-06T15:41:27Z 2026-10-06T15:41:28.000Z [BRIDGE_CFG] [INFO] Key 7: ticksSamplingEnabled
2026-10-06T15:41:27Z 2026-10-06T15:41:28.000Z [BRIDGE_CFG] [INFO] Key 8: samplesPerReport
2026-10-06T15:41:27Z 2026-10-06T15:41:28.000Z [BRIDGE_CFG] [INFO] Key 9: transmitAggregations
2026-10-06T15:41:27Z 2026-10-06T15:41:28.000Z [BRIDGE_CFG] [INFO] Key 10: currentReadingPeriodMs
2026-10-06T15:41:27Z 2026-10-06T15:41:28.003Z [BRIDGE_CFG] [INFO] Key 11: softReadingPeriodMs
2026-10-06T15:41:27Z 2026-10-06T15:41:28.003Z [BRIDGE_CFG] [INFO] Key 12: rbrCodaReadingPeriodMs
2026-10-06T15:41:27Z 2026-10-06T15:41:28.003Z [BRIDGE_CFG] [INFO] Key 13: turbidityReadingPeriodMs
2026-10-06T15:41:27Z 2026-10-06T15:41:28.003Z [BRIDGE_CFG] [INFO] Key 14: disableUnusedPortsTimeMs
2026-10-06T15:41:27Z 2026-10-06T15:41:28.003Z [BRIDGE_CFG] [INFO] Key 15: salinityReadingPeriodMs
2026-10-06T15:41:27Z 2026-10-06T15:41:28.003Z [BRIDGE_CFG] [INFO] Key 16: sensorsCheckIntervalS
2026-10-06T15:41:27Z 2026-10-06T15:41:28.003Z [BRIDGE_CFG] [INFO] Key 17: sensorsPollIntervalMs
2026-10-06T15:41:27Z 2026-10-06T15:41:28.003Z [BRIDGE_CFG] [INFO] Response msg -- Node Id: 0000000000000000, Partition: user, Commit Status: 0
2026-10-06T15:41:27Z 2026-10-06T15:41:28.003Z [BRIDGE_CFG] [INFO] Num Keys: 0
2026-10-06T15:41:27Z 2026-10-06T15:41:28.003Z [BRIDGE_CFG] [INFO] Response msg -- Node Id: 0000000000000000, Partition: hardware, Commit Status: 0
2026-10-06T15:41:27Z 2026-10-06T15:41:28.003Z [BRIDGE_CFG] [INFO] Num Keys: 1
2026-10-06T15:41:27Z 2026-10-06T15:41:28.003Z [BRIDGE_CFG] [INFO] Key 0: smConfigurationCrc
2026-10-06T15:41:27Z 2026-10-06T15:41:28.003Z [BRIDGE] [INFO] handle_power_states, power on for: 4294967295
2026-10-06T15:41:27Z 2026-10-06T15:41:28.011Z [BRIDGE_CFG] [INFO] Node ID: 0000000000000000 Partition: system Value: 3600000
2026-10-06T15:41:27Z 2026-10-06T15:41:28.015Z [BRIDGE_CFG] [INFO] Node ID: 0000000000000000 Partition: system Value: 600000
2026-10-06T15:41:27Z 2026-10-06T15:41:28.019Z [BRIDGE_CFG] [INFO] Node ID: 0000000000000000 Partition: system Value: 300000
2026-10-06T15:41:27Z 2026-10-06T15:41:28.023Z [BRIDGE_CFG] [INFO] Node ID: 0000000000000000 Partition: system Value: 30000
2026-10-06T15:41:27Z 2026-10-06T15:41:28.027Z [BRIDGE_CFG] [INFO] Node ID: 0000000000000000 Partition: system Value: 0
2026-10-06T15:41:27Z 2026-10-06T15:41:28.031Z [BRIDGE_CFG] [INFO] Node ID: 0000000000000000 Partition: system Value: 0
2026-10-06T15:41:27Z 2026-10-06T15:41:28.035Z [BRIDGE_CFG] [INFO] Node ID: 0000000000000000 Partition: system Value: 1
2026-10-06T15:41:27Z 2026-10-06T15:41:28.039Z [BRIDGE_CFG] [INFO] Node ID: 0000000000000000 Partition: system Value: 0
2026-10-06T15:41:27Z 2026-10-06T15:41:28.042Z [BRIDGE_CFG] [INFO] Node ID: 0000000000000000 Partition: system Value: 1
2026-10-06T15:41:27Z 2026-10-06T15:41:28.046Z [BRIDGE_CFG] [INFO] Node ID: 0000000000000000 Partition: system Value: 0
2026-10-06T15:41:27Z 2026-10-06T15:41:28.050Z [BRIDGE_CFG] [INFO] Node ID: 0000000000000000 Partition: system Value: 60000
2026-10-06T15:41:27Z 2026-10-06T15:41:28.054Z [BRIDGE_CFG] [INFO] Node ID: 0000000000000000 Partition: system Value: 500
2026-10-06T15:41:27Z 2026-10-06T15:41:28.058Z [BRIDGE_CFG] [INFO] Node ID: 0000000000000000 Partition: system Value: 500
2026-10-06T15:41:27Z 2026-10-06T15:41:28.062Z [BRIDGE_CFG] [INFO] Node ID: 0000000000000000 Partition: system Value: 1000
2026-10-06T15:41:27Z 2026-10-06T15:41:28.066Z [BRIDGE_CFG] [INFO] Node ID: 0000000000000000 Partition: system Value: 0
2026-10-06T15:41:27Z 2026-10-06T15:41:28.070Z [BRIDGE_CFG] [INFO] Node ID: 0000000000000000 Partition: system Value: 30000
2026-10-06T15:41:27Z 2026-10-06T15:41:28.074Z [BRIDGE_CFG] [INFO] Node ID: 0000000000000000 Partition: system Value: 60
2026-10-06T15:41:27Z 2026-10-06T15:41:28.078Z [BRIDGE_CFG] [INFO] Node ID: 0000000000000000 Partition: system Value: 10000
2026-10-06T15:41:27Z 2026-10-06T15:41:28.082Z [BRIDGE_CFG] [INFO] Node ID: 0000000000000000 Partition: hardware - Failed to decode value
2026-10-06T15:41:28Z 2026-10-06T15:41:28.976Z [BRIDGE_SYS] [INFO] Neighbor 53171fa3d81a8e6f added
2026-10-06T15:42:21Z SPOT-33507C > bridge cfg get c3c564b91856226c s bridgePowerControllerEnabled
2026-10-06T15:42:23Z bridge cfg get c3c564b91856226c s bridgePowerControllerEnabled
2026-10-06T15:42:23Z Succesfully sent config get msg
2026-10-06T15:42:23Z 2026-10-06T15:42:24.042Z [BRIDGE_CFG] [INFO] Node ID: 0000000000000000 Partition: system Value: 0
