COMMAND: rpicam-vid -n -v 2 -t 6000 --codec h264 --inline --width 1600 --height 900 --framerate 15 --bitrate 4000000 --roi 0.326389,0.326389,0.347222,0.347222 -o /home/pi/sprint17_probe_20260818T192651Z/prod_crop_1to1.h264
[11:20:18.887485031] [8221]  INFO Camera camera_manager.cpp:340 libcamera v0.7.1+rpt20260609
[11:20:18.932292027] [8225]  WARN CameraSensorProperties camera_sensor_properties.cpp:548 No static properties available for 'imx708_wide'
[11:20:18.932406714] [8225]  WARN CameraSensorProperties camera_sensor_properties.cpp:550 Please consider updating the camera sensor properties database
[11:20:18.932577703] [8225]  INFO RPI pipeline_base.cpp:1133 Using configuration file '/usr/share/libcamera/pipeline/rpi/vc4/rpi_apps.yaml'
[11:20:19.010602163] [8225]  INFO IPAProxy ipa_proxy.cpp:184 Using tuning file /usr/share/libcamera/ipa/rpi/vc4/imx708_wide.json
[11:20:19.025376631] [8225]  WARN CameraSensor camera_sensor_legacy.cpp:502 'imx708_wide': No sensor delays found in static properties. Assuming unverified defaults.
[11:20:19.026622563] [8225]  INFO Camera camera_manager.cpp:223 Adding camera '/base/soc/i2c0mux/i2c@1/imx708@1a' for pipeline handler rpi/vc4
[11:20:19.026680792] [8225]  INFO RPI vc4.cpp:445 Registered camera /base/soc/i2c0mux/i2c@1/imx708@1a to Unicam device /dev/media2 and ISP device /dev/media0
Options:
    verbose: 2
    info_text:
    timeout: 6000ms
    width: 1600
    height: 900
    output: /home/pi/sprint17_probe_20260818T192651Z/prod_crop_1to1.h264
    post_process_file: 
    post_process_libs: 
    preview: none
    qt-preview: 0
    transform: identity
    roi: 0.326389,0.326389,0.347222,0.347222
    metering: centre
    exposure: normal
    ev: 0
    awb: auto
    flush: false
    wrap: 0
    brightness: 0
    contrast: 1
    saturation: 1
    sharpness: 1
    framerate: 15
    denoise: auto
    viewfinder-width: 0
    viewfinder-height: 0
    tuning-file: (libcamera)
    lores-width: 0
    lores-height: 0
    lores-par: 0
    autofocus-range: normal
    autofocus-speed: normal
    autofocus-window: all
    hdr: off
    mode: unspecified
    viewfinder-mode: unspecified
    metadata: 
    metadata-format: json
Running without preview window
Opening camera...
Acquired camera /base/soc/i2c0mux/i2c@1/imx708@1a
Configuring video...
Mode selection for 1600:900:12:P(15)
    SRGGB10_CSI2P,1536x864/120.135 - Score: 1200
    SRGGB10_CSI2P,2304x1296/56.0255 - Score: 1275
    SRGGB10_CSI2P,4608x2592/14.3536 - Score: 3467.83
[11:20:19.040465629] [8221]  INFO Camera camera.cpp:1216 configuring streams: (0) 1600x900-YUV420/Rec709 (1) 1536x864-SBGGR10_CSI2P/RAW
[11:20:19.041028908] [8225]  INFO RPI vc4.cpp:620 Sensor: /base/soc/i2c0mux/i2c@1/imx708@1a - Selected sensor format: 1536x864-SBGGR10_1X10/RAW - Selected unicam format: 1536x864-pBAA/RAW
Camera streams configured
Available controls:
    AwbEnable : [false..true]
    NoiseReductionMode : [0..4]
    ColourGains : [0.000000..32.000000]
    AwbMode : [0..7]
    ColourTemperature : [100..100000]
    Saturation : [0.000000..32.000000]
    SyncMode : [0..2]
    AeEnable : [false..true]
    CnnEnableInputTensor : [false..true]
    AeExposureMode : [0..3]
    HdrMode : [0..4]
    AeConstraintMode : [0..3]
    AfTrigger : [0..1]
    LensPosition : [0.000000..35.000000]
    Contrast : [0.000000..32.000000]
    AfWindows : [(0, 0)/0x0..(65535, 65535)/65535x65535]
    AeFlickerPeriod : [100..1000000]
    AfSpeed : [0..1]
    StatsOutputEnable : [false..true]
    AfMetering : [0..1]
    AeMeteringMode : [0..3]
    AfRange : [0..2]
    FrameDurationLimits : [8324..77249844]
    AfMode : [0..2]
    AnalogueGainMode : [0..1]
    AfPause : [0..2]
    AnalogueGain : [1.122807..16.000000]
    ColourCorrectionMatrix : [0.000000..8.000000]
    Brightness : [-1.000000..1.000000]
    ExposureTime : [9..77208145]
    AeFlickerMode : [0..1]
    ExposureValue : [-8.000000..8.000000]
    ExposureTimeMode : [0..1]
    SyncFrames : [100..100000]
    Sharpness : [0.000000..16.000000]
    ScalerCrop : [(768, 432)/128x128..(768, 432)/3072x1728]
Buffers allocated and mapped
Video setup complete
Opened H264Encoder on /dev/video11 as fd 30
Got 6 output buffers
Got 12 capture buffers
Codec streaming started
Requests created
Using crop (main) (1770, 996)/1066x599
Camera started!
Viewfinder frame 0
FileOutput: opened output file /home/pi/sprint17_probe_20260818T192651Z/prod_crop_1to1.h264
FileOutput: output buffer 0x7f9c0c0000 size 11100
Viewfinder frame 1
FileOutput: output buffer 0x7f9c000000 size 2840
Viewfinder frame 2
FileOutput: output buffer 0x7f96572000 size 2325
Viewfinder frame 3
FileOutput: output buffer 0x7f964b2000 size 4287
Viewfinder frame 4
FileOutput: output buffer 0x7f963f2000 size 6375
Viewfinder frame 5
FileOutput: output buffer 0x7f96332000 size 7846
Viewfinder frame 6
FileOutput: output buffer 0x7f96272000 size 10891
Viewfinder frame 7
FileOutput: output buffer 0x7f961b2000 size 14296
Viewfinder frame 8
FileOutput: output buffer 0x7f960f2000 size 19182
Viewfinder frame 9
FileOutput: output buffer 0x7f96032000 size 27037
Viewfinder frame 10
FileOutput: output buffer 0x7f95f72000 size 28917
Viewfinder frame 11
FileOutput: output buffer 0x7f95eb2000 size 28518
Viewfinder frame 12
FileOutput: output buffer 0x7f9c0c0000 size 27893
Viewfinder frame 13
FileOutput: output buffer 0x7f9c000000 size 27984
Viewfinder frame 14
FileOutput: output buffer 0x7f96572000 size 28172
Viewfinder frame 15
FileOutput: output buffer 0x7f964b2000 size 27862
Viewfinder frame 16
FileOutput: output buffer 0x7f963f2000 size 27723
Viewfinder frame 17
FileOutput: output buffer 0x7f96332000 size 27713
Viewfinder frame 18
FileOutput: output buffer 0x7f96272000 size 27737
Viewfinder frame 19
FileOutput: output buffer 0x7f961b2000 size 27925
Viewfinder frame 20
FileOutput: output buffer 0x7f960f2000 size 27818
Viewfinder frame 21
FileOutput: output buffer 0x7f96032000 size 28002
Viewfinder frame 22
FileOutput: output buffer 0x7f95f72000 size 27914
Viewfinder frame 23
FileOutput: output buffer 0x7f95eb2000 size 27773
Viewfinder frame 24
FileOutput: output buffer 0x7f9c0c0000 size 27892
Viewfinder frame 25
FileOutput: output buffer 0x7f9c000000 size 27637
Viewfinder frame 26
FileOutput: output buffer 0x7f96572000 size 27638
Viewfinder frame 27
FileOutput: output buffer 0x7f964b2000 size 27876
Viewfinder frame 28
FileOutput: output buffer 0x7f963f2000 size 27750
Viewfinder frame 29
FileOutput: output buffer 0x7f96332000 size 27813
Viewfinder frame 30
FileOutput: output buffer 0x7f96272000 size 27774
Viewfinder frame 31
FileOutput: output buffer 0x7f961b2000 size 27787
Viewfinder frame 32
FileOutput: output buffer 0x7f960f2000 size 27864
Viewfinder frame 33
FileOutput: output buffer 0x7f96032000 size 27763
Viewfinder frame 34
FileOutput: output buffer 0x7f95f72000 size 27895
Viewfinder frame 35
FileOutput: output buffer 0x7f95eb2000 size 27674
Viewfinder frame 36
FileOutput: output buffer 0x7f9c0c0000 size 27934
Viewfinder frame 37
FileOutput: output buffer 0x7f9c000000 size 27807
Viewfinder frame 38
FileOutput: output buffer 0x7f96572000 size 28009
Viewfinder frame 39
FileOutput: output buffer 0x7f964b2000 size 27870
Viewfinder frame 40
FileOutput: output buffer 0x7f963f2000 size 27649
Viewfinder frame 41
FileOutput: output buffer 0x7f96332000 size 27652
Viewfinder frame 42
FileOutput: output buffer 0x7f96272000 size 27710
Viewfinder frame 43
FileOutput: output buffer 0x7f961b2000 size 27684
Viewfinder frame 44
FileOutput: output buffer 0x7f960f2000 size 27919
Viewfinder frame 45
FileOutput: output buffer 0x7f96032000 size 27437
Viewfinder frame 46
FileOutput: output buffer 0x7f95f72000 size 27694
Viewfinder frame 47
FileOutput: output buffer 0x7f95eb2000 size 27674
Viewfinder frame 48
FileOutput: output buffer 0x7f9c0c0000 size 27795
Viewfinder frame 49
FileOutput: output buffer 0x7f9c000000 size 27977
Viewfinder frame 50
FileOutput: output buffer 0x7f96572000 size 27998
Viewfinder frame 51
FileOutput: output buffer 0x7f964b2000 size 27879
Viewfinder frame 52
FileOutput: output buffer 0x7f963f2000 size 28046
Viewfinder frame 53
FileOutput: output buffer 0x7f96332000 size 27724
Viewfinder frame 54
FileOutput: output buffer 0x7f96272000 size 27456
Viewfinder frame 55
FileOutput: output buffer 0x7f961b2000 size 27582
Viewfinder frame 56
FileOutput: output buffer 0x7f960f2000 size 27933
Viewfinder frame 57
FileOutput: output buffer 0x7f96032000 size 28105
Viewfinder frame 58
FileOutput: output buffer 0x7f95f72000 size 27635
Viewfinder frame 59
FileOutput: output buffer 0x7f95eb2000 size 27567
Viewfinder frame 60
FileOutput: output buffer 0x7f9c0c0000 size 51984
Viewfinder frame 61
FileOutput: output buffer 0x7f9c000000 size 29354
Viewfinder frame 62
FileOutput: output buffer 0x7f96572000 size 28074
Viewfinder frame 63
FileOutput: output buffer 0x7f964b2000 size 27688
Viewfinder frame 64
FileOutput: output buffer 0x7f963f2000 size 27545
Viewfinder frame 65
FileOutput: output buffer 0x7f96332000 size 27702
Viewfinder frame 66
FileOutput: output buffer 0x7f96272000 size 27585
Viewfinder frame 67
FileOutput: output buffer 0x7f961b2000 size 27757
Viewfinder frame 68
FileOutput: output buffer 0x7f960f2000 size 27744
Viewfinder frame 69
FileOutput: output buffer 0x7f96032000 size 27569
Viewfinder frame 70
FileOutput: output buffer 0x7f95f72000 size 27920
Viewfinder frame 71
FileOutput: output buffer 0x7f95eb2000 size 27701
Viewfinder frame 72
FileOutput: output buffer 0x7f9c0c0000 size 27537
Viewfinder frame 73
FileOutput: output buffer 0x7f9c000000 size 27504
Viewfinder frame 74
FileOutput: output buffer 0x7f96572000 size 24245
Viewfinder frame 75
FileOutput: output buffer 0x7f964b2000 size 27315
Viewfinder frame 76
FileOutput: output buffer 0x7f963f2000 size 27694
Viewfinder frame 77
FileOutput: output buffer 0x7f96332000 size 27725
Viewfinder frame 78
FileOutput: output buffer 0x7f96272000 size 27472
Viewfinder frame 79
FileOutput: output buffer 0x7f961b2000 size 27346
Viewfinder frame 80
FileOutput: output buffer 0x7f960f2000 size 27807
Viewfinder frame 81
FileOutput: output buffer 0x7f96032000 size 27732
Viewfinder frame 82
Halting: reached timeout of 6000 milliseconds.
Camera stopped!
H264Encoder closed
Closing RPiCam application(frames displayed 82, dropped 0)
Camera stopped!
Tearing down requests, buffers and configuration
Camera closed
