COMMAND: rpicam-vid -n -v 2 -t 6000 --codec h264 --inline --width 1920 --height 1080 --framerate 15 --bitrate 8000000 --roi 0.291667,0.291667,0.416667,0.416667 -o /home/pi/sprint17_probe_20260818T192651Z/tight_1080p_native_fullmode.h264 --mode 4608:2592:10:P
[11:21:31.542057830] [8604]  INFO Camera camera_manager.cpp:340 libcamera v0.7.1+rpt20260609
[11:21:31.586948837] [8608]  WARN CameraSensorProperties camera_sensor_properties.cpp:548 No static properties available for 'imx708_wide'
[11:21:31.587067014] [8608]  WARN CameraSensorProperties camera_sensor_properties.cpp:550 Please consider updating the camera sensor properties database
[11:21:31.670819731] [8608]  INFO RPI pipeline_base.cpp:1133 Using configuration file '/usr/share/libcamera/pipeline/rpi/vc4/rpi_apps.yaml'
[11:21:31.748456380] [8608]  INFO IPAProxy ipa_proxy.cpp:184 Using tuning file /usr/share/libcamera/ipa/rpi/vc4/imx708_wide.json
[11:21:31.762662986] [8608]  WARN CameraSensor camera_sensor_legacy.cpp:502 'imx708_wide': No sensor delays found in static properties. Assuming unverified defaults.
[11:21:31.763907147] [8608]  INFO Camera camera_manager.cpp:223 Adding camera '/base/soc/i2c0mux/i2c@1/imx708@1a' for pipeline handler rpi/vc4
[11:21:31.763969022] [8608]  INFO RPI vc4.cpp:445 Registered camera /base/soc/i2c0mux/i2c@1/imx708@1a to Unicam device /dev/media2 and ISP device /dev/media0
Options:
    verbose: 2
    info_text:
    timeout: 6000ms
    width: 1920
    height: 1080
    output: /home/pi/sprint17_probe_20260818T192651Z/tight_1080p_native_fullmode.h264
    post_process_file: 
    post_process_libs: 
    preview: none
    qt-preview: 0
    transform: identity
    roi: 0.291667,0.291667,0.416667,0.416667
    metering: centre
    exposure: normal
    ev: 0
    awb: auto
    flush: false
    wrap: 0
    brightness: 0
    contrast: 1
    saturation: 1
    sharpness: 1
    framerate: 15
    denoise: auto
    viewfinder-width: 0
    viewfinder-height: 0
    tuning-file: (libcamera)
    lores-width: 0
    lores-height: 0
    lores-par: 0
    autofocus-range: normal
    autofocus-speed: normal
    autofocus-window: all
    hdr: off
    mode: 4608:2592:10:P
    viewfinder-mode: unspecified
    metadata: 
    metadata-format: json
Running without preview window
Opening camera...
Acquired camera /base/soc/i2c0mux/i2c@1/imx708@1a
Configuring video...
Mode selection for 4608:2592:10:P(15)
    SRGGB10_CSI2P,1536x864/120.135 - Score: 9600
    SRGGB10_CSI2P,2304x1296/56.0255 - Score: 7200
    SRGGB10_CSI2P,4608x2592/14.3536 - Score: 1292.83
[11:21:31.776970998] [8604]  INFO Camera camera.cpp:1216 configuring streams: (0) 1920x1080-YUV420/Rec709 (1) 4608x2592-SBGGR10_CSI2P/RAW
[11:21:31.777513548] [8608]  INFO RPI vc4.cpp:620 Sensor: /base/soc/i2c0mux/i2c@1/imx708@1a - Selected sensor format: 4608x2592-SBGGR10_1X10/RAW - Selected unicam format: 4608x2592-pBAA/RAW
Camera streams configured
Available controls:
    AwbEnable : [false..true]
    NoiseReductionMode : [0..4]
    ColourGains : [0.000000..32.000000]
    AwbMode : [0..7]
    ColourTemperature : [100..100000]
    Saturation : [0.000000..32.000000]
    SyncMode : [0..2]
    AeEnable : [false..true]
    CnnEnableInputTensor : [false..true]
    AeExposureMode : [0..3]
    HdrMode : [0..4]
    AeConstraintMode : [0..3]
    AfTrigger : [0..1]
    LensPosition : [0.000000..35.000000]
    Contrast : [0.000000..32.000000]
    AfWindows : [(0, 0)/0x0..(65535, 65535)/65535x65535]
    AeFlickerPeriod : [100..1000000]
    AfSpeed : [0..1]
    StatsOutputEnable : [false..true]
    AfMetering : [0..1]
    AeMeteringMode : [0..3]
    AfRange : [0..2]
    FrameDurationLimits : [69669..220535845]
    AfMode : [0..2]
    AnalogueGainMode : [0..1]
    AfPause : [0..2]
    AnalogueGain : [1.122807..16.000000]
    ColourCorrectionMatrix : [0.000000..8.000000]
    Brightness : [-1.000000..1.000000]
    ExposureTime : [26..220416802]
    AeFlickerMode : [0..1]
    ExposureValue : [-8.000000..8.000000]
    ExposureTimeMode : [0..1]
    SyncFrames : [100..100000]
    Sharpness : [0.000000..16.000000]
    ScalerCrop : [(0, 0)/64x64..(0, 0)/4608x2592]
Buffers allocated and mapped
Video setup complete
Opened H264Encoder on /dev/video11 as fd 30
Got 6 output buffers
Got 12 capture buffers
Codec streaming started
Requests created
Using crop (main) (1344, 756)/1920x1080
Camera started!
Viewfinder frame 0
FileOutput: opened output file /home/pi/sprint17_probe_20260818T192651Z/tight_1080p_native_fullmode.h264
FileOutput: output buffer 0x7f8f592000 size 18075
Viewfinder frame 1
FileOutput: output buffer 0x7f8f4d2000 size 3545
Viewfinder frame 2
FileOutput: output buffer 0x7f8f412000 size 3036
Viewfinder frame 3
FileOutput: output buffer 0x7f8f352000 size 5534
Viewfinder frame 4
FileOutput: output buffer 0x7f8f292000 size 8428
Viewfinder frame 5
FileOutput: output buffer 0x7f8f1d2000 size 11217
Viewfinder frame 6
FileOutput: output buffer 0x7f8f112000 size 15544
Viewfinder frame 7
FileOutput: output buffer 0x7f8f052000 size 19588
Viewfinder frame 8
FileOutput: output buffer 0x7f8ef92000 size 25354
Viewfinder frame 9
FileOutput: output buffer 0x7f8eed2000 size 35644
Viewfinder frame 10
FileOutput: output buffer 0x7f8ee12000 size 36162
Viewfinder frame 11
FileOutput: output buffer 0x7f8ed52000 size 34650
Viewfinder frame 12
FileOutput: output buffer 0x7f8f592000 size 33716
Viewfinder frame 13
FileOutput: output buffer 0x7f8f4d2000 size 33463
Viewfinder frame 14
FileOutput: output buffer 0x7f8f412000 size 33369
Viewfinder frame 15
FileOutput: output buffer 0x7f8f352000 size 33892
Viewfinder frame 16
FileOutput: output buffer 0x7f8f292000 size 33884
Viewfinder frame 17
FileOutput: output buffer 0x7f8f1d2000 size 33445
Viewfinder frame 18
FileOutput: output buffer 0x7f8f112000 size 33773
Viewfinder frame 19
FileOutput: output buffer 0x7f8f052000 size 33901
Viewfinder frame 20
FileOutput: output buffer 0x7f8ef92000 size 33559
Viewfinder frame 21
FileOutput: output buffer 0x7f8eed2000 size 33345
Viewfinder frame 22
FileOutput: output buffer 0x7f8ee12000 size 33494
Viewfinder frame 23
FileOutput: output buffer 0x7f8ed52000 size 33514
Viewfinder frame 24
FileOutput: output buffer 0x7f8f592000 size 33401
Viewfinder frame 25
FileOutput: output buffer 0x7f8f4d2000 size 33574
Viewfinder frame 26
FileOutput: output buffer 0x7f8f412000 size 33320
Viewfinder frame 27
FileOutput: output buffer 0x7f8f352000 size 33372
Viewfinder frame 28
FileOutput: output buffer 0x7f8f292000 size 33313
Viewfinder frame 29
FileOutput: output buffer 0x7f8f1d2000 size 33255
Viewfinder frame 30
FileOutput: output buffer 0x7f8f112000 size 33422
Viewfinder frame 31
FileOutput: output buffer 0x7f8f052000 size 33269
Viewfinder frame 32
FileOutput: output buffer 0x7f8ef92000 size 33184
Viewfinder frame 33
FileOutput: output buffer 0x7f8eed2000 size 33259
Viewfinder frame 34
FileOutput: output buffer 0x7f8ee12000 size 33150
Viewfinder frame 35
FileOutput: output buffer 0x7f8ed52000 size 33385
Viewfinder frame 36
FileOutput: output buffer 0x7f8f592000 size 33567
Viewfinder frame 37
FileOutput: output buffer 0x7f8f4d2000 size 33511
Viewfinder frame 38
FileOutput: output buffer 0x7f8f412000 size 33346
Viewfinder frame 39
FileOutput: output buffer 0x7f8f352000 size 33294
Viewfinder frame 40
FileOutput: output buffer 0x7f8f292000 size 32690
Viewfinder frame 41
FileOutput: output buffer 0x7f8f1d2000 size 33262
Viewfinder frame 42
FileOutput: output buffer 0x7f8f112000 size 33265
Viewfinder frame 43
FileOutput: output buffer 0x7f8f052000 size 33067
Viewfinder frame 44
FileOutput: output buffer 0x7f8ef92000 size 32927
Viewfinder frame 45
FileOutput: output buffer 0x7f8eed2000 size 33219
Viewfinder frame 46
FileOutput: output buffer 0x7f8ee12000 size 33031
Viewfinder frame 47
FileOutput: output buffer 0x7f8ed52000 size 33129
Viewfinder frame 48
FileOutput: output buffer 0x7f8f592000 size 33291
Viewfinder frame 49
FileOutput: output buffer 0x7f8f4d2000 size 33370
Viewfinder frame 50
FileOutput: output buffer 0x7f8f412000 size 32986
Viewfinder frame 51
FileOutput: output buffer 0x7f8f352000 size 33165
Viewfinder frame 52
FileOutput: output buffer 0x7f8f292000 size 33468
Viewfinder frame 53
FileOutput: output buffer 0x7f8f1d2000 size 32999
Viewfinder frame 54
FileOutput: output buffer 0x7f8f112000 size 32852
Viewfinder frame 55
FileOutput: output buffer 0x7f8f052000 size 32976
Viewfinder frame 56
FileOutput: output buffer 0x7f8ef92000 size 33290
Viewfinder frame 57
FileOutput: output buffer 0x7f8eed2000 size 32966
Viewfinder frame 58
FileOutput: output buffer 0x7f8ee12000 size 33159
Viewfinder frame 59
FileOutput: output buffer 0x7f8ed52000 size 33145
Viewfinder frame 60
FileOutput: output buffer 0x7f8f592000 size 77113
Viewfinder frame 61
FileOutput: output buffer 0x7f8f4d2000 size 36187
Viewfinder frame 62
FileOutput: output buffer 0x7f8f412000 size 33728
Viewfinder frame 63
FileOutput: output buffer 0x7f8f352000 size 33285
Viewfinder frame 64
FileOutput: output buffer 0x7f8f292000 size 33009
Viewfinder frame 65
FileOutput: output buffer 0x7f8f1d2000 size 32941
Viewfinder frame 66
FileOutput: output buffer 0x7f8f112000 size 32962
Viewfinder frame 67
FileOutput: output buffer 0x7f8f052000 size 32744
Viewfinder frame 68
Halting: reached timeout of 6000 milliseconds.
Camera stopped!
H264Encoder closed
Closing RPiCam application(frames displayed 68, dropped 0)
Camera stopped!
Tearing down requests, buffers and configuration
Camera closed
