COMMAND: rpicam-vid -n -v 2 -t 6000 --codec h264 --inline --width 2304 --height 1296 --framerate 15 --bitrate 10000000 --roi 0,0,1,1 -o /home/pi/sprint17_probe_20260818T192651Z/wide_full_1440_wide.h264
[11:22:08.926337303] [8758]  INFO Camera camera_manager.cpp:340 libcamera v0.7.1+rpt20260609
[11:22:08.971189665] [8762]  WARN CameraSensorProperties camera_sensor_properties.cpp:548 No static properties available for 'imx708_wide'
[11:22:08.971306279] [8762]  WARN CameraSensorProperties camera_sensor_properties.cpp:550 Please consider updating the camera sensor properties database
[11:22:09.054816706] [8762]  INFO RPI pipeline_base.cpp:1133 Using configuration file '/usr/share/libcamera/pipeline/rpi/vc4/rpi_apps.yaml'
[11:22:09.234663025] [8762]  INFO IPAProxy ipa_proxy.cpp:184 Using tuning file /usr/share/libcamera/ipa/rpi/vc4/imx708_wide.json
[11:22:09.249198693] [8762]  WARN CameraSensor camera_sensor_legacy.cpp:502 'imx708_wide': No sensor delays found in static properties. Assuming unverified defaults.
[11:22:09.250443688] [8762]  INFO Camera camera_manager.cpp:223 Adding camera '/base/soc/i2c0mux/i2c@1/imx708@1a' for pipeline handler rpi/vc4
[11:22:09.250502177] [8762]  INFO RPI vc4.cpp:445 Registered camera /base/soc/i2c0mux/i2c@1/imx708@1a to Unicam device /dev/media2 and ISP device /dev/media0
Options:
    verbose: 2
    info_text:
    timeout: 6000ms
    width: 2304
    height: 1296
    output: /home/pi/sprint17_probe_20260818T192651Z/wide_full_1440_wide.h264
    post_process_file: 
    post_process_libs: 
    preview: none
    qt-preview: 0
    transform: identity
    roi: 0,0,1,1
    metering: centre
    exposure: normal
    ev: 0
    awb: auto
    flush: false
    wrap: 0
    brightness: 0
    contrast: 1
    saturation: 1
    sharpness: 1
    framerate: 15
    denoise: auto
    viewfinder-width: 0
    viewfinder-height: 0
    tuning-file: (libcamera)
    lores-width: 0
    lores-height: 0
    lores-par: 0
    autofocus-range: normal
    autofocus-speed: normal
    autofocus-window: all
    hdr: off
    mode: unspecified
    viewfinder-mode: unspecified
    metadata: 
    metadata-format: json
Running without preview window
Opening camera...
Acquired camera /base/soc/i2c0mux/i2c@1/imx708@1a
Configuring video...
Mode selection for 2304:1296:12:P(15)
    SRGGB10_CSI2P,1536x864/120.135 - Score: 3400
    SRGGB10_CSI2P,2304x1296/56.0255 - Score: 1000
    SRGGB10_CSI2P,4608x2592/14.3536 - Score: 3192.83
[11:22:09.265646956] [8758]  INFO Camera camera.cpp:1216 configuring streams: (0) 2304x1296-YUV420/Rec709 (1) 2304x1296-SBGGR10_CSI2P/RAW
[11:22:09.266182787] [8762]  INFO RPI vc4.cpp:620 Sensor: /base/soc/i2c0mux/i2c@1/imx708@1a - Selected sensor format: 2304x1296-SBGGR10_1X10/RAW - Selected unicam format: 2304x1296-pBAA/RAW
Camera streams configured
Available controls:
    AwbEnable : [false..true]
    NoiseReductionMode : [0..4]
    ColourGains : [0.000000..32.000000]
    AwbMode : [0..7]
    ColourTemperature : [100..100000]
    Saturation : [0.000000..32.000000]
    SyncMode : [0..2]
    AeEnable : [false..true]
    CnnEnableInputTensor : [false..true]
    AeExposureMode : [0..3]
    HdrMode : [0..4]
    AeConstraintMode : [0..3]
    AfTrigger : [0..1]
    LensPosition : [0.000000..35.000000]
    Contrast : [0.000000..32.000000]
    AfWindows : [(0, 0)/0x0..(65535, 65535)/65535x65535]
    AeFlickerPeriod : [100..1000000]
    AfSpeed : [0..1]
    StatsOutputEnable : [false..true]
    AfMetering : [0..1]
    AeMeteringMode : [0..3]
    AfRange : [0..2]
    FrameDurationLimits : [17849..112075593]
    AfMode : [0..2]
    AnalogueGainMode : [0..1]
    AfPause : [0..2]
    AnalogueGain : [1.122807..16.000000]
    ColourCorrectionMatrix : [0.000000..8.000000]
    Brightness : [-1.000000..1.000000]
    ExposureTime : [13..112015096]
    AeFlickerMode : [0..1]
    ExposureValue : [-8.000000..8.000000]
    ExposureTimeMode : [0..1]
    SyncFrames : [100..100000]
    Sharpness : [0.000000..16.000000]
    ScalerCrop : [(0, 0)/128x128..(0, 0)/4608x2592]
Buffers allocated and mapped
Video setup complete
Opened H264Encoder on /dev/video11 as fd 30
Got 6 output buffers
Got 12 capture buffers
Closing RPiCam application(frames displayed 0, dropped 0)
Camera stopped!
Tearing down requests, buffers and configuration
Camera closed
ERROR: *** failed to start output streaming ***
