COMMAND: rpicam-vid -n -v 2 -t 6000 --codec h264 --inline --width 1920 --height 1080 --framerate 15 --bitrate 8000000 --roi 0,0,1,1 -o /home/pi/sprint17_probe_20260818T192651Z/wide_full_1080p.h264
[11:20:46.231569705] [8374]  INFO Camera camera_manager.cpp:340 libcamera v0.7.1+rpt20260609
[11:20:46.287143584] [8378]  WARN CameraSensorProperties camera_sensor_properties.cpp:548 No static properties available for 'imx708_wide'
[11:20:46.287258166] [8378]  WARN CameraSensorProperties camera_sensor_properties.cpp:550 Please consider updating the camera sensor properties database
[11:20:46.370796249] [8378]  INFO RPI pipeline_base.cpp:1133 Using configuration file '/usr/share/libcamera/pipeline/rpi/vc4/rpi_apps.yaml'
[11:20:46.503835735] [8378]  INFO IPAProxy ipa_proxy.cpp:184 Using tuning file /usr/share/libcamera/ipa/rpi/vc4/imx708_wide.json
[11:20:46.519901343] [8378]  WARN CameraSensor camera_sensor_legacy.cpp:502 'imx708_wide': No sensor delays found in static properties. Assuming unverified defaults.
[11:20:46.521228161] [8378]  INFO Camera camera_manager.cpp:223 Adding camera '/base/soc/i2c0mux/i2c@1/imx708@1a' for pipeline handler rpi/vc4
[11:20:46.521321337] [8378]  INFO RPI vc4.cpp:445 Registered camera /base/soc/i2c0mux/i2c@1/imx708@1a to Unicam device /dev/media2 and ISP device /dev/media0
Options:
    verbose: 2
    info_text:
    timeout: 6000ms
    width: 1920
    height: 1080
    output: /home/pi/sprint17_probe_20260818T192651Z/wide_full_1080p.h264
    post_process_file: 
    post_process_libs: 
    preview: none
    qt-preview: 0
    transform: identity
    roi: 0,0,1,1
    metering: centre
    exposure: normal
    ev: 0
    awb: auto
    flush: false
    wrap: 0
    brightness: 0
    contrast: 1
    saturation: 1
    sharpness: 1
    framerate: 15
    denoise: auto
    viewfinder-width: 0
    viewfinder-height: 0
    tuning-file: (libcamera)
    lores-width: 0
    lores-height: 0
    lores-par: 0
    autofocus-range: normal
    autofocus-speed: normal
    autofocus-window: all
    hdr: off
    mode: unspecified
    viewfinder-mode: unspecified
    metadata: 
    metadata-format: json
Running without preview window
Opening camera...
Acquired camera /base/soc/i2c0mux/i2c@1/imx708@1a
Configuring video...
Mode selection for 1920:1080:12:P(15)
    SRGGB10_CSI2P,1536x864/120.135 - Score: 2200
    SRGGB10_CSI2P,2304x1296/56.0255 - Score: 1150
    SRGGB10_CSI2P,4608x2592/14.3536 - Score: 3342.83
[11:20:46.536061483] [8374]  INFO Camera camera.cpp:1216 configuring streams: (0) 1920x1080-YUV420/Rec709 (1) 2304x1296-SBGGR10_CSI2P/RAW
[11:20:46.536651064] [8378]  INFO RPI vc4.cpp:620 Sensor: /base/soc/i2c0mux/i2c@1/imx708@1a - Selected sensor format: 2304x1296-SBGGR10_1X10/RAW - Selected unicam format: 2304x1296-pBAA/RAW
Camera streams configured
Available controls:
    AwbEnable : [false..true]
    NoiseReductionMode : [0..4]
    ColourGains : [0.000000..32.000000]
    AwbMode : [0..7]
    ColourTemperature : [100..100000]
    Saturation : [0.000000..32.000000]
    SyncMode : [0..2]
    AeEnable : [false..true]
    CnnEnableInputTensor : [false..true]
    AeExposureMode : [0..3]
    HdrMode : [0..4]
    AeConstraintMode : [0..3]
    AfTrigger : [0..1]
    LensPosition : [0.000000..35.000000]
    Contrast : [0.000000..32.000000]
    AfWindows : [(0, 0)/0x0..(65535, 65535)/65535x65535]
    AeFlickerPeriod : [100..1000000]
    AfSpeed : [0..1]
    StatsOutputEnable : [false..true]
    AfMetering : [0..1]
    AeMeteringMode : [0..3]
    AfRange : [0..2]
    FrameDurationLimits : [17849..112075593]
    AfMode : [0..2]
    AnalogueGainMode : [0..1]
    AfPause : [0..2]
    AnalogueGain : [1.122807..16.000000]
    ColourCorrectionMatrix : [0.000000..8.000000]
    Brightness : [-1.000000..1.000000]
    ExposureTime : [13..112015096]
    AeFlickerMode : [0..1]
    ExposureValue : [-8.000000..8.000000]
    ExposureTimeMode : [0..1]
    SyncFrames : [100..100000]
    Sharpness : [0.000000..16.000000]
    ScalerCrop : [(0, 0)/128x128..(0, 0)/4608x2592]
Buffers allocated and mapped
Video setup complete
Opened H264Encoder on /dev/video11 as fd 30
Got 6 output buffers
Got 12 capture buffers
Codec streaming started
Requests created
Using crop (main) (0, 0)/4608x2592
Camera started!
Viewfinder frame 0
FileOutput: opened output file /home/pi/sprint17_probe_20260818T192651Z/wide_full_1080p.h264
FileOutput: output buffer 0x7f92fb0000 size 21160
Viewfinder frame 1
FileOutput: output buffer 0x7f92ef0000 size 2644
Viewfinder frame 2
FileOutput: output buffer 0x7f92e30000 size 1856
Viewfinder frame 3
FileOutput: output buffer 0x7f92d70000 size 4900
Viewfinder frame 4
FileOutput: output buffer 0x7f92cb0000 size 8842
Viewfinder frame 5
FileOutput: output buffer 0x7f92bf0000 size 10805
Viewfinder frame 6
FileOutput: output buffer 0x7f92b30000 size 14957
Viewfinder frame 7
FileOutput: output buffer 0x7f92a70000 size 18606
Viewfinder frame 8
FileOutput: output buffer 0x7f929b0000 size 23443
Viewfinder frame 9
FileOutput: output buffer 0x7f928f0000 size 35922
Viewfinder frame 10
FileOutput: output buffer 0x7f92830000 size 35330
Viewfinder frame 11
FileOutput: output buffer 0x7f92770000 size 32384
Viewfinder frame 12
FileOutput: output buffer 0x7f92fb0000 size 31544
Viewfinder frame 13
FileOutput: output buffer 0x7f92ef0000 size 31230
Viewfinder frame 14
FileOutput: output buffer 0x7f92e30000 size 30547
Viewfinder frame 15
FileOutput: output buffer 0x7f92d70000 size 30286
Viewfinder frame 16
FileOutput: output buffer 0x7f92cb0000 size 30170
Viewfinder frame 17
FileOutput: output buffer 0x7f92bf0000 size 30366
Viewfinder frame 18
FileOutput: output buffer 0x7f92b30000 size 30217
Viewfinder frame 19
FileOutput: output buffer 0x7f92a70000 size 30179
Viewfinder frame 20
FileOutput: output buffer 0x7f929b0000 size 30250
Viewfinder frame 21
FileOutput: output buffer 0x7f928f0000 size 30156
Viewfinder frame 22
FileOutput: output buffer 0x7f92830000 size 30372
Viewfinder frame 23
FileOutput: output buffer 0x7f92770000 size 30530
Viewfinder frame 24
FileOutput: output buffer 0x7f92fb0000 size 30135
Viewfinder frame 25
FileOutput: output buffer 0x7f92ef0000 size 30291
Viewfinder frame 26
FileOutput: output buffer 0x7f92e30000 size 30121
Viewfinder frame 27
FileOutput: output buffer 0x7f92d70000 size 30174
Viewfinder frame 28
FileOutput: output buffer 0x7f92cb0000 size 30233
Viewfinder frame 29
FileOutput: output buffer 0x7f92bf0000 size 30219
Viewfinder frame 30
FileOutput: output buffer 0x7f92b30000 size 30245
Viewfinder frame 31
FileOutput: output buffer 0x7f92a70000 size 30259
Viewfinder frame 32
FileOutput: output buffer 0x7f929b0000 size 30005
Viewfinder frame 33
FileOutput: output buffer 0x7f928f0000 size 30131
Viewfinder frame 34
FileOutput: output buffer 0x7f92830000 size 30048
Viewfinder frame 35
FileOutput: output buffer 0x7f92770000 size 30160
Viewfinder frame 36
FileOutput: output buffer 0x7f92fb0000 size 30113
Viewfinder frame 37
FileOutput: output buffer 0x7f92ef0000 size 30004
Viewfinder frame 38
FileOutput: output buffer 0x7f92e30000 size 30206
Viewfinder frame 39
FileOutput: output buffer 0x7f92d70000 size 30267
Viewfinder frame 40
FileOutput: output buffer 0x7f92cb0000 size 30270
Viewfinder frame 41
FileOutput: output buffer 0x7f92bf0000 size 30234
Viewfinder frame 42
FileOutput: output buffer 0x7f92b30000 size 30265
Viewfinder frame 43
FileOutput: output buffer 0x7f92a70000 size 30282
Viewfinder frame 44
FileOutput: output buffer 0x7f929b0000 size 30213
Viewfinder frame 45
FileOutput: output buffer 0x7f928f0000 size 30344
Viewfinder frame 46
FileOutput: output buffer 0x7f92830000 size 30242
Viewfinder frame 47
FileOutput: output buffer 0x7f92770000 size 30269
Viewfinder frame 48
FileOutput: output buffer 0x7f92fb0000 size 29839
Viewfinder frame 49
FileOutput: output buffer 0x7f92ef0000 size 30178
Viewfinder frame 50
FileOutput: output buffer 0x7f92e30000 size 29871
Viewfinder frame 51
FileOutput: output buffer 0x7f92d70000 size 29919
Viewfinder frame 52
FileOutput: output buffer 0x7f92cb0000 size 30121
Viewfinder frame 53
FileOutput: output buffer 0x7f92bf0000 size 30185
Viewfinder frame 54
FileOutput: output buffer 0x7f92b30000 size 30057
Viewfinder frame 55
FileOutput: output buffer 0x7f92a70000 size 29942
Viewfinder frame 56
FileOutput: output buffer 0x7f929b0000 size 29960
Viewfinder frame 57
FileOutput: output buffer 0x7f928f0000 size 30086
Viewfinder frame 58
FileOutput: output buffer 0x7f92830000 size 30062
Viewfinder frame 59
FileOutput: output buffer 0x7f92770000 size 30203
Viewfinder frame 60
FileOutput: output buffer 0x7f92fb0000 size 100984
Viewfinder frame 61
FileOutput: output buffer 0x7f92ef0000 size 33668
Viewfinder frame 62
FileOutput: output buffer 0x7f92e30000 size 30747
Viewfinder frame 63
FileOutput: output buffer 0x7f92d70000 size 30025
Viewfinder frame 64
FileOutput: output buffer 0x7f92cb0000 size 29666
Viewfinder frame 65
FileOutput: output buffer 0x7f92bf0000 size 29675
Viewfinder frame 66
FileOutput: output buffer 0x7f92b30000 size 29755
Viewfinder frame 67
FileOutput: output buffer 0x7f92a70000 size 29692
Viewfinder frame 68
FileOutput: output buffer 0x7f929b0000 size 29944
Viewfinder frame 69
FileOutput: output buffer 0x7f928f0000 size 29782
Viewfinder frame 70
FileOutput: output buffer 0x7f92830000 size 30117
Viewfinder frame 71
FileOutput: output buffer 0x7f92770000 size 29487
Viewfinder frame 72
FileOutput: output buffer 0x7f92fb0000 size 29613
Viewfinder frame 73
FileOutput: output buffer 0x7f92ef0000 size 29794
Viewfinder frame 74
FileOutput: output buffer 0x7f92e30000 size 29992
Viewfinder frame 75
FileOutput: output buffer 0x7f92d70000 size 30276
Viewfinder frame 76
FileOutput: output buffer 0x7f92cb0000 size 29823
Viewfinder frame 77
FileOutput: output buffer 0x7f92bf0000 size 29836
Viewfinder frame 78
FileOutput: output buffer 0x7f92b30000 size 30080
Viewfinder frame 79
FileOutput: output buffer 0x7f92a70000 size 30046
Viewfinder frame 80
FileOutput: output buffer 0x7f929b0000 size 29795
Viewfinder frame 81
Halting: reached timeout of 6000 milliseconds.
Camera stopped!
H264Encoder closed
Closing RPiCam application(frames displayed 81, dropped 0)
Camera stopped!
Tearing down requests, buffers and configuration
Camera closed
