2026-10-07T04:56:04Z run created for R2 units: bmcam003
a50636e8c4f8
f8d555ba75defb5058d6f901d537307f04c7567eb85f2b265a81253dbbc63da8  /home/pi/hil_backup/r2_20261007T050052Z/rc_progressive_jpeg.py
2026-10-07T05:00:53Z [r2 setup] backup ~/hil_backup/r2_20261007T050052Z (rc_progressive_jpeg.py + camera_config.yaml). RESTORE: cp ~/hil_backup/r2_20261007T050052Z/rc_progressive_jpeg.py ~/hil_backup/r2_20261007T050052Z/camera_config.yaml /home/pi/BM_Devel_Pi/ && rm -f /home/pi/BM_Devel_Pi/r2_start_delay_s
544f48b3d0cace3616b9ae1dbf0c66feb5439e5b4d34c8e4745781d95e94fc58  rc_progressive_jpeg.py
3
0
2026-10-07T05:00:55Z [r2 setup] local sha256 of the patch: 544f48b3d0cace3616b9ae1dbf0c66feb5439e5b4d34c8e4745781d95e94fc58
set uplink.msg_interval_s 1.0
119c119
<   msg_interval_s: 1.3  # Seconds between uplink messages.
---
>   msg_interval_s: 1.0  # R2-DELAY reef pacing (was: 1.3  # Seconds between uplink messages.)
Traceback (most recent call last):
  File "<string>", line 1, in <module>
    import config_v2 as c, supervisor_config as S; b = c.load_config('camera_config.yaml').base; e = S.resolve(b, c.read_state(S.state_path_for(b))); v = e.values; print('effective:', {k: v[k] for k in ('mode.media','mode.run','still.format','still.crop','still.output_width','still.message_cap','uplink.chunk_chars','uplink.msg_interval_s','uplink.network_type','uplink.lane.enabled')}, 'overlay', sorted(e.overlay), 'dropped', e.dropped)
                                                                                                                                                                                            ~^^^
KeyError: 'still.format'
2026-10-07T05:00:57Z [r2 setup] setup done (applies from the next boot; 06:00Z wake = setup, not counted)
2026-10-07T05:01:56Z setup verified: effective per_boot/still, crop 1504,846,1600,900 -> 1000, cap 195, 384 chars, 1.0 s, net 2, lane off, dropped []; patch sha 544f48b3 matches; r2_start_delay_s=0. Counted wakes from 07:00Z (A). Crons: switch 9462c68d (HH:03Z of 07/09/11/13/15/17), scoring 1abf574f (:16 each hour), setup check 71a8bc77.
2026-10-07T05:15:24Z Nick: backend self_heal OFF for SPOT-33507C at 05:15:04Z (clean R2 baseline; no heal commands during the test; remote_commands stays on, nobody sends). RESTORE after the test (Nick runs it): PATCH /admin/gateways/SPOT-33507C/rollout {"self_heal": true}
2026-10-07T05:16:22Z pre-check (1): rsd 100219 0ecwl4 29-36 received on SPOT-33507C 05:11:10Z (before self_heal OFF 05:15:04Z), queued at the bridge with 1000157/158/159 -> mote at the 06:00Z boot; no newer rsd; backend command list does not show rsd. (2) unit pending heals: read-only check at 06:06Z (cron 1e610ddb).
2026-10-07T06:01:29Z [r2 setup2] uptime 81 s
de34a3f160ff1119
0
[R2DELAY] start_delay_s=0 uptime=34.29s wait=0.0s burst_est=107s skipped=False
2026-10-07T06:01:31Z [r2 setup2] expected sha de34a3f160ff1119 (80c3662); r2_start_delay_s=0 for the 07:00Z A wake
2026-10-07T06:07:48Z pre-check (2) ANSWER: NO pending heals for counted wakes. 06:00Z cycle: rsd 100219 accepted, 8 heal chunks 0ecwl4 29-36 sent before START, 'pending after this wake: none'; state file has no heal keys, pending_trigger_v9 null; 1000157 (video) then 1000159 (still, acked h=532404da) applied -> still from 07Z; trg 1000158 fired THIS (setup) boot (W10). No queued serial commands on SPOT-33507C after 05:13:27Z. Nothing cleared.
2026-10-07T06:16:26Z setup-wake check 06:00Z: bus 05:59:59-06:09:59, Pi 06:00:07-06:07:37 (458 s), START len 104, queue_full 22 (setup, not counted); backend: 1000159 in_effect, 1000158 trg answered (fired this boot), 1000157 saved; pending_unsent []; in_flight only stale keys from cid 1000003 (old, not re-sent by anyone) -> counted wakes command-free. [R2DELAY] line for 06Z seen (start_delay_s=0).
2026-10-07T07:07:59Z switch MISSED at 07Z (session cron fired 07:06:53, A wake already halted) -> 08Z runs A (file 0); sequence becomes A07 A08(extra) B09 B10 | ABBA...; switch now runs from a background job at HH:01:30Z (r2_switch_at.sh) launched at :50 the hour before; tool records off-sequence wakes as extras.
2026-10-07T07:08:58Z WAKE 07Z A: loss 12.75 % (13/102), gaps 61x1 + 65x12, queue_full 13 07:01:47.8-07:02:03.0, START 07:00:43 END 07:02:28, halt 308 s, NOT clean; cause = Spotter->Notecard hand-off stall 07:01:45-07:02:08 (drain up to 13.3 s), no Spotter-own event in the window
2026-10-07T08:02:47Z [r2switch] wake 07Z: Pi unreachable or no [R2DELAY] line (rc 0): 0
2026-10-07T08:02:47Z sed: -e expression #1, char 0: unmatched `{'
2026-10-07T08:03:52Z [r2switch] wake 08Z: Pi unreachable or no [R2DELAY] line (rc 0): 0
sed: -e expression #1, char 0: unmatched `{' (rc 4)
2026-10-07T08:04:25Z switch at 08Z: first attempt failed (my f-string bug, sed got a literal {a.nth}; launcher cron also fired late 08:02:47Z); fixed + run by hand 08:04:05Z: recorded 07Z A, 08Z A (extra), wrote 230 -> 09Z = B. Launcher moved to :35 the hour before (timeout 1 h).
2026-10-07T08:36:24Z WAKE 08Z A(extra): loss 0 % (0/110), queue_full 0, START 08:00:43 END 08:02:36, halt 318 s, clean; heal_msgs 0, budget_left 464 s; 07Z back-fill: heal_msgs 0, budget_left 464 s
2026-10-07T09:01:35Z [r2switch] wake 09Z arm B applied=True budget_left=468s heal_msgs=0 | seq 2/12 counts={'A': 2, 'B': 1} | next 10Z = B (wrote '230') (rc 0)
2026-10-07T09:36:24Z WAKE 09Z B applied (budget_left 468, heal 0): loss 7.27 % (8/110), gaps 63x7 + 91x1, queue_full 8 09:05:04-09:05:32 all inside hand-off stalls that start at the 09:05:01 HDR message; START 09:03:57 END 09:05:50, halt 498 s, NOT clean
2026-10-07T09:37:26Z EM: rules 1-3 don't cover A-stall vs B-HDR holes -> continue ABBA until Nick (~07 PDT), no R2-L1, delay unchanged; scorer adds HDR-mark crossing + HDR vs other attribution
2026-10-07T10:01:37Z [r2switch] wake 10Z arm B applied=True budget_left=469s heal_msgs=0 | seq 3/12 counts={'A': 2, 'B': 2} | next 11Z = A (wrote '0') (rc 0)
2026-10-07T10:31:43Z WAKE 10Z B applied (469 s, heal 0): loss 5.71 % (6/105) gap 63x6, queue_full 6 10:05:04-09, all in HDR-start stalls (HDR 10:05:01); START 10:03:57 END 10:05:45, halt 498 s, NOT clean. Block 1: A 12.75/0, B 7.27/5.71.
2026-10-07T11:01:35Z [r2switch] wake 11Z arm A applied=True  | seq 4/12 counts={'A': 3, 'B': 2} | next 12Z = A (wrote '0') (rc 0)
2026-10-07T11:31:43Z WAKE 11Z A: loss 10.38 % (11/106) gaps 30x10 + 49x1, queue_full 11 11:01:11-11:01:30, all in non-HDR hand-off stalls (first 11:01:10, longest 50.3 s); START 11:00:38 END 11:02:27, halt 308 s, NOT clean
2026-10-07T11:32:43Z desk check early stalls: topology/network hypothesis NOT supported (topology sampler at ~:01:05 every wake incl. clean 08Z, CRC unchanged -> no message, no sync before :02); Notecard-side delay, no visible trigger
2026-10-07T12:01:37Z [r2switch] wake 12Z arm A applied=True  | seq 5/12 counts={'A': 4, 'B': 2} | next 13Z = B (wrote '230') (rc 0)
2026-10-07T12:31:42Z WAKE 12Z A: loss 12.62 % (13/103), gaps 33x1 39x2 44x10, queue_full 13 12:01:13-12:01:34 all in non-HDR stalls (first 12:01:11, longest 47 s); START 12:00:37 END 12:02:23, halt 308 s, NOT clean
2026-10-07T13:01:37Z [r2switch] wake 13Z arm B applied=True budget_left=472s heal_msgs=0 | seq 6/12 counts={'A': 4, 'B': 3} | next 14Z = B (wrote '230') (rc 0)
2026-10-07T13:32:06Z WAKE 13Z B applied (472 s, heal 0): loss 30.19 % (32/106), queue_full 33 13:04:01-13:05:08, stalls start at START inside the health-check sync (13:03:19 -> sent 13:04:06.9; 'Reboot limit reached, ignoring (source 7)'); no :05 HDR this hour; halt 497 s, NOT clean
2026-10-07T14:01:34Z [r2switch] wake 14Z arm B applied=True budget_left=472s heal_msgs=0 | seq 7/12 counts={'A': 4, 'B': 4} | next 15Z = A (wrote '0') (rc 0)
2026-10-07T14:31:49Z WAKE 14Z B applied (472 s, heal 0): loss 11.36 % (15/132), queue_full 15 14:05:03-14:05:47, all at the 14:05:01 HDR; halt 497 s, NOT clean. Tally A median 11.50 (n4), B median 9.32 (n4).
2026-10-07T15:01:37Z [r2switch] wake 15Z arm A applied=True  | seq 8/12 counts={'A': 5, 'B': 4} | next 16Z = A (wrote '0') (rc 0)
