2026-09-27T21:01:14Z SPOT-33507C > bridge cfg set c3c564b91856226c s u bridgePowerControllerEnabled 0
2026-09-27T21:01:17Z bridge cfg set c3c564b91856226c s u bridgePowerControllerEnabled 0
2026-09-27T21:01:17Z Succesfully sent config set msg
2026-09-27T21:01:17Z 2026-09-27T21:01:17.531Z [BRIDGE_CFG] [INFO] Node ID: 0000000000000000 Partition: system Value: 0
2026-09-27T21:01:22Z SPOT-33507C > bridge cfg commit c3c564b91856226c s
2026-09-27T21:01:23Z bridge cfg commit c3c564b91856226c s
2026-09-27T21:01:23Z Succesfull config commit send
2026-09-27T21:01:25Z 2026-09-27T21:01:25.281Z [BRIDGE] [ERROR] Bridge RX Processing Packet Failure: -7
2026-09-27T21:01:25Z 2026-09-27T21:01:25.285Z [BRIDGE] [INFO] Setting negotiated baud rate to 1000000 from 1000000
2026-09-27T21:01:25Z 2026-09-27T21:01:25.289Z [BRIDGE_SYS] [INFO] Bridge State Init
2026-09-27T21:01:25Z 2026-09-27T21:01:25.289Z [BRIDGE] [INFO] Reboot info received from c3c564b91856226c - Reason: 5 gitSHA: 1595f804 Reboot cnt: 0 PC: 0x0 LR: 0x0
2026-09-27T21:01:25Z 2026-09-27T21:01:25.296Z [BRIDGE_SYS] [INFO] Bridge bus power: 1
2026-09-27T21:01:25Z 2026-09-27T21:01:25.347Z [BRIDGE_CFG] [INFO] Response msg -- Node Id: 0000000000000000, Partition: system, Commit Status: 0
2026-09-27T21:01:25Z 2026-09-27T21:01:25.347Z [BRIDGE_CFG] [INFO] Num Keys: 18
2026-09-27T21:01:25Z 2026-09-27T21:01:25.347Z [BRIDGE_CFG] [INFO] Key 0: sampleIntervalMs
2026-09-27T21:01:25Z 2026-09-27T21:01:25.347Z [BRIDGE_CFG] [INFO] Key 1: sampleDurationMs
2026-09-27T21:01:25Z 2026-09-27T21:01:25.347Z [BRIDGE_CFG] [INFO] Key 2: subsampleIntervalMs
2026-09-27T21:01:25Z 2026-09-27T21:01:25.347Z [BRIDGE_CFG] [INFO] Key 3: subsampleDurationMs
2026-09-27T21:01:25Z 2026-09-27T21:01:25.351Z [BRIDGE_CFG] [INFO] Key 4: subsampleEnabled
2026-09-27T21:01:25Z 2026-09-27T21:01:25.351Z [BRIDGE_CFG] [INFO] Key 5: bridgePowerControllerEnabled
2026-09-27T21:01:25Z 2026-09-27T21:01:25.351Z [BRIDGE_CFG] [INFO] Key 6: alignmentInterval5Min
2026-09-27T21:01:25Z 2026-09-27T21:01:25.351Z [BRIDGE_CFG] [INFO] Key 7: ticksSamplingEnabled
2026-09-27T21:01:25Z 2026-09-27T21:01:25.351Z [BRIDGE_CFG] [INFO] Key 8: samplesPerReport
2026-09-27T21:01:25Z 2026-09-27T21:01:25.351Z [BRIDGE_CFG] [INFO] Key 9: transmitAggregations
2026-09-27T21:01:25Z 2026-09-27T21:01:25.351Z [BRIDGE_CFG] [INFO] Key 10: currentReadingPeriodMs
2026-09-27T21:01:25Z 2026-09-27T21:01:25.351Z [BRIDGE_CFG] [INFO] Key 11: softReadingPeriodMs
2026-09-27T21:01:25Z 2026-09-27T21:01:25.351Z [BRIDGE_CFG] [INFO] Key 12: rbrCodaReadingPeriodMs
2026-09-27T21:01:25Z 2026-09-27T21:01:25.351Z [BRIDGE_CFG] [INFO] Key 13: turbidityReadingPeriodMs
2026-09-27T21:01:25Z 2026-09-27T21:01:25.351Z [BRIDGE_CFG] [INFO] Key 14: disableUnusedPortsTimeMs
2026-09-27T21:01:25Z 2026-09-27T21:01:25.351Z [BRIDGE_CFG] [INFO] Key 15: salinityReadingPeriodMs
2026-09-27T21:01:25Z 2026-09-27T21:01:25.351Z [BRIDGE_CFG] [INFO] Key 16: sensorsCheckIntervalS
2026-09-27T21:01:25Z 2026-09-27T21:01:25.351Z [BRIDGE_CFG] [INFO] Key 17: sensorsPollIntervalMs
2026-09-27T21:01:25Z 2026-09-27T21:01:25.355Z [BRIDGE_CFG] [INFO] Response msg -- Node Id: 0000000000000000, Partition: user, Commit Status: 0
2026-09-27T21:01:25Z 2026-09-27T21:01:25.355Z [BRIDGE_CFG] [INFO] Num Keys: 0
2026-09-27T21:01:25Z 2026-09-27T21:01:25.355Z [BRIDGE_CFG] [INFO] Response msg -- Node Id: 0000000000000000, Partition: hardware, Commit Status: 0
2026-09-27T21:01:25Z 2026-09-27T21:01:25.355Z [BRIDGE_CFG] [INFO] Num Keys: 1
2026-09-27T21:01:25Z 2026-09-27T21:01:25.355Z [BRIDGE_CFG] [INFO] Key 0: smConfigurationCrc
2026-09-27T21:01:25Z 2026-09-27T21:01:25.355Z [BRIDGE] [INFO] handle_power_states, power on for: 4294967295
2026-09-27T21:01:25Z 2026-09-27T21:01:25.359Z [BRIDGE_CFG] [INFO] Node ID: 0000000000000000 Partition: system Value: 3600000
2026-09-27T21:01:25Z 2026-09-27T21:01:25.363Z [BRIDGE_CFG] [INFO] Node ID: 0000000000000000 Partition: system Value: 600000
2026-09-27T21:01:25Z 2026-09-27T21:01:25.371Z [BRIDGE_CFG] [INFO] Node ID: 0000000000000000 Partition: system Value: 300000
2026-09-27T21:01:25Z 2026-09-27T21:01:25.375Z [BRIDGE_CFG] [INFO] Node ID: 0000000000000000 Partition: system Value: 30000
2026-09-27T21:01:25Z 2026-09-27T21:01:25.378Z [BRIDGE_CFG] [INFO] Node ID: 0000000000000000 Partition: system Value: 0
2026-09-27T21:01:25Z 2026-09-27T21:01:25.386Z [BRIDGE_CFG] [INFO] Node ID: 0000000000000000 Partition: system Value: 0
2026-09-27T21:01:25Z 2026-09-27T21:01:25.390Z [BRIDGE_CFG] [INFO] Node ID: 0000000000000000 Partition: system Value: 1
2026-09-27T21:01:25Z 2026-09-27T21:01:25.394Z [BRIDGE_CFG] [INFO] Node ID: 0000000000000000 Partition: system Value: 0
2026-09-27T21:01:25Z 2026-09-27T21:01:25.398Z [BRIDGE_CFG] [INFO] Node ID: 0000000000000000 Partition: system Value: 1
2026-09-27T21:01:25Z 2026-09-27T21:01:25.406Z [BRIDGE_CFG] [INFO] Node ID: 0000000000000000 Partition: system Value: 0
2026-09-27T21:01:25Z 2026-09-27T21:01:25.410Z [BRIDGE_CFG] [INFO] Node ID: 0000000000000000 Partition: system Value: 60000
2026-09-27T21:01:25Z 2026-09-27T21:01:25.414Z [BRIDGE_CFG] [INFO] Node ID: 0000000000000000 Partition: system Value: 500
2026-09-27T21:01:25Z 2026-09-27T21:01:25.417Z [BRIDGE_CFG] [INFO] Node ID: 0000000000000000 Partition: system Value: 500
2026-09-27T21:01:25Z 2026-09-27T21:01:25.425Z [BRIDGE_CFG] [INFO] Node ID: 0000000000000000 Partition: system Value: 1000
2026-09-27T21:01:25Z 2026-09-27T21:01:25.429Z [BRIDGE_CFG] [INFO] Node ID: 0000000000000000 Partition: system Value: 0
2026-09-27T21:01:25Z 2026-09-27T21:01:25.433Z [BRIDGE_CFG] [INFO] Node ID: 0000000000000000 Partition: system Value: 30000
2026-09-27T21:01:25Z 2026-09-27T21:01:25.441Z [BRIDGE_CFG] [INFO] Node ID: 0000000000000000 Partition: system Value: 60
2026-09-27T21:01:25Z 2026-09-27T21:01:25.445Z [BRIDGE_CFG] [INFO] Node ID: 0000000000000000 Partition: system Value: 10000
2026-09-27T21:01:25Z 2026-09-27T21:01:25.449Z [BRIDGE_CFG] [INFO] Node ID: 0000000000000000 Partition: hardware - Failed to decode value
2026-09-27T21:01:26Z 2026-09-27T21:01:26.308Z [BRIDGE_SYS] [INFO] Neighbor 53171fa3d81a8e6f added
2026-09-27T21:01:30Z SPOT-33507C > bridge cfg get c3c564b91856226c s bridgePowerControllerEnabled
2026-09-27T21:01:30Z 2026-09-27T21:01:31.058Z [MS] [DEBUG] Has message 84 expired? queuedTime: 177490251, now64: 177490954, remaining: 86399297
2026-09-27T21:01:30Z 2026-09-27T21:01:31.062Z [MS] [INFO] Queuing message 84 20027520
2026-09-27T21:01:31Z bridge cfg get c3c564b91856226c s bridgePowerControllerEnabled
2026-09-27T21:01:31Z Message: Succesfully sent config get msg
2026-09-27T21:01:31Z 2026-09-27T21:01:31.203Z [BRIDGE_CFG] [INFO] Node ID: 0000000000000000 Partition: system Value: 0
2026-09-27T21:01:31Z 2026-09-27T21:01:31.367Z [MS] [INFO] Setting GPS coordinates lat:37.757847, lon: -122.426971
2026-09-27T21:01:31Z 2026-09-27T21:01:31.542Z [MS] [DEBUG] Attempting to Sync.
2026-09-27T21:01:31Z 2026-09-27T21:01:31.824Z [MS] [DEBUG] Waiting for TX
2026-09-27T21:45:15Z SPOT-33507C > bm pub bmcam/cmd {"id":26401,"c":"trg","v":2} 1 1
2026-09-27T21:45:18Z bm pub bmcam/cmd {"id":26401,"c":"trg","v":2} 1 1
2026-09-27T21:45:18Z 2026-09-27T21:45:18.613Z [MS] [INFO] Added message(id: 17826 len: 240) to queue MS_Q_CELLULAR_ONLY: (1)!
2026-09-27T21:45:18Z 2026-09-27T21:45:18.613Z [BM_TX] [INFO] Submitted spotter/transmit-data message to cell-only queue, Len: 115
2026-09-27T21:45:18Z 2026-09-27T21:45:18.613Z [BM_TX] [DEBUG] Message:
2026-09-27T21:45:18Z  7b 22 69 64 22 3a 32 36
2026-09-27T21:45:18Z  34 30 31 2c 22 6f 6b 22
2026-09-27T21:45:18Z  3a 31 2c 22 73 74 22 3a
2026-09-27T21:45:18Z  7b 22 72 6f 69 22 3a 30
2026-09-27T21:45:18Z  2c 22 66 6f 63 22 3a 30
2026-09-27T21:45:18Z  2c 22 61 77 62 22 3a 30
2026-09-27T21:45:18Z  2c 22 65 78 70 22 3a 30
2026-09-27T21:45:18Z  2c 22 77 69 6e 22 3a 30
2026-09-27T21:45:18Z  2c 22 74 78 64 22 3a 30
2026-09-27T21:45:18Z  2c 22 63 61 70 22 3a 30
2026-09-27T21:45:18Z  2c 22 73 72 63 22 3a 30
2026-09-27T21:45:18Z  2c 22 68 6c 74 22 3a 30
2026-09-27T21:45:18Z  2c 22 74 77 6e 22 3a 30
2026-09-27T21:45:18Z  2c 22 74 6d 7a 22 3a 30
2026-09-27T21:45:18Z  7d 7d
2026-09-27T21:45:18Z 2026-09-27T21:45:18.660Z [MS] [DEBUG] Notecard is 3.000000 pct full.
2026-09-27T21:45:18Z 2026-09-27T21:45:18.660Z [MS] [DEBUG] Has message 17826 expired? queuedTime: 180118982, now64: 180119029, remaining: 86399953
2026-09-27T21:45:18Z 2026-09-27T21:45:18.664Z [MS] [INFO] Sending Cellular message to Notecard.
2026-09-27T21:45:18Z 2026-09-27T21:45:18.664Z [MS] [INFO] Queuing message 17826 200274B8
2026-09-27T21:45:29Z 2026-09-27T21:45:30.023Z [MS] [INFO] Added message(id: 17827 len: 240) to queue MS_Q_CELLULAR_ONLY: (1)!
2026-09-27T21:45:29Z 2026-09-27T21:45:30.023Z [BM_TX] [INFO] Submitted spotter/transmit-data message to cell-only queue, Len: 115
2026-09-27T21:45:29Z 2026-09-27T21:45:30.023Z [BM_TX] [DEBUG] Message:
2026-09-27T21:45:29Z  7b 22 69 64 22 3a 32 36
2026-09-27T21:45:29Z  34 30 31 2c 22 6f 6b 22
2026-09-27T21:45:29Z  3a 31 2c 22 73 74 22 3a
2026-09-27T21:45:29Z  7b 22 72 6f 69 22 3a 30
2026-09-27T21:45:29Z  2c 22 66 6f 63 22 3a 30
2026-09-27T21:45:29Z  2c 22 61 77 62 22 3a 30
2026-09-27T21:45:29Z  2c 22 65 78 70 22 3a 30
2026-09-27T21:45:29Z  2c 22 77 69 6e 22 3a 30
2026-09-27T21:45:29Z  2c 22 74 78 64 22 3a 30
2026-09-27T21:45:29Z  2c 22 63 61 70 22 3a 30
2026-09-27T21:45:29Z  2c 22 73 72 63 22 3a 30
2026-09-27T21:45:29Z  2c 22 68 6c 74 22 3a 30
2026-09-27T21:45:29Z  2c 22 74 77 6e 22 3a 30
2026-09-27T21:45:29Z  2c 22 74 6d 7a 22 3a 30
2026-09-27T21:45:29Z  7d 7d
2026-09-27T21:45:29Z 2026-09-27T21:45:30.066Z [MS] [DEBUG] Notecard is 3.000000 pct full.
2026-09-27T21:45:29Z 2026-09-27T21:45:30.070Z [MS] [DEBUG] Has message 17827 expired? queuedTime: 180130393, now64: 180130441, remaining: 86399952
2026-09-27T21:45:29Z 2026-09-27T21:45:30.070Z [MS] [INFO] Sending Cellular message to Notecard.
2026-09-27T21:45:29Z 2026-09-27T21:45:30.070Z [MS] [INFO] Queuing message 17827 200274B8
2026-09-27T21:45:29Z 2026-09-27T21:45:30.164Z [BRIDGE_CFG] [INFO] Bridge topology in topology sampler:
2026-09-27T21:45:29Z 2026-09-27T21:45:30.171Z [BRIDGE_CFG] [INFO] c3c564b91856226c
2026-09-27T21:45:29Z 2026-09-27T21:45:30.171Z [BRIDGE_CFG] [INFO] 53171fa3d81a8e6f
2026-09-27T21:45:29Z 2026-09-27T21:45:30.175Z [BRIDGE_SYS] [INFO] Checking CRC in report builder!
2026-09-27T21:45:29Z 2026-09-27T21:45:30.175Z [BRIDGE_SYS] [INFO] Got CRC ba829098 OLD CRC ba829098
2026-09-27T21:45:29Z 2026-09-27T21:45:30.179Z [BRIDGE_SYS] [INFO] CRCs match, not updating
2026-09-27T22:10:29Z SPOT-33507C > bridge cfg set c3c564b91856226c s u bridgePowerControllerEnabled 1
2026-09-27T22:10:31Z bridge cfg set c3c564b91856226c s u bridgePowerControllerEnabled 1
2026-09-27T22:10:31Z Succesfully sent config set msg
2026-09-27T22:10:31Z 2026-09-27T22:10:31.765Z [BRIDGE_CFG] [INFO] Node ID: 0000000000000000 Partition: system Value: 1
2026-09-27T22:10:36Z SPOT-33507C > bridge cfg commit c3c564b91856226c s
2026-09-27T22:10:37Z bridge cfg commit c3c564b91856226c s
2026-09-27T22:10:37Z Succesfull config commit send
2026-09-27T22:10:38Z 2026-09-27T22:10:39.312Z [BRIDGE] [ERROR] Bridge RX Processing Packet Failure: -7
2026-09-27T22:10:38Z 2026-09-27T22:10:39.312Z [BRIDGE] [INFO] Setting negotiated baud rate to 1000000 from 1000000
2026-09-27T22:10:38Z 2026-09-27T22:10:39.320Z [BRIDGE_SYS] [INFO] Bridge State Init
2026-09-27T22:10:38Z 2026-09-27T22:10:39.320Z [BRIDGE] [INFO] Reboot info received from c3c564b91856226c - Reason: 5 gitSHA: 1595f804 Reboot cnt: 0 PC: 0x0 LR: 0x0
2026-09-27T22:10:38Z 2026-09-27T22:10:39.328Z [BRIDGE_SYS] [INFO] Bridge bus power: 1
2026-09-27T22:10:38Z 2026-09-27T22:10:39.378Z [BRIDGE_CFG] [INFO] Response msg -- Node Id: 0000000000000000, Partition: system, Commit Status: 0
2026-09-27T22:10:39Z 2026-09-27T22:10:39.378Z [BRIDGE_CFG] [INFO] Num Keys: 18
2026-09-27T22:10:39Z 2026-09-27T22:10:39.378Z [BRIDGE_CFG] [INFO] Key 0: sampleIntervalMs
2026-09-27T22:10:39Z 2026-09-27T22:10:39.378Z [BRIDGE_CFG] [INFO] Key 1: sampleDurationMs
2026-09-27T22:10:39Z 2026-09-27T22:10:39.378Z [BRIDGE_CFG] [INFO] Key 2: subsampleIntervalMs
2026-09-27T22:10:39Z 2026-09-27T22:10:39.378Z [BRIDGE_CFG] [INFO] Key 3: subsampleDurationMs
2026-09-27T22:10:39Z 2026-09-27T22:10:39.378Z [BRIDGE_CFG] [INFO] Key 4: subsampleEnabled
2026-09-27T22:10:39Z 2026-09-27T22:10:39.378Z [BRIDGE_CFG] [INFO] Key 5: bridgePowerControllerEnabled
2026-09-27T22:10:39Z 2026-09-27T22:10:39.378Z [BRIDGE_CFG] [INFO] Key 6: alignmentInterval5Min
2026-09-27T22:10:39Z 2026-09-27T22:10:39.378Z [BRIDGE_CFG] [INFO] Key 7: ticksSamplingEnabled
2026-09-27T22:10:39Z 2026-09-27T22:10:39.378Z [BRIDGE_CFG] [INFO] Key 8: samplesPerReport
2026-09-27T22:10:39Z 2026-09-27T22:10:39.378Z [BRIDGE_CFG] [INFO] Key 9: transmitAggregations
2026-09-27T22:10:39Z 2026-09-27T22:10:39.378Z [BRIDGE_CFG] [INFO] Key 10: currentReadingPeriodMs
2026-09-27T22:10:39Z 2026-09-27T22:10:39.378Z [BRIDGE_CFG] [INFO] Key 11: softReadingPeriodMs
2026-09-27T22:10:39Z 2026-09-27T22:10:39.378Z [BRIDGE_CFG] [INFO] Key 12: rbrCodaReadingPeriodMs
2026-09-27T22:10:39Z 2026-09-27T22:10:39.378Z [BRIDGE_CFG] [INFO] Key 13: turbidityReadingPeriodMs
2026-09-27T22:10:39Z 2026-09-27T22:10:39.382Z [BRIDGE_CFG] [INFO] Key 14: disableUnusedPortsTimeMs
2026-09-27T22:10:39Z 2026-09-27T22:10:39.382Z [BRIDGE_CFG] [INFO] Key 15: salinityReadingPeriodMs
2026-09-27T22:10:39Z 2026-09-27T22:10:39.382Z [BRIDGE_CFG] [INFO] Key 16: sensorsCheckIntervalS
2026-09-27T22:10:39Z 2026-09-27T22:10:39.382Z [BRIDGE_CFG] [INFO] Key 17: sensorsPollIntervalMs
2026-09-27T22:10:39Z 2026-09-27T22:10:39.382Z [BRIDGE_CFG] [INFO] Response msg -- Node Id: 0000000000000000, Partition: user, Commit Status: 0
2026-09-27T22:10:39Z 2026-09-27T22:10:39.382Z [BRIDGE_CFG] [INFO] Num Keys: 0
2026-09-27T22:10:39Z 2026-09-27T22:10:39.382Z [BRIDGE_CFG] [INFO] Response msg -- Node Id: 0000000000000000, Partition: hardware, Commit Status: 0
2026-09-27T22:10:39Z 2026-09-27T22:10:39.382Z [BRIDGE_CFG] [INFO] Num Keys: 1
2026-09-27T22:10:39Z 2026-09-27T22:10:39.382Z [BRIDGE_CFG] [INFO] Key 0: smConfigurationCrc
2026-09-27T22:10:39Z 2026-09-27T22:10:39.382Z [BRIDGE] [INFO] handle_power_states, power on for: 120000
2026-09-27T22:10:39Z 2026-09-27T22:10:39.386Z [BRIDGE_CFG] [INFO] Node ID: 0000000000000000 Partition: system Value: 3600000
2026-09-27T22:10:39Z 2026-09-27T22:10:39.390Z [BRIDGE_CFG] [INFO] Node ID: 0000000000000000 Partition: system Value: 600000
2026-09-27T22:10:39Z 2026-09-27T22:10:39.398Z [BRIDGE_CFG] [INFO] Node ID: 0000000000000000 Partition: system Value: 300000
2026-09-27T22:10:39Z 2026-09-27T22:10:39.402Z [BRIDGE_CFG] [INFO] Node ID: 0000000000000000 Partition: system Value: 30000
2026-09-27T22:10:39Z 2026-09-27T22:10:39.406Z [BRIDGE_CFG] [INFO] Node ID: 0000000000000000 Partition: system Value: 0
2026-09-27T22:10:39Z 2026-09-27T22:10:39.410Z [BRIDGE_CFG] [INFO] Node ID: 0000000000000000 Partition: system Value: 1
2026-09-27T22:10:39Z 2026-09-27T22:10:39.414Z [BRIDGE_CFG] [INFO] Node ID: 0000000000000000 Partition: system Value: 1
2026-09-27T22:10:39Z 2026-09-27T22:10:39.417Z [BRIDGE_CFG] [INFO] Node ID: 0000000000000000 Partition: system Value: 0
2026-09-27T22:10:39Z 2026-09-27T22:10:39.421Z [BRIDGE_CFG] [INFO] Node ID: 0000000000000000 Partition: system Value: 1
2026-09-27T22:10:39Z 2026-09-27T22:10:39.425Z [BRIDGE_CFG] [INFO] Node ID: 0000000000000000 Partition: system Value: 0
2026-09-27T22:10:39Z 2026-09-27T22:10:39.429Z [BRIDGE_CFG] [INFO] Node ID: 0000000000000000 Partition: system Value: 60000
2026-09-27T22:10:39Z 2026-09-27T22:10:39.433Z [BRIDGE_CFG] [INFO] Node ID: 0000000000000000 Partition: system Value: 500
2026-09-27T22:10:39Z 2026-09-27T22:10:39.441Z [BRIDGE_CFG] [INFO] Node ID: 0000000000000000 Partition: system Value: 500
2026-09-27T22:10:39Z 2026-09-27T22:10:39.445Z [BRIDGE_CFG] [INFO] Node ID: 0000000000000000 Partition: system Value: 1000
2026-09-27T22:10:39Z 2026-09-27T22:10:39.449Z [BRIDGE_CFG] [INFO] Node ID: 0000000000000000 Partition: system Value: 0
2026-09-27T22:10:39Z 2026-09-27T22:10:39.453Z [BRIDGE_CFG] [INFO] Node ID: 0000000000000000 Partition: system Value: 30000
2026-09-27T22:10:39Z 2026-09-27T22:10:39.460Z [BRIDGE_CFG] [INFO] Node ID: 0000000000000000 Partition: system Value: 60
2026-09-27T22:10:39Z 2026-09-27T22:10:39.464Z [BRIDGE_CFG] [INFO] Node ID: 0000000000000000 Partition: system Value: 10000
2026-09-27T22:10:39Z 2026-09-27T22:10:39.468Z [BRIDGE_CFG] [INFO] Node ID: 0000000000000000 Partition: hardware - Failed to decode value
2026-09-27T22:10:39Z 2026-09-27T22:10:40.339Z [BRIDGE_SYS] [INFO] Neighbor 53171fa3d81a8e6f added
2026-09-27T22:10:44Z 2026-09-27T22:10:44.324Z [BRIDGE_CFG] [INFO] Bridge topology in topology sampler:
2026-09-27T22:10:44Z 2026-09-27T22:10:44.332Z [BRIDGE_CFG] [INFO] c3c564b91856226c
2026-09-27T22:10:44Z 2026-09-27T22:10:44.335Z [BRIDGE_CFG] [INFO] 53171fa3d81a8e6f
2026-09-27T22:10:44Z 2026-09-27T22:10:44.335Z [BRIDGE_CFG] [INFO] Network configuration change detected! crc: 0xa73850dc at UTC:1790547044
2026-09-27T22:10:44Z 2026-09-27T22:10:44.339Z [BRIDGE_CFG] [INFO] Stored CRCs:
2026-09-27T22:10:44Z 0xddf6e9b9
2026-09-27T22:10:44Z 0xa73850dc
2026-09-27T22:10:44Z 0xba829098
2026-09-27T22:10:44Z 0x1539bc17
2026-09-27T22:10:44Z 0x82e414ca
2026-09-27T22:10:44Z 0xf9cb90d5
2026-09-27T22:10:44Z 0x6e163808
2026-09-27T22:10:44Z 0x1614bd85
2026-09-27T22:10:44Z 0x24b9d688
2026-09-27T22:10:44Z 2026-09-27T22:10:44.359Z [BRIDGE_CFG] [INFO] Bridge network config: [[14106792153947972204, "bridge", 362149892, 4146432334, {"sampleIntervalMs": 3600000, "sampleDurationMs": 600000, "subsampleInterv
2026-09-27T22:10:44Z 2026-09-27T22:10:44.378Z [BRIDGE_CFG] [INFO] Bridge network info CRC: a73850dc
2026-09-27T22:10:44Z SPOT-33507C > bridge cfg get c3c564b91856226c s bridgePowerControllerEnabled
2026-09-27T22:10:44Z 2026-09-27T22:10:45.085Z [MS] [DEBUG] Has message 88 expired? queuedTime: 181645029, now64: 181645730, remaining: 86399299
2026-09-27T22:10:44Z 2026-09-27T22:10:45.089Z [MS] [INFO] Queuing message 88 20027510
2026-09-27T22:10:45Z bridge cfg get c3c564b91856226c s bridgePowerControllerEnabled
2026-09-27T22:10:45Z Message: Succesfully sent config get msg
2026-09-27T22:10:45Z 2026-09-27T22:10:45.238Z [BRIDGE_CFG] [INFO] Node ID: 0000000000000000 Partition: system Value: 1
2026-09-27T22:10:45Z 2026-09-27T22:10:45.398Z [MS] [INFO] Setting GPS coordinates lat:37.757847, lon: -122.426971
2026-09-27T22:10:45Z 2026-09-27T22:10:45.425Z [MS] [DEBUG] Attempting to Sync.
2026-09-27T22:10:45Z 2026-09-27T22:10:45.460Z [MS] [DEBUG] Waiting for TX
