2026-09-28T20:20:17Z SPOT-33507C c3c564b91856226c > bridge cfg set  s u bridgePowerControllerEnabled 0
bash: line 1: c3c564b91856226c: command not found
bash: line 1: /console_20260928.log: No such file or directory
bash: line 1: /cmd.txt: Permission denied
tail: cannot open '/console_20260928.log' for reading: No such file or directory
2026-09-28T20:20:23Z SPOT-33507C c3c564b91856226c > bridge cfg commit  s
bash: line 1: c3c564b91856226c: command not found
bash: line 1: /console_20260928.log: No such file or directory
bash: line 1: /cmd.txt: Permission denied
tail: cannot open '/console_20260928.log' for reading: No such file or directory
2026-09-28T20:20:27Z SPOT-33507C c3c564b91856226c > bridge cfg get  s bridgePowerControllerEnabled
bash: line 1: c3c564b91856226c: command not found
bash: line 1: /console_20260928.log: No such file or directory
bash: line 1: /cmd.txt: Permission denied
tail: cannot open '/console_20260928.log' for reading: No such file or directory
2026-09-28T20:20:32Z SPOT-31593C 0e582dd12c1e1480 > bridge cfg set  s u bridgePowerControllerEnabled 0
bash: line 1: 0e582dd12c1e1480: command not found
bash: line 1: /console_20260928.log: No such file or directory
bash: line 1: /cmd.txt: Permission denied
tail: cannot open '/console_20260928.log' for reading: No such file or directory
2026-09-28T20:20:37Z SPOT-31593C 0e582dd12c1e1480 > bridge cfg commit  s
bash: line 1: 0e582dd12c1e1480: command not found
bash: line 1: /console_20260928.log: No such file or directory
bash: line 1: /cmd.txt: Permission denied
tail: cannot open '/console_20260928.log' for reading: No such file or directory
2026-09-28T20:20:41Z SPOT-31593C 0e582dd12c1e1480 > bridge cfg get  s bridgePowerControllerEnabled
bash: line 1: 0e582dd12c1e1480: command not found
bash: line 1: /console_20260928.log: No such file or directory
bash: line 1: /cmd.txt: Permission denied
tail: cannot open '/console_20260928.log' for reading: No such file or directory
2026-09-28T20:21:01Z SPOT-33507C > bridge cfg set c3c564b91856226c s u bridgePowerControllerEnabled 0
2026-09-28T20:21:02Z bridge cfg set c3c564b91856226c s u bridgePowerControllerEnabled 0
2026-09-28T20:21:02Z Succesfully sent config set msg
2026-09-28T20:21:02Z 2026-09-28T20:21:03.746Z [BRIDGE_CFG] [INFO] Node ID: 0000000000000000 Partition: system Value: 0
2026-09-28T20:21:06Z SPOT-33507C > bridge cfg commit c3c564b91856226c s
2026-09-28T20:21:07Z bridge cfg commit c3c564b91856226c s
2026-09-28T20:21:07Z Succesfull config commit send
2026-09-28T20:21:08Z 2026-09-28T20:21:10.289Z [BRIDGE] [ERROR] Bridge RX Processing Packet Failure: -7
2026-09-28T20:21:08Z 2026-09-28T20:21:10.292Z [BRIDGE] [INFO] Setting negotiated baud rate to 1000000 from 1000000
2026-09-28T20:21:08Z 2026-09-28T20:21:10.296Z [BRIDGE_SYS] [INFO] Bridge State Init
2026-09-28T20:21:08Z 2026-09-28T20:21:10.300Z [BRIDGE] [INFO] Reboot info received from c3c564b91856226c - Reason: 5 gitSHA: 1595f804 Reboot cnt: 0 PC: 0x0 LR: 0x0
2026-09-28T20:21:08Z 2026-09-28T20:21:10.304Z [BRIDGE_SYS] [INFO] Bridge bus power: 1
2026-09-28T20:21:08Z 2026-09-28T20:21:10.355Z [BRIDGE_CFG] [INFO] Response msg -- Node Id: 0000000000000000, Partition: system, Commit Status: 0
2026-09-28T20:21:08Z 2026-09-28T20:21:10.355Z [BRIDGE_CFG] [INFO] Num Keys: 18
2026-09-28T20:21:08Z 2026-09-28T20:21:10.355Z [BRIDGE_CFG] [INFO] Key 0: sampleIntervalMs
2026-09-28T20:21:08Z 2026-09-28T20:21:10.355Z [BRIDGE_CFG] [INFO] Key 1: sampleDurationMs
2026-09-28T20:21:08Z 2026-09-28T20:21:10.355Z [BRIDGE_CFG] [INFO] Key 2: subsampleIntervalMs
2026-09-28T20:21:08Z 2026-09-28T20:21:10.355Z [BRIDGE_CFG] [INFO] Key 3: subsampleDurationMs
2026-09-28T20:21:08Z 2026-09-28T20:21:10.355Z [BRIDGE_CFG] [INFO] Key 4: subsampleEnabled
2026-09-28T20:21:08Z 2026-09-28T20:21:10.359Z [BRIDGE_CFG] [INFO] Key 5: bridgePowerControllerEnabled
2026-09-28T20:21:08Z 2026-09-28T20:21:10.359Z [BRIDGE_CFG] [INFO] Key 6: alignmentInterval5Min
2026-09-28T20:21:08Z 2026-09-28T20:21:10.359Z [BRIDGE_CFG] [INFO] Key 7: ticksSamplingEnabled
2026-09-28T20:21:08Z 2026-09-28T20:21:10.359Z [BRIDGE_CFG] [INFO] Key 8: samplesPerReport
2026-09-28T20:21:08Z 2026-09-28T20:21:10.359Z [BRIDGE_CFG] [INFO] Key 9: transmitAggregations
2026-09-28T20:21:08Z 2026-09-28T20:21:10.359Z [BRIDGE_CFG] [INFO] Key 10: currentReadingPeriodMs
2026-09-28T20:21:08Z 2026-09-28T20:21:10.359Z [BRIDGE_CFG] [INFO] Key 11: softReadingPeriodMs
2026-09-28T20:21:08Z 2026-09-28T20:21:10.359Z [BRIDGE_CFG] [INFO] Key 12: rbrCodaReadingPeriodMs
2026-09-28T20:21:08Z 2026-09-28T20:21:10.359Z [BRIDGE_CFG] [INFO] Key 13: turbidityReadingPeriodMs
2026-09-28T20:21:08Z 2026-09-28T20:21:10.359Z [BRIDGE_CFG] [INFO] Key 14: disableUnusedPortsTimeMs
2026-09-28T20:21:08Z 2026-09-28T20:21:10.359Z [BRIDGE_CFG] [INFO] Key 15: salinityReadingPeriodMs
2026-09-28T20:21:08Z 2026-09-28T20:21:10.359Z [BRIDGE_CFG] [INFO] Key 16: sensorsCheckIntervalS
2026-09-28T20:21:08Z 2026-09-28T20:21:10.359Z [BRIDGE_CFG] [INFO] Key 17: sensorsPollIntervalMs
2026-09-28T20:21:08Z 2026-09-28T20:21:10.359Z [BRIDGE_CFG] [INFO] Response msg -- Node Id: 0000000000000000, Partition: user, Commit Status: 0
2026-09-28T20:21:08Z 2026-09-28T20:21:10.363Z [BRIDGE_CFG] [INFO] Num Keys: 0
2026-09-28T20:21:08Z 2026-09-28T20:21:10.363Z [BRIDGE_CFG] [INFO] Response msg -- Node Id: 0000000000000000, Partition: hardware, Commit Status: 0
2026-09-28T20:21:08Z 2026-09-28T20:21:10.363Z [BRIDGE_CFG] [INFO] Num Keys: 1
2026-09-28T20:21:08Z 2026-09-28T20:21:10.363Z [BRIDGE_CFG] [INFO] Key 0: smConfigurationCrc
2026-09-28T20:21:08Z 2026-09-28T20:21:10.363Z [BRIDGE] [INFO] handle_power_states, power on for: 4294967295
2026-09-28T20:21:08Z 2026-09-28T20:21:10.367Z [BRIDGE_CFG] [INFO] Node ID: 0000000000000000 Partition: system Value: 3600000
2026-09-28T20:21:08Z 2026-09-28T20:21:10.375Z [BRIDGE_CFG] [INFO] Node ID: 0000000000000000 Partition: system Value: 600000
2026-09-28T20:21:08Z 2026-09-28T20:21:10.378Z [BRIDGE_CFG] [INFO] Node ID: 0000000000000000 Partition: system Value: 300000
2026-09-28T20:21:08Z 2026-09-28T20:21:10.382Z [BRIDGE_CFG] [INFO] Node ID: 0000000000000000 Partition: system Value: 30000
2026-09-28T20:21:08Z 2026-09-28T20:21:10.386Z [BRIDGE_CFG] [INFO] Node ID: 0000000000000000 Partition: system Value: 0
2026-09-28T20:21:08Z 2026-09-28T20:21:10.390Z [BRIDGE_CFG] [INFO] Node ID: 0000000000000000 Partition: system Value: 0
2026-09-28T20:21:08Z 2026-09-28T20:21:10.398Z [BRIDGE_CFG] [INFO] Node ID: 0000000000000000 Partition: system Value: 1
2026-09-28T20:21:08Z 2026-09-28T20:21:10.402Z [BRIDGE_CFG] [INFO] Node ID: 0000000000000000 Partition: system Value: 0
2026-09-28T20:21:08Z 2026-09-28T20:21:10.406Z [BRIDGE_CFG] [INFO] Node ID: 0000000000000000 Partition: system Value: 1
2026-09-28T20:21:08Z 2026-09-28T20:21:10.414Z [BRIDGE_CFG] [INFO] Node ID: 0000000000000000 Partition: system Value: 0
2026-09-28T20:21:08Z 2026-09-28T20:21:10.417Z [BRIDGE_CFG] [INFO] Node ID: 0000000000000000 Partition: system Value: 60000
2026-09-28T20:21:08Z 2026-09-28T20:21:10.421Z [BRIDGE_CFG] [INFO] Node ID: 0000000000000000 Partition: system Value: 500
2026-09-28T20:21:08Z 2026-09-28T20:21:10.425Z [BRIDGE_CFG] [INFO] Node ID: 0000000000000000 Partition: system Value: 500
2026-09-28T20:21:08Z 2026-09-28T20:21:10.433Z [BRIDGE_CFG] [INFO] Node ID: 0000000000000000 Partition: system Value: 1000
2026-09-28T20:21:08Z 2026-09-28T20:21:10.437Z [BRIDGE_CFG] [INFO] Node ID: 0000000000000000 Partition: system Value: 0
2026-09-28T20:21:08Z 2026-09-28T20:21:10.441Z [BRIDGE_CFG] [INFO] Node ID: 0000000000000000 Partition: system Value: 30000
2026-09-28T20:21:08Z 2026-09-28T20:21:10.449Z [BRIDGE_CFG] [INFO] Node ID: 0000000000000000 Partition: system Value: 60
2026-09-28T20:21:08Z 2026-09-28T20:21:10.453Z [BRIDGE_CFG] [INFO] Node ID: 0000000000000000 Partition: system Value: 10000
2026-09-28T20:21:08Z 2026-09-28T20:21:10.457Z [BRIDGE_CFG] [INFO] Node ID: 0000000000000000 Partition: hardware - Failed to decode value
2026-09-28T20:21:09Z 2026-09-28T20:21:11.332Z [BRIDGE_SYS] [INFO] Neighbor 53171fa3d81a8e6f added
2026-09-28T20:21:11Z SPOT-33507C > bridge cfg get c3c564b91856226c s bridgePowerControllerEnabled
2026-09-28T20:21:12Z bridge cfg get c3c564b91856226c s bridgePowerControllerEnabled
2026-09-28T20:21:12Z Succesfully sent config get msg
2026-09-28T20:21:12Z 2026-09-28T20:21:14.394Z [BRIDGE_CFG] [INFO] Node ID: 0000000000000000 Partition: system Value: 0
2026-09-28T20:21:13Z 2026-09-28T20:21:15.304Z [BRIDGE_CFG] [INFO] Bridge topology in topology sampler:
2026-09-28T20:21:13Z 2026-09-28T20:21:15.312Z [BRIDGE_CFG] [INFO] c3c564b91856226c
2026-09-28T20:21:13Z 2026-09-28T20:21:15.312Z [BRIDGE_CFG] [INFO] 53171fa3d81a8e6f
2026-09-28T20:21:13Z 2026-09-28T20:21:15.316Z [BRIDGE_CFG] [INFO] Network configuration change detected! crc: 0xba829098 at UTC:1790626875
2026-09-28T20:21:13Z 2026-09-28T20:21:15.320Z [BRIDGE_CFG] [INFO] Stored CRCs:
2026-09-28T20:21:13Z 0xddf6e9b9
2026-09-28T20:21:13Z 0xa73850dc
2026-09-28T20:21:13Z 0xba829098
2026-09-28T20:21:13Z 0x1539bc17
2026-09-28T20:21:13Z 0x82e414ca
2026-09-28T20:21:13Z 0xf9cb90d5
2026-09-28T20:21:13Z 0x6e163808
2026-09-28T20:21:13Z 0x1614bd85
2026-09-28T20:21:13Z 0x24b9d688
2026-09-28T20:21:13Z 2026-09-28T20:21:15.339Z [BRIDGE_CFG] [INFO] Bridge network config: [[14106792153947972204, "bridge", 362149892, 3303883033, {"sampleIntervalMs": 3600000, "sampleDurationMs": 600000, "subsampleInterv
2026-09-28T20:21:13Z 2026-09-28T20:21:15.355Z [BRIDGE_CFG] [INFO] Bridge network info CRC: ba829098
2026-09-28T20:21:13Z 2026-09-28T20:21:15.355Z [BRIDGE_CFG] [INFO] Bridge FW Version: Major: 0 Minor: 13 Revision: 11
2026-09-28T20:21:13Z 2026-09-28T20:21:15.359Z [BRIDGE_CFG] [INFO] Bridge sys config partition CRC: c4ed4119
2026-09-28T20:21:13Z 2026-09-28T20:21:15.359Z [BRIDGE_CFG] [INFO] Bridge toplogy: c3c564b91856226c | 53171fa3d81a8e6f
2026-09-28T20:21:13Z 2026-09-28T20:21:15.359Z [BRIDGE_SYS] [INFO] Checking CRC in report builder!
2026-09-28T20:21:13Z 2026-09-28T20:21:15.363Z [BRIDGE_SYS] [INFO] Got CRC ba829098 OLD CRC 0
2026-09-28T20:21:13Z 2026-09-28T20:21:15.363Z [BRIDGE_SYS] [INFO] Getting topology in report builder!
2026-09-28T20:21:13Z No update available for 53171fa3d81a8e6f
2026-09-28T20:21:13Z 2026-09-28T20:21:15.367Z [BRIDGE_SYS] [INFO] Got topology in report builder!
2026-09-28T20:21:13Z No update available for c3c564b91856226c
2026-09-28T20:21:13Z Current bit offset: 196
2026-09-28T20:21:13Z Rounded bit offset: 200
2026-09-28T20:21:13Z New bit offset: 2720
2026-09-28T20:21:13Z 2026-09-28T20:21:15.367Z [MS] [INFO] Added message(id: 118 len: 340) to queue MS_Q_LEGACY: (1)!
2026-09-28T20:21:13Z Message: Current bit offset: 20
2026-09-28T20:21:13Z Rounded bit offset: 24
2026-09-28T20:21:13Z New bit offset: 1672
2026-09-28T20:21:13Z 2026-09-28T20:21:15.367Z [BRIDGE_SYS] [INFO] Updating CRC and topology in report builder!
2026-09-28T20:21:13Z 2026-09-28T20:21:15.367Z [MS] [INFO] Added message(id: 119 len: 209) to queue MS_Q_LEGACY: (2)!
2026-09-28T20:21:13Z 2026-09-28T20:21:15.367Z [CFG] [INFO] Saving sysCfg
2026-09-28T20:21:13Z 2026-09-28T20:21:15.371Z [BRIDGE_SYS] [INFO] Updated reportBuilders max network configuration CBOR map
2026-09-28T20:21:13Z 2026-09-28T20:21:15.375Z [BRIDGE_SYS] [INFO] Updated reportBuilders max network sensor type list
2026-09-28T20:21:13Z 2026-09-28T20:21:15.437Z [CFG] [INFO] Saving sysCfg
2026-09-28T20:21:13Z 2026-09-28T20:21:15.453Z [MS] [DEBUG] Has message 118 expired? queuedTime: 261490400, now64: 261490484, remaining: 86399916
2026-09-28T20:21:13Z 2026-09-28T20:21:15.453Z [MS] [DEBUG] Sending legacy messages to Notecard.
2026-09-28T20:21:13Z 2026-09-28T20:21:15.484Z [MS] [DEBUG] Notecard is 19.000000 pct full.
2026-09-28T20:21:13Z 2026-09-28T20:21:15.484Z [MS] [INFO] Queuing message 118 20026FE0
2026-09-28T20:21:14Z 2026-09-28T20:21:16.074Z [MS] [DEBUG] Has message 119 expired? queuedTime: 261490401, now64: 261491105, remaining: 86399296
2026-09-28T20:21:14Z 2026-09-28T20:21:16.074Z [MS] [INFO] Queuing message 119 20029C98
2026-09-28T20:21:14Z 2026-09-28T20:21:16.375Z [MS] [INFO] Setting GPS coordinates lat:37.759514, lon: -122.430595
2026-09-28T20:21:14Z 2026-09-28T20:21:16.476Z [MS] [DEBUG] Attempting to Sync.
2026-09-28T20:21:14Z 2026-09-28T20:21:16.511Z [MS] [DEBUG] Waiting for TX
2026-09-28T20:21:14Z 2026-09-28T20:21:16.554Z [ERR] [INFO] GpsErrorState changed from OK to NO_SIGNAL
2026-09-28T20:21:17Z SPOT-31593C > bridge cfg set 0e582dd12c1e1480 s u bridgePowerControllerEnabled 0
2026-09-28T20:21:18Z bridge cfg set 0e582dd12c1e1480 s u bridgePowerControllerEnabled 0
2026-09-28T20:21:18Z Succesfully sent config set msg
2026-09-28T20:21:18Z 2026-09-28T20:21:19.472Z [BRIDGE_CFG] [INFO] Node ID: 0000000000000000 Partition: system Value: 0
2026-09-28T20:21:20Z 2026-09-28T20:21:21.898Z [ERR] [INFO] BusVErrorState changed from OVERVOLT to OK
2026-09-28T20:21:22Z SPOT-31593C > bridge cfg commit 0e582dd12c1e1480 s
2026-09-28T20:21:23Z bridge cfg commit 0e582dd12c1e1480 s
2026-09-28T20:21:23Z Succesfull config commit send
2026-09-28T20:21:24Z 2026-09-28T20:21:25.996Z [ERR] [INFO] GpsErrorState changed from OK to NO_SIGNAL
2026-09-28T20:21:24Z 2026-09-28T20:21:26.050Z [BRIDGE] [ERROR] Bridge RX Processing Packet Failure: -7
2026-09-28T20:21:24Z 2026-09-28T20:21:26.050Z [BRIDGE] [INFO] Setting negotiated baud rate to 1000000 from 1000000
2026-09-28T20:21:24Z 2026-09-28T20:21:26.058Z [BRIDGE_SYS] [INFO] Bridge State Init
2026-09-28T20:21:24Z 2026-09-28T20:21:26.058Z [BRIDGE] [INFO] Reboot info received from 0e582dd12c1e1480 - Reason: 5 gitSHA: 1595f804 Reboot cnt: 0 PC: 0x0 LR: 0x0
2026-09-28T20:21:24Z 2026-09-28T20:21:26.066Z [BRIDGE_SYS] [INFO] Bridge bus power: 1
2026-09-28T20:21:24Z 2026-09-28T20:21:26.117Z [BRIDGE_CFG] [INFO] Response msg -- Node Id: 0000000000000000, Partition: system, Commit Status: 0
2026-09-28T20:21:24Z 2026-09-28T20:21:26.117Z [BRIDGE_CFG] [INFO] Num Keys: 16
2026-09-28T20:21:24Z 2026-09-28T20:21:26.117Z [BRIDGE_CFG] [INFO] Key 0: sampleIntervalMs
2026-09-28T20:21:24Z 2026-09-28T20:21:26.117Z [BRIDGE_CFG] [INFO] Key 1: sampleDurationMs
2026-09-28T20:21:24Z 2026-09-28T20:21:26.117Z [BRIDGE_CFG] [INFO] Key 2: subsampleIntervalMs
2026-09-28T20:21:24Z 2026-09-28T20:21:26.121Z [BRIDGE_CFG] [INFO] Key 3: subsampleDurationMs
2026-09-28T20:21:24Z 2026-09-28T20:21:26.121Z [BRIDGE_CFG] [INFO] Key 4: subsampleEnabled
2026-09-28T20:21:24Z 2026-09-28T20:21:26.121Z [BRIDGE_CFG] [INFO] Key 5: bridgePowerControllerEnabled
2026-09-28T20:21:24Z 2026-09-28T20:21:26.121Z [BRIDGE_CFG] [INFO] Key 6: alignmentInterval5Min
2026-09-28T20:21:24Z 2026-09-28T20:21:26.121Z [BRIDGE_CFG] [INFO] Key 7: ticksSamplingEnabled
2026-09-28T20:21:24Z 2026-09-28T20:21:26.121Z [BRIDGE_CFG] [INFO] Key 8: samplesPerReport
2026-09-28T20:21:24Z 2026-09-28T20:21:26.121Z [BRIDGE_CFG] [INFO] Key 9: transmitAggregations
2026-09-28T20:21:24Z 2026-09-28T20:21:26.121Z [BRIDGE_CFG] [INFO] Key 10: currentReadingPeriodMs
2026-09-28T20:21:24Z 2026-09-28T20:21:26.121Z [BRIDGE_CFG] [INFO] Key 11: softReadingPeriodMs
2026-09-28T20:21:24Z 2026-09-28T20:21:26.121Z [BRIDGE_CFG] [INFO] Key 12: rbrCodaReadingPeriodMs
2026-09-28T20:21:24Z 2026-09-28T20:21:26.121Z [BRIDGE_CFG] [INFO] Key 13: turbidityReadingPeriodMs
2026-09-28T20:21:24Z 2026-09-28T20:21:26.121Z [BRIDGE_CFG] [INFO] Key 14: disableUnusedPortsTimeMs
2026-09-28T20:21:24Z 2026-09-28T20:21:26.121Z [BRIDGE_CFG] [INFO] Key 15: salinityReadingPeriodMs
2026-09-28T20:21:24Z 2026-09-28T20:21:26.121Z [BRIDGE_CFG] [INFO] Response msg -- Node Id: 0000000000000000, Partition: user, Commit Status: 0
2026-09-28T20:21:24Z 2026-09-28T20:21:26.125Z [BRIDGE_CFG] [INFO] Num Keys: 0
2026-09-28T20:21:24Z 2026-09-28T20:21:26.125Z [BRIDGE_CFG] [INFO] Response msg -- Node Id: 0000000000000000, Partition: hardware, Commit Status: 0
2026-09-28T20:21:24Z 2026-09-28T20:21:26.125Z [BRIDGE_CFG] [INFO] Num Keys: 1
2026-09-28T20:21:24Z 2026-09-28T20:21:26.125Z [BRIDGE_CFG] [INFO] Key 0: smConfigurationCrc
2026-09-28T20:21:24Z 2026-09-28T20:21:26.125Z [BRIDGE] [INFO] handle_power_states, power on for: 4294967295
2026-09-28T20:21:24Z 2026-09-28T20:21:26.128Z [BRIDGE_CFG] [INFO] Node ID: 0000000000000000 Partition: system Value: 3600000
2026-09-28T20:21:24Z 2026-09-28T20:21:26.136Z [BRIDGE_CFG] [INFO] Node ID: 0000000000000000 Partition: system Value: 600000
2026-09-28T20:21:24Z 2026-09-28T20:21:26.140Z [BRIDGE_CFG] [INFO] Node ID: 0000000000000000 Partition: system Value: 300000
2026-09-28T20:21:24Z 2026-09-28T20:21:26.144Z [BRIDGE_CFG] [INFO] Node ID: 0000000000000000 Partition: system Value: 60000
2026-09-28T20:21:24Z 2026-09-28T20:21:26.148Z [BRIDGE_CFG] [INFO] Node ID: 0000000000000000 Partition: system Value: 0
2026-09-28T20:21:24Z 2026-09-28T20:21:26.156Z [BRIDGE_CFG] [INFO] Node ID: 0000000000000000 Partition: system Value: 0
2026-09-28T20:21:24Z 2026-09-28T20:21:26.160Z [BRIDGE_CFG] [INFO] Node ID: 0000000000000000 Partition: system Value: 1
2026-09-28T20:21:24Z 2026-09-28T20:21:26.164Z [BRIDGE_CFG] [INFO] Node ID: 0000000000000000 Partition: system Value: 0
2026-09-28T20:21:24Z 2026-09-28T20:21:26.171Z [BRIDGE_CFG] [INFO] Node ID: 0000000000000000 Partition: system Value: 1
2026-09-28T20:21:24Z 2026-09-28T20:21:26.175Z [BRIDGE_CFG] [INFO] Node ID: 0000000000000000 Partition: system Value: 1
2026-09-28T20:21:24Z 2026-09-28T20:21:26.179Z [BRIDGE_CFG] [INFO] Node ID: 0000000000000000 Partition: system Value: 60000
2026-09-28T20:21:24Z 2026-09-28T20:21:26.183Z [BRIDGE_CFG] [INFO] Node ID: 0000000000000000 Partition: system Value: 500
2026-09-28T20:21:24Z 2026-09-28T20:21:26.191Z [BRIDGE_CFG] [INFO] Node ID: 0000000000000000 Partition: system Value: 500
2026-09-28T20:21:24Z 2026-09-28T20:21:26.195Z [BRIDGE_CFG] [INFO] Node ID: 0000000000000000 Partition: system Value: 1000
2026-09-28T20:21:24Z 2026-09-28T20:21:26.199Z [BRIDGE_CFG] [INFO] Node ID: 0000000000000000 Partition: system Value: 0
2026-09-28T20:21:24Z 2026-09-28T20:21:26.207Z [BRIDGE_CFG] [INFO] Node ID: 0000000000000000 Partition: system Value: 30000
2026-09-28T20:21:24Z 2026-09-28T20:21:26.210Z [BRIDGE_CFG] [INFO] Node ID: 0000000000000000 Partition: hardware - Failed to decode value
2026-09-28T20:21:24Z 2026-09-28T20:21:26.378Z [ERR] [INFO] GpsErrorState changed from NO_SIGNAL to OK
2026-09-28T20:21:24Z Interpolated sample at: 1790626884.40
2026-09-28T20:21:24Z Interpolated sample at: 1790626884.80
2026-09-28T20:21:25Z 2026-09-28T20:21:26.804Z [ERR] [INFO] GpsErrorState changed from OK to NO_SIGNAL
2026-09-28T20:21:25Z 2026-09-28T20:21:27.093Z [BRIDGE_SYS] [INFO] Neighbor e6fe83ea6b4a2b7f added
2026-09-28T20:21:27Z SPOT-31593C > bridge cfg get 0e582dd12c1e1480 s bridgePowerControllerEnabled
2026-09-28T20:21:28Z bridge cfg get 0e582dd12c1e1480 s bridgePowerControllerEnabled
2026-09-28T20:21:28Z Succesfully sent config get msg
2026-09-28T20:21:28Z 2026-09-28T20:21:29.523Z [BRIDGE_CFG] [INFO] Node ID: 0000000000000000 Partition: system Value: 0
2026-09-28T20:21:29Z 2026-09-28T20:21:31.062Z [BRIDGE_CFG] [INFO] Bridge topology in topology sampler:
2026-09-28T20:21:29Z 2026-09-28T20:21:31.074Z [BRIDGE_CFG] [INFO] 0e582dd12c1e1480
2026-09-28T20:21:29Z 2026-09-28T20:21:31.074Z [BRIDGE_CFG] [INFO] e6fe83ea6b4a2b7f
2026-09-28T20:21:29Z 2026-09-28T20:21:31.078Z [BRIDGE_CFG] [INFO] Network configuration change detected! crc: 0xf3b914aa at UTC:1790626891
2026-09-28T20:21:29Z 2026-09-28T20:21:31.082Z [BRIDGE_CFG] [INFO] Stored CRCs:
2026-09-28T20:21:29Z 0x91675891
2026-09-28T20:21:29Z 0x25574c90
2026-09-28T20:21:29Z 0x89083f93
2026-09-28T20:21:29Z 0x5fe667a9
2026-09-28T20:21:29Z 0xf3b914aa
2026-09-28T20:21:29Z 0xdc3239cb
2026-09-28T20:21:29Z 0x21b2e16e
2026-09-28T20:21:29Z 0x42de2ff3
2026-09-28T20:21:29Z 0xc51897cf
2026-09-28T20:21:29Z 2026-09-28T20:21:31.101Z [BRIDGE_CFG] [INFO] Bridge network config: [[1033626490893112448, "bridge", 362149892, 1727291585, {"sampleIntervalMs": 3600000, "sampleDurationMs": 600000, "subsampleInterva
2026-09-28T20:21:29Z 2026-09-28T20:21:31.117Z [BRIDGE_CFG] [INFO] Bridge network info CRC: f3b914aa
2026-09-28T20:21:29Z 2026-09-28T20:21:31.117Z [BRIDGE_CFG] [INFO] Bridge FW Version: Major: 0 Minor: 13 Revision: 11
2026-09-28T20:21:29Z 2026-09-28T20:21:31.117Z [BRIDGE_CFG] [INFO] Bridge sys config partition CRC: 66f460c1
2026-09-28T20:21:29Z 2026-09-28T20:21:31.117Z [BRIDGE_CFG] [INFO] Bridge toplogy: 0e582dd12c1e1480 | e6fe83ea6b4a2b7f
2026-09-28T20:21:29Z 2026-09-28T20:21:31.121Z [BRIDGE_SYS] [INFO] Checking CRC in report builder!
2026-09-28T20:21:29Z No update available for e6fe83ea6b4a2b7f
2026-09-28T20:21:29Z No update available for 0e582dd12c1e1480
2026-09-28T20:21:29Z 2026-09-28T20:21:31.121Z [BRIDGE_SYS] [INFO] Got CRC f3b914aa OLD CRC 0
2026-09-28T20:21:29Z Current bit offset: 196
2026-09-28T20:21:29Z Rounded bit offset: 200
2026-09-28T20:21:29Z New bit offset: 2720
2026-09-28T20:21:29Z 2026-09-28T20:21:31.125Z [MS] [INFO] Added message(id: 97 len: 340) to queue MS_Q_LEGACY: (1)!
2026-09-28T20:21:29Z Message: Current bit offset: 20
2026-09-28T20:21:29Z Rounded bit offset: 24
2026-09-28T20:21:29Z New bit offset: 1280
2026-09-28T20:21:29Z 2026-09-28T20:21:31.125Z [BRIDGE_SYS] [INFO] Getting topology in report builder!
2026-09-28T20:21:29Z 2026-09-28T20:21:31.125Z [MS] [INFO] Added message(id: 98 len: 160) to queue MS_Q_LEGACY: (2)!
2026-09-28T20:21:29Z 2026-09-28T20:21:31.125Z [CFG] [INFO] Saving sysCfg
2026-09-28T20:21:29Z 2026-09-28T20:21:31.128Z [BRIDGE_SYS] [INFO] Got topology in report builder!
2026-09-28T20:21:29Z 2026-09-28T20:21:31.128Z [BRIDGE_SYS] [INFO] Updating CRC and topology in report builder!
2026-09-28T20:21:29Z 2026-09-28T20:21:31.132Z [BRIDGE_SYS] [INFO] Updated reportBuilders max network configuration CBOR map
2026-09-28T20:21:29Z 2026-09-28T20:21:31.136Z [BRIDGE_SYS] [INFO] Updated reportBuilders max network sensor type list
2026-09-28T20:21:29Z 2026-09-28T20:21:31.136Z [CFG] [INFO] Saving sysCfg
2026-09-28T20:21:29Z 2026-09-28T20:21:31.140Z [MS] [DEBUG] Has message 97 expired? queuedTime: 261568386, now64: 261568400, remaining: 86399986
2026-09-28T20:21:29Z 2026-09-28T20:21:31.140Z [MS] [DEBUG] Sending legacy messages to Notecard.
2026-09-28T20:21:29Z 2026-09-28T20:21:31.183Z [MS] [DEBUG] Notecard is 16.000000 pct full.
2026-09-28T20:21:29Z 2026-09-28T20:21:31.183Z [MS] [INFO] Queuing message 97 20028FA0
2026-09-28T20:21:30Z 2026-09-28T20:21:31.789Z [MS] [DEBUG] Has message 98 expired? queuedTime: 261568386, now64: 261569051, remaining: 86399335
2026-09-28T20:21:30Z 2026-09-28T20:21:31.789Z [MS] [INFO] Queuing message 98 2002B5A0
2026-09-28T20:21:30Z 2026-09-28T20:21:32.085Z [MS] [INFO] Setting GPS coordinates lat:37.758213, lon: -122.430916
2026-09-28T20:21:30Z 2026-09-28T20:21:32.179Z [MS] [DEBUG] Attempting to Sync.
2026-09-28T20:21:30Z 2026-09-28T20:21:32.222Z [MS] [DEBUG] Waiting for TX
2026-09-28T20:26:42Z SPOT-33507C > bm pub bmcam/cmd {"id":52001,"c":"set","kv":{"mode.run":"stay_on"}} 1 1
2026-09-28T20:26:45Z bm pub bmcam/cmd {"id":52001,"c":"set","kv":{"mode.run":"stay_on"}} 1 1
2026-09-28T20:26:45Z Message: 1790627206.996 53171fa3d81a8e6f, [bmcam003] OK id=52001 mode.run: per_boot -> stay_on (next boot) cfg=f7c9194f
2026-09-28T20:27:43Z SPOT-31593C > bm pub bmcam/cmd {"id":62001,"c":"set","kv":{"mode.run":"stay_on"}} 1 1
2026-09-28T20:27:45Z bm pub bmcam/cmd {"id":62001,"c":"set","kv":{"mode.run":"stay_on"}} 1 1
2026-09-28T20:27:45Z 1790627267.093 e6fe83ea6b4a2b7f, [bmcam004] OK id=62001 mode.run: per_boot -> stay_on (next boot) cfg=f7c9194f
2026-09-28T20:30:05Z SPOT-33507C > bridge cfg commit c3c564b91856226c s
2026-09-28T20:30:06Z bridge cfg commit c3c564b91856226c s
2026-09-28T20:30:06Z Succesfull config commit send
2026-09-28T20:30:08Z 2026-09-28T20:30:09.742Z [BRIDGE] [ERROR] Bridge RX Processing Packet Failure: -7
2026-09-28T20:30:08Z 2026-09-28T20:30:09.746Z [BRIDGE] [INFO] Setting negotiated baud rate to 1000000 from 1000000
2026-09-28T20:30:08Z 2026-09-28T20:30:09.750Z [BRIDGE_SYS] [INFO] Bridge State Init
2026-09-28T20:30:08Z 2026-09-28T20:30:09.750Z [BRIDGE] [INFO] Reboot info received from c3c564b91856226c - Reason: 5 gitSHA: 1595f804 Reboot cnt: 0 PC: 0x0 LR: 0x0
2026-09-28T20:30:08Z 2026-09-28T20:30:09.757Z [BRIDGE_SYS] [INFO] Bridge bus power: 1
2026-09-28T20:30:08Z 2026-09-28T20:30:09.808Z [BRIDGE_CFG] [INFO] Response msg -- Node Id: 0000000000000000, Partition: system, Commit Status: 0
2026-09-28T20:30:08Z 2026-09-28T20:30:09.808Z [BRIDGE_CFG] [INFO] Num Keys: 18
2026-09-28T20:30:08Z 2026-09-28T20:30:09.812Z [BRIDGE_CFG] [INFO] Key 0: sampleIntervalMs
2026-09-28T20:30:08Z 2026-09-28T20:30:09.812Z [BRIDGE_CFG] [INFO] Key 1: sampleDurationMs
2026-09-28T20:30:08Z 2026-09-28T20:30:09.812Z [BRIDGE_CFG] [INFO] Key 2: subsampleIntervalMs
2026-09-28T20:30:08Z 2026-09-28T20:30:09.812Z [BRIDGE_CFG] [INFO] Key 3: subsampleDurationMs
2026-09-28T20:30:08Z 2026-09-28T20:30:09.812Z [BRIDGE_CFG] [INFO] Key 4: subsampleEnabled
2026-09-28T20:30:08Z 2026-09-28T20:30:09.812Z [BRIDGE_CFG] [INFO] Key 5: bridgePowerControllerEnabled
2026-09-28T20:30:08Z 2026-09-28T20:30:09.812Z [BRIDGE_CFG] [INFO] Key 6: alignmentInterval5Min
2026-09-28T20:30:08Z 2026-09-28T20:30:09.812Z [BRIDGE_CFG] [INFO] Key 7: ticksSamplingEnabled
2026-09-28T20:30:08Z 2026-09-28T20:30:09.812Z [BRIDGE_CFG] [INFO] Key 8: samplesPerReport
2026-09-28T20:30:08Z 2026-09-28T20:30:09.812Z [BRIDGE_CFG] [INFO] Key 9: transmitAggregations
2026-09-28T20:30:08Z 2026-09-28T20:30:09.812Z [BRIDGE_CFG] [INFO] Key 10: currentReadingPeriodMs
2026-09-28T20:30:08Z 2026-09-28T20:30:09.812Z [BRIDGE_CFG] [INFO] Key 11: softReadingPeriodMs
2026-09-28T20:30:08Z 2026-09-28T20:30:09.812Z [BRIDGE_CFG] [INFO] Key 12: rbrCodaReadingPeriodMs
2026-09-28T20:30:08Z 2026-09-28T20:30:09.812Z [BRIDGE_CFG] [INFO] Key 13: turbidityReadingPeriodMs
2026-09-28T20:30:08Z 2026-09-28T20:30:09.812Z [BRIDGE_CFG] [INFO] Key 14: disableUnusedPortsTimeMs
2026-09-28T20:30:08Z 2026-09-28T20:30:09.816Z [BRIDGE_CFG] [INFO] Key 15: salinityReadingPeriodMs
2026-09-28T20:30:08Z 2026-09-28T20:30:09.816Z [BRIDGE_CFG] [INFO] Key 16: sensorsCheckIntervalS
2026-09-28T20:30:08Z 2026-09-28T20:30:09.816Z [BRIDGE_CFG] [INFO] Key 17: sensorsPollIntervalMs
2026-09-28T20:30:08Z 2026-09-28T20:30:09.816Z [BRIDGE_CFG] [INFO] Response msg -- Node Id: 0000000000000000, Partition: user, Commit Status: 0
2026-09-28T20:30:08Z 2026-09-28T20:30:09.816Z [BRIDGE_CFG] [INFO] Num Keys: 0
2026-09-28T20:30:08Z 2026-09-28T20:30:09.816Z [BRIDGE_CFG] [INFO] Response msg -- Node Id: 0000000000000000, Partition: hardware, Commit Status: 0
2026-09-28T20:30:08Z 2026-09-28T20:30:09.816Z [BRIDGE_CFG] [INFO] Num Keys: 1
2026-09-28T20:30:08Z 2026-09-28T20:30:09.816Z [BRIDGE_CFG] [INFO] Key 0: smConfigurationCrc
2026-09-28T20:30:08Z 2026-09-28T20:30:09.816Z [BRIDGE] [INFO] handle_power_states, power on for: 4294967295
2026-09-28T20:30:08Z 2026-09-28T20:30:09.820Z [BRIDGE_CFG] [INFO] Node ID: 0000000000000000 Partition: system Value: 3600000
2026-09-28T20:30:08Z 2026-09-28T20:30:09.828Z [BRIDGE_CFG] [INFO] Node ID: 0000000000000000 Partition: system Value: 600000
2026-09-28T20:30:08Z 2026-09-28T20:30:09.832Z [BRIDGE_CFG] [INFO] Node ID: 0000000000000000 Partition: system Value: 300000
2026-09-28T20:30:08Z 2026-09-28T20:30:09.835Z [BRIDGE_CFG] [INFO] Node ID: 0000000000000000 Partition: system Value: 30000
2026-09-28T20:30:08Z 2026-09-28T20:30:09.843Z [BRIDGE_CFG] [INFO] Node ID: 0000000000000000 Partition: system Value: 0
2026-09-28T20:30:08Z 2026-09-28T20:30:09.847Z [BRIDGE_CFG] [INFO] Node ID: 0000000000000000 Partition: system Value: 0
2026-09-28T20:30:08Z 2026-09-28T20:30:09.851Z [BRIDGE_CFG] [INFO] Node ID: 0000000000000000 Partition: system Value: 1
2026-09-28T20:30:08Z 2026-09-28T20:30:09.855Z [BRIDGE_CFG] [INFO] Node ID: 0000000000000000 Partition: system Value: 0
2026-09-28T20:30:08Z 2026-09-28T20:30:09.863Z [BRIDGE_CFG] [INFO] Node ID: 0000000000000000 Partition: system Value: 1
2026-09-28T20:30:08Z 2026-09-28T20:30:09.867Z [BRIDGE_CFG] [INFO] Node ID: 0000000000000000 Partition: system Value: 0
2026-09-28T20:30:08Z 2026-09-28T20:30:09.871Z [BRIDGE_CFG] [INFO] Node ID: 0000000000000000 Partition: system Value: 60000
2026-09-28T20:30:08Z 2026-09-28T20:30:09.875Z [BRIDGE_CFG] [INFO] Node ID: 0000000000000000 Partition: system Value: 500
2026-09-28T20:30:08Z 2026-09-28T20:30:09.882Z [BRIDGE_CFG] [INFO] Node ID: 0000000000000000 Partition: system Value: 500
2026-09-28T20:30:08Z 2026-09-28T20:30:09.886Z [BRIDGE_CFG] [INFO] Node ID: 0000000000000000 Partition: system Value: 1000
2026-09-28T20:30:08Z 2026-09-28T20:30:09.890Z [BRIDGE_CFG] [INFO] Node ID: 0000000000000000 Partition: system Value: 0
2026-09-28T20:30:08Z 2026-09-28T20:30:09.898Z [BRIDGE_CFG] [INFO] Node ID: 0000000000000000 Partition: system Value: 30000
2026-09-28T20:30:08Z 2026-09-28T20:30:09.902Z [BRIDGE_CFG] [INFO] Node ID: 0000000000000000 Partition: system Value: 60
2026-09-28T20:30:08Z 2026-09-28T20:30:09.906Z [BRIDGE_CFG] [INFO] Node ID: 0000000000000000 Partition: system Value: 10000
2026-09-28T20:30:08Z 2026-09-28T20:30:09.910Z [BRIDGE_CFG] [INFO] Node ID: 0000000000000000 Partition: hardware - Failed to decode value
2026-09-28T20:30:09Z 2026-09-28T20:30:10.773Z [BRIDGE_SYS] [INFO] Neighbor 53171fa3d81a8e6f added
2026-09-28T20:31:05Z SPOT-31593C > bridge cfg commit 0e582dd12c1e1480 s
2026-09-28T20:31:07Z bridge cfg commit 0e582dd12c1e1480 s
2026-09-28T20:31:07Z Succesfull config commit send
2026-09-28T20:31:09Z 2026-09-28T20:31:10.554Z [BRIDGE] [ERROR] Bridge RX Processing Packet Failure: -7
2026-09-28T20:31:09Z 2026-09-28T20:31:10.558Z [BRIDGE] [INFO] Setting negotiated baud rate to 1000000 from 1000000
2026-09-28T20:31:09Z 2026-09-28T20:31:10.562Z [BRIDGE_SYS] [INFO] Bridge State Init
2026-09-28T20:31:09Z 2026-09-28T20:31:10.562Z [BRIDGE] [INFO] Reboot info received from 0e582dd12c1e1480 - Reason: 5 gitSHA: 1595f804 Reboot cnt: 0 PC: 0x0 LR: 0x0
2026-09-28T20:31:09Z 2026-09-28T20:31:10.570Z [BRIDGE_SYS] [INFO] Bridge bus power: 1
2026-09-28T20:31:09Z 2026-09-28T20:31:10.621Z [BRIDGE_CFG] [INFO] Response msg -- Node Id: 0000000000000000, Partition: system, Commit Status: 0
2026-09-28T20:31:09Z 2026-09-28T20:31:10.621Z [BRIDGE_CFG] [INFO] Num Keys: 16
2026-09-28T20:31:09Z 2026-09-28T20:31:10.621Z [BRIDGE_CFG] [INFO] Key 0: sampleIntervalMs
2026-09-28T20:31:09Z 2026-09-28T20:31:10.621Z [BRIDGE_CFG] [INFO] Key 1: sampleDurationMs
2026-09-28T20:31:09Z 2026-09-28T20:31:10.621Z [BRIDGE_CFG] [INFO] Key 2: subsampleIntervalMs
2026-09-28T20:31:09Z 2026-09-28T20:31:10.621Z [BRIDGE_CFG] [INFO] Key 3: subsampleDurationMs
2026-09-28T20:31:09Z 2026-09-28T20:31:10.621Z [BRIDGE_CFG] [INFO] Key 4: subsampleEnabled
2026-09-28T20:31:09Z 2026-09-28T20:31:10.625Z [BRIDGE_CFG] [INFO] Key 5: bridgePowerControllerEnabled
2026-09-28T20:31:09Z 2026-09-28T20:31:10.625Z [BRIDGE_CFG] [INFO] Key 6: alignmentInterval5Min
2026-09-28T20:31:09Z 2026-09-28T20:31:10.625Z [BRIDGE_CFG] [INFO] Key 7: ticksSamplingEnabled
2026-09-28T20:31:09Z 2026-09-28T20:31:10.625Z [BRIDGE_CFG] [INFO] Key 8: samplesPerReport
2026-09-28T20:31:09Z 2026-09-28T20:31:10.625Z [BRIDGE_CFG] [INFO] Key 9: transmitAggregations
2026-09-28T20:31:09Z 2026-09-28T20:31:10.625Z [BRIDGE_CFG] [INFO] Key 10: currentReadingPeriodMs
2026-09-28T20:31:09Z 2026-09-28T20:31:10.625Z [BRIDGE_CFG] [INFO] Key 11: softReadingPeriodMs
2026-09-28T20:31:09Z 2026-09-28T20:31:10.625Z [BRIDGE_CFG] [INFO] Key 12: rbrCodaReadingPeriodMs
2026-09-28T20:31:09Z 2026-09-28T20:31:10.625Z [BRIDGE_CFG] [INFO] Key 13: turbidityReadingPeriodMs
2026-09-28T20:31:09Z 2026-09-28T20:31:10.625Z [BRIDGE_CFG] [INFO] Key 14: disableUnusedPortsTimeMs
2026-09-28T20:31:09Z 2026-09-28T20:31:10.625Z [BRIDGE_CFG] [INFO] Key 15: salinityReadingPeriodMs
2026-09-28T20:31:09Z 2026-09-28T20:31:10.625Z [BRIDGE_CFG] [INFO] Response msg -- Node Id: 0000000000000000, Partition: user, Commit Status: 0
2026-09-28T20:31:09Z 2026-09-28T20:31:10.625Z [BRIDGE_CFG] [INFO] Num Keys: 0
2026-09-28T20:31:09Z 2026-09-28T20:31:10.625Z [BRIDGE_CFG] [INFO] Response msg -- Node Id: 0000000000000000, Partition: hardware, Commit Status: 0
2026-09-28T20:31:09Z 2026-09-28T20:31:10.625Z [BRIDGE_CFG] [INFO] Num Keys: 1
2026-09-28T20:31:09Z 2026-09-28T20:31:10.628Z [BRIDGE_CFG] [INFO] Key 0: smConfigurationCrc
2026-09-28T20:31:09Z 2026-09-28T20:31:10.628Z [BRIDGE] [INFO] handle_power_states, power on for: 4294967295
2026-09-28T20:31:09Z 2026-09-28T20:31:10.632Z [BRIDGE_CFG] [INFO] Node ID: 0000000000000000 Partition: system Value: 3600000
2026-09-28T20:31:09Z 2026-09-28T20:31:10.636Z [BRIDGE_CFG] [INFO] Node ID: 0000000000000000 Partition: system Value: 600000
2026-09-28T20:31:09Z 2026-09-28T20:31:10.640Z [BRIDGE_CFG] [INFO] Node ID: 0000000000000000 Partition: system Value: 300000
2026-09-28T20:31:09Z 2026-09-28T20:31:10.648Z [BRIDGE_CFG] [INFO] Node ID: 0000000000000000 Partition: system Value: 60000
2026-09-28T20:31:09Z 2026-09-28T20:31:10.652Z [BRIDGE_CFG] [INFO] Node ID: 0000000000000000 Partition: system Value: 0
2026-09-28T20:31:09Z 2026-09-28T20:31:10.656Z [BRIDGE_CFG] [INFO] Node ID: 0000000000000000 Partition: system Value: 0
2026-09-28T20:31:09Z 2026-09-28T20:31:10.664Z [BRIDGE_CFG] [INFO] Node ID: 0000000000000000 Partition: system Value: 1
2026-09-28T20:31:09Z 2026-09-28T20:31:10.667Z [BRIDGE_CFG] [INFO] Node ID: 0000000000000000 Partition: system Value: 0
2026-09-28T20:31:09Z 2026-09-28T20:31:10.671Z [BRIDGE_CFG] [INFO] Node ID: 0000000000000000 Partition: system Value: 1
2026-09-28T20:31:09Z 2026-09-28T20:31:10.675Z [BRIDGE_CFG] [INFO] Node ID: 0000000000000000 Partition: system Value: 1
2026-09-28T20:31:09Z 2026-09-28T20:31:10.683Z [BRIDGE_CFG] [INFO] Node ID: 0000000000000000 Partition: system Value: 60000
2026-09-28T20:31:09Z 2026-09-28T20:31:10.687Z [BRIDGE_CFG] [INFO] Node ID: 0000000000000000 Partition: system Value: 500
2026-09-28T20:31:09Z 2026-09-28T20:31:10.691Z [BRIDGE_CFG] [INFO] Node ID: 0000000000000000 Partition: system Value: 500
2026-09-28T20:31:09Z 2026-09-28T20:31:10.699Z [BRIDGE_CFG] [INFO] Node ID: 0000000000000000 Partition: system Value: 1000
2026-09-28T20:31:09Z 2026-09-28T20:31:10.703Z [BRIDGE_CFG] [INFO] Node ID: 0000000000000000 Partition: system Value: 0
2026-09-28T20:31:09Z 2026-09-28T20:31:10.707Z [BRIDGE_CFG] [INFO] Node ID: 0000000000000000 Partition: system Value: 30000
2026-09-28T20:31:09Z 2026-09-28T20:31:10.710Z [BRIDGE_CFG] [INFO] Node ID: 0000000000000000 Partition: hardware - Failed to decode value
2026-09-28T20:31:10Z 2026-09-28T20:31:11.613Z [BRIDGE_SYS] [INFO] Neighbor e6fe83ea6b4a2b7f added
