[SUP] ===== action 38 (trg) utc=2026-10-02T07:35:10Z =====
[SUP] trg media override: one still action on a video unit
[CMD] one-shot trigger id=64153 trg=2 (capture + send): window gate BYPASSED for this boot only
[SUP] trg id=64153: one action with {'mode.media': 'still', 'still.message_cap': 40} (not persisted)
[RC] cycle start: budget=480s pacing=1.3s/msg
[CMD] time-sync subscribe sent; waiting up to 60s (fresh read)
[CMD] spotter UTC decoded: 2026-10-02T07:35:17.156000+00:00
[BOOT] spotter_utc_read uptime_s=5168.81
[RC] schedule gate: Within transmit window 00:00-00:00 America/Los_Angeles; local_time=2026-10-02T00:35:17.156000-07:00 (window bypassed; time read only)
[DEBUG] Sent compact telemetry message (134 bytes): <WS v=1 a=cap cfg=da50c0b3 up=2645 tz=America/Los_Angeles lt=na ws=0000 we=0000 rk=800x450 q=20 ct=38.6 sha=91a08f624011 hn=bmcam004>
[DEBUG] Applying requested focus camera controls: args=--autofocus-mode manual --lens-position 32 --awb custom --awbgains 1.8,1.6 --shutter 1 --gain 64 --ev 8 --denoise cdn_hq --hdr auto; requested={'camera_control_source': 'image_pipeline.camera_controls', 'camera_controls_enabled': True, 'requested_focus_enabled': True, 'requested_focus_mode': 'manual', 'requested_lens_position': 32.0, 'requested_white_balance_enabled': True, 'requested_white_balance_mode': 'manual', 'requested_red_gain': 1.8, 'requested_blue_gain': 1.6, 'requested_colour_gains': [1.8, 1.6], 'requested_exposure_enabled': True, 'requested_shutter_us': 1, 'requested_analogue_gain': 64.0, 'requested_ev': 8.0, 'requested_image_processing_enabled': True, 'requested_denoise': 'cdn_hq', 'requested_hdr': True}
[DEBUG] Running native capture command attempt 1/4: /usr/bin/rpicam-still -n --timeout 2000 --width 4608 --height 2592 --quality 95 --metadata /home/pi/BM_Devel_Pi/images/2026-10-02T07:35:17Z_image_native_full.metadata.json --autofocus-mode manual --lens-position 32 --awb custom --awbgains 1.8,1.6 --shutter 1 --gain 64 --ev 8 --denoise cdn_hq --hdr auto -o /home/pi/BM_Devel_Pi/images/2026-10-02T07:35:17Z_image_native_full.jpg
[DEBUG] Native capture completed: output=/home/pi/BM_Devel_Pi/images/2026-10-02T07:35:17Z_image_native_full.jpg, bytes=6301264, duration_sec=4.73, attempt=1/4
[RC] native ready: /home/pi/BM_Devel_Pi/images/2026-10-02T07:35:17Z_image_native_full.jpg (6301264 B, elapsed=11.9s)
[RC] source prepared: 800x450 (elapsed=12.6s)
[RC] attempt q20: 29974 B, 105 msgs, over_cap=True, budget_fit=True
[RC] attempt q15: 24182 B, 84 msgs, over_cap=True, budget_fit=True
[RC] attempt q11: 18851 B, 66 msgs, over_cap=True, budget_fit=True
[RC] attempt q9: 15845 B, 56 msgs, over_cap=True, budget_fit=True
[RC] selection: quality=9 attempts=4 fits=False reason=no_fit_cap
[RC] final JPEG: /home/pi/BM_Devel_Pi/images/2026-10-02T07:35:17Z_image_compressed.jpg (15845 B, 56 msgs, sha256=74e147b4b191a532...)
[HEAL] wake plan: 0 pending heal(s), 0 chunk(s) this wake (cap 40)
[KEY] media key 0e3zqt from Spotter UTC 2026-10-02T07:35:17.156000+00:00 (spotter)
[KEY] sent record: /home/pi/BM_Devel_Pi/sent/2026-10-02T07:35:17Z_image_compressed.sent.json (56 msgs, chunks <I0e3zqt.n/56>)
[DEBUG] Runtime BM transfer settings: network=0x02 cellular-only; image_buffer_size=384; image_transmit_delay_seconds=1.3
[BOOT] transmit_start uptime_s=5178.65
[RC] transmit done: sent=56/56 complete=False incomplete_emitted=True uart=76.5s
[DEBUG] Raw image size: 6301264 bytes
[DEBUG] Image quality: 9
[DEBUG] Compressed image size: 15845 bytes
[DEBUG] Buffers: 56
[DEBUG] Execution Time: 1.56 min
[DEBUG] Within Window: True
[DEBUG] CPU Temp: 39.20°C
[DEBUG]  
[DEBUG]  
[DEBUG]  
[CMD] no listen tail: stay_on (the idle loop listens)
[SUP] action: media=video stage=None sent=56/56 elapsed=93.7s
[SUP] ===== action 38 done: stage=None skipped=False =====
