LOG cron_logs/rc_cycle_20261010T190834Z.log
9ec4cb7ae7c1

============================================================
[RC-CRON] Sprint08 progressive-JPEG RC cycle starting
[RC-CRON] start_utc=2026-10-10T19:08:34+00:00
[RC-CRON] uptime_s=17.78
[RC-CRON] user=pi
[RC-CRON] hostname=bmcam003
[RC-CRON] app_dir=/home/pi/BM_Devel_Pi
[RC-CRON] log_file=/home/pi/BM_Devel_Pi/cron_logs/rc_cycle_20261010T190834Z.log
[RC-CRON] disk: /dev/mmcblk0p2  115G   87G   24G  79% /
[RC-CRON] images_dir: 629M
[RC-CRON] running RC capture/transmit cycle (halt at end per power_halt YAML)...
[BOOT] main_entry uptime_s=19.60
[CFG] config v2 /home/pi/BM_Devel_Pi/camera_config.yaml media=still hash=9c980489 hv=1 registry=v11 overlay=4 key(s)
[CFG] legacy runtime reads the v1 render /dev/shm/bmcam/camera_schedule.yaml (level=v2)
[CFG] supervisor runs the effective config: base ⊕ 4 overlay key(s) hash=9c980489 (render /dev/shm/bmcam/camera_schedule.yaml)
[GUARD] boot 221: 0 guarded key(s) pending
[RUNTIME] supervisor (source=config (v2))
[CMD] bm_commands enabled: topic=bmcam/cmd tail=150.0s defer_acks=False state=/home/pi/BM_Devel_Pi/bm_command_state_v2.json (loaded from file)
[NET] network island: default=nereus_hq ap_fallback_s=90 ap_timeout_min=60
[NET] applying boot default: sudo -n /home/pi/BM_Devel_Pi/network_ap.sh default nereus_hq 90
[RC] Sprint08 progressive-JPEG RC — resolved settings
[RC] config_path=/dev/shm/bmcam/camera_schedule.yaml
[RC] capture_mode=progressive_jpeg (RC path selected)
[RC] quality ladder (explicit): q_max=90 q_min=9 -> [90, 80, 70, 60, 50, 40, 30, 25, 20, 15, 13, 11, 9]
[RC] cycle budget: max_run_time_min=8 (480 s)
[RC] message cap: 195 msgs (field-tested hard cap)
[RC] pacing (bm_serial block, source=yaml): chunk_b64_chars=384 delay_s=1.0
[RC] derived (informational): transmit-only budget holds 480 paced msgs; M1 owns real accounting
[RC] power_halt: enabled=True dry_run=False mode=halt script=/home/pi/BM_Devel_Pi/tuned_halt.sh source=yaml
[RC] schedule: window=00:00-00:00 tz=America/Los_Angeles source=yaml
[RC] transmit_phase (C2): OFF (unscheduled transmit)
[RC] geometry (native coords, frozen): crop_xywh=(1504, 846, 1600, 900) output=1000x562 backend=rpicam
[SUP] per_boot: media=still transmit=True
[CMD] shared UART open: /dev/ttyAMA0@115200 (single port owner)
[CMD] subscribed topic=bmcam/cmd frame_bytes=17
[CMD] reader thread started
[BOOT] cmd_subscribed uptime_s=20.50
[RC] cycle start: budget=480s pacing=1.0s/msg
[CMD] time-sync subscribe sent; waiting up to 60s (fresh read)
[CMD] spotter UTC decoded: 2026-10-10T20:00:38.574000+00:00
Sat 10 Oct 20:00:38 UTC 2026
[BOOT] spotter_utc_read uptime_s=29.99
[CMD] ack re-send: 1 answer(s) from the last boots as d:1 (ids [1000172]; 1 paced msg(s) from the wake budget)
[CMD] ack re-sent: {"id":1000172,"ok":1,"h":"9c980489","d":1}
[RC] schedule gate: Within transmit window 00:00-00:00 America/Los_Angeles; local_time=2026-10-10T13:00:38.574000-07:00
[STORE] over limit: used=75.0% (cap 75%) free=23.98GiB (floor 10GiB) — pruning old stills
[STORE] pruned {'natives': 1}, freed 3.0 MB; used 75.0% -> 75.0%
[DEBUG] Sent compact telemetry message (133 bytes): <WS v=1 a=cap cfg=9c980489 up=10 tz=America/Los_Angeles lt=na ws=0000 we=0000 rk=1000x562 q=90 ct=30.6 sha=9ec4cb7ae7c1 hn=bmcam003>
[RAW] still.format=nrjxl: target_fill=0.97 d_max=10.4 distances=[3.8, 4.6, 5.95, 8.25] effort=5 encode_max_s=30 keep_crop=False crop=[1504, 846, 1600, 900] (native px)
[DEBUG] [EXP] low_gain: shutter up to 60000 us at the gain floor, then gain up to 1 (imx708_wide_lowgain_s60000_g1.json)
[DEBUG] Applying requested focus camera controls: args=--autofocus-mode auto --lens-position 1.82 --tuning-file /home/pi/BM_Devel_Pi/exposure_profile/tuning/imx708_wide_lowgain_s60000_g1.json; requested={'camera_control_source': 'image_pipeline.camera_controls', 'camera_controls_enabled': True, 'requested_focus_enabled': True, 'requested_focus_mode': 'auto', 'requested_lens_position': 1.82, 'requested_white_balance_enabled': False, 'requested_exposure_enabled': False, 'requested_image_processing_enabled': False, 'exposure_profile': 'low_gain', 'exposure_max_shutter_us': 60000, 'exposure_max_gain': 1.0, 'exposure_profile_applied': True, 'exposure_tuning_file': '/home/pi/BM_Devel_Pi/exposure_profile/tuning/imx708_wide_lowgain_s60000_g1.json', 'exposure_sensor_model': 'imx708_wide'}
[DEBUG] Running RAW capture (one attempt, no retries): /usr/bin/rpicam-still -n --timeout 2000 --width 4608 --height 2592 --quality 95 --metadata /home/pi/BM_Devel_Pi/images/2026-10-10T20:00:39Z_image_native_full.metadata.json --autofocus-mode auto --lens-position 1.82 --tuning-file /home/pi/BM_Devel_Pi/exposure_profile/tuning/imx708_wide_lowgain_s60000_g1.json --raw -o /home/pi/BM_Devel_Pi/images/2026-10-10T20:00:39Z_image_native_full.jpg
[NET] 2026-10-10T20:00:43Z client WiFi UP: profile=nereus-hq
[DEBUG] RAW capture completed: /home/pi/BM_Devel_Pi/images/2026-10-10T20:00:39Z_image_native_full.jpg + /home/pi/BM_Devel_Pi/images/2026-10-10T20:00:39Z_image_native_full.dng (24029068 B DNG, 6.87 s)
[RC] native ready: /home/pi/BM_Devel_Pi/images/2026-10-10T20:00:39Z_image_native_full.jpg (2748553 B, elapsed=17.9s)
[RC] source prepared: 1000x562 (elapsed=19.2s)
[RC] attempt q90: 124261 B, 432 msgs, over_cap=True, budget_fit=True
[RC] attempt q80: 86195 B, 300 msgs, over_cap=True, budget_fit=True
[RC] attempt q70: 69435 B, 242 msgs, over_cap=True, budget_fit=True
[RC] attempt q60: 58780 B, 205 msgs, over_cap=True, budget_fit=True
[RC] attempt q50: 51598 B, 180 msgs, over_cap=False, budget_fit=True
[RC] selection: quality=50 attempts=5 fits=True reason=fit
[RC] final JPEG: /home/pi/BM_Devel_Pi/images/2026-10-10T20:00:39Z_image_compressed.jpg (51598 B, 180 msgs, sha256=0fa16b080333dbbb...)
[HEAL] wake plan: 1 pending heal(s), 28 chunk(s) this wake (cap 40)
[RAW] rgb (B3a) written to /home/pi/BM_Devel_Pi/images/.nrjxl_work_2026-10-10T20:00:39Z_image; supervisor VmRSS=76204 KiB (cjxl runs on top of this)
[RAW] search1 d=2.595: 60528 B, 211 msgs, over_cap=True, budget_fit=True, 9.5 s, peak_rss=98016 KiB
[RAW] search2 d=2.932: 54934 B, 191 msgs, over_cap=False, budget_fit=True, 9.2 s, peak_rss=98144 KiB
[RAW] nrjxl ready: 54934 B, 191 msgs at d=2.932 att=2 (encode 18.6 s, elapsed=41.4s)
[KEY] media key 0ejrl2 from Spotter UTC 2026-10-10T20:00:38.574000+00:00 (spotter)
[KEY] pruned 2 sent file(s) older than 14 d (by key time) from /home/pi/BM_Devel_Pi/sent
[KEY] sent record: /home/pi/BM_Devel_Pi/sent/2026-10-10T20:00:39Z_image_compressed.sent.json (191 msgs, chunks <I0ejrl2.n/191>)
[DEBUG] Runtime BM transfer settings: network=0x02 cellular-only; image_buffer_size=384; image_transmit_delay_seconds=1.0
[BOOT] transmit_start uptime_s=62.05
[HEAL] sent 28 heal chunk(s) before START: 0ejj8u:[2, 3, 4, 5, 6, 7, 8, 9, 10, 12, 27, 91, 92, 93, 94, 95, 96, 97, 98, 99, 100, 184, 185, 186, 187, 188, 189, 190]
[HEAL] pending after this wake: none
[RC] transmit done: sent=191/191 complete=True incomplete_emitted=False uart=195.6s
[DEBUG] Raw image size: 2748553 bytes
[DEBUG] Image quality: 293
[DEBUG] Compressed image size: 54934 bytes
[DEBUG] Buffers: 191
[DEBUG] Execution Time: 4.43 min
[DEBUG] Within Window: True
[DEBUG] CPU Temp: 27.90°C
[DEBUG]  
[DEBUG]  
[DEBUG]  
[CMD] rsd id=100278 key=0ehdh2 n=35: accepted
[CMD] rsd id=100278 key=0ehg91 n=3: accepted
[CMD] applied id=100278 rsd: rsd: 2 heal(s) queued (<HL> reports each)
[CMD] rsd id=100279 key=0ejot3 n=12: accepted
[CMD] rsd id=100279 key=0ejm0t n=6: accepted
[CMD] applied id=100279 rsd: rsd: 2 heal(s) queued (<HL> reports each)
[CMD] console: 2 line(s) sent, 0 queued
[HEAL] status: <HL v=1 key=0ejj8u a=sent n=28 r=ok id=100277 w=0ejrl2>
[HEAL] status: <HL v=1 key=0ehdh2 a=requested n=35 r=ok id=100278 w=0ejrl2>
[HEAL] status: <HL v=1 key=0ehg91 a=requested n=3 r=ok id=100278 w=0ejrl2>
[HEAL] status: <HL v=1 key=0ejot3 a=requested n=12 r=ok id=100279 w=0ejrl2>
[HEAL] status: <HL v=1 key=0ejm0t a=requested n=6 r=ok id=100279 w=0ejrl2>
[CMD] post-transmit listen window: 150s
[CMD] post-transmit listen window done: 0 command(s) processed, 0 ack(s) still queued
[SUP] staying awake 38s (hld=False, keep-alive after a command)
