LOG cron_logs/rc_cycle_20261010T140834Z.log
9ec4cb7ae7c1

============================================================
[RC-CRON] Sprint08 progressive-JPEG RC cycle starting
[RC-CRON] start_utc=2026-10-10T14:08:34+00:00
[RC-CRON] uptime_s=17.67
[RC-CRON] user=pi
[RC-CRON] hostname=bmcam003
[RC-CRON] app_dir=/home/pi/BM_Devel_Pi
[RC-CRON] log_file=/home/pi/BM_Devel_Pi/cron_logs/rc_cycle_20261010T140834Z.log
[RC-CRON] disk: /dev/mmcblk0p2  115G   87G   24G  79% /
[RC-CRON] images_dir: 626M
[RC-CRON] running RC capture/transmit cycle (halt at end per power_halt YAML)...
[BOOT] main_entry uptime_s=19.49
[CFG] config v2 /home/pi/BM_Devel_Pi/camera_config.yaml media=still hash=c013f614 hv=1 registry=v11 overlay=4 key(s)
[CFG] legacy runtime reads the v1 render /dev/shm/bmcam/camera_schedule.yaml (level=v2)
[CFG] supervisor runs the effective config: base ⊕ 4 overlay key(s) hash=c013f614 (render /dev/shm/bmcam/camera_schedule.yaml)
[GUARD] boot 216: 0 guarded key(s) pending
[RUNTIME] supervisor (source=config (v2))
[CMD] bm_commands enabled: topic=bmcam/cmd tail=150.0s defer_acks=False state=/home/pi/BM_Devel_Pi/bm_command_state_v2.json (loaded from file)
[NET] network island: default=nereus_hq ap_fallback_s=90 ap_timeout_min=60
[NET] applying boot default: sudo -n /home/pi/BM_Devel_Pi/network_ap.sh default nereus_hq 90
[RC] Sprint08 progressive-JPEG RC — resolved settings
[RC] config_path=/dev/shm/bmcam/camera_schedule.yaml
[RC] capture_mode=progressive_jpeg (RC path selected)
[RC] quality ladder (explicit): q_max=90 q_min=9 -> [90, 80, 70, 60, 50, 40, 30, 25, 20, 15, 13, 11, 9]
[RC] cycle budget: max_run_time_min=8 (480 s)
[RC] message cap: 195 msgs (field-tested hard cap)
[RC] pacing (bm_serial block, source=yaml): chunk_b64_chars=384 delay_s=1.0
[RC] derived (informational): transmit-only budget holds 480 paced msgs; M1 owns real accounting
[RC] power_halt: enabled=True dry_run=False mode=halt script=/home/pi/BM_Devel_Pi/tuned_halt.sh source=yaml
[RC] schedule: window=00:00-00:00 tz=America/Los_Angeles source=yaml
[RC] transmit_phase (C2): OFF (unscheduled transmit)
[RC] geometry (native coords, frozen): crop_xywh=(1504, 846, 1600, 900) output=1000x562 backend=rpicam
[SUP] per_boot: media=still transmit=True
[CMD] shared UART open: /dev/ttyAMA0@115200 (single port owner)
[CMD] subscribed topic=bmcam/cmd frame_bytes=17
[CMD] reader thread started
[BOOT] cmd_subscribed uptime_s=20.36
[RC] cycle start: budget=480s pacing=1.0s/msg
[CMD] time-sync subscribe sent; waiting up to 60s (fresh read)
[CMD] spotter UTC decoded: 2026-10-10T15:00:31.718000+00:00
Sat 10 Oct 15:00:31 UTC 2026
[BOOT] spotter_utc_read uptime_s=22.84
[RC] schedule gate: Within transmit window 00:00-00:00 America/Los_Angeles; local_time=2026-10-10T08:00:31.718000-07:00
[DEBUG] Sent compact telemetry message (132 bytes): <WS v=1 a=cap cfg=c013f614 up=2 tz=America/Los_Angeles lt=na ws=0000 we=0000 rk=1000x562 q=90 ct=24.6 sha=9ec4cb7ae7c1 hn=bmcam003>
[RAW] still.format=nrjxl: target_fill=0.97 d_max=10.4 distances=[3.8, 4.6, 5.95, 8.25] effort=5 encode_max_s=30 keep_crop=False crop=[1504, 846, 1600, 900] (native px)
[DEBUG] [EXP] low_gain: shutter up to 60000 us at the gain floor, then gain up to 1 (imx708_wide_lowgain_s60000_g1.json)
[DEBUG] Applying requested focus camera controls: args=--autofocus-mode auto --lens-position 1.82 --tuning-file /home/pi/BM_Devel_Pi/exposure_profile/tuning/imx708_wide_lowgain_s60000_g1.json; requested={'camera_control_source': 'image_pipeline.camera_controls', 'camera_controls_enabled': True, 'requested_focus_enabled': True, 'requested_focus_mode': 'auto', 'requested_lens_position': 1.82, 'requested_white_balance_enabled': False, 'requested_exposure_enabled': False, 'requested_image_processing_enabled': False, 'exposure_profile': 'low_gain', 'exposure_max_shutter_us': 60000, 'exposure_max_gain': 1.0, 'exposure_profile_applied': True, 'exposure_tuning_file': '/home/pi/BM_Devel_Pi/exposure_profile/tuning/imx708_wide_lowgain_s60000_g1.json', 'exposure_sensor_model': 'imx708_wide'}
[DEBUG] Running RAW capture (one attempt, no retries): /usr/bin/rpicam-still -n --timeout 2000 --width 4608 --height 2592 --quality 95 --metadata /home/pi/BM_Devel_Pi/images/2026-10-10T15:00:31Z_image_native_full.metadata.json --autofocus-mode auto --lens-position 1.82 --tuning-file /home/pi/BM_Devel_Pi/exposure_profile/tuning/imx708_wide_lowgain_s60000_g1.json --raw -o /home/pi/BM_Devel_Pi/images/2026-10-10T15:00:31Z_image_native_full.jpg
[DEBUG] RAW capture completed: /home/pi/BM_Devel_Pi/images/2026-10-10T15:00:31Z_image_native_full.jpg + /home/pi/BM_Devel_Pi/images/2026-10-10T15:00:31Z_image_native_full.dng (24029068 B DNG, 5.16 s)
[RC] native ready: /home/pi/BM_Devel_Pi/images/2026-10-10T15:00:31Z_image_native_full.jpg (2572919 B, elapsed=7.9s)
[RC] source prepared: 1000x562 (elapsed=9.2s)
[RC] attempt q90: 120902 B, 420 msgs, over_cap=True, budget_fit=True
[RC] attempt q80: 83848 B, 292 msgs, over_cap=True, budget_fit=True
[RC] attempt q70: 67527 B, 235 msgs, over_cap=True, budget_fit=True
[RC] attempt q60: 57021 B, 198 msgs, over_cap=True, budget_fit=True
[RC] attempt q50: 50111 B, 174 msgs, over_cap=False, budget_fit=True
[RC] selection: quality=50 attempts=5 fits=True reason=fit
[RC] final JPEG: /home/pi/BM_Devel_Pi/images/2026-10-10T15:00:31Z_image_compressed.jpg (50111 B, 174 msgs, sha256=8f46ef65b05968f5...)
[HEAL] wake plan: 1 pending heal(s), 37 chunk(s) this wake (cap 40)
[RAW] rgb (B3a) written to /home/pi/BM_Devel_Pi/images/.nrjxl_work_2026-10-10T15:00:31Z_image; supervisor VmRSS=76088 KiB (cjxl runs on top of this)
[NET] 2026-10-10T15:00:47Z client WiFi UP: profile=nereus-hq
[RAW] search1 d=2.595: 53371 B, 186 msgs, over_cap=False, budget_fit=True, 10.8 s, peak_rss=98048 KiB
[RAW] nrjxl ready: 53371 B, 186 msgs at d=2.595 att=1 (encode 10.8 s, elapsed=24.0s)
[KEY] media key 0ejdov from Spotter UTC 2026-10-10T15:00:31.718000+00:00 (spotter)
[KEY] pruned 4 sent file(s) older than 14 d (by key time) from /home/pi/BM_Devel_Pi/sent
[KEY] sent record: /home/pi/BM_Devel_Pi/sent/2026-10-10T15:00:31Z_image_compressed.sent.json (186 msgs, chunks <I0ejdov.n/186>)
[DEBUG] Runtime BM transfer settings: network=0x02 cellular-only; image_buffer_size=384; image_transmit_delay_seconds=1.0
[BOOT] transmit_start uptime_s=44.76
[HEAL] sent 37 heal chunk(s) before START: 0eh7wt:[3, 4, 5, 6, 7, 8, 9, 10, 11, 12, 91, 92, 93, 94, 95, 96, 97, 98, 99, 100, 165, 166, 167, 168, 169, 170, 171, 172, 173, 174, 185, 186, 187, 188, 189, 190, 191]
[HEAL] pending after this wake: none
[RC] transmit done: sent=186/186 complete=True incomplete_emitted=False uart=190.5s
[DEBUG] Raw image size: 2572919 bytes
[DEBUG] Image quality: 260
[DEBUG] Compressed image size: 53371 bytes
[DEBUG] Buffers: 186
[DEBUG] Execution Time: 4.21 min
[DEBUG] Within Window: True
[DEBUG] CPU Temp: 23.60°C
[DEBUG]  
[DEBUG]  
[DEBUG]  
[CMD] rsd id=100273 key=0ej84x n=3: accepted
[CMD] rsd id=100273 key=0ej5cx n=4: accepted
[CMD] rsd id=100273 key=0ej2ky n=10: accepted
[CMD] rsd id=100273 key=0eix0z n=20: accepted
[CMD] applied id=100273 rsd: rsd: 4 heal(s) queued (<HL> reports each)
[CMD] console: 1 line(s) sent, 0 queued
[HEAL] status: <HL v=1 key=0eh7wt a=sent n=37 r=ok id=100272 w=0ejdov>
[HEAL] status: <HL v=1 key=0ej84x a=requested n=3 r=ok id=100273 w=0ejdov>
[HEAL] status: <HL v=1 key=0ej5cx a=requested n=4 r=ok id=100273 w=0ejdov>
[HEAL] status: <HL v=1 key=0ej2ky a=requested n=10 r=ok id=100273 w=0ejdov>
[HEAL] status: <HL v=1 key=0eix0z a=requested n=20 r=ok id=100273 w=0ejdov>
[CMD] post-transmit listen window: 150s
[CMD] post-transmit listen window done: 0 command(s) processed, 0 ack(s) still queued
[SUP] staying awake 52s (hld=False, keep-alive after a command)
