LOG cron_logs/rc_cycle_20261010T050834Z.log
9ec4cb7ae7c1

============================================================
[RC-CRON] Sprint08 progressive-JPEG RC cycle starting
[RC-CRON] start_utc=2026-10-10T05:08:34+00:00
[RC-CRON] uptime_s=17.78
[RC-CRON] user=pi
[RC-CRON] hostname=bmcam003
[RC-CRON] app_dir=/home/pi/BM_Devel_Pi
[RC-CRON] log_file=/home/pi/BM_Devel_Pi/cron_logs/rc_cycle_20261010T050834Z.log
[RC-CRON] disk: /dev/mmcblk0p2  115G   87G   24G  79% /
[RC-CRON] images_dir: 626M
[RC-CRON] running RC capture/transmit cycle (halt at end per power_halt YAML)...
[BOOT] main_entry uptime_s=19.59
[CFG] config v2 /home/pi/BM_Devel_Pi/camera_config.yaml media=still hash=9c980489 hv=1 registry=v11 overlay=4 key(s)
[CFG] legacy runtime reads the v1 render /dev/shm/bmcam/camera_schedule.yaml (level=v2)
[CFG] supervisor runs the effective config: base ⊕ 4 overlay key(s) hash=9c980489 (render /dev/shm/bmcam/camera_schedule.yaml)
[GUARD] boot 207: 0 guarded key(s) pending
[RUNTIME] supervisor (source=config (v2))
[CMD] bm_commands enabled: topic=bmcam/cmd tail=150.0s defer_acks=False state=/home/pi/BM_Devel_Pi/bm_command_state_v2.json (loaded from file)
[NET] network island: default=nereus_hq ap_fallback_s=90 ap_timeout_min=60
[NET] applying boot default: sudo -n /home/pi/BM_Devel_Pi/network_ap.sh default nereus_hq 90
[RC] Sprint08 progressive-JPEG RC — resolved settings
[RC] config_path=/dev/shm/bmcam/camera_schedule.yaml
[RC] capture_mode=progressive_jpeg (RC path selected)
[RC] quality ladder (explicit): q_max=90 q_min=9 -> [90, 80, 70, 60, 50, 40, 30, 25, 20, 15, 13, 11, 9]
[RC] cycle budget: max_run_time_min=8 (480 s)
[RC] message cap: 195 msgs (field-tested hard cap)
[RC] pacing (bm_serial block, source=yaml): chunk_b64_chars=384 delay_s=1.0
[RC] derived (informational): transmit-only budget holds 480 paced msgs; M1 owns real accounting
[RC] power_halt: enabled=True dry_run=False mode=halt script=/home/pi/BM_Devel_Pi/tuned_halt.sh source=yaml
[RC] schedule: window=00:00-00:00 tz=America/Los_Angeles source=yaml
[RC] transmit_phase (C2): OFF (unscheduled transmit)
[RC] geometry (native coords, frozen): crop_xywh=(1504, 846, 1600, 900) output=1000x562 backend=rpicam
[SUP] per_boot: media=still transmit=True
[CMD] shared UART open: /dev/ttyAMA0@115200 (single port owner)
[CMD] subscribed topic=bmcam/cmd frame_bytes=17
[CMD] reader thread started
[BOOT] cmd_subscribed uptime_s=20.49
[RC] cycle start: budget=480s pacing=1.0s/msg
[CMD] time-sync subscribe sent; waiting up to 60s (fresh read)
[CMD] spotter UTC decoded: 2026-10-10T06:00:37.441000+00:00
Sat 10 Oct 06:00:37 UTC 2026
[BOOT] spotter_utc_read uptime_s=29.08
[RC] schedule gate: Within transmit window 00:00-00:00 America/Los_Angeles; local_time=2026-10-09T23:00:37.441000-07:00
[DEBUG] Sent compact telemetry message (132 bytes): <WS v=1 a=cap cfg=9c980489 up=8 tz=America/Los_Angeles lt=na ws=0000 we=0000 rk=1000x562 q=90 ct=26.3 sha=9ec4cb7ae7c1 hn=bmcam003>
[RAW] still.format=nrjxl: target_fill=0.97 d_max=10.4 distances=[3.8, 4.6, 5.95, 8.25] effort=5 encode_max_s=30 keep_crop=False crop=[1504, 846, 1600, 900] (native px)
[DEBUG] [EXP] low_gain: shutter up to 60000 us at the gain floor, then gain up to 1 (imx708_wide_lowgain_s60000_g1.json)
[DEBUG] Applying requested focus camera controls: args=--autofocus-mode auto --lens-position 1.82 --tuning-file /home/pi/BM_Devel_Pi/exposure_profile/tuning/imx708_wide_lowgain_s60000_g1.json; requested={'camera_control_source': 'image_pipeline.camera_controls', 'camera_controls_enabled': True, 'requested_focus_enabled': True, 'requested_focus_mode': 'auto', 'requested_lens_position': 1.82, 'requested_white_balance_enabled': False, 'requested_exposure_enabled': False, 'requested_image_processing_enabled': False, 'exposure_profile': 'low_gain', 'exposure_max_shutter_us': 60000, 'exposure_max_gain': 1.0, 'exposure_profile_applied': True, 'exposure_tuning_file': '/home/pi/BM_Devel_Pi/exposure_profile/tuning/imx708_wide_lowgain_s60000_g1.json', 'exposure_sensor_model': 'imx708_wide'}
[DEBUG] Running RAW capture (one attempt, no retries): /usr/bin/rpicam-still -n --timeout 2000 --width 4608 --height 2592 --quality 95 --metadata /home/pi/BM_Devel_Pi/images/2026-10-10T06:00:37Z_image_native_full.metadata.json --autofocus-mode auto --lens-position 1.82 --tuning-file /home/pi/BM_Devel_Pi/exposure_profile/tuning/imx708_wide_lowgain_s60000_g1.json --raw -o /home/pi/BM_Devel_Pi/images/2026-10-10T06:00:37Z_image_native_full.jpg
[DEBUG] RAW capture completed: /home/pi/BM_Devel_Pi/images/2026-10-10T06:00:37Z_image_native_full.jpg + /home/pi/BM_Devel_Pi/images/2026-10-10T06:00:37Z_image_native_full.dng (24029068 B DNG, 5.15 s)
[RC] native ready: /home/pi/BM_Devel_Pi/images/2026-10-10T06:00:37Z_image_native_full.jpg (657568 B, elapsed=14.0s)
[RC] source prepared: 1000x562 (elapsed=15.5s)
[RC] attempt q90: 4893 B, 17 msgs, over_cap=False, budget_fit=True
[RC] selection: quality=90 attempts=1 fits=True reason=fit
[RC] final JPEG: /home/pi/BM_Devel_Pi/images/2026-10-10T06:00:37Z_image_compressed.jpg (4893 B, 17 msgs, sha256=69b9648e80f1a3f9...)
[HEAL] wake plan: 2 pending heal(s), 40 chunk(s) this wake (cap 40)
[RAW] rgb (B3a) written to /home/pi/BM_Devel_Pi/images/.nrjxl_work_2026-10-10T06:00:37Z_image; supervisor VmRSS=75304 KiB (cjxl runs on top of this)
[NET] 2026-10-10T06:00:54Z client WiFi UP: profile=nereus-hq
[RAW] search1 d=2.595: 32571 B, 114 msgs, over_cap=False, budget_fit=True, 9.1 s, peak_rss=98012 KiB
[RAW] search2 d=1.627: 60217 B, 210 msgs, over_cap=True, budget_fit=True, 9.4 s, peak_rss=98268 KiB
[RAW] search3 d=1.756: 54924 B, 191 msgs, over_cap=False, budget_fit=True, 9.4 s, peak_rss=98264 KiB
[RAW] nrjxl ready: 54924 B, 191 msgs at d=1.756 att=3 (encode 27.8 s, elapsed=47.8s)
[KEY] media key 0eiop1 from Spotter UTC 2026-10-10T06:00:37.441000+00:00 (spotter)
[KEY] pruned 4 sent file(s) older than 14 d (by key time) from /home/pi/BM_Devel_Pi/sent
[KEY] sent record: /home/pi/BM_Devel_Pi/sent/2026-10-10T06:00:37Z_image_compressed.sent.json (191 msgs, chunks <I0eiop1.n/191>)
[DEBUG] Runtime BM transfer settings: network=0x02 cellular-only; image_buffer_size=384; image_transmit_delay_seconds=1.0
[BOOT] transmit_start uptime_s=68.66
[HEAL] sent 40 heal chunk(s) before START: 0eigct:[3, 4, 5, 6, 7, 8, 9, 10, 11, 12, 58, 80, 81, 82, 83, 84, 85, 86, 87, 88, 89, 97, 98, 99, 100, 101, 102, 103, 104, 105, 106, 182, 183, 184, 185, 186, 187, 188, 189], 0ei80v:[67]
[HEAL] pending after this wake: none
[RC] transmit done: sent=191/191 complete=True incomplete_emitted=False uart=195.6s
[DEBUG] Raw image size: 657568 bytes
[DEBUG] Image quality: 176
[DEBUG] Compressed image size: 54924 bytes
[DEBUG] Buffers: 191
[DEBUG] Execution Time: 4.75 min
[DEBUG] Within Window: True
[DEBUG] CPU Temp: 26.30°C
[DEBUG]  
[DEBUG]  
[DEBUG]  
[HEAL] status: <HL v=1 key=0eigct a=sent n=39 r=ok id=100264 w=0eiop1>
[HEAL] status: <HL v=1 key=0ei80v a=sent n=1 r=partial id=100261 w=0eiop1>
[CMD] post-transmit listen window: 150s
