[1:46:01.732577841] [2291]  INFO Camera camera_manager.cpp:340 libcamera v0.7.1+rpt20260609
[1:46:01.777680625] [2294]  WARN CameraSensorProperties camera_sensor_properties.cpp:548 No static properties available for 'imx708_wide'
[1:46:01.777796771] [2294]  WARN CameraSensorProperties camera_sensor_properties.cpp:550 Please consider updating the camera sensor properties database
[1:46:01.862858471] [2294]  INFO RPI pipeline_base.cpp:1133 Using configuration file '/usr/share/libcamera/pipeline/rpi/vc4/rpi_apps.yaml'
[1:46:01.983377303] [2294]  INFO IPAProxy ipa_proxy.cpp:184 Using tuning file /usr/share/libcamera/ipa/rpi/vc4/imx708_wide.json
[1:46:02.001279594] [2294]  WARN CameraSensor camera_sensor_legacy.cpp:502 'imx708_wide': No sensor delays found in static properties. Assuming unverified defaults.
[1:46:02.002506368] [2294]  INFO Camera camera_manager.cpp:223 Adding camera '/base/soc/i2c0mux/i2c@1/imx708@1a' for pipeline handler rpi/vc4
[1:46:02.002564545] [2294]  INFO RPI vc4.cpp:445 Registered camera /base/soc/i2c0mux/i2c@1/imx708@1a to Unicam device /dev/media0 and ISP device /dev/media1
Mode selection for 2304:1296:12:P
    SRGGB10_CSI2P,1536x864/0 - Score: 3400
    SRGGB10_CSI2P,2304x1296/0 - Score: 1000
    SRGGB10_CSI2P,4608x2592/0 - Score: 1900
[1:46:02.009737430] [2291]  INFO Camera camera.cpp:1216 configuring streams: (0) 2304x1296-YUV420/sYCC (1) 2304x1296-SBGGR10_CSI2P/RAW
[1:46:02.010362588] [2294]  INFO RPI vc4.cpp:620 Sensor: /base/soc/i2c0mux/i2c@1/imx708@1a - Selected sensor format: 2304x1296-SBGGR10_1X10/RAW - Selected unicam format: 2304x1296-pBAA/RAW
Mode selection for 4608:2592:12:P
    SRGGB10_CSI2P,1536x864/0 - Score: 10600
    SRGGB10_CSI2P,2304x1296/0 - Score: 8200
    SRGGB10_CSI2P,4608x2592/0 - Score: 1000
[1:46:04.108578189] [2291]  INFO Camera camera.cpp:1216 configuring streams: (0) 4608x2592-YUV420/sYCC (1) 4608x2592-SBGGR10_CSI2P/RAW
[1:46:04.109890381] [2294]  INFO RPI vc4.cpp:620 Sensor: /base/soc/i2c0mux/i2c@1/imx708@1a - Selected sensor format: 4608x2592-SBGGR10_1X10/RAW - Selected unicam format: 4608x2592-pBAA/RAW
Still capture image received
Bayer format is BGGR-10
