2026-10-01T05:31:36Z FAIL scp conductor files
2026-10-01T05:31:36Z pass done fail=1 events=       8 heal003=     208B heal004=    2337B
2026-10-01T05:32:05Z pass done fail=0 events=       8 heal003=     208B heal004=    2337B
2026-10-01T05:38:23Z pass done fail=0 events=       8 heal003=     208B heal004=    2337B
2026-10-01T05:42:30Z pass done fail=0 events=       8 heal003=     208B heal004=    2337B
2026-10-01T05:52:43Z pass done fail=0 events=      11 heal003=     208B heal004=    2337B
2026-10-01T06:02:54Z pass done fail=0 events=      15 heal003=     854B heal004=    2337B
2026-10-01T06:13:08Z pass done fail=0 events=      17 heal003=     854B heal004=    2337B
2026-10-01T06:23:21Z pass done fail=0 events=      18 heal003=    1548B heal004=    2337B
2026-10-01T06:27:29Z pass done fail=0 events=      19 heal003=    2161B heal004=    2337B
2026-10-01T06:32:16Z pass done fail=0 events=      23 heal003=    2686B heal004=    2337B
2026-10-01T06:33:33Z pass done fail=0 events=      23 heal003=    2686B heal004=    2337B
2026-10-01T06:43:48Z pass done fail=0 events=      23 heal003=    2686B heal004=    2337B
2026-10-01T06:54:03Z pass done fail=0 events=      25 heal003=    2686B heal004=    2337B
2026-10-01T07:04:05Z pass done fail=0 events=      30 heal003=    3539B heal004=    2858B
2026-10-01T07:04:18Z pass done fail=0 events=      30 heal003=    3539B heal004=    2858B
2026-10-01T07:14:30Z pass done fail=0 events=      30 heal003=    3539B heal004=    2858B
2026-10-01T07:24:45Z pass done fail=0 events=      34 heal003=    3899B heal004=    3218B
2026-10-01T07:34:10Z pass done fail=0 events=      40 heal003=    4202B heal004=    3520B
2026-10-01T07:35:02Z pass done fail=0 events=      40 heal003=    4202B heal004=    3520B
2026-10-01T07:45:17Z pass done fail=0 events=      40 heal003=    4202B heal004=    3520B
2026-10-01T07:55:33Z pass done fail=0 events=      42 heal003=    4202B heal004=    4045B
2026-10-01T08:05:49Z pass done fail=0 events=      46 heal003=    4756B heal004=    4045B
2026-10-01T08:16:06Z pass done fail=0 events=      49 heal003=    5090B heal004=    4378B
2026-10-01T08:26:22Z pass done fail=0 events=      51 heal003=    5628B heal004=    4378B
2026-10-01T08:36:39Z pass done fail=0 events=      55 heal003=    5628B heal004=    4378B
2026-10-01T08:46:56Z pass done fail=0 events=      57 heal003=    5962B heal004=    4378B
2026-10-01T08:57:13Z pass done fail=0 events=      57 heal003=    5962B heal004=    4903B
2026-10-01T09:07:30Z pass done fail=0 events=      61 heal003=    6573B heal004=    4903B
2026-10-01T09:17:48Z pass done fail=0 events=      64 heal003=    6573B heal004=    4410B
2026-10-01T09:28:05Z pass done fail=0 events=      66 heal003=    7873B heal004=    3104B
2026-10-01T09:38:23Z pass done fail=0 events=      70 heal003=    8398B heal004=    3625B
2026-10-01T10:22:03Z pass done fail=0 events=      80 heal003=   10150B heal004=    3957B
2026-10-01T10:32:22Z pass done fail=0 events=      81 heal003=   10452B heal004=    4494B
2026-10-01T10:42:41Z pass done fail=0 events=      86 heal003=   11323B heal004=    4494B
2026-10-01T10:52:59Z pass done fail=0 events=      89 heal003=   11323B heal004=    4828B
2026-10-01T11:03:18Z pass done fail=0 events=      90 heal003=   12182B heal004=    5349B
2026-10-01T11:13:38Z pass done fail=0 events=      94 heal003=   12182B heal004=    5349B
2026-10-01T11:45:09Z pass done fail=0 events=     102 heal003=   13088B heal004=    6202B
2026-10-01T12:18:30Z pass done fail=0 events=     110 heal003=   13964B heal004=    6202B
2026-10-01T12:28:51Z pass done fail=0 events=     112 heal003=   14326B heal004=    6202B
2026-10-01T12:39:12Z pass done fail=0 events=     117 heal003=   15163B heal004=    6740B
2026-10-01T12:49:33Z pass done fail=0 events=     118 heal003=   15163B heal004=    7074B
2026-10-01T12:59:54Z pass done fail=0 events=     121 heal003=   15495B heal004=    7074B
2026-10-01T13:10:16Z pass done fail=0 events=     125 heal003=   16033B heal004=    7680B
2026-10-01T13:36:46Z pass done fail=0 events=     131 heal003=   16699B heal004=    9519B
2026-10-01T14:17:55Z pass done fail=0 events=     142 heal003=   17571B heal004=   10387B
2026-10-01T14:35:40Z pass done fail=0 events=     147 heal003=   18428B heal004=   10721B
2026-10-01T15:08:48Z pass done fail=0 events=     155 heal003=   18957B heal004=   10721B
2026-10-01T15:38:57Z pass done fail=0 events=     162 heal003=   19486B heal004=   10721B
2026-10-01T15:49:21Z pass done fail=0 events=     166 heal003=   19486B heal004=   10721B
2026-10-01T15:59:45Z pass done fail=0 events=     170 heal003=   19818B heal004=   10721B
2026-10-01T16:10:08Z pass done fail=0 events=     170 heal003=   19818B heal004=   11246B
2026-10-01T16:20:34Z pass done fail=0 events=     175 heal003=   20347B heal004=   11246B
2026-10-01T16:30:59Z pass done fail=0 events=     178 heal003=   20347B heal004=   11578B
2026-10-01T16:41:23Z pass done fail=0 events=     179 heal003=   21200B heal004=   11578B
2026-10-01T16:51:48Z pass done fail=0 events=     183 heal003=   21200B heal004=   11578B
2026-10-01T17:02:14Z pass done fail=0 events=     187 heal003=   21560B heal004=   11578B
2026-10-01T17:12:39Z pass done fail=0 events=     188 heal003=   21862B heal004=   11578B
2026-10-01T17:23:03Z pass done fail=0 events=     193 heal003=   21862B heal004=   11578B
2026-10-01T17:33:28Z pass done fail=0 events=     195 heal003=   21862B heal004=   11578B
2026-10-01T17:43:52Z pass done fail=0 events=     195 heal003=   22388B heal004=   11578B
2026-10-01T17:54:18Z pass done fail=0 events=     199 heal003=   22388B heal004=   11578B
2026-10-01T18:04:43Z pass done fail=0 events=     203 heal003=   22722B heal004=   11578B
2026-10-01T18:15:08Z pass done fail=0 events=     207 heal003=   23247B heal004=   11578B
2026-10-01T18:25:36Z pass done fail=0 events=     207 heal003=   23247B heal004=   11578B
2026-10-01T18:36:01Z pass done fail=0 events=     211 heal003=   23579B heal004=   11578B
2026-10-01T18:46:26Z pass done fail=0 events=     216 heal003=   24451B heal004=   11578B
2026-10-01T18:56:51Z pass done fail=0 events=     216 heal003=   24451B heal004=   11578B
2026-10-01T19:07:16Z pass done fail=0 events=     220 heal003=   24451B heal004=   11578B
2026-10-01T19:17:41Z pass done fail=0 events=     224 heal003=   24451B heal004=   11578B
2026-10-01T19:28:05Z pass done fail=0 events=     224 heal003=   24451B heal004=   11578B
2026-10-01T19:38:31Z pass done fail=0 events=     227 heal003=   24451B heal004=   11578B
2026-10-01T19:48:55Z pass done fail=0 events=     231 heal003=   24976B heal004=   11578B
2026-10-01T19:59:21Z pass done fail=0 events=     231 heal003=   24976B heal004=   11578B
2026-10-01T20:09:45Z pass done fail=0 events=     234 heal003=   25336B heal004=   11578B
2026-10-01T20:20:10Z pass done fail=0 events=     239 heal003=   26165B heal004=   11578B
2026-10-01T20:30:37Z pass done fail=0 events=     239 heal003=   26165B heal004=   11578B
2026-10-01T20:41:04Z pass done fail=0 events=     243 heal003=   26827B heal004=   11578B
2026-10-01T20:51:29Z pass done fail=0 events=     247 heal003=   27381B heal004=   11578B
2026-10-01T21:01:54Z pass done fail=0 events=     250 heal003=   27743B heal004=   11578B
2026-10-01T21:12:20Z pass done fail=0 events=     251 heal003=   28047B heal004=   11578B
2026-10-01T21:22:47Z pass done fail=0 events=     255 heal003=   28593B heal004=   11578B
2026-10-01T21:33:16Z pass done fail=0 events=     258 heal003=   28593B heal004=   11578B
2026-10-01T21:43:41Z pass done fail=0 events=     259 heal003=   29477B heal004=   11578B
2026-10-01T21:54:08Z pass done fail=0 events=     263 heal003=   29477B heal004=   11578B
2026-10-01T22:04:35Z pass done fail=0 events=     267 heal003=   29811B heal004=   11578B
2026-10-01T23:17:47Z FAIL fetch SPOT-33507C heal-events
2026-10-01T23:17:47Z FAIL fetch SPOT-33507C command-events
2026-10-01T23:17:47Z FAIL fetch SPOT-31593C heal-events
2026-10-01T23:17:47Z FAIL fetch SPOT-31593C command-events
2026-10-01T23:17:47Z FAIL scp events.jsonl
2026-10-01T23:17:47Z WARN media_status failed
2026-10-01T23:17:47Z WARN bmcam003 unreachable (kept last copy)
2026-10-01T23:17:47Z WARN bmcam004 unreachable (kept last copy)
2026-10-01T23:17:47Z pass done fail=1 events=     267 heal003=   29811B heal004=   11578B
2026-10-01T23:28:28Z FAIL fetch SPOT-33507C heal-events
2026-10-01T23:28:28Z FAIL fetch SPOT-33507C command-events
2026-10-01T23:28:28Z FAIL fetch SPOT-31593C heal-events
2026-10-01T23:28:28Z FAIL fetch SPOT-31593C command-events
2026-10-01T23:28:28Z FAIL scp events.jsonl
2026-10-01T23:28:28Z WARN media_status failed
2026-10-01T23:28:28Z WARN bmcam003 unreachable (kept last copy)
2026-10-01T23:28:28Z WARN bmcam004 unreachable (kept last copy)
2026-10-01T23:28:28Z pass done fail=1 events=     267 heal003=   29811B heal004=   11578B
2026-10-02T00:54:41Z pass done fail=0 events=     310 heal003=   34462B heal004=   15073B
2026-10-02T02:20:52Z pass done fail=0 events=     328 heal003=   36693B heal004=   15407B
2026-10-02T02:24:37Z pass done fail=0 events=     330 heal003=   36693B heal004=   15407B
2026-10-02T02:31:22Z pass done fail=0 events=     330 heal003=   36693B heal004=   15407B
2026-10-02T02:41:52Z pass done fail=0 events=     332 heal003=   37025B heal004=   15407B
2026-10-02T02:52:22Z pass done fail=0 events=     332 heal003=   37546B heal004=   15407B
2026-10-02T03:02:51Z pass done fail=0 events=     339 heal003=   37878B heal004=   15407B
2026-10-02T03:13:21Z pass done fail=0 events=     339 heal003=   37878B heal004=   15407B
2026-10-02T03:23:52Z pass done fail=0 events=     339 heal003=   38416B heal004=   15407B
2026-10-02T03:34:22Z pass done fail=0 events=     341 heal003=   38416B heal004=   15407B
2026-10-02T03:44:51Z pass done fail=0 events=     345 heal003=   38750B heal004=   15407B
2026-10-02T03:55:22Z pass done fail=0 events=     345 heal003=   38750B heal004=   15407B
2026-10-02T04:05:51Z pass done fail=0 events=     348 heal003=   40050B heal004=   15407B
2026-10-02T04:16:20Z pass done fail=0 events=     348 heal003=   40573B heal004=   15407B
2026-10-02T04:26:50Z pass done fail=0 events=     355 heal003=   41182B heal004=   15407B
2026-10-02T04:37:23Z pass done fail=0 events=     355 heal003=   41182B heal004=   15407B
2026-10-02T04:47:52Z pass done fail=0 events=     358 heal003=   41514B heal004=   15407B
2026-10-02T04:58:22Z pass done fail=0 events=     362 heal003=   42093B heal004=   15928B
2026-10-02T05:08:53Z pass done fail=0 events=     362 heal003=   42093B heal004=   15928B
2026-10-02T05:19:23Z pass done fail=0 events=     365 heal003=   42455B heal004=   16288B
2026-10-02T05:29:54Z pass done fail=0 events=     371 heal003=   43307B heal004=   16590B
2026-10-02T05:30:16Z pass done fail=0 events=     371 heal003=   43307B heal004=   16590B
