2026-10-06T13:10:41Z SPOT-31593C > bridge cfg get 0e582dd12c1e1480 s bridgePowerControllerEnabled
2026-10-06T13:10:42Z bridge cfg get 0e582dd12c1e1480 s bridgePowerControllerEnabled
2026-10-06T13:10:42Z Succesfully sent config get msg
2026-10-06T13:10:42Z 2026-10-06T13:10:42.996Z [BRIDGE_CFG] [INFO] Node ID: 0000000000000000 Partition: system Value: 1
2026-10-06T13:10:45Z SPOT-31593C > bridge cfg set 0e582dd12c1e1480 s u bridgePowerControllerEnabled 0
2026-10-06T13:10:46Z bridge cfg set 0e582dd12c1e1480 s u bridgePowerControllerEnabled 0
2026-10-06T13:10:46Z Succesfully sent config set msg
2026-10-06T13:10:46Z 2026-10-06T13:10:47.207Z [BRIDGE_CFG] [INFO] Node ID: 0000000000000000 Partition: system Value: 0
2026-10-06T13:10:51Z SPOT-31593C > bridge cfg commit 0e582dd12c1e1480 s
2026-10-06T13:10:51Z bridge cfg commit 0e582dd12c1e1480 s
2026-10-06T13:10:51Z Succesfull config commit send
2026-10-06T13:10:53Z 2026-10-06T13:10:53.789Z [BRIDGE] [ERROR] Bridge RX Processing Packet Failure: -7
2026-10-06T13:10:53Z 2026-10-06T13:10:53.792Z [BRIDGE] [INFO] Setting negotiated baud rate to 1000000 from 1000000
2026-10-06T13:10:53Z 2026-10-06T13:10:53.796Z [BRIDGE_SYS] [INFO] Bridge State Init
2026-10-06T13:10:53Z 2026-10-06T13:10:53.800Z [BRIDGE] [INFO] Reboot info received from 0e582dd12c1e1480 - Reason: 5 gitSHA: 1595f804 Reboot cnt: 0 PC: 0x0 LR: 0x0
2026-10-06T13:10:53Z 2026-10-06T13:10:53.808Z [BRIDGE_SYS] [INFO] Bridge bus power: 1
2026-10-06T13:10:53Z 2026-10-06T13:10:53.855Z [BRIDGE_CFG] [INFO] Response msg -- Node Id: 0000000000000000, Partition: system, Commit Status: 0
2026-10-06T13:10:53Z 2026-10-06T13:10:53.855Z [BRIDGE_CFG] [INFO] Num Keys: 16
2026-10-06T13:10:53Z 2026-10-06T13:10:53.855Z [BRIDGE_CFG] [INFO] Key 0: sampleIntervalMs
2026-10-06T13:10:53Z 2026-10-06T13:10:53.855Z [BRIDGE_CFG] [INFO] Key 1: sampleDurationMs
2026-10-06T13:10:53Z 2026-10-06T13:10:53.855Z [BRIDGE_CFG] [INFO] Key 2: subsampleIntervalMs
2026-10-06T13:10:53Z 2026-10-06T13:10:53.859Z [BRIDGE_CFG] [INFO] Key 3: subsampleDurationMs
2026-10-06T13:10:53Z 2026-10-06T13:10:53.859Z [BRIDGE_CFG] [INFO] Key 4: subsampleEnabled
2026-10-06T13:10:53Z 2026-10-06T13:10:53.859Z [BRIDGE_CFG] [INFO] Key 5: bridgePowerControllerEnabled
2026-10-06T13:10:53Z 2026-10-06T13:10:53.859Z [BRIDGE_CFG] [INFO] Key 6: alignmentInterval5Min
2026-10-06T13:10:53Z 2026-10-06T13:10:53.859Z [BRIDGE_CFG] [INFO] Key 7: ticksSamplingEnabled
2026-10-06T13:10:53Z 2026-10-06T13:10:53.859Z [BRIDGE_CFG] [INFO] Key 8: samplesPerReport
2026-10-06T13:10:53Z 2026-10-06T13:10:53.859Z [BRIDGE_CFG] [INFO] Key 9: transmitAggregations
2026-10-06T13:10:53Z 2026-10-06T13:10:53.859Z [BRIDGE_CFG] [INFO] Key 10: currentReadingPeriodMs
2026-10-06T13:10:53Z 2026-10-06T13:10:53.859Z [BRIDGE_CFG] [INFO] Key 11: softReadingPeriodMs
2026-10-06T13:10:53Z 2026-10-06T13:10:53.859Z [BRIDGE_CFG] [INFO] Key 12: rbrCodaReadingPeriodMs
2026-10-06T13:10:53Z 2026-10-06T13:10:53.859Z [BRIDGE_CFG] [INFO] Key 13: turbidityReadingPeriodMs
2026-10-06T13:10:53Z 2026-10-06T13:10:53.859Z [BRIDGE_CFG] [INFO] Key 14: disableUnusedPortsTimeMs
2026-10-06T13:10:53Z 2026-10-06T13:10:53.859Z [BRIDGE_CFG] [INFO] Key 15: salinityReadingPeriodMs
2026-10-06T13:10:53Z 2026-10-06T13:10:53.859Z [BRIDGE_CFG] [INFO] Response msg -- Node Id: 0000000000000000, Partition: user, Commit Status: 0
2026-10-06T13:10:53Z 2026-10-06T13:10:53.863Z [BRIDGE_CFG] [INFO] Num Keys: 0
2026-10-06T13:10:53Z 2026-10-06T13:10:53.863Z [BRIDGE_CFG] [INFO] Response msg -- Node Id: 0000000000000000, Partition: hardware, Commit Status: 0
2026-10-06T13:10:53Z 2026-10-06T13:10:53.863Z [BRIDGE_CFG] [INFO] Num Keys: 1
2026-10-06T13:10:53Z 2026-10-06T13:10:53.863Z [BRIDGE_CFG] [INFO] Key 0: smConfigurationCrc
2026-10-06T13:10:53Z 2026-10-06T13:10:53.863Z [BRIDGE] [INFO] handle_power_states, power on for: 4294967295
2026-10-06T13:10:53Z 2026-10-06T13:10:53.867Z [BRIDGE_CFG] [INFO] Node ID: 0000000000000000 Partition: system Value: 3600000
2026-10-06T13:10:53Z 2026-10-06T13:10:53.871Z [BRIDGE_CFG] [INFO] Node ID: 0000000000000000 Partition: system Value: 600000
2026-10-06T13:10:53Z 2026-10-06T13:10:53.875Z [BRIDGE_CFG] [INFO] Node ID: 0000000000000000 Partition: system Value: 300000
2026-10-06T13:10:53Z 2026-10-06T13:10:53.878Z [BRIDGE_CFG] [INFO] Node ID: 0000000000000000 Partition: system Value: 60000
2026-10-06T13:10:53Z 2026-10-06T13:10:53.882Z [BRIDGE_CFG] [INFO] Node ID: 0000000000000000 Partition: system Value: 0
2026-10-06T13:10:53Z 2026-10-06T13:10:53.886Z [BRIDGE_CFG] [INFO] Node ID: 0000000000000000 Partition: system Value: 0
2026-10-06T13:10:53Z 2026-10-06T13:10:53.890Z [BRIDGE_CFG] [INFO] Node ID: 0000000000000000 Partition: system Value: 1
2026-10-06T13:10:53Z 2026-10-06T13:10:53.894Z [BRIDGE_CFG] [INFO] Node ID: 0000000000000000 Partition: system Value: 0
2026-10-06T13:10:53Z 2026-10-06T13:10:53.898Z [BRIDGE_CFG] [INFO] Node ID: 0000000000000000 Partition: system Value: 1
2026-10-06T13:10:53Z 2026-10-06T13:10:53.902Z [BRIDGE_CFG] [INFO] Node ID: 0000000000000000 Partition: system Value: 1
2026-10-06T13:10:53Z 2026-10-06T13:10:53.910Z [BRIDGE_CFG] [INFO] Node ID: 0000000000000000 Partition: system Value: 60000
2026-10-06T13:10:53Z 2026-10-06T13:10:53.914Z [BRIDGE_CFG] [INFO] Node ID: 0000000000000000 Partition: system Value: 500
2026-10-06T13:10:53Z 2026-10-06T13:10:53.917Z [BRIDGE_CFG] [INFO] Node ID: 0000000000000000 Partition: system Value: 500
2026-10-06T13:10:53Z 2026-10-06T13:10:53.921Z [BRIDGE_CFG] [INFO] Node ID: 0000000000000000 Partition: system Value: 1000
2026-10-06T13:10:53Z 2026-10-06T13:10:53.925Z [BRIDGE_CFG] [INFO] Node ID: 0000000000000000 Partition: system Value: 0
2026-10-06T13:10:53Z 2026-10-06T13:10:53.929Z [BRIDGE_CFG] [INFO] Node ID: 0000000000000000 Partition: system Value: 30000
2026-10-06T13:10:53Z 2026-10-06T13:10:53.933Z [BRIDGE_CFG] [INFO] Node ID: 0000000000000000 Partition: hardware - Failed to decode value
2026-10-06T13:10:54Z 2026-10-06T13:10:54.839Z [BRIDGE_SYS] [INFO] Neighbor e6fe83ea6b4a2b7f added
2026-10-06T13:11:34Z SPOT-31593C > bridge cfg get 0e582dd12c1e1480 s bridgePowerControllerEnabled
2026-10-06T13:11:37Z bridge cfg get 0e582dd12c1e1480 s bridgePowerControllerEnabled
2026-10-06T13:11:37Z Succesfully sent config get msg
2026-10-06T13:11:37Z 2026-10-06T13:11:37.632Z [BRIDGE_CFG] [INFO] Node ID: 0000000000000000 Partition: system Value: 0
2026-10-06T13:11:38Z 2026-10-06T13:11:39.589Z [MS] [DEBUG] Waiting for TX
2026-10-06T15:02:31Z SPOT-31593C > bridge cfg get 0e582dd12c1e1480 s bridgePowerControllerEnabled
2026-10-06T15:02:34Z bridge cfg get 0e582dd12c1e1480 s bridgePowerControllerEnabled
2026-10-06T15:02:34Z Succesfully sent config get msg
2026-10-06T15:02:34Z 2026-10-06T15:02:35.703Z [BRIDGE_CFG] [INFO] Node ID: 0000000000000000 Partition: system Value: 0
2026-10-06T15:02:38Z SPOT-31593C > bridge cfg get 0e582dd12c1e1480 s sampleIntervalMs
2026-10-06T15:02:40Z bridge cfg get 0e582dd12c1e1480 s sampleIntervalMs
2026-10-06T15:02:40Z Succesfully sent config get msg
2026-10-06T15:02:40Z 2026-10-06T15:02:41.328Z [BRIDGE_CFG] [INFO] Node ID: 0000000000000000 Partition: system Value: 3600000
2026-10-06T15:02:43Z SPOT-31593C > bridge cfg get 0e582dd12c1e1480 s sampleDurationMs
2026-10-06T15:02:45Z bridge cfg get 0e582dd12c1e1480 s sampleDurationMs
2026-10-06T15:02:45Z Succesfully sent config get msg
2026-10-06T15:02:45Z 2026-10-06T15:02:46.746Z [BRIDGE_CFG] [INFO] Node ID: 0000000000000000 Partition: system Value: 600000
2026-10-06T15:02:49Z SPOT-31593C > bridge cfg get 0e582dd12c1e1480 s bridgePowerControllerEnabled
2026-10-06T15:02:50Z bridge cfg get 0e582dd12c1e1480 s bridgePowerControllerEnabled
2026-10-06T15:02:50Z Succesfully sent config get msg
2026-10-06T15:02:50Z 2026-10-06T15:02:51.160Z [BRIDGE_CFG] [INFO] Node ID: 0000000000000000 Partition: system Value: 0
2026-10-06T15:02:53Z SPOT-31593C > bridge cfg get 0e582dd12c1e1480 s sampleIntervalMs
2026-10-06T15:02:54Z bridge cfg get 0e582dd12c1e1480 s sampleIntervalMs
2026-10-06T15:02:54Z Succesfully sent config get msg
2026-10-06T15:02:54Z 2026-10-06T15:02:55.378Z [BRIDGE_CFG] [INFO] Node ID: 0000000000000000 Partition: system Value: 3600000
2026-10-06T15:02:57Z 2026-10-06T15:02:58.648Z [BRIDGE_CFG] [INFO] Bridge topology in topology sampler:
2026-10-06T15:02:57Z 2026-10-06T15:02:58.656Z [BRIDGE_CFG] [INFO] 0e582dd12c1e1480
2026-10-06T15:02:57Z 2026-10-06T15:02:58.656Z [BRIDGE_CFG] [INFO] e6fe83ea6b4a2b7f
2026-10-06T15:02:57Z 2026-10-06T15:02:58.660Z [BRIDGE_SYS] [INFO] Checking CRC in report builder!
2026-10-06T15:02:57Z 2026-10-06T15:02:58.660Z [BRIDGE_SYS] [INFO] Got CRC f3b914aa OLD CRC f3b914aa
2026-10-06T15:02:57Z 2026-10-06T15:02:58.664Z [BRIDGE_SYS] [INFO] CRCs match, not updating
2026-10-06T15:02:57Z SPOT-31593C > bridge cfg get 0e582dd12c1e1480 s sampleDurationMs
2026-10-06T15:02:58Z bridge cfg get 0e582dd12c1e1480 s sampleDurationMs
2026-10-06T15:02:58Z Succesfully sent config get msg
2026-10-06T15:02:58Z 2026-10-06T15:02:59.800Z [BRIDGE_CFG] [INFO] Node ID: 0000000000000000 Partition: system Value: 600000
2026-10-06T15:03:02Z SPOT-31593C > bridge cfg set 0e582dd12c1e1480 s u bridgePowerControllerEnabled 1
2026-10-06T15:03:03Z bridge cfg set 0e582dd12c1e1480 s u bridgePowerControllerEnabled 1
2026-10-06T15:03:03Z Succesfully sent config set msg
2026-10-06T15:03:03Z 2026-10-06T15:03:04.218Z [BRIDGE_CFG] [INFO] Node ID: 0000000000000000 Partition: system Value: 1
2026-10-06T15:03:07Z SPOT-31593C > bridge cfg commit 0e582dd12c1e1480 s
2026-10-06T15:03:08Z bridge cfg commit 0e582dd12c1e1480 s
2026-10-06T15:03:08Z Succesfull config commit send
2026-10-06T15:03:10Z 2026-10-06T15:03:10.992Z [BRIDGE] [ERROR] Bridge RX Processing Packet Failure: -7
2026-10-06T15:03:10Z 2026-10-06T15:03:10.992Z [BRIDGE] [INFO] Setting negotiated baud rate to 1000000 from 1000000
2026-10-06T15:03:10Z 2026-10-06T15:03:11.000Z [BRIDGE_SYS] [INFO] Bridge State Init
2026-10-06T15:03:10Z 2026-10-06T15:03:11.000Z [BRIDGE] [INFO] Reboot info received from 0e582dd12c1e1480 - Reason: 5 gitSHA: 1595f804 Reboot cnt: 0 PC: 0x0 LR: 0x0
2026-10-06T15:03:10Z 2026-10-06T15:03:11.007Z [BRIDGE_SYS] [INFO] Bridge bus power: 1
2026-10-06T15:03:10Z 2026-10-06T15:03:11.058Z [BRIDGE_CFG] [INFO] Response msg -- Node Id: 0000000000000000, Partition: system, Commit Status: 0
2026-10-06T15:03:10Z 2026-10-06T15:03:11.058Z [BRIDGE_CFG] [INFO] Num Keys: 16
2026-10-06T15:03:10Z 2026-10-06T15:03:11.058Z [BRIDGE_CFG] [INFO] Key 0: sampleIntervalMs
2026-10-06T15:03:10Z 2026-10-06T15:03:11.058Z [BRIDGE_CFG] [INFO] Key 1: sampleDurationMs
2026-10-06T15:03:10Z 2026-10-06T15:03:11.058Z [BRIDGE_CFG] [INFO] Key 2: subsampleIntervalMs
2026-10-06T15:03:10Z 2026-10-06T15:03:11.058Z [BRIDGE_CFG] [INFO] Key 3: subsampleDurationMs
2026-10-06T15:03:10Z 2026-10-06T15:03:11.058Z [BRIDGE_CFG] [INFO] Key 4: subsampleEnabled
2026-10-06T15:03:10Z 2026-10-06T15:03:11.058Z [BRIDGE_CFG] [INFO] Key 5: bridgePowerControllerEnabled
2026-10-06T15:03:10Z 2026-10-06T15:03:11.058Z [BRIDGE_CFG] [INFO] Key 6: alignmentInterval5Min
2026-10-06T15:03:10Z 2026-10-06T15:03:11.062Z [BRIDGE_CFG] [INFO] Key 7: ticksSamplingEnabled
2026-10-06T15:03:10Z 2026-10-06T15:03:11.062Z [BRIDGE_CFG] [INFO] Key 8: samplesPerReport
2026-10-06T15:03:10Z 2026-10-06T15:03:11.062Z [BRIDGE_CFG] [INFO] Key 9: transmitAggregations
2026-10-06T15:03:10Z 2026-10-06T15:03:11.062Z [BRIDGE_CFG] [INFO] Key 10: currentReadingPeriodMs
2026-10-06T15:03:10Z 2026-10-06T15:03:11.062Z [BRIDGE_CFG] [INFO] Key 11: softReadingPeriodMs
2026-10-06T15:03:10Z 2026-10-06T15:03:11.062Z [BRIDGE_CFG] [INFO] Key 12: rbrCodaReadingPeriodMs
2026-10-06T15:03:10Z 2026-10-06T15:03:11.062Z [BRIDGE_CFG] [INFO] Key 13: turbidityReadingPeriodMs
2026-10-06T15:03:10Z 2026-10-06T15:03:11.062Z [BRIDGE_CFG] [INFO] Key 14: disableUnusedPortsTimeMs
2026-10-06T15:03:10Z 2026-10-06T15:03:11.062Z [BRIDGE_CFG] [INFO] Key 15: salinityReadingPeriodMs
2026-10-06T15:03:10Z 2026-10-06T15:03:11.062Z [BRIDGE_CFG] [INFO] Response msg -- Node Id: 0000000000000000, Partition: user, Commit Status: 0
2026-10-06T15:03:10Z 2026-10-06T15:03:11.062Z [BRIDGE_CFG] [INFO] Num Keys: 0
2026-10-06T15:03:10Z 2026-10-06T15:03:11.062Z [BRIDGE_CFG] [INFO] Response msg -- Node Id: 0000000000000000, Partition: hardware, Commit Status: 0
2026-10-06T15:03:10Z 2026-10-06T15:03:11.062Z [BRIDGE_CFG] [INFO] Num Keys: 1
2026-10-06T15:03:10Z 2026-10-06T15:03:11.062Z [BRIDGE_CFG] [INFO] Key 0: smConfigurationCrc
2026-10-06T15:03:10Z 2026-10-06T15:03:11.066Z [BRIDGE] [INFO] handle_power_states, power on for: 120000
2026-10-06T15:03:10Z 2026-10-06T15:03:11.070Z [BRIDGE_CFG] [INFO] Node ID: 0000000000000000 Partition: system Value: 3600000
2026-10-06T15:03:10Z 2026-10-06T15:03:11.074Z [BRIDGE_CFG] [INFO] Node ID: 0000000000000000 Partition: system Value: 600000
2026-10-06T15:03:10Z 2026-10-06T15:03:11.078Z [BRIDGE_CFG] [INFO] Node ID: 0000000000000000 Partition: system Value: 300000
2026-10-06T15:03:10Z 2026-10-06T15:03:11.085Z [BRIDGE_CFG] [INFO] Node ID: 0000000000000000 Partition: system Value: 60000
2026-10-06T15:03:10Z 2026-10-06T15:03:11.089Z [BRIDGE_CFG] [INFO] Node ID: 0000000000000000 Partition: system Value: 0
2026-10-06T15:03:10Z 2026-10-06T15:03:11.093Z [BRIDGE_CFG] [INFO] Node ID: 0000000000000000 Partition: system Value: 1
2026-10-06T15:03:10Z 2026-10-06T15:03:11.097Z [BRIDGE_CFG] [INFO] Node ID: 0000000000000000 Partition: system Value: 1
2026-10-06T15:03:10Z 2026-10-06T15:03:11.105Z [BRIDGE_CFG] [INFO] Node ID: 0000000000000000 Partition: system Value: 0
2026-10-06T15:03:10Z 2026-10-06T15:03:11.109Z [BRIDGE_CFG] [INFO] Node ID: 0000000000000000 Partition: system Value: 1
2026-10-06T15:03:10Z 2026-10-06T15:03:11.113Z [BRIDGE_CFG] [INFO] Node ID: 0000000000000000 Partition: system Value: 1
2026-10-06T15:03:10Z 2026-10-06T15:03:11.121Z [BRIDGE_CFG] [INFO] Node ID: 0000000000000000 Partition: system Value: 60000
2026-10-06T15:03:10Z 2026-10-06T15:03:11.125Z [BRIDGE_CFG] [INFO] Node ID: 0000000000000000 Partition: system Value: 500
2026-10-06T15:03:10Z 2026-10-06T15:03:11.128Z [BRIDGE_CFG] [INFO] Node ID: 0000000000000000 Partition: system Value: 500
2026-10-06T15:03:10Z 2026-10-06T15:03:11.132Z [BRIDGE_CFG] [INFO] Node ID: 0000000000000000 Partition: system Value: 1000
2026-10-06T15:03:10Z 2026-10-06T15:03:11.140Z [BRIDGE_CFG] [INFO] Node ID: 0000000000000000 Partition: system Value: 0
2026-10-06T15:03:10Z 2026-10-06T15:03:11.144Z [BRIDGE_CFG] [INFO] Node ID: 0000000000000000 Partition: system Value: 30000
2026-10-06T15:03:10Z 2026-10-06T15:03:11.148Z [BRIDGE_CFG] [INFO] Node ID: 0000000000000000 Partition: hardware - Failed to decode value
2026-10-06T15:03:11Z 2026-10-06T15:03:12.035Z [BRIDGE_SYS] [INFO] Neighbor e6fe83ea6b4a2b7f added
2026-10-06T15:03:12Z 2026-10-06T15:03:13.191Z [GPS] [INFO] Max CNO changed from 39 to 42
2026-10-06T15:04:20Z SPOT-31593C > bridge cfg get 0e582dd12c1e1480 s bridgePowerControllerEnabled
2026-10-06T15:04:22Z bridge cfg get 0e582dd12c1e1480 s bridgePowerControllerEnabled
2026-10-06T15:04:22Z Succesfully sent config get msg
2026-10-06T15:04:22Z 2026-10-06T15:04:23.570Z [BRIDGE_CFG] [INFO] Node ID: 0000000000000000 Partition: system Value: 1
2026-10-06T15:04:25Z SPOT-31593C > bridge cfg get 0e582dd12c1e1480 s sampleIntervalMs
2026-10-06T15:04:26Z bridge cfg get 0e582dd12c1e1480 s sampleIntervalMs
2026-10-06T15:04:26Z Succesfully sent config get msg
2026-10-06T15:04:26Z 2026-10-06T15:04:27.785Z [BRIDGE_CFG] [INFO] Node ID: 0000000000000000 Partition: system Value: 3600000
2026-10-06T15:04:30Z SPOT-31593C > bridge cfg get 0e582dd12c1e1480 s sampleDurationMs
2026-10-06T15:04:31Z bridge cfg get 0e582dd12c1e1480 s sampleDurationMs
2026-10-06T15:04:31Z Succesfully sent config get msg
2026-10-06T15:04:31Z 2026-10-06T15:04:32.000Z [BRIDGE_CFG] [INFO] Node ID: 0000000000000000 Partition: system Value: 600000
