[SUP] ===== action 34 (trg) utc=2026-10-02T07:24:39Z =====
[SUP] trg media override: one still action on a video unit
[CMD] one-shot trigger id=64116 trg=2 (capture + send): window gate BYPASSED for this boot only
[SUP] trg id=64116: one action with {'mode.media': 'still', 'still.message_cap': 40} (not persisted)
[RC] cycle start: budget=480s pacing=1.3s/msg
[CMD] time-sync subscribe sent; waiting up to 60s (fresh read)
[CMD] spotter UTC decoded: 2026-10-02T07:24:47.234000+00:00
[BOOT] spotter_utc_read uptime_s=4538.86
[RC] schedule gate: Within transmit window 00:00-00:00 America/Los_Angeles; local_time=2026-10-02T00:24:47.234000-07:00 (window bypassed; time read only)
[DEBUG] Sent compact telemetry message (134 bytes): <WS v=1 a=cap cfg=3c236126 up=2015 tz=America/Los_Angeles lt=na ws=0000 we=0000 rk=800x450 q=20 ct=38.6 sha=91a08f624011 hn=bmcam004>
[DEBUG] Applying requested focus camera controls: args=--autofocus-mode manual --lens-position 0.5 --awb custom --awbgains 1.8,1.6 --shutter 10000 --gain 2 --ev -1 --contrast 0.5 --denoise cdn_hq --hdr auto; requested={'camera_control_source': 'image_pipeline.camera_controls', 'camera_controls_enabled': True, 'requested_focus_enabled': True, 'requested_focus_mode': 'manual', 'requested_lens_position': 0.5, 'requested_white_balance_enabled': True, 'requested_white_balance_mode': 'manual', 'requested_red_gain': 1.8, 'requested_blue_gain': 1.6, 'requested_colour_gains': [1.8, 1.6], 'requested_exposure_enabled': True, 'requested_shutter_us': 10000, 'requested_analogue_gain': 2.0, 'requested_ev': -1.0, 'requested_image_processing_enabled': True, 'requested_contrast': 0.5, 'requested_denoise': 'cdn_hq', 'requested_hdr': True}
[DEBUG] Running native capture command attempt 1/4: /usr/bin/rpicam-still -n --timeout 2000 --width 4608 --height 2592 --quality 95 --metadata /home/pi/BM_Devel_Pi/images/2026-10-02T07:24:47Z_image_native_full.metadata.json --autofocus-mode manual --lens-position 0.5 --awb custom --awbgains 1.8,1.6 --shutter 10000 --gain 2 --ev -1 --contrast 0.5 --denoise cdn_hq --hdr auto -o /home/pi/BM_Devel_Pi/images/2026-10-02T07:24:47Z_image_native_full.jpg
[DEBUG] Native capture completed: output=/home/pi/BM_Devel_Pi/images/2026-10-02T07:24:47Z_image_native_full.jpg, bytes=1865461, duration_sec=3.73, attempt=1/4
[RC] native ready: /home/pi/BM_Devel_Pi/images/2026-10-02T07:24:47Z_image_native_full.jpg (1865461 B, elapsed=11.8s)
[RC] source prepared: 800x450 (elapsed=12.3s)
[RC] attempt q20: 4094 B, 15 msgs, over_cap=False, budget_fit=True
[RC] selection: quality=20 attempts=1 fits=True reason=fit
[RC] final JPEG: /home/pi/BM_Devel_Pi/images/2026-10-02T07:24:47Z_image_compressed.jpg (4094 B, 15 msgs, sha256=43421838ce4b3edd...)
[HEAL] wake plan: 0 pending heal(s), 0 chunk(s) this wake (cap 40)
[KEY] media key 0e3z9b from Spotter UTC 2026-10-02T07:24:47.234000+00:00 (spotter)
[KEY] sent record: /home/pi/BM_Devel_Pi/sent/2026-10-02T07:24:47Z_image_compressed.sent.json (15 msgs, chunks <I0e3z9b.n/15>)
[DEBUG] Runtime BM transfer settings: network=0x02 cellular-only; image_buffer_size=384; image_transmit_delay_seconds=1.3
[BOOT] transmit_start uptime_s=4543.35
[RC] transmit done: sent=15/15 complete=True incomplete_emitted=False uart=21.1s
[DEBUG] Raw image size: 1865461 bytes
[DEBUG] Image quality: 20
[DEBUG] Compressed image size: 4094 bytes
[DEBUG] Buffers: 15
[DEBUG] Execution Time: 0.56 min
[DEBUG] Within Window: True
[DEBUG] CPU Temp: 39.70°C
[DEBUG]  
[DEBUG]  
[DEBUG]  
[CMD] no listen tail: stay_on (the idle loop listens)
[SUP] action: media=video stage=None sent=15/15 elapsed=33.6s
[SUP] ===== action 34 done: stage=None skipped=False =====
