[SUP] ===== action 7 (trg) utc=2026-10-02T06:35:22Z =====
[SUP] trg media override: one still action on a video unit
[CMD] one-shot trigger id=64019 trg=2 (capture + send): window gate BYPASSED for this boot only
[SUP] trg id=64019: one action with {'mode.media': 'still', 'still.message_cap': 40} (not persisted)
[RC] cycle start: budget=480s pacing=1.3s/msg
[CMD] time-sync subscribe sent; waiting up to 60s (fresh read)
[CMD] spotter UTC decoded: 2026-10-02T06:35:27.632000+00:00
[BOOT] spotter_utc_read uptime_s=1579.42
[RC] schedule gate: Within transmit window 00:00-00:00 America/Los_Angeles; local_time=2026-10-01T23:35:27.632000-07:00 (window bypassed; time read only)
[STORE] over limit: used=75.0% (cap 75%) free=23.98GiB (floor 10GiB) — pruning old stills
[STORE] pruned {'natives': 1}, freed 1.6 MB; used 75.0% -> 75.0%
[STORE][FULL] limits still unmet after pruning every eligible still (heal payloads and the video ring are not the stills guard's to delete)
[STORE][WARN] SD still over its limit; a transmitting unit captures anyway (PLAN_S3c §5 C4)
[DEBUG] Sent compact telemetry message (134 bytes): <WS v=1 a=cap cfg=b6c0e763 up=1559 tz=America/Los_Angeles lt=na ws=0000 we=0000 rk=800x450 q=90 ct=37.0 sha=91a08f624011 hn=bmcam004>
[DEBUG] Applying requested focus camera controls: args=--autofocus-mode manual --lens-position 0.5 --awb custom --awbgains 1.8,1.6 --shutter 10000 --gain 2 --ev -1; requested={'camera_control_source': 'image_pipeline.camera_controls', 'camera_controls_enabled': True, 'requested_focus_enabled': True, 'requested_focus_mode': 'manual', 'requested_lens_position': 0.5, 'requested_white_balance_enabled': True, 'requested_white_balance_mode': 'manual', 'requested_red_gain': 1.8, 'requested_blue_gain': 1.6, 'requested_colour_gains': [1.8, 1.6], 'requested_exposure_enabled': True, 'requested_shutter_us': 10000, 'requested_analogue_gain': 2.0, 'requested_ev': -1.0, 'requested_image_processing_enabled': False}
[DEBUG] Running native capture command attempt 1/4: /usr/bin/rpicam-still -n --timeout 2000 --width 4608 --height 2592 --quality 95 --metadata /home/pi/BM_Devel_Pi/images/2026-10-02T06:35:28Z_image_native_full.metadata.json --autofocus-mode manual --lens-position 0.5 --awb custom --awbgains 1.8,1.6 --shutter 10000 --gain 2 --ev -1 -o /home/pi/BM_Devel_Pi/images/2026-10-02T06:35:28Z_image_native_full.jpg
[DEBUG] Native capture completed: output=/home/pi/BM_Devel_Pi/images/2026-10-02T06:35:28Z_image_native_full.jpg, bytes=1613905, duration_sec=3.28, attempt=1/4
[RC] native ready: /home/pi/BM_Devel_Pi/images/2026-10-02T06:35:28Z_image_native_full.jpg (1613905 B, elapsed=9.0s)
[RC] source prepared: 800x450 (elapsed=10.8s)
[RC] attempt q90: 28317 B, 99 msgs, over_cap=True, budget_fit=True
[RC] attempt q80: 15482 B, 54 msgs, over_cap=True, budget_fit=True
[RC] attempt q70: 10596 B, 37 msgs, over_cap=False, budget_fit=True
[RC] selection: quality=70 attempts=3 fits=True reason=fit
[RC] final JPEG: /home/pi/BM_Devel_Pi/images/2026-10-02T06:35:28Z_image_compressed.jpg (10596 B, 37 msgs, sha256=152cc5172f4cce02...)
[HEAL] wake plan: 0 pending heal(s), 0 chunk(s) this wake (cap 40)
[KEY] media key 0e3wz3 from Spotter UTC 2026-10-02T06:35:27.632000+00:00 (spotter)
[KEY] sent record: /home/pi/BM_Devel_Pi/sent/2026-10-02T06:35:28Z_image_compressed.sent.json (37 msgs, chunks <I0e3wz3.n/37>)
[DEBUG] Runtime BM transfer settings: network=0x02 cellular-only; image_buffer_size=384; image_transmit_delay_seconds=1.3
[BOOT] transmit_start uptime_s=1585.35
[RC] transmit done: sent=37/37 complete=True incomplete_emitted=False uart=50.1s
[DEBUG] Raw image size: 1613905 bytes
[DEBUG] Image quality: 70
[DEBUG] Compressed image size: 10596 bytes
[DEBUG] Buffers: 37
[DEBUG] Execution Time: 1.03 min
[DEBUG] Within Window: True
[DEBUG] CPU Temp: 37.60°C
[DEBUG]  
[DEBUG]  
[DEBUG]  
[CMD] no listen tail: stay_on (the idle loop listens)
[SUP] action: media=video stage=None sent=37/37 elapsed=61.8s
[SUP] ===== action 7 done: stage=None skipped=False =====
