2026-09-29T18:02:19Z SPOT-33507C > bm pub bmcam/cmd {"id":53001,"c":"reset","k":["mode.run"]} 1 1
2026-09-29T18:02:22Z bm pub bmcam/cmd {"id":53001,"c":"reset","k":["mode.run"]} 1 1
2026-09-29T18:02:22Z 1790704945.277 53171fa3d81a8e6f, [bmcam003] OK id=53001 reset mode.run -> YAML cfg=580ce986
2026-09-29T18:02:22Z 1790704945.328 53171fa3d81a8e6f, [bmcam003] OK id=53001 reset mode.run -> YAML (duplicate: original answer) cfg=580ce986
2026-09-29T18:42:02Z SPOT-33507C > bridge cfg commit c3c564b91856226c s
2026-09-29T18:42:06Z bridge cfg commit c3c564b91856226c s
2026-09-29T18:42:06Z Succesfull config commit send
2026-09-29T18:42:07Z 2026-09-29T18:42:10.121Z [BRIDGE] [ERROR] Bridge RX Processing Packet Failure: -7
2026-09-29T18:42:07Z 2026-09-29T18:42:10.121Z [BRIDGE] [INFO] Setting negotiated baud rate to 1000000 from 1000000
2026-09-29T18:42:07Z 2026-09-29T18:42:10.128Z [BRIDGE_SYS] [INFO] Bridge State Init
2026-09-29T18:42:07Z 2026-09-29T18:42:10.128Z [BRIDGE] [INFO] Reboot info received from c3c564b91856226c - Reason: 5 gitSHA: 1595f804 Reboot cnt: 0 PC: 0x0 LR: 0x0
2026-09-29T18:42:07Z 2026-09-29T18:42:10.136Z [BRIDGE_SYS] [INFO] Bridge bus power: 1
2026-09-29T18:42:07Z 2026-09-29T18:42:10.187Z [BRIDGE_CFG] [INFO] Response msg -- Node Id: 0000000000000000, Partition: system, Commit Status: 0
2026-09-29T18:42:07Z 2026-09-29T18:42:10.187Z [BRIDGE_CFG] [INFO] Num Keys: 18
2026-09-29T18:42:07Z 2026-09-29T18:42:10.187Z [BRIDGE_CFG] [INFO] Key 0: sampleIntervalMs
2026-09-29T18:42:07Z 2026-09-29T18:42:10.187Z [BRIDGE_CFG] [INFO] Key 1: sampleDurationMs
2026-09-29T18:42:07Z 2026-09-29T18:42:10.187Z [BRIDGE_CFG] [INFO] Key 2: subsampleIntervalMs
2026-09-29T18:42:07Z 2026-09-29T18:42:10.187Z [BRIDGE_CFG] [INFO] Key 3: subsampleDurationMs
2026-09-29T18:42:07Z 2026-09-29T18:42:10.187Z [BRIDGE_CFG] [INFO] Key 4: subsampleEnabled
2026-09-29T18:42:07Z 2026-09-29T18:42:10.187Z [BRIDGE_CFG] [INFO] Key 5: bridgePowerControllerEnabled
2026-09-29T18:42:07Z 2026-09-29T18:42:10.187Z [BRIDGE_CFG] [INFO] Key 6: alignmentInterval5Min
2026-09-29T18:42:07Z 2026-09-29T18:42:10.187Z [BRIDGE_CFG] [INFO] Key 7: ticksSamplingEnabled
2026-09-29T18:42:07Z 2026-09-29T18:42:10.187Z [BRIDGE_CFG] [INFO] Key 8: samplesPerReport
2026-09-29T18:42:07Z 2026-09-29T18:42:10.187Z [BRIDGE_CFG] [INFO] Key 9: transmitAggregations
2026-09-29T18:42:07Z 2026-09-29T18:42:10.187Z [BRIDGE_CFG] [INFO] Key 10: currentReadingPeriodMs
2026-09-29T18:42:07Z 2026-09-29T18:42:10.187Z [BRIDGE_CFG] [INFO] Key 11: softReadingPeriodMs
2026-09-29T18:42:07Z 2026-09-29T18:42:10.187Z [BRIDGE_CFG] [INFO] Key 12: rbrCodaReadingPeriodMs
2026-09-29T18:42:07Z 2026-09-29T18:42:10.191Z [BRIDGE_CFG] [INFO] Key 13: turbidityReadingPeriodMs
2026-09-29T18:42:07Z 2026-09-29T18:42:10.191Z [BRIDGE_CFG] [INFO] Key 14: disableUnusedPortsTimeMs
2026-09-29T18:42:07Z 2026-09-29T18:42:10.191Z [BRIDGE_CFG] [INFO] Key 15: salinityReadingPeriodMs
2026-09-29T18:42:07Z 2026-09-29T18:42:10.191Z [BRIDGE_CFG] [INFO] Key 16: sensorsCheckIntervalS
2026-09-29T18:42:07Z 2026-09-29T18:42:10.191Z [BRIDGE_CFG] [INFO] Key 17: sensorsPollIntervalMs
2026-09-29T18:42:07Z 2026-09-29T18:42:10.191Z [BRIDGE_CFG] [INFO] Response msg -- Node Id: 0000000000000000, Partition: user, Commit Status: 0
2026-09-29T18:42:07Z 2026-09-29T18:42:10.191Z [BRIDGE_CFG] [INFO] Num Keys: 0
2026-09-29T18:42:07Z 2026-09-29T18:42:10.191Z [BRIDGE_CFG] [INFO] Response msg -- Node Id: 0000000000000000, Partition: hardware, Commit Status: 0
2026-09-29T18:42:07Z 2026-09-29T18:42:10.191Z [BRIDGE_CFG] [INFO] Num Keys: 1
2026-09-29T18:42:07Z 2026-09-29T18:42:10.191Z [BRIDGE_CFG] [INFO] Key 0: smConfigurationCrc
2026-09-29T18:42:07Z 2026-09-29T18:42:10.191Z [BRIDGE] [INFO] handle_power_states, power on for: 4294967295
2026-09-29T18:42:07Z 2026-09-29T18:42:10.195Z [BRIDGE_CFG] [INFO] Node ID: 0000000000000000 Partition: system Value: 3600000
2026-09-29T18:42:07Z 2026-09-29T18:42:10.203Z [BRIDGE_CFG] [INFO] Node ID: 0000000000000000 Partition: system Value: 600000
2026-09-29T18:42:07Z 2026-09-29T18:42:10.207Z [BRIDGE_CFG] [INFO] Node ID: 0000000000000000 Partition: system Value: 300000
2026-09-29T18:42:07Z 2026-09-29T18:42:10.210Z [BRIDGE_CFG] [INFO] Node ID: 0000000000000000 Partition: system Value: 30000
2026-09-29T18:42:07Z 2026-09-29T18:42:10.214Z [BRIDGE_CFG] [INFO] Node ID: 0000000000000000 Partition: system Value: 0
2026-09-29T18:42:07Z 2026-09-29T18:42:10.218Z [BRIDGE_CFG] [INFO] Node ID: 0000000000000000 Partition: system Value: 0
2026-09-29T18:42:07Z 2026-09-29T18:42:10.222Z [BRIDGE_CFG] [INFO] Node ID: 0000000000000000 Partition: system Value: 1
2026-09-29T18:42:07Z 2026-09-29T18:42:10.226Z [BRIDGE_CFG] [INFO] Node ID: 0000000000000000 Partition: system Value: 0
2026-09-29T18:42:07Z 2026-09-29T18:42:10.230Z [BRIDGE_CFG] [INFO] Node ID: 0000000000000000 Partition: system Value: 1
2026-09-29T18:42:07Z 2026-09-29T18:42:10.234Z [BRIDGE_CFG] [INFO] Node ID: 0000000000000000 Partition: system Value: 0
2026-09-29T18:42:07Z 2026-09-29T18:42:10.238Z [BRIDGE_CFG] [INFO] Node ID: 0000000000000000 Partition: system Value: 60000
2026-09-29T18:42:07Z 2026-09-29T18:42:10.246Z [BRIDGE_CFG] [INFO] Node ID: 0000000000000000 Partition: system Value: 500
2026-09-29T18:42:07Z 2026-09-29T18:42:10.250Z [BRIDGE_CFG] [INFO] Node ID: 0000000000000000 Partition: system Value: 500
2026-09-29T18:42:07Z 2026-09-29T18:42:10.253Z [BRIDGE_CFG] [INFO] Node ID: 0000000000000000 Partition: system Value: 1000
2026-09-29T18:42:07Z 2026-09-29T18:42:10.257Z [BRIDGE_CFG] [INFO] Node ID: 0000000000000000 Partition: system Value: 0
2026-09-29T18:42:07Z 2026-09-29T18:42:10.261Z [BRIDGE_CFG] [INFO] Node ID: 0000000000000000 Partition: system Value: 30000
2026-09-29T18:42:07Z 2026-09-29T18:42:10.265Z [BRIDGE_CFG] [INFO] Node ID: 0000000000000000 Partition: system Value: 60
2026-09-29T18:42:07Z 2026-09-29T18:42:10.269Z [BRIDGE_CFG] [INFO] Node ID: 0000000000000000 Partition: system Value: 10000
2026-09-29T18:42:07Z 2026-09-29T18:42:10.273Z [BRIDGE_CFG] [INFO] Node ID: 0000000000000000 Partition: hardware - Failed to decode value
2026-09-29T18:42:08Z 2026-09-29T18:42:11.148Z [BRIDGE_SYS] [INFO] Neighbor 53171fa3d81a8e6f added
2026-09-29T18:42:56Z SPOT-33507C > bm pub bmcam/cmd {"id":100077,"c":"rsd","h":[["0dz8um","5,17,79-85"]]} 1 1
2026-09-29T18:42:58Z bm pub bmcam/cmd {"id":100077,"c":"rsd","h":[["0dz8um","5,17,79-85"]]} 1 1
2026-09-29T18:43:03Z SPOT-33507C > bm pub bmcam/cmd {"id":100077,"c":"rsd","h":[["0dz8um","5,17,79-85"]]} 1 1
2026-09-29T18:43:04Z bm pub bmcam/cmd {"id":100077,"c":"rsd","h":[["0dz8um","5,17,79-85"]]} 1 1
2026-09-29T19:42:11Z SPOT-33507C > bridge cfg commit c3c564b91856226c s
2026-09-29T19:42:12Z bridge cfg commit c3c564b91856226c s
2026-09-29T19:42:12Z Succesfull config commit send
2026-09-29T19:42:14Z 2026-09-29T19:42:17.015Z [BRIDGE] [ERROR] Bridge RX Processing Packet Failure: -7
2026-09-29T19:42:14Z 2026-09-29T19:42:17.015Z [BRIDGE] [INFO] Setting negotiated baud rate to 1000000 from 1000000
2026-09-29T19:42:14Z 2026-09-29T19:42:17.019Z [BRIDGE_SYS] [INFO] Bridge State Init
2026-09-29T19:42:14Z 2026-09-29T19:42:17.023Z [BRIDGE] [INFO] Reboot info received from c3c564b91856226c - Reason: 5 gitSHA: 1595f804 Reboot cnt: 0 PC: 0x0 LR: 0x0
2026-09-29T19:42:14Z 2026-09-29T19:42:17.031Z [BRIDGE_SYS] [INFO] Bridge bus power: 1
2026-09-29T19:42:14Z 2026-09-29T19:42:17.082Z [BRIDGE_CFG] [INFO] Response msg -- Node Id: 0000000000000000, Partition: system, Commit Status: 0
2026-09-29T19:42:14Z 2026-09-29T19:42:17.082Z [BRIDGE_CFG] [INFO] Num Keys: 18
2026-09-29T19:42:14Z 2026-09-29T19:42:17.082Z [BRIDGE_CFG] [INFO] Key 0: sampleIntervalMs
2026-09-29T19:42:14Z 2026-09-29T19:42:17.082Z [BRIDGE_CFG] [INFO] Key 1: sampleDurationMs
2026-09-29T19:42:14Z 2026-09-29T19:42:17.082Z [BRIDGE_CFG] [INFO] Key 2: subsampleIntervalMs
2026-09-29T19:42:14Z 2026-09-29T19:42:17.082Z [BRIDGE_CFG] [INFO] Key 3: subsampleDurationMs
2026-09-29T19:42:14Z 2026-09-29T19:42:17.082Z [BRIDGE_CFG] [INFO] Key 4: subsampleEnabled
2026-09-29T19:42:14Z 2026-09-29T19:42:17.082Z [BRIDGE_CFG] [INFO] Key 5: bridgePowerControllerEnabled
2026-09-29T19:42:14Z 2026-09-29T19:42:17.082Z [BRIDGE_CFG] [INFO] Key 6: alignmentInterval5Min
2026-09-29T19:42:14Z 2026-09-29T19:42:17.082Z [BRIDGE_CFG] [INFO] Key 7: ticksSamplingEnabled
2026-09-29T19:42:14Z 2026-09-29T19:42:17.082Z [BRIDGE_CFG] [INFO] Key 8: samplesPerReport
2026-09-29T19:42:14Z 2026-09-29T19:42:17.082Z [BRIDGE_CFG] [INFO] Key 9: transmitAggregations
2026-09-29T19:42:14Z 2026-09-29T19:42:17.085Z [BRIDGE_CFG] [INFO] Key 10: currentReadingPeriodMs
2026-09-29T19:42:14Z 2026-09-29T19:42:17.085Z [BRIDGE_CFG] [INFO] Key 11: softReadingPeriodMs
2026-09-29T19:42:14Z 2026-09-29T19:42:17.085Z [BRIDGE_CFG] [INFO] Key 12: rbrCodaReadingPeriodMs
2026-09-29T19:42:14Z 2026-09-29T19:42:17.085Z [BRIDGE_CFG] [INFO] Key 13: turbidityReadingPeriodMs
2026-09-29T19:42:14Z 2026-09-29T19:42:17.085Z [BRIDGE_CFG] [INFO] Key 14: disableUnusedPortsTimeMs
2026-09-29T19:42:14Z 2026-09-29T19:42:17.085Z [BRIDGE_CFG] [INFO] Key 15: salinityReadingPeriodMs
2026-09-29T19:42:14Z 2026-09-29T19:42:17.085Z [BRIDGE_CFG] [INFO] Key 16: sensorsCheckIntervalS
2026-09-29T19:42:14Z 2026-09-29T19:42:17.085Z [BRIDGE_CFG] [INFO] Key 17: sensorsPollIntervalMs
2026-09-29T19:42:14Z 2026-09-29T19:42:17.085Z [BRIDGE_CFG] [INFO] Response msg -- Node Id: 0000000000000000, Partition: user, Commit Status: 0
2026-09-29T19:42:14Z 2026-09-29T19:42:17.085Z [BRIDGE_CFG] [INFO] Num Keys: 0
2026-09-29T19:42:14Z 2026-09-29T19:42:17.085Z [BRIDGE_CFG] [INFO] Response msg -- Node Id: 0000000000000000, Partition: hardware, Commit Status: 0
2026-09-29T19:42:14Z 2026-09-29T19:42:17.085Z [BRIDGE_CFG] [INFO] Num Keys: 1
2026-09-29T19:42:14Z 2026-09-29T19:42:17.085Z [BRIDGE_CFG] [INFO] Key 0: smConfigurationCrc
2026-09-29T19:42:14Z 2026-09-29T19:42:17.085Z [BRIDGE] [INFO] handle_power_states, power on for: 4294967295
2026-09-29T19:42:14Z 2026-09-29T19:42:17.093Z [BRIDGE_CFG] [INFO] Node ID: 0000000000000000 Partition: system Value: 3600000
2026-09-29T19:42:14Z 2026-09-29T19:42:17.097Z [BRIDGE_CFG] [INFO] Node ID: 0000000000000000 Partition: system Value: 600000
2026-09-29T19:42:14Z 2026-09-29T19:42:17.105Z [BRIDGE_CFG] [INFO] Node ID: 0000000000000000 Partition: system Value: 300000
2026-09-29T19:42:14Z 2026-09-29T19:42:17.109Z [BRIDGE_CFG] [INFO] Node ID: 0000000000000000 Partition: system Value: 30000
2026-09-29T19:42:14Z 2026-09-29T19:42:17.113Z [BRIDGE_CFG] [INFO] Node ID: 0000000000000000 Partition: system Value: 0
2026-09-29T19:42:14Z 2026-09-29T19:42:17.117Z [BRIDGE_CFG] [INFO] Node ID: 0000000000000000 Partition: system Value: 0
2026-09-29T19:42:14Z 2026-09-29T19:42:17.125Z [BRIDGE_CFG] [INFO] Node ID: 0000000000000000 Partition: system Value: 1
2026-09-29T19:42:14Z 2026-09-29T19:42:17.128Z [BRIDGE_CFG] [INFO] Node ID: 0000000000000000 Partition: system Value: 0
2026-09-29T19:42:14Z 2026-09-29T19:42:17.132Z [BRIDGE_CFG] [INFO] Node ID: 0000000000000000 Partition: system Value: 1
2026-09-29T19:42:14Z 2026-09-29T19:42:17.136Z [BRIDGE_CFG] [INFO] Node ID: 0000000000000000 Partition: system Value: 0
2026-09-29T19:42:14Z 2026-09-29T19:42:17.144Z [BRIDGE_CFG] [INFO] Node ID: 0000000000000000 Partition: system Value: 60000
2026-09-29T19:42:14Z 2026-09-29T19:42:17.148Z [BRIDGE_CFG] [INFO] Node ID: 0000000000000000 Partition: system Value: 500
2026-09-29T19:42:14Z 2026-09-29T19:42:17.152Z [BRIDGE_CFG] [INFO] Node ID: 0000000000000000 Partition: system Value: 500
2026-09-29T19:42:14Z 2026-09-29T19:42:17.160Z [BRIDGE_CFG] [INFO] Node ID: 0000000000000000 Partition: system Value: 1000
2026-09-29T19:42:14Z 2026-09-29T19:42:17.164Z [BRIDGE_CFG] [INFO] Node ID: 0000000000000000 Partition: system Value: 0
2026-09-29T19:42:14Z 2026-09-29T19:42:17.167Z [BRIDGE_CFG] [INFO] Node ID: 0000000000000000 Partition: system Value: 30000
2026-09-29T19:42:14Z 2026-09-29T19:42:17.171Z [BRIDGE_CFG] [INFO] Node ID: 0000000000000000 Partition: system Value: 60
2026-09-29T19:42:14Z 2026-09-29T19:42:17.179Z [BRIDGE_CFG] [INFO] Node ID: 0000000000000000 Partition: system Value: 10000
2026-09-29T19:42:14Z 2026-09-29T19:42:17.183Z [BRIDGE_CFG] [INFO] Node ID: 0000000000000000 Partition: hardware - Failed to decode value
2026-09-29T19:42:15Z 2026-09-29T19:42:18.042Z [BRIDGE_SYS] [INFO] Neighbor 53171fa3d81a8e6f added
2026-09-29T19:43:13Z SPOT-33507C > bm pub bmcam/cmd {"id":100078,"c":"rsd","h":[["0dz8um","79-82"]]} 1 1
2026-09-29T19:43:16Z bm pub bmcam/cmd {"id":100078,"c":"rsd","h":[["0dz8um","79-82"]]} 1 1
2026-09-30T02:29:37Z SPOT-31593C > bm pub bmcam/cmd {"id":63001,"c":"reset","k":["mode.run"]} 1 1
2026-09-30T02:29:39Z bm pub bmcam/cmd {"id":63001,"c":"reset","k":["mode.run"]} 1 1
2026-09-30T02:29:45Z 1790735387.828 e6fe83ea6b4a2b7f, [bmcam004] OK id=63001 reset mode.run -> YAML cfg=580ce986
2026-09-30T02:29:45Z 1790735387.878 e6fe83ea6b4a2b7f, [bmcam004] OK id=63001 reset mode.run -> YAML (duplicate: original answer) cfg=580ce986
2026-09-30T03:10:41Z SPOT-31593C > bridge cfg commit 0e582dd12c1e1480 s
2026-09-30T03:10:42Z bridge cfg commit 0e582dd12c1e1480 s
2026-09-30T03:10:42Z Succesfull config commit send
2026-09-30T03:10:43Z 2026-09-30T03:10:46.406Z [BRIDGE] [ERROR] Bridge RX Processing Packet Failure: -7
2026-09-30T03:10:43Z 2026-09-30T03:10:46.406Z [BRIDGE] [INFO] Setting negotiated baud rate to 1000000 from 1000000
2026-09-30T03:10:43Z 2026-09-30T03:10:46.414Z [BRIDGE_SYS] [INFO] Bridge State Init
2026-09-30T03:10:43Z 2026-09-30T03:10:46.414Z [BRIDGE] [INFO] Reboot info received from 0e582dd12c1e1480 - Reason: 5 gitSHA: 1595f804 Reboot cnt: 0 PC: 0x0 LR: 0x0
2026-09-30T03:10:43Z 2026-09-30T03:10:46.421Z [BRIDGE_SYS] [INFO] Bridge bus power: 1
2026-09-30T03:10:43Z 2026-09-30T03:10:46.472Z [BRIDGE_CFG] [INFO] Response msg -- Node Id: 0000000000000000, Partition: system, Commit Status: 0
2026-09-30T03:10:43Z 2026-09-30T03:10:46.472Z [BRIDGE_CFG] [INFO] Num Keys: 16
2026-09-30T03:10:43Z 2026-09-30T03:10:46.472Z [BRIDGE_CFG] [INFO] Key 0: sampleIntervalMs
2026-09-30T03:10:43Z 2026-09-30T03:10:46.472Z [BRIDGE_CFG] [INFO] Key 1: sampleDurationMs
2026-09-30T03:10:43Z 2026-09-30T03:10:46.476Z [BRIDGE_CFG] [INFO] Key 2: subsampleIntervalMs
2026-09-30T03:10:43Z 2026-09-30T03:10:46.476Z [BRIDGE_CFG] [INFO] Key 3: subsampleDurationMs
2026-09-30T03:10:43Z 2026-09-30T03:10:46.476Z [BRIDGE_CFG] [INFO] Key 4: subsampleEnabled
2026-09-30T03:10:43Z 2026-09-30T03:10:46.476Z [BRIDGE_CFG] [INFO] Key 5: bridgePowerControllerEnabled
2026-09-30T03:10:43Z 2026-09-30T03:10:46.476Z [BRIDGE_CFG] [INFO] Key 6: alignmentInterval5Min
2026-09-30T03:10:43Z 2026-09-30T03:10:46.476Z [BRIDGE_CFG] [INFO] Key 7: ticksSamplingEnabled
2026-09-30T03:10:43Z 2026-09-30T03:10:46.476Z [BRIDGE_CFG] [INFO] Key 8: samplesPerReport
2026-09-30T03:10:43Z 2026-09-30T03:10:46.476Z [BRIDGE_CFG] [INFO] Key 9: transmitAggregations
2026-09-30T03:10:43Z 2026-09-30T03:10:46.476Z [BRIDGE_CFG] [INFO] Key 10: currentReadingPeriodMs
2026-09-30T03:10:43Z 2026-09-30T03:10:46.476Z [BRIDGE_CFG] [INFO] Key 11: softReadingPeriodMs
2026-09-30T03:10:43Z 2026-09-30T03:10:46.476Z [BRIDGE_CFG] [INFO] Key 12: rbrCodaReadingPeriodMs
2026-09-30T03:10:43Z 2026-09-30T03:10:46.476Z [BRIDGE_CFG] [INFO] Key 13: turbidityReadingPeriodMs
2026-09-30T03:10:43Z 2026-09-30T03:10:46.476Z [BRIDGE_CFG] [INFO] Key 14: disableUnusedPortsTimeMs
2026-09-30T03:10:43Z 2026-09-30T03:10:46.476Z [BRIDGE_CFG] [INFO] Key 15: salinityReadingPeriodMs
2026-09-30T03:10:43Z 2026-09-30T03:10:46.476Z [BRIDGE_CFG] [INFO] Response msg -- Node Id: 0000000000000000, Partition: user, Commit Status: 0
2026-09-30T03:10:43Z 2026-09-30T03:10:46.480Z [BRIDGE_CFG] [INFO] Num Keys: 0
2026-09-30T03:10:43Z 2026-09-30T03:10:46.480Z [BRIDGE_CFG] [INFO] Response msg -- Node Id: 0000000000000000, Partition: hardware, Commit Status: 0
2026-09-30T03:10:43Z 2026-09-30T03:10:46.480Z [BRIDGE_CFG] [INFO] Num Keys: 1
2026-09-30T03:10:43Z 2026-09-30T03:10:46.480Z [BRIDGE_CFG] [INFO] Key 0: smConfigurationCrc
2026-09-30T03:10:43Z 2026-09-30T03:10:46.480Z [BRIDGE] [INFO] handle_power_states, power on for: 4294967295
2026-09-30T03:10:43Z 2026-09-30T03:10:46.484Z [BRIDGE_CFG] [INFO] Node ID: 0000000000000000 Partition: system Value: 3600000
2026-09-30T03:10:43Z 2026-09-30T03:10:46.492Z [BRIDGE_CFG] [INFO] Node ID: 0000000000000000 Partition: system Value: 600000
2026-09-30T03:10:43Z 2026-09-30T03:10:46.496Z [BRIDGE_CFG] [INFO] Node ID: 0000000000000000 Partition: system Value: 300000
2026-09-30T03:10:43Z 2026-09-30T03:10:46.500Z [BRIDGE_CFG] [INFO] Node ID: 0000000000000000 Partition: system Value: 60000
2026-09-30T03:10:43Z 2026-09-30T03:10:46.503Z [BRIDGE_CFG] [INFO] Node ID: 0000000000000000 Partition: system Value: 0
2026-09-30T03:10:43Z 2026-09-30T03:10:46.511Z [BRIDGE_CFG] [INFO] Node ID: 0000000000000000 Partition: system Value: 0
2026-09-30T03:10:43Z 2026-09-30T03:10:46.515Z [BRIDGE_CFG] [INFO] Node ID: 0000000000000000 Partition: system Value: 1
2026-09-30T03:10:43Z 2026-09-30T03:10:46.519Z [BRIDGE_CFG] [INFO] Node ID: 0000000000000000 Partition: system Value: 0
2026-09-30T03:10:43Z 2026-09-30T03:10:46.527Z [BRIDGE_CFG] [INFO] Node ID: 0000000000000000 Partition: system Value: 1
2026-09-30T03:10:43Z 2026-09-30T03:10:46.531Z [BRIDGE_CFG] [INFO] Node ID: 0000000000000000 Partition: system Value: 1
2026-09-30T03:10:43Z 2026-09-30T03:10:46.535Z [BRIDGE_CFG] [INFO] Node ID: 0000000000000000 Partition: system Value: 60000
2026-09-30T03:10:43Z 2026-09-30T03:10:46.539Z [BRIDGE_CFG] [INFO] Node ID: 0000000000000000 Partition: system Value: 500
2026-09-30T03:10:43Z 2026-09-30T03:10:46.546Z [BRIDGE_CFG] [INFO] Node ID: 0000000000000000 Partition: system Value: 500
2026-09-30T03:10:43Z 2026-09-30T03:10:46.550Z [BRIDGE_CFG] [INFO] Node ID: 0000000000000000 Partition: system Value: 1000
2026-09-30T03:10:43Z 2026-09-30T03:10:46.554Z [BRIDGE_CFG] [INFO] Node ID: 0000000000000000 Partition: system Value: 0
2026-09-30T03:10:43Z 2026-09-30T03:10:46.562Z [BRIDGE_CFG] [INFO] Node ID: 0000000000000000 Partition: system Value: 30000
2026-09-30T03:10:43Z 2026-09-30T03:10:46.566Z [BRIDGE_CFG] [INFO] Node ID: 0000000000000000 Partition: hardware - Failed to decode value
2026-09-30T03:10:44Z 2026-09-30T03:10:47.453Z [BRIDGE_SYS] [INFO] Neighbor e6fe83ea6b4a2b7f added
2026-09-30T03:12:03Z SPOT-31593C > bm pub bmcam/cmd {"id":100070,"c":"rsd","h":[["0dzwa7","5,17"]]} 1 1
2026-09-30T03:12:05Z bm pub bmcam/cmd {"id":100070,"c":"rsd","h":[["0dzwa7","5,17"]]} 1 1
2026-09-30T03:18:28Z SPOT-31593C > bridge cfg commit 0e582dd12c1e1480 s
2026-09-30T03:18:29Z bridge cfg commit 0e582dd12c1e1480 s
2026-09-30T03:18:29Z Succesfull config commit send
2026-09-30T03:18:30Z 2026-09-30T03:18:33.437Z [BRIDGE] [ERROR] Bridge RX Processing Packet Failure: -7
2026-09-30T03:18:30Z 2026-09-30T03:18:33.437Z [BRIDGE] [INFO] Setting negotiated baud rate to 1000000 from 1000000
2026-09-30T03:18:30Z 2026-09-30T03:18:33.445Z [BRIDGE_SYS] [INFO] Bridge State Init
2026-09-30T03:18:30Z 2026-09-30T03:18:33.445Z [BRIDGE] [INFO] Reboot info received from 0e582dd12c1e1480 - Reason: 5 gitSHA: 1595f804 Reboot cnt: 0 PC: 0x0 LR: 0x0
2026-09-30T03:18:30Z 2026-09-30T03:18:33.453Z [BRIDGE_SYS] [INFO] Bridge bus power: 1
2026-09-30T03:18:30Z 2026-09-30T03:18:33.503Z [BRIDGE_CFG] [INFO] Response msg -- Node Id: 0000000000000000, Partition: system, Commit Status: 0
2026-09-30T03:18:30Z 2026-09-30T03:18:33.503Z [BRIDGE_CFG] [INFO] Num Keys: 16
2026-09-30T03:18:30Z 2026-09-30T03:18:33.503Z [BRIDGE_CFG] [INFO] Key 0: sampleIntervalMs
2026-09-30T03:18:30Z 2026-09-30T03:18:33.503Z [BRIDGE_CFG] [INFO] Key 1: sampleDurationMs
2026-09-30T03:18:30Z 2026-09-30T03:18:33.503Z [BRIDGE_CFG] [INFO] Key 2: subsampleIntervalMs
2026-09-30T03:18:30Z 2026-09-30T03:18:33.503Z [BRIDGE_CFG] [INFO] Key 3: subsampleDurationMs
2026-09-30T03:18:30Z 2026-09-30T03:18:33.503Z [BRIDGE_CFG] [INFO] Key 4: subsampleEnabled
2026-09-30T03:18:30Z 2026-09-30T03:18:33.503Z [BRIDGE_CFG] [INFO] Key 5: bridgePowerControllerEnabled
2026-09-30T03:18:30Z 2026-09-30T03:18:33.503Z [BRIDGE_CFG] [INFO] Key 6: alignmentInterval5Min
2026-09-30T03:18:30Z 2026-09-30T03:18:33.503Z [BRIDGE_CFG] [INFO] Key 7: ticksSamplingEnabled
2026-09-30T03:18:30Z 2026-09-30T03:18:33.503Z [BRIDGE_CFG] [INFO] Key 8: samplesPerReport
2026-09-30T03:18:30Z 2026-09-30T03:18:33.503Z [BRIDGE_CFG] [INFO] Key 9: transmitAggregations
2026-09-30T03:18:30Z 2026-09-30T03:18:33.503Z [BRIDGE_CFG] [INFO] Key 10: currentReadingPeriodMs
2026-09-30T03:18:30Z 2026-09-30T03:18:33.507Z [BRIDGE_CFG] [INFO] Key 11: softReadingPeriodMs
2026-09-30T03:18:30Z 2026-09-30T03:18:33.507Z [BRIDGE_CFG] [INFO] Key 12: rbrCodaReadingPeriodMs
2026-09-30T03:18:30Z 2026-09-30T03:18:33.507Z [BRIDGE_CFG] [INFO] Key 13: turbidityReadingPeriodMs
2026-09-30T03:18:30Z 2026-09-30T03:18:33.507Z [BRIDGE_CFG] [INFO] Key 14: disableUnusedPortsTimeMs
2026-09-30T03:18:30Z 2026-09-30T03:18:33.507Z [BRIDGE_CFG] [INFO] Key 15: salinityReadingPeriodMs
2026-09-30T03:18:30Z 2026-09-30T03:18:33.507Z [BRIDGE_CFG] [INFO] Response msg -- Node Id: 0000000000000000, Partition: user, Commit Status: 0
2026-09-30T03:18:30Z 2026-09-30T03:18:33.507Z [BRIDGE_CFG] [INFO] Num Keys: 0
2026-09-30T03:18:30Z 2026-09-30T03:18:33.507Z [BRIDGE_CFG] [INFO] Response msg -- Node Id: 0000000000000000, Partition: hardware, Commit Status: 0
2026-09-30T03:18:30Z 2026-09-30T03:18:33.507Z [BRIDGE_CFG] [INFO] Num Keys: 1
2026-09-30T03:18:30Z 2026-09-30T03:18:33.507Z [BRIDGE_CFG] [INFO] Key 0: smConfigurationCrc
2026-09-30T03:18:30Z 2026-09-30T03:18:33.507Z [BRIDGE] [INFO] handle_power_states, power on for: 4294967295
2026-09-30T03:18:30Z 2026-09-30T03:18:33.515Z [BRIDGE_CFG] [INFO] Node ID: 0000000000000000 Partition: system Value: 3600000
2026-09-30T03:18:30Z 2026-09-30T03:18:33.519Z [BRIDGE_CFG] [INFO] Node ID: 0000000000000000 Partition: system Value: 600000
2026-09-30T03:18:30Z 2026-09-30T03:18:33.523Z [BRIDGE_CFG] [INFO] Node ID: 0000000000000000 Partition: system Value: 300000
2026-09-30T03:18:30Z 2026-09-30T03:18:33.527Z [BRIDGE_CFG] [INFO] Node ID: 0000000000000000 Partition: system Value: 60000
2026-09-30T03:18:30Z 2026-09-30T03:18:33.535Z [BRIDGE_CFG] [INFO] Node ID: 0000000000000000 Partition: system Value: 0
2026-09-30T03:18:30Z 2026-09-30T03:18:33.539Z [BRIDGE_CFG] [INFO] Node ID: 0000000000000000 Partition: system Value: 0
2026-09-30T03:18:30Z 2026-09-30T03:18:33.542Z [BRIDGE_CFG] [INFO] Node ID: 0000000000000000 Partition: system Value: 1
2026-09-30T03:18:30Z 2026-09-30T03:18:33.546Z [BRIDGE_CFG] [INFO] Node ID: 0000000000000000 Partition: system Value: 0
2026-09-30T03:18:30Z 2026-09-30T03:18:33.554Z [BRIDGE_CFG] [INFO] Node ID: 0000000000000000 Partition: system Value: 1
2026-09-30T03:18:30Z 2026-09-30T03:18:33.558Z [BRIDGE_CFG] [INFO] Node ID: 0000000000000000 Partition: system Value: 1
2026-09-30T03:18:30Z 2026-09-30T03:18:33.562Z [BRIDGE_CFG] [INFO] Node ID: 0000000000000000 Partition: system Value: 60000
2026-09-30T03:18:30Z 2026-09-30T03:18:33.570Z [BRIDGE_CFG] [INFO] Node ID: 0000000000000000 Partition: system Value: 500
2026-09-30T03:18:30Z 2026-09-30T03:18:33.574Z [BRIDGE_CFG] [INFO] Node ID: 0000000000000000 Partition: system Value: 500
2026-09-30T03:18:30Z 2026-09-30T03:18:33.578Z [BRIDGE_CFG] [INFO] Node ID: 0000000000000000 Partition: system Value: 1000
2026-09-30T03:18:30Z 2026-09-30T03:18:33.582Z [BRIDGE_CFG] [INFO] Node ID: 0000000000000000 Partition: system Value: 0
2026-09-30T03:18:30Z 2026-09-30T03:18:33.589Z [BRIDGE_CFG] [INFO] Node ID: 0000000000000000 Partition: system Value: 30000
2026-09-30T03:18:30Z 2026-09-30T03:18:33.593Z [BRIDGE_CFG] [INFO] Node ID: 0000000000000000 Partition: hardware - Failed to decode value
2026-09-30T03:18:31Z 2026-09-30T03:18:34.496Z [BRIDGE_SYS] [INFO] Neighbor e6fe83ea6b4a2b7f added
2026-09-30T03:19:27Z SPOT-31593C > bm pub bmcam/cmd {"id":100071,"c":"rsd","h":[["0dzwa7","5,17"]]} 1 1
2026-09-30T03:19:29Z bm pub bmcam/cmd {"id":100071,"c":"rsd","h":[["0dzwa7","5,17"]]} 1 1
2026-09-30T03:27:28Z SPOT-31593C > bridge cfg commit 0e582dd12c1e1480 s
2026-09-30T03:27:29Z bridge cfg commit 0e582dd12c1e1480 s
2026-09-30T03:27:29Z Succesfull config commit send
2026-09-30T03:27:30Z 2026-09-30T03:27:33.312Z [BRIDGE] [ERROR] Bridge RX Processing Packet Failure: -7
2026-09-30T03:27:30Z 2026-09-30T03:27:33.312Z [BRIDGE] [INFO] Setting negotiated baud rate to 1000000 from 1000000
2026-09-30T03:27:30Z 2026-09-30T03:27:33.320Z [BRIDGE_SYS] [INFO] Bridge State Init
2026-09-30T03:27:30Z 2026-09-30T03:27:33.320Z [BRIDGE] [INFO] Reboot info received from 0e582dd12c1e1480 - Reason: 5 gitSHA: 1595f804 Reboot cnt: 0 PC: 0x0 LR: 0x0
2026-09-30T03:27:30Z 2026-09-30T03:27:33.328Z [BRIDGE_SYS] [INFO] Bridge bus power: 1
2026-09-30T03:27:30Z 2026-09-30T03:27:33.378Z [BRIDGE_CFG] [INFO] Response msg -- Node Id: 0000000000000000, Partition: system, Commit Status: 0
2026-09-30T03:27:30Z 2026-09-30T03:27:33.378Z [BRIDGE_CFG] [INFO] Num Keys: 16
2026-09-30T03:27:30Z 2026-09-30T03:27:33.378Z [BRIDGE_CFG] [INFO] Key 0: sampleIntervalMs
2026-09-30T03:27:30Z 2026-09-30T03:27:33.378Z [BRIDGE_CFG] [INFO] Key 1: sampleDurationMs
2026-09-30T03:27:30Z 2026-09-30T03:27:33.378Z [BRIDGE_CFG] [INFO] Key 2: subsampleIntervalMs
2026-09-30T03:27:30Z 2026-09-30T03:27:33.378Z [BRIDGE_CFG] [INFO] Key 3: subsampleDurationMs
2026-09-30T03:27:30Z 2026-09-30T03:27:33.378Z [BRIDGE_CFG] [INFO] Key 4: subsampleEnabled
2026-09-30T03:27:30Z 2026-09-30T03:27:33.378Z [BRIDGE_CFG] [INFO] Key 5: bridgePowerControllerEnabled
2026-09-30T03:27:30Z 2026-09-30T03:27:33.378Z [BRIDGE_CFG] [INFO] Key 6: alignmentInterval5Min
2026-09-30T03:27:30Z 2026-09-30T03:27:33.378Z [BRIDGE_CFG] [INFO] Key 7: ticksSamplingEnabled
2026-09-30T03:27:30Z 2026-09-30T03:27:33.378Z [BRIDGE_CFG] [INFO] Key 8: samplesPerReport
2026-09-30T03:27:30Z 2026-09-30T03:27:33.378Z [BRIDGE_CFG] [INFO] Key 9: transmitAggregations
2026-09-30T03:27:30Z 2026-09-30T03:27:33.378Z [BRIDGE_CFG] [INFO] Key 10: currentReadingPeriodMs
2026-09-30T03:27:30Z 2026-09-30T03:27:33.382Z [BRIDGE_CFG] [INFO] Key 11: softReadingPeriodMs
2026-09-30T03:27:30Z 2026-09-30T03:27:33.382Z [BRIDGE_CFG] [INFO] Key 12: rbrCodaReadingPeriodMs
2026-09-30T03:27:30Z 2026-09-30T03:27:33.382Z [BRIDGE_CFG] [INFO] Key 13: turbidityReadingPeriodMs
2026-09-30T03:27:30Z 2026-09-30T03:27:33.382Z [BRIDGE_CFG] [INFO] Key 14: disableUnusedPortsTimeMs
2026-09-30T03:27:30Z 2026-09-30T03:27:33.382Z [BRIDGE_CFG] [INFO] Key 15: salinityReadingPeriodMs
2026-09-30T03:27:30Z 2026-09-30T03:27:33.382Z [BRIDGE_CFG] [INFO] Response msg -- Node Id: 0000000000000000, Partition: user, Commit Status: 0
2026-09-30T03:27:30Z 2026-09-30T03:27:33.382Z [BRIDGE_CFG] [INFO] Num Keys: 0
2026-09-30T03:27:30Z 2026-09-30T03:27:33.382Z [BRIDGE_CFG] [INFO] Response msg -- Node Id: 0000000000000000, Partition: hardware, Commit Status: 0
2026-09-30T03:27:30Z 2026-09-30T03:27:33.382Z [BRIDGE_CFG] [INFO] Num Keys: 1
2026-09-30T03:27:30Z 2026-09-30T03:27:33.382Z [BRIDGE_CFG] [INFO] Key 0: smConfigurationCrc
2026-09-30T03:27:30Z 2026-09-30T03:27:33.382Z [BRIDGE] [INFO] handle_power_states, power on for: 4294967295
2026-09-30T03:27:30Z 2026-09-30T03:27:33.386Z [BRIDGE_CFG] [INFO] Node ID: 0000000000000000 Partition: system Value: 3600000
2026-09-30T03:27:30Z 2026-09-30T03:27:33.390Z [BRIDGE_CFG] [INFO] Node ID: 0000000000000000 Partition: system Value: 600000
2026-09-30T03:27:30Z 2026-09-30T03:27:33.398Z [BRIDGE_CFG] [INFO] Node ID: 0000000000000000 Partition: system Value: 300000
2026-09-30T03:27:30Z 2026-09-30T03:27:33.402Z [BRIDGE_CFG] [INFO] Node ID: 0000000000000000 Partition: system Value: 60000
2026-09-30T03:27:30Z 2026-09-30T03:27:33.406Z [BRIDGE_CFG] [INFO] Node ID: 0000000000000000 Partition: system Value: 0
2026-09-30T03:27:30Z 2026-09-30T03:27:33.410Z [BRIDGE_CFG] [INFO] Node ID: 0000000000000000 Partition: system Value: 0
2026-09-30T03:27:30Z 2026-09-30T03:27:33.414Z [BRIDGE_CFG] [INFO] Node ID: 0000000000000000 Partition: system Value: 1
2026-09-30T03:27:30Z 2026-09-30T03:27:33.417Z [BRIDGE_CFG] [INFO] Node ID: 0000000000000000 Partition: system Value: 0
2026-09-30T03:27:30Z 2026-09-30T03:27:33.421Z [BRIDGE_CFG] [INFO] Node ID: 0000000000000000 Partition: system Value: 1
2026-09-30T03:27:30Z 2026-09-30T03:27:33.425Z [BRIDGE_CFG] [INFO] Node ID: 0000000000000000 Partition: system Value: 1
2026-09-30T03:27:30Z 2026-09-30T03:27:33.429Z [BRIDGE_CFG] [INFO] Node ID: 0000000000000000 Partition: system Value: 60000
2026-09-30T03:27:30Z 2026-09-30T03:27:33.433Z [BRIDGE_CFG] [INFO] Node ID: 0000000000000000 Partition: system Value: 500
2026-09-30T03:27:30Z 2026-09-30T03:27:33.437Z [BRIDGE_CFG] [INFO] Node ID: 0000000000000000 Partition: system Value: 500
2026-09-30T03:27:30Z 2026-09-30T03:27:33.441Z [BRIDGE_CFG] [INFO] Node ID: 0000000000000000 Partition: system Value: 1000
2026-09-30T03:27:30Z 2026-09-30T03:27:33.445Z [BRIDGE_CFG] [INFO] Node ID: 0000000000000000 Partition: system Value: 0
2026-09-30T03:27:30Z 2026-09-30T03:27:33.449Z [BRIDGE_CFG] [INFO] Node ID: 0000000000000000 Partition: system Value: 30000
2026-09-30T03:27:30Z 2026-09-30T03:27:33.453Z [BRIDGE_CFG] [INFO] Node ID: 0000000000000000 Partition: hardware - Failed to decode value
2026-09-30T03:27:31Z 2026-09-30T03:27:34.355Z [BRIDGE_SYS] [INFO] Neighbor e6fe83ea6b4a2b7f added
2026-09-30T03:28:20Z SPOT-31593C > bm pub bmcam/cmd {"id":100072,"c":"rsd","h":[["0dzwa7","5,17"]]} 1 1
2026-09-30T03:28:22Z bm pub bmcam/cmd {"id":100072,"c":"rsd","h":[["0dzwa7","5,17"]]} 1 1
