[SUP] ===== action 11 (trg) utc=2026-10-02T20:40:18Z =====
[SUP] trg media override: one still action on a video unit
[CMD] one-shot trigger id=65032 trg=2 (capture + send): window gate BYPASSED for this boot only
[SUP] trg id=65032: one action with {'mode.media': 'still', 'still.message_cap': 40} (not persisted)
[RC] cycle start: budget=480s pacing=1.3s/msg
[CMD] time-sync subscribe sent; waiting up to 60s (fresh read)
[CMD] spotter UTC decoded: 2026-10-02T20:40:28.734000+00:00
Fri  2 Oct 20:40:28 UTC 2026
[BOOT] spotter_utc_read uptime_s=1223.94
[RC] schedule gate: Within transmit window 00:00-00:00 America/Los_Angeles; local_time=2026-10-02T13:40:28.734000-07:00 (window bypassed; time read only)
[STORE] over limit: used=75.0% (cap 75%) free=23.98GiB (floor 10GiB) — pruning old stills
[STORE] pruned {'natives': 1}, freed 1.6 MB; used 75.0% -> 75.0%
[DEBUG] Sent compact telemetry message (135 bytes): <WS v=1 a=cap cfg=be001346 up=1203 tz=America/Los_Angeles lt=na ws=0000 we=0000 rk=1000x562 q=20 ct=39.7 sha=34a6222ea94c hn=bmcam004>
[DEBUG] Applying requested focus camera controls: args=--autofocus-mode auto --lens-position 1.82 --sharpness 1 --denoise auto; requested={'camera_control_source': 'image_pipeline.camera_controls', 'camera_controls_enabled': True, 'requested_focus_enabled': True, 'requested_focus_mode': 'auto', 'requested_lens_position': 1.82, 'requested_white_balance_enabled': False, 'requested_exposure_enabled': False, 'requested_image_processing_enabled': True, 'requested_sharpness': 1.0, 'requested_denoise': 'auto'}
[DEBUG] Running native capture command attempt 1/4: /usr/bin/rpicam-still -n --timeout 2000 --width 4608 --height 2592 --quality 95 --metadata /home/pi/BM_Devel_Pi/images/2026-10-02T20:40:26Z_image_native_full.metadata.json --autofocus-mode auto --lens-position 1.82 --sharpness 1 --denoise auto -o /home/pi/BM_Devel_Pi/images/2026-10-02T20:40:26Z_image_native_full.jpg
[DEBUG] Native capture completed: output=/home/pi/BM_Devel_Pi/images/2026-10-02T20:40:26Z_image_native_full.jpg, bytes=1945511, duration_sec=3.38, attempt=1/4
[RC] native ready: /home/pi/BM_Devel_Pi/images/2026-10-02T20:40:26Z_image_native_full.jpg (1945511 B, elapsed=11.4s)
[RC] source prepared: 1000x562 (elapsed=12.2s)
[RC] attempt q20: 17534 B, 61 msgs, over_cap=True, budget_fit=True
[RC] attempt q15: 14690 B, 52 msgs, over_cap=True, budget_fit=True
[RC] attempt q11: 12110 B, 43 msgs, over_cap=True, budget_fit=True
[RC] attempt q9: 10651 B, 37 msgs, over_cap=False, budget_fit=True
[RC] selection: quality=9 attempts=4 fits=True reason=fit
[RC] final JPEG: /home/pi/BM_Devel_Pi/images/2026-10-02T20:40:26Z_image_compressed.jpg (10651 B, 37 msgs, sha256=a1d316641abbf9a9...)
[HEAL] wake plan: 0 pending heal(s), 0 chunk(s) this wake (cap 40)
[KEY] media key 0e503g from Spotter UTC 2026-10-02T20:40:28.734000+00:00 (spotter)
[KEY] sent record: /home/pi/BM_Devel_Pi/sent/2026-10-02T20:40:26Z_image_compressed.sent.json (37 msgs, chunks <I0e503g.n/37>)
[DEBUG] Runtime BM transfer settings: network=0x02 cellular-only; image_buffer_size=384; image_transmit_delay_seconds=1.3
[BOOT] transmit_start uptime_s=1228.96
[RC] transmit done: sent=37/37 complete=True incomplete_emitted=False uart=50.1s
[DEBUG] Raw image size: 1945511 bytes
[DEBUG] Image quality: 9
[DEBUG] Compressed image size: 10651 bytes
[DEBUG] Buffers: 37
[DEBUG] Execution Time: 1.05 min
[DEBUG] Within Window: True
[DEBUG] CPU Temp: 38.60°C
[DEBUG]  
[DEBUG]  
[DEBUG]  
[CMD] no listen tail: stay_on (the idle loop listens)
[SUP] action: media=video stage=None sent=37/37 elapsed=62.8s
[SUP] ===== action 11 done: stage=None skipped=False =====
