[watcher] start 20260928T183335Z
[watcher] reachable at 18:34:32Z after 11 polls
[watcher] SIGTERM sent to cycle
919 /usr/bin/rpicam-vid -n -t 7000 --codec h264 --inline --mode 2304:1296:10:P --width 1920 --height 1080 --framerate 15 --bitrate 6000000 --roi 0.000000,0.000000,1.000000,1.000000 -o /home/pi/BM_Devel_Pi/videos/2026-09-28T18-34-30Z_video_1920x1080_15fps.h264.part --sharpness 1.0 --autofocus-mode auto --lens-position 1.82
976 bash -c set -u B=/home/pi/s5bench/backup; A=/home/pi/BM_Devel_Pi; mkdir -p $B crontab -l > $B/crontab_ARMED.txt 2>/dev/null crontab -l | sed 's|^@reboot \(.*rc_run_capture_cycle\.sh\)$|# DISABLED s5bench 20260928T183335Z: @reboot \1|' | crontab - pkill -TERM -f '[r]c_run_capture_cycle.sh|[r]c_progressive_jp[e]g.py' && echo '[watcher] SIGTERM sent to cycle' || echo '[watcher] no cycle process' sleep 2 pgrep -af '[r]c_progressive|[r]c_run_capture|[r]picam|[f]fmpeg' || echo '[watcher] no camera procs' echo '--- crontab now'; crontab -l | grep -n reboot for f in bm_command_state.json camera_schedule.yaml camera_schedule.v1.yaml camera_config.yaml camera_config.lkg.json bm_command_state_v2.json config_journal.jsonl software_sha.txt; do [ -f $A/$f ] && cp -p $A/$f $B/; done ls -la $B echo '--- survey'; hostname; uptime; date -u echo '--- deployed sha'; cat $A/software_sha.txt echo '--- repo'; git -C /home/pi/repos/bm_cam_legacy log --oneline -1; git -C /home/pi/repos/bm_cam_legacy status --short | head echo '--- config'; cd $A && python3 rc_progressive_jp[e]g.py --print-config 2>&1 | grep -E '^\[CFG\]' | head -6 echo '--- SD'; df -h / | tail -1; echo '--- service key'; ls -la /home/pi/.config/nereus/service.key 2>&1 
--- crontab now
1:# DISABLED s5bench 20260928T183335Z: @reboot /usr/bin/flock -n /tmp/bmcam_rc_capture.lock /home/pi/BM_Devel_Pi/rc_run_capture_cycle.sh
total 48
drwxrwxr-x 2 pi pi 4096 Sep 28 18:34 .
drwxrwxr-x 3 pi pi 4096 Sep 28 18:34 ..
-rw-rw-r-- 1 pi pi  450 Sep 26 18:01 bm_command_state.json
-rw-r--r-- 1 pi pi  682 Sep 28 16:01 bm_command_state_v2.json
-rw-r--r-- 1 pi pi 3169 Sep 27 16:01 camera_config.lkg.json
-rw-r--r-- 1 pi pi 6149 Sep 27 01:01 camera_config.yaml
-rw-rw-r-- 1 pi pi 7867 Sep 26 18:31 camera_schedule.yaml
-rw-r--r-- 1 pi pi  522 Sep 27 16:01 config_journal.jsonl
-rw-rw-r-- 1 pi pi   98 Sep 28 18:34 crontab_ARMED.txt
-rw-rw-r-- 1 pi pi   13 Sep 27 16:01 software_sha.txt
--- survey
bmcam004
 18:34:36 up 0 min,  1 user,  load average: 1.65, 0.44, 0.15
Mon 28 Sep 18:34:36 UTC 2026
--- deployed sha
9491f1f54217
--- repo
9491f1f Merge pull request #80 from nickraymond/feature/sprint26-s3b-stay-on
--- config
[CFG] config v2 /home/pi/BM_Devel_Pi/camera_config.yaml media=video hash=72a12186 hv=1 registry=v3 overlay=0 key(s)
[CFG] legacy runtime reads the v1 render /dev/shm/bmcam/camera_schedule.yaml (level=v2)
--- SD
/dev/mmcblk0p2  115G   86G   25G  79% /
--- service key
-rw------- 1 pi pi 65 Sep 26 18:31 /home/pi/.config/nereus/service.key
[watcher] done 18:34:37Z
