[SUP] ===== action 2 (trg) utc=2026-10-02T07:47:45Z =====
[SUP] trg media override: one still action on a video unit
[CMD] one-shot trigger id=54004 trg=2 (capture + send): window gate BYPASSED for this boot only
[SUP] trg id=54004: one action with {'mode.media': 'still', 'still.message_cap': 40} (not persisted)
[RC] cycle start: budget=480s pacing=1.3s/msg
[CMD] time-sync subscribe sent; waiting up to 60s (fresh read)
[CMD] spotter UTC decoded: 2026-10-02T07:47:55.531000+00:00
[BOOT] spotter_utc_read uptime_s=5815.90
[RC] schedule gate: Within transmit window 00:00-00:00 America/Los_Angeles; local_time=2026-10-02T00:47:55.531000-07:00 (window bypassed; time read only)
[DEBUG] Sent compact telemetry message (135 bytes): <WS v=1 a=cap cfg=2e83a43a up=5795 tz=America/Los_Angeles lt=na ws=0000 we=0000 rk=1000x562 q=90 ct=35.4 sha=91a08f624011 hn=bmcam003>
[DEBUG] Applying requested focus camera controls: args=--autofocus-mode manual --lens-position 0.5 --awb custom --awbgains 1.8,1.6 --shutter 10000 --gain 2 --ev -1; requested={'camera_control_source': 'image_pipeline.camera_controls', 'camera_controls_enabled': True, 'requested_focus_enabled': True, 'requested_focus_mode': 'manual', 'requested_lens_position': 0.5, 'requested_white_balance_enabled': True, 'requested_white_balance_mode': 'manual', 'requested_red_gain': 1.8, 'requested_blue_gain': 1.6, 'requested_colour_gains': [1.8, 1.6], 'requested_exposure_enabled': True, 'requested_shutter_us': 10000, 'requested_analogue_gain': 2.0, 'requested_ev': -1.0, 'requested_image_processing_enabled': False}
[DEBUG] Running native capture command attempt 1/4: /usr/bin/rpicam-still -n --timeout 2000 --width 4608 --height 2592 --quality 95 --metadata /home/pi/BM_Devel_Pi/images/2026-10-02T07:47:53Z_image_native_full.metadata.json --autofocus-mode manual --lens-position 0.5 --awb custom --awbgains 1.8,1.6 --shutter 10000 --gain 2 --ev -1 -o /home/pi/BM_Devel_Pi/images/2026-10-02T07:47:53Z_image_native_full.jpg
[DEBUG] Native capture completed: output=/home/pi/BM_Devel_Pi/images/2026-10-02T07:47:53Z_image_native_full.jpg, bytes=1615976, duration_sec=4.29, attempt=1/4
[RC] native ready: /home/pi/BM_Devel_Pi/images/2026-10-02T07:47:53Z_image_native_full.jpg (1615976 B, elapsed=13.2s)
[RC] source prepared: 1000x562 (elapsed=14.4s)
[RC] attempt q90: 49662 B, 173 msgs, over_cap=True, budget_fit=True
[RC] attempt q80: 27573 B, 96 msgs, over_cap=True, budget_fit=True
[RC] attempt q70: 19439 B, 68 msgs, over_cap=True, budget_fit=True
[RC] attempt q60: 15330 B, 54 msgs, over_cap=True, budget_fit=True
[RC] attempt q50: 13179 B, 46 msgs, over_cap=True, budget_fit=True
[RC] attempt q40: 11285 B, 40 msgs, over_cap=False, budget_fit=True
[RC] selection: quality=40 attempts=6 fits=True reason=fit
[RC] final JPEG: /home/pi/BM_Devel_Pi/images/2026-10-02T07:47:53Z_image_compressed.jpg (11285 B, 40 msgs, sha256=9b1b15de5cc46725...)
[HEAL] wake plan: 0 pending heal(s), 0 chunk(s) this wake (cap 40)
[KEY] media key 0e40bv from Spotter UTC 2026-10-02T07:47:55.531000+00:00 (spotter)
[KEY] sent record: /home/pi/BM_Devel_Pi/sent/2026-10-02T07:47:53Z_image_compressed.sent.json (40 msgs, chunks <I0e40bv.n/40>)
[DEBUG] Runtime BM transfer settings: network=0x02 cellular-only; image_buffer_size=384; image_transmit_delay_seconds=1.3
[BOOT] transmit_start uptime_s=5822.15
[RC] transmit done: sent=40/40 complete=True incomplete_emitted=False uart=54.0s
[DEBUG] Raw image size: 1615976 bytes
[DEBUG] Image quality: 40
[DEBUG] Compressed image size: 11285 bytes
[DEBUG] Buffers: 40
[DEBUG] Execution Time: 1.15 min
[DEBUG] Within Window: True
[DEBUG] CPU Temp: 35.90°C
[DEBUG]  
[DEBUG]  
[DEBUG]  
[CMD] no listen tail: stay_on (the idle loop listens)
[SUP] action: media=video stage=None sent=40/40 elapsed=69.1s
[SUP] ===== action 2 done: stage=None skipped=False =====
