[1:25:04.621033487] [2104]  INFO Camera camera_manager.cpp:340 libcamera v0.7.1+rpt20260609
[1:25:04.666141051] [2107]  WARN CameraSensorProperties camera_sensor_properties.cpp:548 No static properties available for 'imx708_wide'
[1:25:04.666262563] [2107]  WARN CameraSensorProperties camera_sensor_properties.cpp:550 Please consider updating the camera sensor properties database
[1:25:04.666432410] [2107]  INFO RPI pipeline_base.cpp:1133 Using configuration file '/usr/share/libcamera/pipeline/rpi/vc4/rpi_apps.yaml'
[1:25:04.773360814] [2107]  INFO IPAProxy ipa_proxy.cpp:184 Using tuning file /home/pi/BM_Devel_Pi/exposure_profile/tuning/imx708_wide_lowgain_s30000_g16.json
[1:25:04.796685285] [2107]  WARN CameraSensor camera_sensor_legacy.cpp:502 'imx708_wide': No sensor delays found in static properties. Assuming unverified defaults.
[1:25:04.798360362] [2107]  INFO Camera camera_manager.cpp:223 Adding camera '/base/soc/i2c0mux/i2c@1/imx708@1a' for pipeline handler rpi/vc4
[1:25:04.798440832] [2107]  INFO RPI vc4.cpp:445 Registered camera /base/soc/i2c0mux/i2c@1/imx708@1a to Unicam device /dev/media0 and ISP device /dev/media1
Mode selection for 2304:1296:12:P
    SRGGB10_CSI2P,1536x864/0 - Score: 3400
    SRGGB10_CSI2P,2304x1296/0 - Score: 1000
    SRGGB10_CSI2P,4608x2592/0 - Score: 1900
[1:25:04.804762439] [2104]  INFO Camera camera.cpp:1216 configuring streams: (0) 2304x1296-YUV420/sYCC (1) 2304x1296-SBGGR10_CSI2P/RAW
[1:25:04.805629952] [2107]  INFO RPI vc4.cpp:620 Sensor: /base/soc/i2c0mux/i2c@1/imx708@1a - Selected sensor format: 2304x1296-SBGGR10_1X10/RAW - Selected unicam format: 2304x1296-pBAA/RAW
Mode selection for 4608:2592:12:P
    SRGGB10_CSI2P,1536x864/0 - Score: 10600
    SRGGB10_CSI2P,2304x1296/0 - Score: 8200
    SRGGB10_CSI2P,4608x2592/0 - Score: 1000
[1:25:06.904968371] [2104]  INFO Camera camera.cpp:1216 configuring streams: (0) 4608x2592-YUV420/sYCC (1) 4608x2592-SBGGR10_CSI2P/RAW
[1:25:06.906366048] [2107]  INFO RPI vc4.cpp:620 Sensor: /base/soc/i2c0mux/i2c@1/imx708@1a - Selected sensor format: 4608x2592-SBGGR10_1X10/RAW - Selected unicam format: 4608x2592-pBAA/RAW
Still capture image received
Bayer format is BGGR-10
