[SUP] ===== action 10 (trg) utc=2026-10-02T06:41:42Z =====
[VTX] cycle start: budget=480s pacing=1.3s/msg transmit=True
[CMD] one-shot trigger id=64025 trg=2 (capture + send): window gate BYPASSED for this boot only
[SUP] trg id=64025: one action with {'video.send.message_cap': 80} (not persisted)
[CMD] time-sync subscribe sent; waiting up to 60s (fresh read)
[CMD] spotter UTC decoded: 2026-10-02T06:41:47.578000+00:00
[BOOT] spotter_utc_read uptime_s=1959.40
[VTX] schedule gate: Within transmit window 00:00-00:00 America/Los_Angeles; local_time=2026-10-01T23:41:47.578000-07:00
[VID] boot sweep: no crash debris
[VID] clip start: 2026-10-02T06-41-47Z_video_1280x720_15fps (7s nominal, 1280x720@15fps 6.0Mbps, mode 2304x1296, 2304x1296 available px, scale 0.556x)
[VID] clip done: 2026-10-02T06-41-47Z_video_1280x720_15fps.mp4 (1594532 B, encode=7.7s boundary=3.0s)
[VTX] message budget: cap=80 affordable_now=324 (after reserving 32) -> 80 chunk msgs (23040 B)
[VTX] encode try 1: 35.4 kbps -> 25857 B = 112% of 80 msgs
[VTX] encode try 2: 30.4 kbps -> 20706 B = 90% of 80 msgs
[VTX] encode try 3: 31.9 kbps -> 22195 B = 96% of 80 msgs
[VTX] payload: 22195 B = 78 msgs (96.3% of budget) 3 pass-2 tries, prescale 3.1s encode 6.9s
[HEAL] wake plan: 0 pending heal(s), 0 chunk(s) this wake (cap 40)
[KEY] media key 0e3x9n from Spotter UTC 2026-10-02T06:41:47.578000+00:00 (spotter)
[KEY] sent record: /home/pi/BM_Devel_Pi/sent/2026-10-02T06-41-47Z_video_5s.sent.json (78 msgs, chunks <I0e3x9n.n/78>)
[DEBUG] Runtime BM transfer settings: network=0x02 cellular-only; image_buffer_size=384; image_transmit_delay_seconds=1.3
[BOOT] transmit_start uptime_s=1980.49
[VTX] transmit done: sent=78/78 complete=True keyframe_repeat=30/30 uart=143.7s file=2026-10-02T06-41-47Z_video_5s.h264
[CMD] no listen tail: stay_on (the idle loop listens)
[SUP] action: media=video stage=done sent=78/78 elapsed=170.3s
[SUP] ===== action 10 done: stage=done skipped=False =====
