c5376fa8d06ea5bf59ca3d4338e4b450f39404cbbdc7a99e8156474d05c7dbdb  camera_schedule.yaml
89301c2652fb06d732cccee6240238ef2e86efd41c99188f51e8b403e98dc3b8  bm_command_state.json
4c4fe8fe8897
[MIGRATE] app=/home/pi/BM_Devel_Pi config=/home/pi/BM_Devel_Pi/camera_schedule.yaml state=(v1 loader default) out_dir=/home/pi/BM_Devel_Pi mode=dry-run
# config v1 -> v2 migration report
source: /home/pi/BM_Devel_Pi/camera_schedule.yaml (sha256 c5376fa8d06ea5bf59ca3d4338e4b450f39404cbbdc7a99e8156474d05c7dbdb)
state:  /home/pi/BM_Devel_Pi/bm_command_state.json
result: OK

## Notes
- timezone_preset 'sf' wins over timezone 'America/Los_Angeles' (v1 rule); migrated as 'America/Los_Angeles'

## v1 keys with no v2 key
- bm_commands.defer_acks_during_transmit: always on from W2 (S3); the migrator refuses true until then
- capture_mode: folded into mode.media
- enforce_spotter_time_window: mirror of enforce_time_window; folded into schedule.window.enabled (last one in the file won)
- image.image_quality: HEIC-only, validation-only
- image.resolution_key: HEIC-only, validation-only
- image_pipeline.crop.h: HEIC-only, validation-only
- image_pipeline.crop.mode: dead
- image_pipeline.crop.w: HEIC-only, validation-only
- image_pipeline.crop.x: HEIC-only, validation-only
- image_pipeline.crop.y: HEIC-only, validation-only
- image_pipeline.enabled: HEIC-only validation gate
- image_pipeline.heic.quality: HEIC-only, validation-only
- image_pipeline.spatial.output_height: HEIC-only, validation-only
- image_pipeline.spatial.output_width: HEIC-only, validation-only
- image_pipeline.spatial.resample: dead
- progressive_jpeg.quality.q_max: folded into still.quality_ladder (the resolved ladder)
- progressive_jpeg.quality.q_min: folded into still.quality_ladder
- progressive_jpeg.quality.step: folded into still.quality_ladder
- timezone_preset: folded into schedule.timezone (the preset silently won in v1)
- video_tx.enabled: folded into mode.media (video vs video_logger)

## Keys that differ from the registry default
- mode.media = "video"  (default null; v1 capture_mode, video_tx.enabled)
- schedule.window.start = "00:00"  (default "12:00"; v1 transmit_window.start)
- schedule.window.end = "00:00"  (default "15:00"; v1 transmit_window.end)
- time.allow_system_fallback = true  (default false; v1 allow_system_clock_fallback)
- power.halt.enabled = true  (default false; v1 power_halt.enabled)
- power.halt.dry_run = false  (default true; v1 power_halt.dry_run)
- camera.controls_enabled = true  (default false; v1 image_pipeline.camera_controls.enabled)
- camera.focus.mode = "auto"  (default null; v1 image_pipeline.camera_controls.focus.mode)
- camera.focus.lens_position = 1.82  (default null; v1 image_pipeline.camera_controls.focus.lens_position)
- still.quality_ladder = [90, 80, 70, 60, 50, 40, 30, 25, 20, 15, 13, 11, 9]  (default [15, 13, 11, 9]; v1 progressive_jpeg.quality.ladder, progressive_jpeg.quality.q_max, progressive_jpeg.quality.q_min, progressive_jpeg.quality.step)
- still.budget_min = 8  (default 18; v1 progressive_jpeg.max_run_time_min)
- video.record.framing = "wide_1080p_lean"  (default null; v1 video.preset)
- video.record.bitrate_mbps = 6.0  (default 2.0; v1 video.bitrate_mbps)
- video.record.encoder.sharpness = 1.0  (default null; v1 video.encoder.sharpness)
- video.send.message_cap = 190  (default 126; v1 video_tx.message_cap)
- video.send.budget_min = 8  (default 18; v1 progressive_jpeg.max_run_time_min)
- uplink.chunk_chars = 384  (default 300; v1 bm_serial.image_buffer_size)
- uplink.msg_interval_s = 1.3  (default 5.0; v1 bm_serial.image_transmit_delay_seconds)
- uplink.media_key.enabled = true  (default false; v1 media_key.enabled)
- commands.enabled = true  (default false; v1 bm_commands.enabled)
- network.default = "nereus_hq"  (default "none"; v1 network.default)

[MIGRATE] dry-run OK: re-run with --write to create the v2 files
exit=0
