2026-09-26T00:08:42Z SPOT-33507C > bridge cfg get c3c564b91856226c s bridgePowerControllerEnabled
2026-09-26T00:08:45Z bridge cfg get c3c564b91856226c s bridgePowerControllerEnabled
2026-09-26T00:08:45Z Succesfully sent config get msg
2026-09-26T00:08:45Z 2026-09-26T00:08:46.617Z [BRIDGE_CFG] [INFO] Node ID: 0000000000000000 Partition: system Value: 1
2026-09-26T00:08:48Z SPOT-33507C > bridge cfg get c3c564b91856226c s sampleIntervalMs
2026-09-26T00:08:49Z bridge cfg get c3c564b91856226c s sampleIntervalMs
2026-09-26T00:08:49Z Succesfully sent config get msg
2026-09-26T00:08:49Z 2026-09-26T00:08:50.835Z [BRIDGE_CFG] [INFO] Node ID: 0000000000000000 Partition: system Value: 3600000
2026-09-26T00:08:52Z SPOT-33507C > bridge cfg get c3c564b91856226c s sampleDurationMs
2026-09-26T00:08:53Z bridge cfg get c3c564b91856226c s sampleDurationMs
2026-09-26T00:08:53Z Succesfully sent config get msg
2026-09-26T00:08:53Z 2026-09-26T00:08:54.648Z [BRIDGE_CFG] [INFO] Node ID: 0000000000000000 Partition: system Value: 600000
2026-09-26T00:08:56Z SPOT-33507C > bridge cfg get c3c564b91856226c s alignmentInterval5Min
2026-09-26T00:08:57Z bridge cfg get c3c564b91856226c s alignmentInterval5Min
2026-09-26T00:08:57Z Succesfully sent config get msg
2026-09-26T00:08:57Z 2026-09-26T00:08:58.871Z [BRIDGE_CFG] [INFO] Node ID: 0000000000000000 Partition: system Value: 1
2026-09-26T00:09:00Z SPOT-31593C > bridge cfg get 0e582dd12c1e1480 s bridgePowerControllerEnabled
2026-09-26T00:09:01Z bridge cfg get 0e582dd12c1e1480 s bridgePowerControllerEnabled
2026-09-26T00:09:01Z Succesfully sent config get msg
2026-09-26T00:09:01Z 2026-09-26T00:09:01.578Z [BRIDGE_CFG] [INFO] Node ID: 0000000000000000 Partition: system Value: 1
2026-09-26T00:09:04Z SPOT-31593C > bridge cfg get 0e582dd12c1e1480 s sampleIntervalMs
2026-09-26T00:09:05Z bridge cfg get 0e582dd12c1e1480 s sampleIntervalMs
2026-09-26T00:09:05Z Succesfully sent config get msg
2026-09-26T00:09:05Z 2026-09-26T00:09:05.796Z [BRIDGE_CFG] [INFO] Node ID: 0000000000000000 Partition: system Value: 3600000
2026-09-26T00:09:05Z 2026-09-26T00:09:05.835Z [BRIDGE_CFG] [INFO] Bridge topology in topology sampler:
2026-09-26T00:09:05Z 2026-09-26T00:09:05.839Z [BRIDGE_CFG] [INFO] 0e582dd12c1e1480
2026-09-26T00:09:05Z 2026-09-26T00:09:05.843Z [BRIDGE_CFG] [INFO] e6fe83ea6b4a2b7f
2026-09-26T00:09:05Z 2026-09-26T00:09:05.843Z [BRIDGE_SYS] [INFO] Checking CRC in report builder!
2026-09-26T00:09:05Z 2026-09-26T00:09:05.847Z [BRIDGE_SYS] [INFO] Got CRC 5fe667a9 OLD CRC 5fe667a9
2026-09-26T00:09:05Z 2026-09-26T00:09:05.851Z [BRIDGE_SYS] [INFO] CRCs match, not updating
2026-09-26T00:09:08Z SPOT-31593C > bridge cfg get 0e582dd12c1e1480 s sampleDurationMs
2026-09-26T00:09:09Z bridge cfg get 0e582dd12c1e1480 s sampleDurationMs
2026-09-26T00:09:09Z Succesfully sent config get msg
2026-09-26T00:09:09Z 2026-09-26T00:09:10.015Z [BRIDGE_CFG] [INFO] Node ID: 0000000000000000 Partition: system Value: 600000
2026-09-26T00:09:13Z SPOT-31593C > bridge cfg get 0e582dd12c1e1480 s alignmentInterval5Min
2026-09-26T00:09:14Z bridge cfg get 0e582dd12c1e1480 s alignmentInterval5Min
2026-09-26T00:09:14Z Succesfully sent config get msg
2026-09-26T00:09:14Z 2026-09-26T00:09:14.238Z [BRIDGE_CFG] [INFO] Node ID: 0000000000000000 Partition: system Value: 1
2026-09-26T00:10:35Z SPOT-33507C > bridge cfg set c3c564b91856226c s u bridgePowerControllerEnabled 0
2026-09-26T00:10:36Z bridge cfg set c3c564b91856226c s u bridgePowerControllerEnabled 0
2026-09-26T00:10:36Z Succesfully sent config set msg
2026-09-26T00:10:36Z 2026-09-26T00:10:38.183Z [BRIDGE_CFG] [INFO] Node ID: 0000000000000000 Partition: system Value: 0
2026-09-26T00:10:39Z SPOT-33507C > bridge cfg commit c3c564b91856226c s
2026-09-26T00:10:40Z bridge cfg commit c3c564b91856226c s
2026-09-26T00:10:40Z Succesfull config commit send
2026-09-26T00:10:42Z 2026-09-26T00:10:43.722Z [BRIDGE] [ERROR] Bridge RX Processing Packet Failure: -7
2026-09-26T00:10:42Z 2026-09-26T00:10:43.726Z [BRIDGE] [INFO] Setting negotiated baud rate to 1000000 from 1000000
2026-09-26T00:10:42Z 2026-09-26T00:10:43.730Z [BRIDGE_SYS] [INFO] Bridge State Init
2026-09-26T00:10:42Z 2026-09-26T00:10:43.734Z [BRIDGE] [INFO] Reboot info received from c3c564b91856226c - Reason: 5 gitSHA: 1595f804 Reboot cnt: 0 PC: 0x0 LR: 0x0
2026-09-26T00:10:42Z 2026-09-26T00:10:43.738Z [BRIDGE_SYS] [INFO] Bridge bus power: 1
2026-09-26T00:10:42Z 2026-09-26T00:10:43.792Z [BRIDGE_CFG] [INFO] Response msg -- Node Id: 0000000000000000, Partition: system, Commit Status: 0
2026-09-26T00:10:42Z 2026-09-26T00:10:43.792Z [BRIDGE_CFG] [INFO] Num Keys: 18
2026-09-26T00:10:42Z 2026-09-26T00:10:43.792Z [BRIDGE_CFG] [INFO] Key 0: sampleIntervalMs
2026-09-26T00:10:42Z 2026-09-26T00:10:43.792Z [BRIDGE_CFG] [INFO] Key 1: sampleDurationMs
2026-09-26T00:10:42Z 2026-09-26T00:10:43.792Z [BRIDGE_CFG] [INFO] Key 2: subsampleIntervalMs
2026-09-26T00:10:42Z 2026-09-26T00:10:43.792Z [BRIDGE_CFG] [INFO] Key 3: subsampleDurationMs
2026-09-26T00:10:42Z 2026-09-26T00:10:43.792Z [BRIDGE_CFG] [INFO] Key 4: subsampleEnabled
2026-09-26T00:10:42Z 2026-09-26T00:10:43.792Z [BRIDGE_CFG] [INFO] Key 5: bridgePowerControllerEnabled
2026-09-26T00:10:42Z 2026-09-26T00:10:43.792Z [BRIDGE_CFG] [INFO] Key 6: alignmentInterval5Min
2026-09-26T00:10:42Z 2026-09-26T00:10:43.792Z [BRIDGE_CFG] [INFO] Key 7: ticksSamplingEnabled
2026-09-26T00:10:42Z 2026-09-26T00:10:43.792Z [BRIDGE_CFG] [INFO] Key 8: samplesPerReport
2026-09-26T00:10:42Z 2026-09-26T00:10:43.792Z [BRIDGE_CFG] [INFO] Key 9: transmitAggregations
2026-09-26T00:10:42Z 2026-09-26T00:10:43.792Z [BRIDGE_CFG] [INFO] Key 10: currentReadingPeriodMs
2026-09-26T00:10:42Z 2026-09-26T00:10:43.792Z [BRIDGE_CFG] [INFO] Key 11: softReadingPeriodMs
2026-09-26T00:10:42Z 2026-09-26T00:10:43.796Z [BRIDGE_CFG] [INFO] Key 12: rbrCodaReadingPeriodMs
2026-09-26T00:10:42Z 2026-09-26T00:10:43.796Z [BRIDGE_CFG] [INFO] Key 13: turbidityReadingPeriodMs
2026-09-26T00:10:42Z 2026-09-26T00:10:43.796Z [BRIDGE_CFG] [INFO] Key 14: disableUnusedPortsTimeMs
2026-09-26T00:10:42Z 2026-09-26T00:10:43.796Z [BRIDGE_CFG] [INFO] Key 15: salinityReadingPeriodMs
2026-09-26T00:10:42Z 2026-09-26T00:10:43.796Z [BRIDGE_CFG] [INFO] Key 16: sensorsCheckIntervalS
2026-09-26T00:10:42Z 2026-09-26T00:10:43.796Z [BRIDGE_CFG] [INFO] Key 17: sensorsPollIntervalMs
2026-09-26T00:10:42Z 2026-09-26T00:10:43.796Z [BRIDGE_CFG] [INFO] Response msg -- Node Id: 0000000000000000, Partition: user, Commit Status: 0
2026-09-26T00:10:42Z 2026-09-26T00:10:43.796Z [BRIDGE_CFG] [INFO] Num Keys: 0
2026-09-26T00:10:42Z 2026-09-26T00:10:43.796Z [BRIDGE_CFG] [INFO] Response msg -- Node Id: 0000000000000000, Partition: hardware, Commit Status: 0
2026-09-26T00:10:42Z 2026-09-26T00:10:43.796Z [BRIDGE_CFG] [INFO] Num Keys: 1
2026-09-26T00:10:42Z 2026-09-26T00:10:43.796Z [BRIDGE_CFG] [INFO] Key 0: smConfigurationCrc
2026-09-26T00:10:42Z 2026-09-26T00:10:43.796Z [BRIDGE] [INFO] handle_power_states, power on for: 4294967295
2026-09-26T00:10:42Z 2026-09-26T00:10:43.804Z [BRIDGE_CFG] [INFO] Node ID: 0000000000000000 Partition: system Value: 3600000
2026-09-26T00:10:42Z 2026-09-26T00:10:43.808Z [BRIDGE_CFG] [INFO] Node ID: 0000000000000000 Partition: system Value: 600000
2026-09-26T00:10:42Z 2026-09-26T00:10:43.812Z [BRIDGE_CFG] [INFO] Node ID: 0000000000000000 Partition: system Value: 300000
2026-09-26T00:10:42Z 2026-09-26T00:10:43.820Z [BRIDGE_CFG] [INFO] Node ID: 0000000000000000 Partition: system Value: 30000
2026-09-26T00:10:42Z 2026-09-26T00:10:43.824Z [BRIDGE_CFG] [INFO] Node ID: 0000000000000000 Partition: system Value: 0
2026-09-26T00:10:42Z 2026-09-26T00:10:43.828Z [BRIDGE_CFG] [INFO] Node ID: 0000000000000000 Partition: system Value: 0
2026-09-26T00:10:42Z 2026-09-26T00:10:43.835Z [BRIDGE_CFG] [INFO] Node ID: 0000000000000000 Partition: system Value: 1
2026-09-26T00:10:42Z 2026-09-26T00:10:43.839Z [BRIDGE_CFG] [INFO] Node ID: 0000000000000000 Partition: system Value: 0
2026-09-26T00:10:42Z 2026-09-26T00:10:43.843Z [BRIDGE_CFG] [INFO] Node ID: 0000000000000000 Partition: system Value: 1
2026-09-26T00:10:42Z 2026-09-26T00:10:43.847Z [BRIDGE_CFG] [INFO] Node ID: 0000000000000000 Partition: system Value: 0
2026-09-26T00:10:42Z 2026-09-26T00:10:43.855Z [BRIDGE_CFG] [INFO] Node ID: 0000000000000000 Partition: system Value: 60000
2026-09-26T00:10:42Z 2026-09-26T00:10:43.859Z [BRIDGE_CFG] [INFO] Node ID: 0000000000000000 Partition: system Value: 500
2026-09-26T00:10:42Z 2026-09-26T00:10:43.863Z [BRIDGE_CFG] [INFO] Node ID: 0000000000000000 Partition: system Value: 500
2026-09-26T00:10:42Z 2026-09-26T00:10:43.867Z [BRIDGE_CFG] [INFO] Node ID: 0000000000000000 Partition: system Value: 1000
2026-09-26T00:10:42Z 2026-09-26T00:10:43.875Z [BRIDGE_CFG] [INFO] Node ID: 0000000000000000 Partition: system Value: 0
2026-09-26T00:10:42Z 2026-09-26T00:10:43.878Z [BRIDGE_CFG] [INFO] Node ID: 0000000000000000 Partition: system Value: 30000
2026-09-26T00:10:42Z 2026-09-26T00:10:43.882Z [BRIDGE_CFG] [INFO] Node ID: 0000000000000000 Partition: system Value: 60
2026-09-26T00:10:42Z 2026-09-26T00:10:43.890Z [BRIDGE_CFG] [INFO] Node ID: 0000000000000000 Partition: system Value: 10000
2026-09-26T00:10:42Z 2026-09-26T00:10:43.894Z [BRIDGE_CFG] [INFO] Node ID: 0000000000000000 Partition: hardware - Failed to decode value
2026-09-26T00:10:43Z 2026-09-26T00:10:44.769Z [BRIDGE_SYS] [INFO] Neighbor 53171fa3d81a8e6f added
2026-09-26T00:10:47Z 2026-09-26T00:10:48.738Z [BRIDGE_CFG] [INFO] Bridge topology in topology sampler:
2026-09-26T00:10:47Z 2026-09-26T00:10:48.746Z [BRIDGE_CFG] [INFO] c3c564b91856226c
2026-09-26T00:10:47Z 2026-09-26T00:10:48.750Z [BRIDGE_CFG] [INFO] 53171fa3d81a8e6f
2026-09-26T00:10:47Z 2026-09-26T00:10:48.753Z [BRIDGE_CFG] [INFO] Network configuration change detected! crc: 0xba829098 at UTC:1790381448
2026-09-26T00:10:47Z 2026-09-26T00:10:48.753Z [BRIDGE_CFG] [INFO] Stored CRCs:
2026-09-26T00:10:47Z 0xa73850dc
2026-09-26T00:10:47Z 0xba829098
2026-09-26T00:10:47Z 0x1539bc17
2026-09-26T00:10:47Z 0x82e414ca
2026-09-26T00:10:47Z 0xf9cb90d5
2026-09-26T00:10:47Z 0x6e163808
2026-09-26T00:10:47Z 0x1614bd85
2026-09-26T00:10:47Z 0x24b9d688
2026-09-26T00:10:47Z 0x44823633
2026-09-26T00:10:47Z 2026-09-26T00:10:48.777Z [BRIDGE_CFG] [INFO] Bridge network config: [[14106792153947972204, "bridge", 362149892, 3303883033, {"sampleIntervalMs": 3600000, "sampleDurationMs": 600000, "subsampleInterv
2026-09-26T00:10:47Z 2026-09-26T00:10:48.792Z [BRIDGE_CFG] [INFO] Bridge network info CRC: ba829098
2026-09-26T00:10:47Z 2026-09-26T00:10:48.792Z [BRIDGE_CFG] [INFO] Bridge FW Version: Major: 0 Minor: 13 Revision: 11
2026-09-26T00:10:47Z 2026-09-26T00:10:48.792Z [BRIDGE_CFG] [INFO] Bridge sys config partition CRC: c4ed4119
2026-09-26T00:10:47Z 2026-09-26T00:10:48.792Z [BRIDGE_CFG] [INFO] Bridge toplogy: c3c564b91856226c | 53171fa3d81a8e6f
2026-09-26T00:10:47Z 2026-09-26T00:10:48.796Z [BRIDGE_SYS] [INFO] Checking CRC in report builder!
2026-09-26T00:10:47Z No update available for 53171fa3d81a8e6f
2026-09-26T00:10:47Z 2026-09-26T00:10:48.796Z [BRIDGE_SYS] [INFO] Got CRC ba829098 OLD CRC 0
2026-09-26T00:10:47Z No update available for c3c564b91856226c
2026-09-26T00:10:47Z Current bit offset: 196
2026-09-26T00:10:47Z Rounded bit offset: 200
2026-09-26T00:10:47Z New bit offset: 2720
2026-09-26T00:10:47Z 2026-09-26T00:10:48.800Z [MS] [INFO] Added message(id: 16 len: 340) to queue MS_Q_LEGACY: (1)!
2026-09-26T00:10:47Z 2026-09-26T00:10:48.800Z [BRIDGE_SYS] [INFO] Getting topology in report builder!
2026-09-26T00:10:47Z Message: Current bit offset: 20
2026-09-26T00:10:47Z Rounded bit offset: 24
2026-09-26T00:10:47Z New bit offset: 1672
2026-09-26T00:10:47Z 2026-09-26T00:10:48.800Z [MS] [INFO] Added message(id: 17 len: 209) to queue MS_Q_LEGACY: (2)!
2026-09-26T00:10:47Z 2026-09-26T00:10:48.800Z [CFG] [INFO] Saving sysCfg
2026-09-26T00:10:47Z 2026-09-26T00:10:48.800Z [BRIDGE_SYS] [INFO] Got topology in report builder!
2026-09-26T00:10:47Z 2026-09-26T00:10:48.804Z [BRIDGE_SYS] [INFO] Updating CRC and topology in report builder!
2026-09-26T00:10:47Z 2026-09-26T00:10:48.808Z [BRIDGE_SYS] [INFO] Updated reportBuilders max network configuration CBOR map
2026-09-26T00:10:47Z 2026-09-26T00:10:48.808Z [BRIDGE_SYS] [INFO] Updated reportBuilders max network sensor type list
2026-09-26T00:10:47Z 2026-09-26T00:10:48.867Z [CFG] [INFO] Saving sysCfg
2026-09-26T00:10:47Z 2026-09-26T00:10:48.882Z [MS] [DEBUG] Has message 16 expired? queuedTime: 16015671, now64: 16015755, remaining: 86399916
2026-09-26T00:10:47Z 2026-09-26T00:10:48.882Z [MS] [DEBUG] Sending legacy messages to Notecard.
2026-09-26T00:10:47Z 2026-09-26T00:10:48.914Z [MS] [DEBUG] Notecard is 19.000000 pct full.
2026-09-26T00:10:47Z 2026-09-26T00:10:48.917Z [MS] [INFO] Queuing message 16 20004F10
2026-09-26T00:10:47Z 2026-09-26T00:10:49.503Z [MS] [DEBUG] Has message 17 expired? queuedTime: 16015672, now64: 16016375, remaining: 86399297
2026-09-26T00:10:47Z 2026-09-26T00:10:49.503Z [MS] [INFO] Queuing message 17 2000DF20
2026-09-26T00:10:48Z 2026-09-26T00:10:49.812Z [MS] [INFO] Setting GPS coordinates lat:37.758095, lon: -122.430870
2026-09-26T00:10:48Z 2026-09-26T00:10:49.910Z [MS] [DEBUG] Attempting to Sync.
2026-09-26T00:10:48Z 2026-09-26T00:10:49.945Z [MS] [DEBUG] Waiting for TX
2026-09-26T00:10:49Z SPOT-33507C > bridge cfg get c3c564b91856226c s bridgePowerControllerEnabled
2026-09-26T00:10:50Z bridge cfg get c3c564b91856226c s bridgePowerControllerEnabled
2026-09-26T00:10:50Z Message: Succesfully sent config get msg
2026-09-26T00:10:50Z 2026-09-26T00:10:51.667Z [BRIDGE_CFG] [INFO] Node ID: 0000000000000000 Partition: system Value: 0
2026-09-26T00:10:53Z SPOT-31593C > bridge cfg set 0e582dd12c1e1480 s u bridgePowerControllerEnabled 0
2026-09-26T00:10:54Z bridge cfg set 0e582dd12c1e1480 s u bridgePowerControllerEnabled 0
2026-09-26T00:10:54Z Succesfully sent config set msg
2026-09-26T00:10:54Z 2026-09-26T00:10:54.339Z [BRIDGE_CFG] [INFO] Node ID: 0000000000000000 Partition: system Value: 0
2026-09-26T00:10:57Z SPOT-31593C > bridge cfg commit 0e582dd12c1e1480 s
2026-09-26T00:10:58Z bridge cfg commit 0e582dd12c1e1480 s
2026-09-26T00:10:58Z Succesfull config commit send
2026-09-26T00:10:59Z 2026-09-26T00:10:59.914Z [BRIDGE] [ERROR] Bridge RX Processing Packet Failure: -7
2026-09-26T00:10:59Z 2026-09-26T00:10:59.917Z [BRIDGE] [INFO] Setting negotiated baud rate to 1000000 from 1000000
2026-09-26T00:10:59Z 2026-09-26T00:10:59.921Z [BRIDGE_SYS] [INFO] Bridge State Init
2026-09-26T00:10:59Z 2026-09-26T00:10:59.921Z [BRIDGE] [INFO] Reboot info received from 0e582dd12c1e1480 - Reason: 5 gitSHA: 1595f804 Reboot cnt: 0 PC: 0x0 LR: 0x0
2026-09-26T00:10:59Z 2026-09-26T00:10:59.929Z [BRIDGE_SYS] [INFO] Bridge bus power: 1
2026-09-26T00:10:59Z 2026-09-26T00:10:59.980Z [BRIDGE_CFG] [INFO] Response msg -- Node Id: 0000000000000000, Partition: system, Commit Status: 0
2026-09-26T00:10:59Z 2026-09-26T00:10:59.980Z [BRIDGE_CFG] [INFO] Num Keys: 16
2026-09-26T00:10:59Z 2026-09-26T00:10:59.980Z [BRIDGE_CFG] [INFO] Key 0: sampleIntervalMs
2026-09-26T00:10:59Z 2026-09-26T00:10:59.980Z [BRIDGE_CFG] [INFO] Key 1: sampleDurationMs
2026-09-26T00:10:59Z 2026-09-26T00:10:59.980Z [BRIDGE_CFG] [INFO] Key 2: subsampleIntervalMs
2026-09-26T00:10:59Z 2026-09-26T00:10:59.980Z [BRIDGE_CFG] [INFO] Key 3: subsampleDurationMs
2026-09-26T00:10:59Z 2026-09-26T00:10:59.980Z [BRIDGE_CFG] [INFO] Key 4: subsampleEnabled
2026-09-26T00:10:59Z 2026-09-26T00:10:59.980Z [BRIDGE_CFG] [INFO] Key 5: bridgePowerControllerEnabled
2026-09-26T00:10:59Z 2026-09-26T00:10:59.980Z [BRIDGE_CFG] [INFO] Key 6: alignmentInterval5Min
2026-09-26T00:10:59Z 2026-09-26T00:10:59.980Z [BRIDGE_CFG] [INFO] Key 7: ticksSamplingEnabled
2026-09-26T00:10:59Z 2026-09-26T00:10:59.980Z [BRIDGE_CFG] [INFO] Key 8: samplesPerReport
2026-09-26T00:10:59Z 2026-09-26T00:10:59.984Z [BRIDGE_CFG] [INFO] Key 9: transmitAggregations
2026-09-26T00:10:59Z 2026-09-26T00:10:59.984Z [BRIDGE_CFG] [INFO] Key 10: currentReadingPeriodMs
2026-09-26T00:10:59Z 2026-09-26T00:10:59.984Z [BRIDGE_CFG] [INFO] Key 11: softReadingPeriodMs
2026-09-26T00:10:59Z 2026-09-26T00:10:59.984Z [BRIDGE_CFG] [INFO] Key 12: rbrCodaReadingPeriodMs
2026-09-26T00:10:59Z 2026-09-26T00:10:59.984Z [BRIDGE_CFG] [INFO] Key 13: turbidityReadingPeriodMs
2026-09-26T00:10:59Z 2026-09-26T00:10:59.984Z [BRIDGE_CFG] [INFO] Key 14: disableUnusedPortsTimeMs
2026-09-26T00:10:59Z 2026-09-26T00:10:59.984Z [BRIDGE_CFG] [INFO] Key 15: salinityReadingPeriodMs
2026-09-26T00:10:59Z 2026-09-26T00:10:59.984Z [BRIDGE_CFG] [INFO] Response msg -- Node Id: 0000000000000000, Partition: user, Commit Status: 0
2026-09-26T00:10:59Z 2026-09-26T00:10:59.984Z [BRIDGE_CFG] [INFO] Num Keys: 0
2026-09-26T00:10:59Z 2026-09-26T00:10:59.984Z [BRIDGE_CFG] [INFO] Response msg -- Node Id: 0000000000000000, Partition: hardware, Commit Status: 0
2026-09-26T00:10:59Z 2026-09-26T00:10:59.984Z [BRIDGE_CFG] [INFO] Num Keys: 1
2026-09-26T00:10:59Z 2026-09-26T00:10:59.984Z [BRIDGE_CFG] [INFO] Key 0: smConfigurationCrc
2026-09-26T00:10:59Z 2026-09-26T00:10:59.984Z [BRIDGE] [INFO] handle_power_states, power on for: 4294967295
2026-09-26T00:10:59Z 2026-09-26T00:10:59.992Z [BRIDGE_CFG] [INFO] Node ID: 0000000000000000 Partition: system Value: 3600000
2026-09-26T00:10:59Z 2026-09-26T00:10:59.996Z [BRIDGE_CFG] [INFO] Node ID: 0000000000000000 Partition: system Value: 600000
2026-09-26T00:10:59Z 2026-09-26T00:11:00.000Z [BRIDGE_CFG] [INFO] Node ID: 0000000000000000 Partition: system Value: 300000
2026-09-26T00:10:59Z 2026-09-26T00:11:00.003Z [BRIDGE_CFG] [INFO] Node ID: 0000000000000000 Partition: system Value: 60000
2026-09-26T00:10:59Z 2026-09-26T00:11:00.007Z [BRIDGE_CFG] [INFO] Node ID: 0000000000000000 Partition: system Value: 0
2026-09-26T00:10:59Z 2026-09-26T00:11:00.011Z [BRIDGE_CFG] [INFO] Node ID: 0000000000000000 Partition: system Value: 0
2026-09-26T00:10:59Z 2026-09-26T00:11:00.015Z [BRIDGE_CFG] [INFO] Node ID: 0000000000000000 Partition: system Value: 1
2026-09-26T00:10:59Z 2026-09-26T00:11:00.019Z [BRIDGE_CFG] [INFO] Node ID: 0000000000000000 Partition: system Value: 0
2026-09-26T00:10:59Z 2026-09-26T00:11:00.023Z [BRIDGE_CFG] [INFO] Node ID: 0000000000000000 Partition: system Value: 1
2026-09-26T00:10:59Z 2026-09-26T00:11:00.027Z [BRIDGE_CFG] [INFO] Node ID: 0000000000000000 Partition: system Value: 1
2026-09-26T00:10:59Z 2026-09-26T00:11:00.035Z [BRIDGE_CFG] [INFO] Node ID: 0000000000000000 Partition: system Value: 60000
2026-09-26T00:10:59Z 2026-09-26T00:11:00.039Z [BRIDGE_CFG] [INFO] Node ID: 0000000000000000 Partition: system Value: 500
2026-09-26T00:10:59Z 2026-09-26T00:11:00.042Z [BRIDGE_CFG] [INFO] Node ID: 0000000000000000 Partition: system Value: 500
2026-09-26T00:10:59Z 2026-09-26T00:11:00.046Z [BRIDGE_CFG] [INFO] Node ID: 0000000000000000 Partition: system Value: 1000
2026-09-26T00:10:59Z 2026-09-26T00:11:00.050Z [BRIDGE_CFG] [INFO] Node ID: 0000000000000000 Partition: system Value: 0
2026-09-26T00:10:59Z 2026-09-26T00:11:00.054Z [BRIDGE_CFG] [INFO] Node ID: 0000000000000000 Partition: system Value: 30000
2026-09-26T00:10:59Z 2026-09-26T00:11:00.058Z [BRIDGE_CFG] [INFO] Node ID: 0000000000000000 Partition: hardware - Failed to decode value
2026-09-26T00:11:00Z 2026-09-26T00:11:00.960Z [BRIDGE_SYS] [INFO] Neighbor e6fe83ea6b4a2b7f added
2026-09-26T00:11:04Z 2026-09-26T00:11:04.929Z [BRIDGE_CFG] [INFO] Bridge topology in topology sampler:
2026-09-26T00:11:04Z 2026-09-26T00:11:04.937Z [BRIDGE_CFG] [INFO] 0e582dd12c1e1480
2026-09-26T00:11:04Z 2026-09-26T00:11:04.941Z [BRIDGE_CFG] [INFO] e6fe83ea6b4a2b7f
2026-09-26T00:11:04Z 2026-09-26T00:11:04.941Z [BRIDGE_CFG] [INFO] Network configuration change detected! crc: 0xf3b914aa at UTC:1790381464
2026-09-26T00:11:04Z 2026-09-26T00:11:04.945Z [BRIDGE_CFG] [INFO] Stored CRCs:
2026-09-26T00:11:04Z 0x25574c90
2026-09-26T00:11:04Z 0x89083f93
2026-09-26T00:11:04Z 0x5fe667a9
2026-09-26T00:11:04Z 0xf3b914aa
2026-09-26T00:11:04Z 0xdc3239cb
2026-09-26T00:11:04Z 0x21b2e16e
2026-09-26T00:11:04Z 0x42de2ff3
2026-09-26T00:11:04Z 0xc51897cf
2026-09-26T00:11:04Z 0xbf5ef756
2026-09-26T00:11:04Z 2026-09-26T00:11:04.964Z [BRIDGE_CFG] [INFO] Bridge network config: [[1033626490893112448, "bridge", 362149892, 1727291585, {"sampleIntervalMs": 3600000, "sampleDurationMs": 600000, "subsampleInterva
2026-09-26T00:11:04Z 2026-09-26T00:11:04.980Z [BRIDGE_CFG] [INFO] Bridge network info CRC: f3b914aa
2026-09-26T00:11:04Z 2026-09-26T00:11:04.984Z [BRIDGE_CFG] [INFO] Bridge FW Version: Major: 0 Minor: 13 Revision: 11
2026-09-26T00:11:04Z 2026-09-26T00:11:04.984Z [BRIDGE_CFG] [INFO] Bridge sys config partition CRC: 66f460c1
2026-09-26T00:11:04Z 2026-09-26T00:11:04.984Z [BRIDGE_CFG] [INFO] Bridge toplogy: 0e582dd12c1e1480 | e6fe83ea6b4a2b7f
2026-09-26T00:11:04Z 2026-09-26T00:11:04.984Z [BRIDGE_SYS] [INFO] Checking CRC in report builder!
2026-09-26T00:11:04Z No update available for e6fe83ea6b4a2b7f
2026-09-26T00:11:04Z No update available for 0e582dd12c1e1480
2026-09-26T00:11:04Z Current bit offset: 196
2026-09-26T00:11:04Z Rounded bit offset: 200
2026-09-26T00:11:04Z New bit offset: 2720
2026-09-26T00:11:04Z 2026-09-26T00:11:04.988Z [BRIDGE_SYS] [INFO] Got CRC f3b914aa OLD CRC 0
2026-09-26T00:11:04Z 2026-09-26T00:11:04.988Z [MS] [INFO] Added message(id: 12 len: 340) to queue MS_Q_LEGACY: (1)!
2026-09-26T00:11:04Z Message: Current bit offset: 20
2026-09-26T00:11:04Z Rounded bit offset: 24
2026-09-26T00:11:04Z New bit offset: 1280
2026-09-26T00:11:04Z 2026-09-26T00:11:04.988Z [MS] [INFO] Added message(id: 13 len: 160) to queue MS_Q_LEGACY: (2)!
2026-09-26T00:11:04Z 2026-09-26T00:11:04.988Z [CFG] [INFO] Saving sysCfg
2026-09-26T00:11:04Z 2026-09-26T00:11:04.988Z [BRIDGE_SYS] [INFO] Getting topology in report builder!
2026-09-26T00:11:04Z 2026-09-26T00:11:04.992Z [BRIDGE_SYS] [INFO] Got topology in report builder!
2026-09-26T00:11:04Z 2026-09-26T00:11:04.992Z [BRIDGE_SYS] [INFO] Updating CRC and topology in report builder!
2026-09-26T00:11:04Z 2026-09-26T00:11:04.996Z [BRIDGE_SYS] [INFO] Updated reportBuilders max network configuration CBOR map
2026-09-26T00:11:04Z 2026-09-26T00:11:05.000Z [CFG] [INFO] Saving sysCfg
2026-09-26T00:11:04Z 2026-09-26T00:11:05.000Z [BRIDGE_SYS] [INFO] Updated reportBuilders max network sensor type list
2026-09-26T00:11:04Z 2026-09-26T00:11:05.003Z [MS] [DEBUG] Has message 12 expired? queuedTime: 16085872, now64: 16085887, remaining: 86399985
2026-09-26T00:11:04Z 2026-09-26T00:11:05.003Z [MS] [DEBUG] Sending legacy messages to Notecard.
2026-09-26T00:11:04Z 2026-09-26T00:11:05.046Z [MS] [DEBUG] Notecard is 22.000000 pct full.
2026-09-26T00:11:04Z 2026-09-26T00:11:05.046Z [MS] [INFO] Queuing message 12 20006EB0
2026-09-26T00:11:05Z 2026-09-26T00:11:05.652Z [MS] [DEBUG] Has message 13 expired? queuedTime: 16085873, now64: 16086537, remaining: 86399336
2026-09-26T00:11:05Z 2026-09-26T00:11:05.652Z [MS] [INFO] Queuing message 13 2001B348
2026-09-26T00:11:05Z 2026-09-26T00:11:05.949Z [MS] [INFO] Setting GPS coordinates lat:37.758049, lon: -122.430824
2026-09-26T00:11:05Z 2026-09-26T00:11:06.050Z [MS] [DEBUG] Attempting to Sync.
2026-09-26T00:11:05Z 2026-09-26T00:11:06.085Z [MS] [DEBUG] Waiting for TX
2026-09-26T00:11:06Z SPOT-31593C > bridge cfg get 0e582dd12c1e1480 s bridgePowerControllerEnabled
2026-09-26T00:11:07Z bridge cfg get 0e582dd12c1e1480 s bridgePowerControllerEnabled
2026-09-26T00:11:07Z Message: Succesfully sent config get msg
2026-09-26T00:11:07Z 2026-09-26T00:11:07.617Z [BRIDGE_CFG] [INFO] Node ID: 0000000000000000 Partition: system Value: 0
2026-09-26T00:34:41Z SPOT-33507C > bm pub bmcam/cmd {"id":26001,"c":"hlt","v":3} 1 1
2026-09-26T00:34:44Z bm pub bmcam/cmd {"id":26001,"c":"hlt","v":3} 1 1
2026-09-26T00:34:44Z 2026-09-26T00:34:45.878Z [MS] [INFO] Added message(id: 1735 len: 240) to queue MS_Q_CELLULAR_ONLY: (1)!
2026-09-26T00:34:44Z 2026-09-26T00:34:45.878Z [BM_TX] [INFO] Submitted spotter/transmit-data message to cell-only queue, Len: 115
2026-09-26T00:34:44Z 2026-09-26T00:34:45.878Z [BM_TX] [DEBUG] Message:
2026-09-26T00:34:44Z  7b 22 69 64 22 3a 32 36
2026-09-26T00:34:44Z  30 30 31 2c 22 6f 6b 22
2026-09-26T00:34:44Z  3a 31 2c 22 73 74 22 3a
2026-09-26T00:34:44Z  7b 22 72 6f 69 22 3a 30
2026-09-26T00:34:44Z  2c 22 66 6f 63 22 3a 30
2026-09-26T00:34:44Z  2c 22 61 77 62 22 3a 30
2026-09-26T00:34:44Z  2c 22 65 78 70 22 3a 30
2026-09-26T00:34:44Z  2c 22 77 69 6e 22 3a 30
2026-09-26T00:34:44Z  2c 22 74 78 64 22 3a 30
2026-09-26T00:34:44Z  2c 22 63 61 70 22 3a 30
2026-09-26T00:34:44Z  2c 22 73 72 63 22 3a 30
2026-09-26T00:34:44Z  2c 22 68 6c 74 22 3a 33
2026-09-26T00:34:44Z  2c 22 74 77 6e 22 3a 30
2026-09-26T00:34:44Z  2c 22 74 6d 7a 22 3a 30
2026-09-26T00:34:44Z  7d 7d
2026-09-26T00:34:44Z 2026-09-26T00:34:45.921Z [MS] [DEBUG] Notecard is 34.000000 pct full.
2026-09-26T00:34:44Z 2026-09-26T00:34:45.921Z [MS] [DEBUG] Has message 1735 expired? queuedTime: 17453007, now64: 17453053, remaining: 86399954
2026-09-26T00:34:44Z 2026-09-26T00:34:45.925Z [MS] [INFO] Sending Cellular message to Notecard.
2026-09-26T00:34:44Z 2026-09-26T00:34:45.925Z [MS] [INFO] Queuing message 1735 20004EE0
2026-09-26T00:34:45Z 2026-09-26T00:34:46.886Z [MS] [INFO] Added message(id: 1736 len: 240) to queue MS_Q_CELLULAR_ONLY: (1)!
2026-09-26T00:34:45Z 2026-09-26T00:34:46.886Z [BM_TX] [INFO] Submitted spotter/transmit-data message to cell-only queue, Len: 115
2026-09-26T00:34:45Z 2026-09-26T00:34:46.886Z [BM_TX] [DEBUG] Message:
2026-09-26T00:34:45Z  7b 22 69 64 22 3a 32 36
2026-09-26T00:34:45Z  30 30 31 2c 22 6f 6b 22
2026-09-26T00:34:45Z  3a 31 2c 22 73 74 22 3a
2026-09-26T00:34:45Z  7b 22 72 6f 69 22 3a 30
2026-09-26T00:34:45Z  2c 22 66 6f 63 22 3a 30
2026-09-26T00:34:45Z  2c 22 61 77 62 22 3a 30
2026-09-26T00:34:45Z  2c 22 65 78 70 22 3a 30
2026-09-26T00:34:45Z  2c 22 77 69 6e 22 3a 30
2026-09-26T00:34:45Z  2c 22 74 78 64 22 3a 30
2026-09-26T00:34:45Z  2c 22 63 61 70 22 3a 30
2026-09-26T00:34:45Z  2c 22 73 72 63 22 3a 30
2026-09-26T00:34:45Z  2c 22 68 6c 74 22 3a 33
2026-09-26T00:34:45Z  2c 22 74 77 6e 22 3a 30
2026-09-26T00:34:45Z  2c 22 74 6d 7a 22 3a 30
2026-09-26T00:34:45Z  7d 7d
2026-09-26T00:34:45Z 2026-09-26T00:34:46.921Z [MS] [DEBUG] Notecard is 34.000000 pct full.
2026-09-26T00:34:45Z 2026-09-26T00:34:46.921Z [MS] [DEBUG] Has message 1736 expired? queuedTime: 17454017, now64: 17454051, remaining: 86399966
2026-09-26T00:34:45Z 2026-09-26T00:34:46.925Z [MS] [INFO] Sending Cellular message to Notecard.
2026-09-26T00:34:45Z 2026-09-26T00:34:46.925Z [MS] [INFO] Queuing message 1736 20004F28
2026-09-26T00:34:46Z 2026-09-26T00:34:47.886Z [MS] [INFO] Added message(id: 1737 len: 240) to queue MS_Q_CELLULAR_ONLY: (1)!
2026-09-26T00:34:46Z 2026-09-26T00:34:47.886Z [BM_TX] [INFO] Submitted spotter/transmit-data message to cell-only queue, Len: 115
2026-09-26T00:34:46Z 2026-09-26T00:34:47.886Z [BM_TX] [DEBUG] Message:
2026-09-26T00:34:46Z  7b 22 69 64 22 3a 32 36
2026-09-26T00:34:46Z  30 30 31 2c 22 6f 6b 22
2026-09-26T00:34:46Z  3a 31 2c 22 73 74 22 3a
2026-09-26T00:34:46Z  7b 22 72 6f 69 22 3a 30
2026-09-26T00:34:46Z  2c 22 66 6f 63 22 3a 30
2026-09-26T00:34:46Z  2c 22 61 77 62 22 3a 30
2026-09-26T00:34:46Z  2c 22 65 78 70 22 3a 30
2026-09-26T00:34:46Z  2c 22 77 69 6e 22 3a 30
2026-09-26T00:34:46Z  2c 22 74 78 64 22 3a 30
2026-09-26T00:34:46Z  2c 22 63 61 70 22 3a 30
2026-09-26T00:34:46Z  2c 22 73 72 63 22 3a 30
2026-09-26T00:34:46Z  2c 22 68 6c 74 22 3a 33
2026-09-26T00:34:46Z  2c 22 74 77 6e 22 3a 30
2026-09-26T00:34:46Z  2c 22 74 6d 7a 22 3a 30
2026-09-26T00:34:46Z  7d 7d
2026-09-26T00:34:46Z 2026-09-26T00:34:47.917Z [MS] [DEBUG] Notecard is 34.000000 pct full.
2026-09-26T00:34:46Z 2026-09-26T00:34:47.917Z [MS] [DEBUG] Has message 1737 expired? queuedTime: 17455016, now64: 17455048, remaining: 86399968
2026-09-26T00:34:46Z 2026-09-26T00:34:47.917Z [MS] [INFO] Sending Cellular message to Notecard.
2026-09-26T00:34:46Z 2026-09-26T00:34:47.921Z [MS] [INFO] Queuing message 1737 20004F10
2026-09-26T00:34:46Z 2026-09-26T00:34:48.675Z [BRIDGE_CFG] [INFO] Bridge topology in topology sampler:
2026-09-26T00:34:46Z 2026-09-26T00:34:48.683Z [BRIDGE_CFG] [INFO] c3c564b91856226c
2026-09-26T00:34:46Z 2026-09-26T00:34:48.683Z [BRIDGE_CFG] [INFO] 53171fa3d81a8e6f
2026-09-26T00:34:46Z 2026-09-26T00:34:48.687Z [BRIDGE_SYS] [INFO] Checking CRC in report builder!
2026-09-26T00:34:46Z 2026-09-26T00:34:48.687Z [BRIDGE_SYS] [INFO] Got CRC ba829098 OLD CRC ba829098
2026-09-26T00:34:46Z 2026-09-26T00:34:48.691Z [BRIDGE_SYS] [INFO] CRCs match, not updating
2026-09-26T00:34:49Z SPOT-33507C > bm pub bmcam/cmd {"id":26002,"c":"roi","v":5} 1 1
2026-09-26T00:34:50Z bm pub bmcam/cmd {"id":26002,"c":"roi","v":5} 1 1
2026-09-26T00:34:50Z 2026-09-26T00:34:52.136Z [MS] [INFO] Added message(id: 1738 len: 240) to queue MS_Q_CELLULAR_ONLY: (1)!
2026-09-26T00:34:50Z 2026-09-26T00:34:52.136Z [BM_TX] [INFO] Submitted spotter/transmit-data message to cell-only queue, Len: 115
2026-09-26T00:34:50Z 2026-09-26T00:34:52.136Z [BM_TX] [DEBUG] Message:
2026-09-26T00:34:50Z  7b 22 69 64 22 3a 32 36
2026-09-26T00:34:50Z  30 30 32 2c 22 6f 6b 22
2026-09-26T00:34:50Z  3a 31 2c 22 73 74 22 3a
2026-09-26T00:34:50Z  7b 22 72 6f 69 22 3a 35
2026-09-26T00:34:50Z  2c 22 66 6f 63 22 3a 30
2026-09-26T00:34:50Z  2c 22 61 77 62 22 3a 30
2026-09-26T00:34:50Z  2c 22 65 78 70 22 3a 30
2026-09-26T00:34:50Z  2c 22 77 69 6e 22 3a 30
2026-09-26T00:34:50Z  2c 22 74 78 64 22 3a 30
2026-09-26T00:34:50Z  2c 22 63 61 70 22 3a 30
2026-09-26T00:34:50Z  2c 22 73 72 63 22 3a 30
2026-09-26T00:34:50Z  2c 22 68 6c 74 22 3a 33
2026-09-26T00:34:50Z  2c 22 74 77 6e 22 3a 30
2026-09-26T00:34:50Z  2c 22 74 6d 7a 22 3a 30
2026-09-26T00:34:50Z  7d 7d
2026-09-26T00:34:50Z 2026-09-26T00:34:52.179Z [MS] [DEBUG] Notecard is 34.000000 pct full.
2026-09-26T00:34:50Z 2026-09-26T00:34:52.179Z [MS] [DEBUG] Has message 1738 expired? queuedTime: 17459266, now64: 17459312, remaining: 86399954
2026-09-26T00:34:50Z 2026-09-26T00:34:52.183Z [MS] [INFO] Sending Cellular message to Notecard.
2026-09-26T00:34:50Z 2026-09-26T00:34:52.183Z [MS] [INFO] Queuing message 1738 20004F10
2026-09-26T00:34:51Z 2026-09-26T00:34:53.136Z [MS] [INFO] Added message(id: 1739 len: 240) to queue MS_Q_CELLULAR_ONLY: (1)!
2026-09-26T00:34:51Z 2026-09-26T00:34:53.136Z [BM_TX] [INFO] Submitted spotter/transmit-data message to cell-only queue, Len: 115
2026-09-26T00:34:51Z 2026-09-26T00:34:53.136Z [BM_TX] [DEBUG] Message:
2026-09-26T00:34:51Z  7b 22 69 64 22 3a 32 36
2026-09-26T00:34:51Z  30 30 32 2c 22 6f 6b 22
2026-09-26T00:34:51Z  3a 31 2c 22 73 74 22 3a
2026-09-26T00:34:51Z  7b 22 72 6f 69 22 3a 35
2026-09-26T00:34:51Z  2c 22 66 6f 63 22 3a 30
2026-09-26T00:34:51Z  2c 22 61 77 62 22 3a 30
2026-09-26T00:34:51Z  2c 22 65 78 70 22 3a 30
2026-09-26T00:34:51Z  2c 22 77 69 6e 22 3a 30
2026-09-26T00:34:51Z  2c 22 74 78 64 22 3a 30
2026-09-26T00:34:51Z  2c 22 63 61 70 22 3a 30
2026-09-26T00:34:51Z  2c 22 73 72 63 22 3a 30
2026-09-26T00:34:51Z  2c 22 68 6c 74 22 3a 33
2026-09-26T00:34:51Z  2c 22 74 77 6e 22 3a 30
2026-09-26T00:34:51Z  2c 22 74 6d 7a 22 3a 30
2026-09-26T00:34:51Z  7d 7d
2026-09-26T00:34:51Z 2026-09-26T00:34:53.167Z [MS] [DEBUG] Notecard is 34.000000 pct full.
2026-09-26T00:34:51Z 2026-09-26T00:34:53.171Z [MS] [DEBUG] Has message 1739 expired? queuedTime: 17460266, now64: 17460301, remaining: 86399965
2026-09-26T00:34:51Z 2026-09-26T00:34:53.171Z [MS] [INFO] Sending Cellular message to Notecard.
2026-09-26T00:34:51Z 2026-09-26T00:34:53.171Z [MS] [INFO] Queuing message 1739 20004F10
2026-09-26T00:34:52Z 2026-09-26T00:34:54.144Z [MS] [INFO] Added message(id: 1740 len: 240) to queue MS_Q_CELLULAR_ONLY: (1)!
2026-09-26T00:34:52Z 2026-09-26T00:34:54.144Z [BM_TX] [INFO] Submitted spotter/transmit-data message to cell-only queue, Len: 115
2026-09-26T00:34:52Z 2026-09-26T00:34:54.144Z [BM_TX] [DEBUG] Message:
2026-09-26T00:34:52Z  7b 22 69 64 22 3a 32 36
2026-09-26T00:34:52Z  30 30 32 2c 22 6f 6b 22
2026-09-26T00:34:52Z  3a 31 2c 22 73 74 22 3a
2026-09-26T00:34:52Z  7b 22 72 6f 69 22 3a 35
2026-09-26T00:34:52Z  2c 22 66 6f 63 22 3a 30
2026-09-26T00:34:52Z  2c 22 61 77 62 22 3a 30
2026-09-26T00:34:52Z  2c 22 65 78 70 22 3a 30
2026-09-26T00:34:52Z  2c 22 77 69 6e 22 3a 30
2026-09-26T00:34:52Z  2c 22 74 78 64 22 3a 30
2026-09-26T00:34:52Z  2c 22 63 61 70 22 3a 30
2026-09-26T00:34:52Z  2c 22 73 72 63 22 3a 30
2026-09-26T00:34:52Z  2c 22 68 6c 74 22 3a 33
2026-09-26T00:34:52Z  2c 22 74 77 6e 22 3a 30
2026-09-26T00:34:52Z  2c 22 74 6d 7a 22 3a 30
2026-09-26T00:34:52Z  7d 7d
2026-09-26T00:34:52Z 2026-09-26T00:34:54.175Z [MS] [DEBUG] Notecard is 34.000000 pct full.
2026-09-26T00:34:52Z 2026-09-26T00:34:54.175Z [MS] [DEBUG] Has message 1740 expired? queuedTime: 17461277, now64: 17461308, remaining: 86399969
2026-09-26T00:34:52Z 2026-09-26T00:34:54.179Z [MS] [INFO] Sending Cellular message to Notecard.
2026-09-26T00:34:52Z 2026-09-26T00:34:54.179Z [MS] [INFO] Queuing message 1740 20004F40
2026-09-26T00:34:55Z SPOT-33507C > bm pub bmcam/cmd {"id":26001,"c":"hlt","v":3} 1 1
2026-09-26T00:34:56Z bm pub bmcam/cmd {"id":26001,"c":"hlt","v":3} 1 1
2026-09-26T00:34:56Z 2026-09-26T00:34:58.355Z [MS] [INFO] Added message(id: 1741 len: 240) to queue MS_Q_CELLULAR_ONLY: (1)!
2026-09-26T00:34:56Z 2026-09-26T00:34:58.355Z [BM_TX] [INFO] Submitted spotter/transmit-data message to cell-only queue, Len: 115
2026-09-26T00:34:56Z 2026-09-26T00:34:58.355Z [BM_TX] [DEBUG] Message:
2026-09-26T00:34:56Z  7b 22 69 64 22 3a 32 36
2026-09-26T00:34:56Z  30 30 31 2c 22 6f 6b 22
2026-09-26T00:34:56Z  3a 31 2c 22 73 74 22 3a
2026-09-26T00:34:56Z  7b 22 72 6f 69 22 3a 35
2026-09-26T00:34:56Z  2c 22 66 6f 63 22 3a 30
2026-09-26T00:34:56Z  2c 22 61 77 62 22 3a 30
2026-09-26T00:34:56Z  2c 22 65 78 70 22 3a 30
2026-09-26T00:34:56Z  2c 22 77 69 6e 22 3a 30
2026-09-26T00:34:56Z  2c 22 74 78 64 22 3a 30
2026-09-26T00:34:56Z  2c 22 63 61 70 22 3a 30
2026-09-26T00:34:56Z  2c 22 73 72 63 22 3a 30
2026-09-26T00:34:56Z  2c 22 68 6c 74 22 3a 33
2026-09-26T00:34:56Z  2c 22 74 77 6e 22 3a 30
2026-09-26T00:34:56Z  2c 22 74 6d 7a 22 3a 30
2026-09-26T00:34:56Z  7d 7d
2026-09-26T00:34:56Z 2026-09-26T00:34:58.398Z [MS] [DEBUG] Notecard is 34.000000 pct full.
2026-09-26T00:34:56Z 2026-09-26T00:34:58.398Z [MS] [DEBUG] Has message 1741 expired? queuedTime: 17465486, now64: 17465530, remaining: 86399956
2026-09-26T00:34:56Z 2026-09-26T00:34:58.398Z [MS] [INFO] Sending Cellular message to Notecard.
2026-09-26T00:34:56Z 2026-09-26T00:34:58.398Z [MS] [INFO] Queuing message 1741 20004EE0
2026-09-26T00:34:57Z 2026-09-26T00:34:59.363Z [MS] [INFO] Added message(id: 1742 len: 240) to queue MS_Q_CELLULAR_ONLY: (1)!
2026-09-26T00:34:57Z 2026-09-26T00:34:59.363Z [BM_TX] [INFO] Submitted spotter/transmit-data message to cell-only queue, Len: 115
2026-09-26T00:34:57Z 2026-09-26T00:34:59.363Z [BM_TX] [DEBUG] Message:
2026-09-26T00:34:57Z  7b 22 69 64 22 3a 32 36
2026-09-26T00:34:57Z  30 30 31 2c 22 6f 6b 22
2026-09-26T00:34:57Z  3a 31 2c 22 73 74 22 3a
2026-09-26T00:34:57Z  7b 22 72 6f 69 22 3a 35
2026-09-26T00:34:57Z  2c 22 66 6f 63 22 3a 30
2026-09-26T00:34:57Z  2c 22 61 77 62 22 3a 30
2026-09-26T00:34:57Z  2c 22 65 78 70 22 3a 30
2026-09-26T00:34:57Z  2c 22 77 69 6e 22 3a 30
2026-09-26T00:34:57Z  2c 22 74 78 64 22 3a 30
2026-09-26T00:34:57Z  2c 22 63 61 70 22 3a 30
2026-09-26T00:34:57Z  2c 22 73 72 63 22 3a 30
2026-09-26T00:34:57Z  2c 22 68 6c 74 22 3a 33
2026-09-26T00:34:57Z  2c 22 74 77 6e 22 3a 30
2026-09-26T00:34:57Z  2c 22 74 6d 7a 22 3a 30
2026-09-26T00:34:57Z  7d 7d
2026-09-26T00:34:57Z 2026-09-26T00:34:59.398Z [MS] [DEBUG] Notecard is 34.000000 pct full.
2026-09-26T00:34:57Z 2026-09-26T00:34:59.398Z [MS] [DEBUG] Has message 1742 expired? queuedTime: 17466496, now64: 17466530, remaining: 86399966
2026-09-26T00:34:57Z 2026-09-26T00:34:59.402Z [MS] [INFO] Sending Cellular message to Notecard.
2026-09-26T00:34:57Z 2026-09-26T00:34:59.402Z [MS] [INFO] Queuing message 1742 20004F40
2026-09-26T00:34:58Z 2026-09-26T00:35:00.363Z [MS] [INFO] Added message(id: 1743 len: 240) to queue MS_Q_CELLULAR_ONLY: (1)!
2026-09-26T00:34:58Z 2026-09-26T00:35:00.363Z [BM_TX] [INFO] Submitted spotter/transmit-data message to cell-only queue, Len: 115
2026-09-26T00:34:58Z 2026-09-26T00:35:00.363Z [BM_TX] [DEBUG] Message:
2026-09-26T00:34:58Z  7b 22 69 64 22 3a 32 36
2026-09-26T00:34:58Z  30 30 31 2c 22 6f 6b 22
2026-09-26T00:34:58Z  3a 31 2c 22 73 74 22 3a
2026-09-26T00:34:58Z  7b 22 72 6f 69 22 3a 35
2026-09-26T00:34:58Z  2c 22 66 6f 63 22 3a 30
2026-09-26T00:34:58Z  2c 22 61 77 62 22 3a 30
2026-09-26T00:34:58Z  2c 22 65 78 70 22 3a 30
2026-09-26T00:34:58Z  2c 22 77 69 6e 22 3a 30
2026-09-26T00:34:58Z  2c 22 74 78 64 22 3a 30
2026-09-26T00:34:58Z  2c 22 63 61 70 22 3a 30
2026-09-26T00:34:58Z  2c 22 73 72 63 22 3a 30
2026-09-26T00:34:58Z  2c 22 68 6c 74 22 3a 33
2026-09-26T00:34:58Z  2c 22 74 77 6e 22 3a 30
2026-09-26T00:34:58Z  2c 22 74 6d 7a 22 3a 30
2026-09-26T00:34:58Z  7d 7d
2026-09-26T00:34:58Z 2026-09-26T00:35:00.394Z [MS] [DEBUG] Notecard is 34.000000 pct full.
2026-09-26T00:34:58Z 2026-09-26T00:35:00.394Z [MS] [DEBUG] Has message 1743 expired? queuedTime: 17467496, now64: 17467528, remaining: 86399968
2026-09-26T00:34:58Z 2026-09-26T00:35:00.398Z [MS] [INFO] Sending Cellular message to Notecard.
2026-09-26T00:34:58Z 2026-09-26T00:35:00.398Z [MS] [INFO] Queuing message 1743 20004F40
2026-09-26T00:35:00Z 2026-09-26T00:35:01.902Z [MS] [INFO] Added message(id: 1744 len: 6129) to queue MS_Q_CELLULAR_ONLY: (1)!
2026-09-26T00:35:00Z 2026-09-26T00:35:01.902Z [HDR] [INFO] HDR Message 1744 added to queue (len: 6129)!
2026-09-26T00:35:00Z 2026-09-26T00:35:01.921Z [MS] [DEBUG] Notecard is 34.000000 pct full.
2026-09-26T00:35:00Z 2026-09-26T00:35:01.925Z [MS] [DEBUG] Has message 1744 expired? queuedTime: 17469035, now64: 17469056, remaining: 86399979
2026-09-26T00:35:00Z 2026-09-26T00:35:01.925Z [MS] [INFO] Sending Cellular message to Notecard.
2026-09-26T00:35:00Z 2026-09-26T00:35:01.929Z [MS] [INFO] Queuing message 1744 20004F10
2026-09-26T00:35:01Z SPOT-33507C > bm pub bmcam/cmd {"id":26003,"c":"ping"} 1 1
2026-09-26T00:35:02Z bm pub bmcam/cmd {"id":26003,"c":"ping"} 1 1
2026-09-26T00:35:03Z 2026-09-26T00:35:04.792Z [MS] [INFO] Added message(id: 1745 len: 240) to queue MS_Q_CELLULAR_ONLY: (1)!
2026-09-26T00:35:03Z 2026-09-26T00:35:04.792Z [BM_TX] [INFO] Submitted spotter/transmit-data message to cell-only queue, Len: 115
2026-09-26T00:35:03Z 2026-09-26T00:35:04.792Z [BM_TX] [DEBUG] Message:
2026-09-26T00:35:03Z  7b 22 69 64 22 3a 32 36
2026-09-26T00:35:03Z  30 30 33 2c 22 6f 6b 22
2026-09-26T00:35:03Z  3a 31 2c 22 73 74 22 3a
2026-09-26T00:35:03Z  7b 22 72 6f 69 22 3a 35
2026-09-26T00:35:03Z  2c 22 66 6f 63 22 3a 30
2026-09-26T00:35:03Z  2c 22 61 77 62 22 3a 30
2026-09-26T00:35:03Z  2c 22 65 78 70 22 3a 30
2026-09-26T00:35:03Z  2c 22 77 69 6e 22 3a 30
2026-09-26T00:35:03Z  2c 22 74 78 64 22 3a 30
2026-09-26T00:35:03Z  2c 22 63 61 70 22 3a 30
2026-09-26T00:35:03Z  2c 22 73 72 63 22 3a 30
2026-09-26T00:35:03Z  2c 22 68 6c 74 22 3a 33
2026-09-26T00:35:03Z  2c 22 74 77 6e 22 3a 30
2026-09-26T00:35:03Z  2c 22 74 6d 7a 22 3a 30
2026-09-26T00:35:03Z  7d 7d
2026-09-26T00:35:04Z 2026-09-26T00:35:05.804Z [MS] [INFO] Added message(id: 1746 len: 240) to queue MS_Q_CELLULAR_ONLY: (2)!
2026-09-26T00:35:04Z 2026-09-26T00:35:05.804Z [BM_TX] [INFO] Submitted spotter/transmit-data message to cell-only queue, Len: 115
2026-09-26T00:35:04Z 2026-09-26T00:35:05.804Z [BM_TX] [DEBUG] Message:
2026-09-26T00:35:04Z  7b 22 69 64 22 3a 32 36
2026-09-26T00:35:04Z  30 30 33 2c 22 6f 6b 22
2026-09-26T00:35:04Z  3a 31 2c 22 73 74 22 3a
2026-09-26T00:35:04Z  7b 22 72 6f 69 22 3a 35
2026-09-26T00:35:04Z  2c 22 66 6f 63 22 3a 30
2026-09-26T00:35:04Z  2c 22 61 77 62 22 3a 30
2026-09-26T00:35:04Z  2c 22 65 78 70 22 3a 30
2026-09-26T00:35:04Z  2c 22 77 69 6e 22 3a 30
2026-09-26T00:35:04Z  2c 22 74 78 64 22 3a 30
2026-09-26T00:35:04Z  2c 22 63 61 70 22 3a 30
2026-09-26T00:35:04Z  2c 22 73 72 63 22 3a 30
2026-09-26T00:35:04Z  2c 22 68 6c 74 22 3a 33
2026-09-26T00:35:04Z  2c 22 74 77 6e 22 3a 30
2026-09-26T00:35:04Z  2c 22 74 6d 7a 22 3a 30
2026-09-26T00:35:04Z  7d 7d
2026-09-26T00:35:05Z 2026-09-26T00:35:06.804Z [MS] [ERROR] Queue MS_Q_CELLULAR_ONLY is full.
2026-09-26T00:35:05Z 2026-09-26T00:35:06.804Z [MS] [INFO] Error adding message to queue.
2026-09-26T00:35:05Z 2026-09-26T00:35:06.804Z [BM_TX] [ERROR] Unable to submit message to cell-only queue
2026-09-26T00:35:08Z SPOT-33507C > bm pub bmcam/cmd {"id":26004,"c":"twn","v":2} 1 1
2026-09-26T00:35:08Z .2026-09-26T00:35:10.636Z [MS] [DEBUG] Has message 1745 expired? queuedTime: 17471927, now64: 17477770, remaining: 86394157
2026-09-26T00:35:08Z 2026-09-26T00:35:10.636Z [MS] [INFO] Queuing message 1745 20004EE0
2026-09-26T00:35:09Z bm pub bmcam/cmd {"id":26004,"c":"twn","v":2} 1 1
2026-09-26T00:35:09Z 2026-09-26T00:35:10.843Z [MS] [INFO] Added message(id: 1748 len: 240) to queue MS_Q_CELLULAR_ONLY: (2)!
2026-09-26T00:35:09Z 2026-09-26T00:35:10.843Z [BM_TX] [INFO] Submitted spotter/transmit-data message to cell-only queue, Len: 115
2026-09-26T00:35:09Z 2026-09-26T00:35:10.843Z [BM_TX] [DEBUG] Message:
2026-09-26T00:35:09Z  7b 22 69 64 22 3a 32 36
2026-09-26T00:35:09Z  30 30 34 2c 22 6f 6b 22
2026-09-26T00:35:09Z  3a 31 2c 22 73 74 22 3a
2026-09-26T00:35:09Z  7b 22 72 6f 69 22 3a 35
2026-09-26T00:35:09Z  2c 22 66 6f 63 22 3a 30
2026-09-26T00:35:09Z  2c 22 61 77 62 22 3a 30
2026-09-26T00:35:09Z  2c 22 65 78 70 22 3a 30
2026-09-26T00:35:09Z  2c 22 77 69 6e 22 3a 30
2026-09-26T00:35:09Z  2c 22 74 78 64 22 3a 30
2026-09-26T00:35:09Z  2c 22 63 61 70 22 3a 30
2026-09-26T00:35:09Z  2c 22 73 72 63 22 3a 30
2026-09-26T00:35:09Z  2c 22 68 6c 74 22 3a 33
2026-09-26T00:35:09Z  2c 22 74 77 6e 22 3a 32
2026-09-26T00:35:09Z  2c 22 74 6d 7a 22 3a 30
2026-09-26T00:35:09Z  7d 7d
2026-09-26T00:35:09Z 2026-09-26T00:35:10.945Z [MS] [DEBUG] Has message 1746 expired? queuedTime: 17472937, now64: 17478078, remaining: 86394859
2026-09-26T00:35:09Z 2026-09-26T00:35:10.945Z [MS] [INFO] Queuing message 1746 20023D48
2026-09-26T00:35:09Z 2026-09-26T00:35:11.269Z [MS] [DEBUG] Has message 1748 expired? queuedTime: 17477977, now64: 17478404, remaining: 86399573
2026-09-26T00:35:09Z 2026-09-26T00:35:11.273Z [MS] [INFO] Queuing message 1748 20006E90
2026-09-26T00:35:10Z 2026-09-26T00:35:11.730Z [MS] [DEBUG] Notecard is 36.000000 pct full.
2026-09-26T00:35:10Z 2026-09-26T00:35:11.843Z [MS] [INFO] Added message(id: 1749 len: 240) to queue MS_Q_CELLULAR_ONLY: (1)!
2026-09-26T00:35:10Z 2026-09-26T00:35:11.843Z [BM_TX] [INFO] Submitted spotter/transmit-data message to cell-only queue, Len: 115
2026-09-26T00:35:10Z 2026-09-26T00:35:11.843Z [BM_TX] [DEBUG] Message:
2026-09-26T00:35:10Z  7b 22 69 64 22 3a 32 36
2026-09-26T00:35:10Z  30 30 34 2c 22 6f 6b 22
2026-09-26T00:35:10Z  3a 31 2c 22 73 74 22 3a
2026-09-26T00:35:10Z  7b 22 72 6f 69 22 3a 35
2026-09-26T00:35:10Z  2c 22 66 6f 63 22 3a 30
2026-09-26T00:35:10Z  2c 22 61 77 62 22 3a 30
2026-09-26T00:35:10Z  2c 22 65 78 70 22 3a 30
2026-09-26T00:35:10Z  2c 22 77 69 6e 22 3a 30
2026-09-26T00:35:10Z  2c 22 74 78 64 22 3a 30
2026-09-26T00:35:10Z  2c 22 63 61 70 22 3a 30
2026-09-26T00:35:10Z  2c 22 73 72 63 22 3a 30
2026-09-26T00:35:10Z  2c 22 68 6c 74 22 3a 33
2026-09-26T00:35:10Z  2c 22 74 77 6e 22 3a 32
2026-09-26T00:35:10Z  2c 22 74 6d 7a 22 3a 30
2026-09-26T00:35:10Z  7d 7d
2026-09-26T00:35:10Z 2026-09-26T00:35:11.875Z [MS] [DEBUG] Notecard is 36.000000 pct full.
2026-09-26T00:35:10Z 2026-09-26T00:35:11.878Z [MS] [DEBUG] Has message 1749 expired? queuedTime: 17478977, now64: 17479011, remaining: 86399966
2026-09-26T00:35:10Z 2026-09-26T00:35:11.878Z [MS] [INFO] Sending Cellular message to Notecard.
2026-09-26T00:35:10Z 2026-09-26T00:35:11.878Z [MS] [INFO] Queuing message 1749 20004EE0
2026-09-26T00:35:11Z 2026-09-26T00:35:12.851Z [MS] [INFO] Added message(id: 1750 len: 240) to queue MS_Q_CELLULAR_ONLY: (1)!
2026-09-26T00:35:11Z 2026-09-26T00:35:12.851Z [BM_TX] [INFO] Submitted spotter/transmit-data message to cell-only queue, Len: 115
2026-09-26T00:35:11Z 2026-09-26T00:35:12.851Z [BM_TX] [DEBUG] Message:
2026-09-26T00:35:11Z  7b 22 69 64 22 3a 32 36
2026-09-26T00:35:11Z  30 30 34 2c 22 6f 6b 22
2026-09-26T00:35:11Z  3a 31 2c 22 73 74 22 3a
2026-09-26T00:35:11Z  7b 22 72 6f 69 22 3a 35
2026-09-26T00:35:11Z  2c 22 66 6f 63 22 3a 30
2026-09-26T00:35:11Z  2c 22 61 77 62 22 3a 30
2026-09-26T00:35:11Z  2c 22 65 78 70 22 3a 30
2026-09-26T00:35:11Z  2c 22 77 69 6e 22 3a 30
2026-09-26T00:35:11Z  2c 22 74 78 64 22 3a 30
2026-09-26T00:35:11Z  2c 22 63 61 70 22 3a 30
2026-09-26T00:35:11Z  2c 22 73 72 63 22 3a 30
2026-09-26T00:35:11Z  2c 22 68 6c 74 22 3a 33
2026-09-26T00:35:11Z  2c 22 74 77 6e 22 3a 32
2026-09-26T00:35:11Z  2c 22 74 6d 7a 22 3a 30
2026-09-26T00:35:11Z  7d 7d
2026-09-26T00:35:11Z 2026-09-26T00:35:12.890Z [MS] [DEBUG] Notecard is 36.000000 pct full.
2026-09-26T00:35:11Z 2026-09-26T00:35:12.890Z [MS] [DEBUG] Has message 1750 expired? queuedTime: 17479987, now64: 17480024, remaining: 86399963
2026-09-26T00:35:11Z 2026-09-26T00:35:12.890Z [MS] [INFO] Sending Cellular message to Notecard.
2026-09-26T00:35:11Z 2026-09-26T00:35:12.890Z [MS] [INFO] Queuing message 1750 20004EE0
2026-09-26T00:35:45Z SPOT-33507C > note sync
2026-09-26T00:35:47Z note sync
2026-09-26T00:35:47Z Sync request sent successfully to notecard
2026-09-26T00:36:12Z SPOT-31593C > note sync
2026-09-26T00:36:13Z note sync
2026-09-26T00:36:13Z Sync request sent successfully to notecard
2026-09-26T00:46:35Z SPOT-33507C > bridge cfg set c3c564b91856226c s u sampleIntervalMs 1800000
2026-09-26T00:46:38Z bridge cfg set c3c564b91856226c s u sampleIntervalMs 1800000
2026-09-26T00:46:38Z Succesfully sent config set msg
2026-09-26T00:46:38Z 2026-09-26T00:46:39.933Z [BRIDGE_CFG] [INFO] Node ID: 0000000000000000 Partition: system Value: 1800000
2026-09-26T00:46:38Z 2026-09-26T00:46:40.410Z [GPS] [INFO] Max CNO changed from 37 to 43
2026-09-26T00:46:41Z SPOT-33507C > bridge cfg set c3c564b91856226c s u bridgePowerControllerEnabled 1
2026-09-26T00:46:42Z bridge cfg set c3c564b91856226c s u bridgePowerControllerEnabled 1
2026-09-26T00:46:42Z Succesfully sent config set msg
2026-09-26T00:46:42Z 2026-09-26T00:46:44.152Z [BRIDGE_CFG] [INFO] Node ID: 0000000000000000 Partition: system Value: 1
2026-09-26T00:46:45Z SPOT-33507C > bridge cfg commit c3c564b91856226c s
2026-09-26T00:46:46Z bridge cfg commit c3c564b91856226c s
2026-09-26T00:46:46Z Succesfull config commit send
2026-09-26T00:46:47Z 2026-09-26T00:46:49.683Z [BRIDGE] [ERROR] Bridge RX Processing Packet Failure: -7
2026-09-26T00:46:47Z 2026-09-26T00:46:49.683Z [BRIDGE] [INFO] Setting negotiated baud rate to 1000000 from 1000000
2026-09-26T00:46:47Z 2026-09-26T00:46:49.691Z [BRIDGE_SYS] [INFO] Bridge State Init
2026-09-26T00:46:47Z 2026-09-26T00:46:49.691Z [BRIDGE] [INFO] Reboot info received from c3c564b91856226c - Reason: 5 gitSHA: 1595f804 Reboot cnt: 0 PC: 0x0 LR: 0x0
2026-09-26T00:46:47Z 2026-09-26T00:46:49.699Z [BRIDGE_SYS] [INFO] Bridge bus power: 1
2026-09-26T00:46:47Z 2026-09-26T00:46:49.750Z [BRIDGE_CFG] [INFO] Response msg -- Node Id: 0000000000000000, Partition: system, Commit Status: 0
2026-09-26T00:46:47Z 2026-09-26T00:46:49.750Z [BRIDGE_CFG] [INFO] Num Keys: 18
2026-09-26T00:46:47Z 2026-09-26T00:46:49.750Z [BRIDGE_CFG] [INFO] Key 0: sampleIntervalMs
2026-09-26T00:46:48Z 2026-09-26T00:46:49.750Z [BRIDGE_CFG] [INFO] Key 1: sampleDurationMs
2026-09-26T00:46:48Z 2026-09-26T00:46:49.750Z [BRIDGE_CFG] [INFO] Key 2: subsampleIntervalMs
2026-09-26T00:46:48Z 2026-09-26T00:46:49.750Z [BRIDGE_CFG] [INFO] Key 3: subsampleDurationMs
2026-09-26T00:46:48Z 2026-09-26T00:46:49.750Z [BRIDGE_CFG] [INFO] Key 4: subsampleEnabled
2026-09-26T00:46:48Z 2026-09-26T00:46:49.750Z [BRIDGE_CFG] [INFO] Key 5: bridgePowerControllerEnabled
2026-09-26T00:46:48Z 2026-09-26T00:46:49.750Z [BRIDGE_CFG] [INFO] Key 6: alignmentInterval5Min
2026-09-26T00:46:48Z 2026-09-26T00:46:49.750Z [BRIDGE_CFG] [INFO] Key 7: ticksSamplingEnabled
2026-09-26T00:46:48Z 2026-09-26T00:46:49.750Z [BRIDGE_CFG] [INFO] Key 8: samplesPerReport
2026-09-26T00:46:48Z 2026-09-26T00:46:49.750Z [BRIDGE_CFG] [INFO] Key 9: transmitAggregations
2026-09-26T00:46:48Z 2026-09-26T00:46:49.750Z [BRIDGE_CFG] [INFO] Key 10: currentReadingPeriodMs
2026-09-26T00:46:48Z 2026-09-26T00:46:49.750Z [BRIDGE_CFG] [INFO] Key 11: softReadingPeriodMs
2026-09-26T00:46:48Z 2026-09-26T00:46:49.750Z [BRIDGE_CFG] [INFO] Key 12: rbrCodaReadingPeriodMs
2026-09-26T00:46:48Z 2026-09-26T00:46:49.753Z [BRIDGE_CFG] [INFO] Key 13: turbidityReadingPeriodMs
2026-09-26T00:46:48Z 2026-09-26T00:46:49.753Z [BRIDGE_CFG] [INFO] Key 14: disableUnusedPortsTimeMs
2026-09-26T00:46:48Z 2026-09-26T00:46:49.753Z [BRIDGE_CFG] [INFO] Key 15: salinityReadingPeriodMs
2026-09-26T00:46:48Z 2026-09-26T00:46:49.753Z [BRIDGE_CFG] [INFO] Key 16: sensorsCheckIntervalS
2026-09-26T00:46:48Z 2026-09-26T00:46:49.753Z [BRIDGE_CFG] [INFO] Key 17: sensorsPollIntervalMs
2026-09-26T00:46:48Z 2026-09-26T00:46:49.753Z [BRIDGE_CFG] [INFO] Response msg -- Node Id: 0000000000000000, Partition: user, Commit Status: 0
2026-09-26T00:46:48Z 2026-09-26T00:46:49.753Z [BRIDGE_CFG] [INFO] Num Keys: 0
2026-09-26T00:46:48Z 2026-09-26T00:46:49.753Z [BRIDGE_CFG] [INFO] Response msg -- Node Id: 0000000000000000, Partition: hardware, Commit Status: 0
2026-09-26T00:46:48Z 2026-09-26T00:46:49.753Z [BRIDGE_CFG] [INFO] Num Keys: 1
2026-09-26T00:46:48Z 2026-09-26T00:46:49.753Z [BRIDGE_CFG] [INFO] Key 0: smConfigurationCrc
2026-09-26T00:46:48Z 2026-09-26T00:46:49.753Z [BRIDGE] [INFO] handle_power_states, power on for: 120000
2026-09-26T00:46:48Z 2026-09-26T00:46:49.761Z [BRIDGE_CFG] [INFO] Node ID: 0000000000000000 Partition: system Value: 1800000
2026-09-26T00:46:48Z 2026-09-26T00:46:49.765Z [BRIDGE_CFG] [INFO] Node ID: 0000000000000000 Partition: system Value: 600000
2026-09-26T00:46:48Z 2026-09-26T00:46:49.769Z [BRIDGE_CFG] [INFO] Node ID: 0000000000000000 Partition: system Value: 300000
2026-09-26T00:46:48Z 2026-09-26T00:46:49.777Z [BRIDGE_CFG] [INFO] Node ID: 0000000000000000 Partition: system Value: 30000
2026-09-26T00:46:48Z 2026-09-26T00:46:49.781Z [BRIDGE_CFG] [INFO] Node ID: 0000000000000000 Partition: system Value: 0
2026-09-26T00:46:48Z 2026-09-26T00:46:49.785Z [BRIDGE_CFG] [INFO] Node ID: 0000000000000000 Partition: system Value: 1
2026-09-26T00:46:48Z 2026-09-26T00:46:49.789Z [BRIDGE_CFG] [INFO] Node ID: 0000000000000000 Partition: system Value: 1
2026-09-26T00:46:48Z 2026-09-26T00:46:49.796Z [BRIDGE_CFG] [INFO] Node ID: 0000000000000000 Partition: system Value: 0
2026-09-26T00:46:48Z 2026-09-26T00:46:49.800Z [BRIDGE_CFG] [INFO] Node ID: 0000000000000000 Partition: system Value: 1
2026-09-26T00:46:48Z 2026-09-26T00:46:49.804Z [BRIDGE_CFG] [INFO] Node ID: 0000000000000000 Partition: system Value: 0
2026-09-26T00:46:48Z 2026-09-26T00:46:49.812Z [BRIDGE_CFG] [INFO] Node ID: 0000000000000000 Partition: system Value: 60000
2026-09-26T00:46:48Z 2026-09-26T00:46:49.816Z [BRIDGE_CFG] [INFO] Node ID: 0000000000000000 Partition: system Value: 500
2026-09-26T00:46:48Z 2026-09-26T00:46:49.820Z [BRIDGE_CFG] [INFO] Node ID: 0000000000000000 Partition: system Value: 500
2026-09-26T00:46:48Z 2026-09-26T00:46:49.824Z [BRIDGE_CFG] [INFO] Node ID: 0000000000000000 Partition: system Value: 1000
2026-09-26T00:46:48Z 2026-09-26T00:46:49.832Z [BRIDGE_CFG] [INFO] Node ID: 0000000000000000 Partition: system Value: 0
2026-09-26T00:46:48Z 2026-09-26T00:46:49.835Z [BRIDGE_CFG] [INFO] Node ID: 0000000000000000 Partition: system Value: 30000
2026-09-26T00:46:48Z 2026-09-26T00:46:49.839Z [BRIDGE_CFG] [INFO] Node ID: 0000000000000000 Partition: system Value: 60
2026-09-26T00:46:48Z 2026-09-26T00:46:49.847Z [BRIDGE_CFG] [INFO] Node ID: 0000000000000000 Partition: system Value: 10000
2026-09-26T00:46:48Z 2026-09-26T00:46:49.851Z [BRIDGE_CFG] [INFO] Node ID: 0000000000000000 Partition: hardware - Failed to decode value
2026-09-26T00:46:48Z 2026-09-26T00:46:50.710Z [BRIDGE_SYS] [INFO] Neighbor 53171fa3d81a8e6f added
2026-09-26T00:46:52Z SPOT-33507C > bridge cfg get c3c564b91856226c s sampleIntervalMs
2026-09-26T00:46:53Z bridge cfg get c3c564b91856226c s sampleIntervalMs
2026-09-26T00:46:53Z Message: Succesfully sent config get msg
2026-09-26T00:46:53Z 2026-09-26T00:46:55.617Z [BRIDGE_CFG] [INFO] Node ID: 0000000000000000 Partition: system Value: 1800000
2026-09-26T00:46:53Z 2026-09-26T00:46:55.632Z [MS] [DEBUG] Has message 19 expired? queuedTime: 18182188, now64: 18182891, remaining: 86399297
2026-09-26T00:46:53Z 2026-09-26T00:46:55.632Z [MS] [INFO] Queuing message 19 2001C6A0
2026-09-26T00:46:54Z 2026-09-26T00:46:55.937Z [MS] [INFO] Setting GPS coordinates lat:37.758087, lon: -122.430824
2026-09-26T00:46:54Z 2026-09-26T00:46:56.250Z [MS] [DEBUG] Attempting to Sync.
2026-09-26T00:46:54Z 2026-09-26T00:46:56.265Z [MS] [DEBUG] Waiting for TX
2026-09-26T00:46:56Z SPOT-33507C > bridge cfg get c3c564b91856226c s sampleDurationMs
2026-09-26T00:46:57Z bridge cfg get c3c564b91856226c s sampleDurationMs
2026-09-26T00:46:57Z Succesfully sent config get msg
2026-09-26T00:46:57Z 2026-09-26T00:46:58.832Z [BRIDGE_CFG] [INFO] Node ID: 0000000000000000 Partition: system Value: 600000
2026-09-26T00:46:59Z SPOT-33507C > bridge cfg get c3c564b91856226c s bridgePowerControllerEnabled
2026-09-26T00:47:00Z bridge cfg get c3c564b91856226c s bridgePowerControllerEnabled
2026-09-26T00:47:00Z Succesfully sent config get msg
2026-09-26T00:47:00Z 2026-09-26T00:47:02.046Z [BRIDGE_CFG] [INFO] Node ID: 0000000000000000 Partition: system Value: 1
2026-09-26T00:47:02Z SPOT-33507C > bridge cfg get c3c564b91856226c s alignmentInterval5Min
2026-09-26T00:47:03Z bridge cfg get c3c564b91856226c s alignmentInterval5Min
2026-09-26T00:47:03Z Succesfully sent config get msg
2026-09-26T00:47:03Z 2026-09-26T00:47:05.257Z [BRIDGE_CFG] [INFO] Node ID: 0000000000000000 Partition: system Value: 1
2026-09-26T00:47:05Z SPOT-31593C > bridge cfg set 0e582dd12c1e1480 s u sampleIntervalMs 1800000
2026-09-26T00:47:06Z bridge cfg set 0e582dd12c1e1480 s u sampleIntervalMs 1800000
2026-09-26T00:47:06Z Succesfully sent config set msg
2026-09-26T00:47:06Z 2026-09-26T00:47:07.015Z [BRIDGE_CFG] [INFO] Node ID: 0000000000000000 Partition: system Value: 1800000
2026-09-26T00:47:10Z SPOT-31593C > bridge cfg set 0e582dd12c1e1480 s u bridgePowerControllerEnabled 1
2026-09-26T00:47:11Z bridge cfg set 0e582dd12c1e1480 s u bridgePowerControllerEnabled 1
2026-09-26T00:47:11Z Succesfully sent config set msg
2026-09-26T00:47:11Z 2026-09-26T00:47:11.230Z [BRIDGE_CFG] [INFO] Node ID: 0000000000000000 Partition: system Value: 1
2026-09-26T00:47:14Z SPOT-31593C > bridge cfg commit 0e582dd12c1e1480 s
2026-09-26T00:47:15Z bridge cfg commit 0e582dd12c1e1480 s
2026-09-26T00:47:15Z Succesfull config commit send
2026-09-26T00:47:16Z 2026-09-26T00:47:16.804Z [BRIDGE] [ERROR] Bridge RX Processing Packet Failure: -7
2026-09-26T00:47:16Z 2026-09-26T00:47:16.804Z [BRIDGE] [INFO] Setting negotiated baud rate to 1000000 from 1000000
2026-09-26T00:47:16Z 2026-09-26T00:47:16.808Z [BRIDGE_SYS] [INFO] Bridge State Init
2026-09-26T00:47:16Z 2026-09-26T00:47:16.812Z [BRIDGE] [INFO] Reboot info received from 0e582dd12c1e1480 - Reason: 5 gitSHA: 1595f804 Reboot cnt: 0 PC: 0x0 LR: 0x0
2026-09-26T00:47:16Z 2026-09-26T00:47:16.820Z [BRIDGE_SYS] [INFO] Bridge bus power: 1
2026-09-26T00:47:16Z 2026-09-26T00:47:16.867Z [BRIDGE_CFG] [INFO] Response msg -- Node Id: 0000000000000000, Partition: system, Commit Status: 0
2026-09-26T00:47:16Z 2026-09-26T00:47:16.867Z [BRIDGE_CFG] [INFO] Num Keys: 16
2026-09-26T00:47:16Z 2026-09-26T00:47:16.867Z [BRIDGE_CFG] [INFO] Key 0: sampleIntervalMs
2026-09-26T00:47:16Z 2026-09-26T00:47:16.867Z [BRIDGE_CFG] [INFO] Key 1: sampleDurationMs
2026-09-26T00:47:16Z 2026-09-26T00:47:16.867Z [BRIDGE_CFG] [INFO] Key 2: subsampleIntervalMs
2026-09-26T00:47:16Z 2026-09-26T00:47:16.867Z [BRIDGE_CFG] [INFO] Key 3: subsampleDurationMs
2026-09-26T00:47:16Z 2026-09-26T00:47:16.867Z [BRIDGE_CFG] [INFO] Key 4: subsampleEnabled
2026-09-26T00:47:16Z 2026-09-26T00:47:16.871Z [BRIDGE_CFG] [INFO] Key 5: bridgePowerControllerEnabled
2026-09-26T00:47:16Z 2026-09-26T00:47:16.871Z [BRIDGE_CFG] [INFO] Key 6: alignmentInterval5Min
2026-09-26T00:47:16Z 2026-09-26T00:47:16.871Z [BRIDGE_CFG] [INFO] Key 7: ticksSamplingEnabled
2026-09-26T00:47:16Z 2026-09-26T00:47:16.871Z [BRIDGE_CFG] [INFO] Key 8: samplesPerReport
2026-09-26T00:47:16Z 2026-09-26T00:47:16.871Z [BRIDGE_CFG] [INFO] Key 9: transmitAggregations
2026-09-26T00:47:16Z 2026-09-26T00:47:16.871Z [BRIDGE_CFG] [INFO] Key 10: currentReadingPeriodMs
2026-09-26T00:47:16Z 2026-09-26T00:47:16.871Z [BRIDGE_CFG] [INFO] Key 11: softReadingPeriodMs
2026-09-26T00:47:16Z 2026-09-26T00:47:16.871Z [BRIDGE_CFG] [INFO] Key 12: rbrCodaReadingPeriodMs
2026-09-26T00:47:16Z 2026-09-26T00:47:16.871Z [BRIDGE_CFG] [INFO] Key 13: turbidityReadingPeriodMs
2026-09-26T00:47:16Z 2026-09-26T00:47:16.871Z [BRIDGE_CFG] [INFO] Key 14: disableUnusedPortsTimeMs
2026-09-26T00:47:16Z 2026-09-26T00:47:16.871Z [BRIDGE_CFG] [INFO] Key 15: salinityReadingPeriodMs
2026-09-26T00:47:16Z 2026-09-26T00:47:16.871Z [BRIDGE_CFG] [INFO] Response msg -- Node Id: 0000000000000000, Partition: user, Commit Status: 0
2026-09-26T00:47:16Z 2026-09-26T00:47:16.871Z [BRIDGE_CFG] [INFO] Num Keys: 0
2026-09-26T00:47:16Z 2026-09-26T00:47:16.871Z [BRIDGE_CFG] [INFO] Response msg -- Node Id: 0000000000000000, Partition: hardware, Commit Status: 0
2026-09-26T00:47:16Z 2026-09-26T00:47:16.871Z [BRIDGE_CFG] [INFO] Num Keys: 1
2026-09-26T00:47:16Z 2026-09-26T00:47:16.875Z [BRIDGE_CFG] [INFO] Key 0: smConfigurationCrc
2026-09-26T00:47:16Z 2026-09-26T00:47:16.875Z [BRIDGE] [INFO] handle_power_states, power on for: 120000
2026-09-26T00:47:16Z 2026-09-26T00:47:16.878Z [BRIDGE_CFG] [INFO] Node ID: 0000000000000000 Partition: system Value: 1800000
2026-09-26T00:47:16Z 2026-09-26T00:47:16.882Z [BRIDGE_CFG] [INFO] Node ID: 0000000000000000 Partition: system Value: 600000
2026-09-26T00:47:16Z 2026-09-26T00:47:16.886Z [BRIDGE_CFG] [INFO] Node ID: 0000000000000000 Partition: system Value: 300000
2026-09-26T00:47:16Z 2026-09-26T00:47:16.890Z [BRIDGE_CFG] [INFO] Node ID: 0000000000000000 Partition: system Value: 60000
2026-09-26T00:47:16Z 2026-09-26T00:47:16.894Z [BRIDGE_CFG] [INFO] Node ID: 0000000000000000 Partition: system Value: 0
2026-09-26T00:47:16Z 2026-09-26T00:47:16.898Z [BRIDGE_CFG] [INFO] Node ID: 0000000000000000 Partition: system Value: 1
2026-09-26T00:47:16Z 2026-09-26T00:47:16.902Z [BRIDGE_CFG] [INFO] Node ID: 0000000000000000 Partition: system Value: 1
2026-09-26T00:47:16Z 2026-09-26T00:47:16.906Z [BRIDGE_CFG] [INFO] Node ID: 0000000000000000 Partition: system Value: 0
2026-09-26T00:47:16Z 2026-09-26T00:47:16.910Z [BRIDGE_CFG] [INFO] Node ID: 0000000000000000 Partition: system Value: 1
2026-09-26T00:47:16Z 2026-09-26T00:47:16.917Z [BRIDGE_CFG] [INFO] Node ID: 0000000000000000 Partition: system Value: 1
2026-09-26T00:47:16Z 2026-09-26T00:47:16.921Z [BRIDGE_CFG] [INFO] Node ID: 0000000000000000 Partition: system Value: 60000
2026-09-26T00:47:16Z 2026-09-26T00:47:16.925Z [BRIDGE_CFG] [INFO] Node ID: 0000000000000000 Partition: system Value: 500
2026-09-26T00:47:16Z 2026-09-26T00:47:16.929Z [BRIDGE_CFG] [INFO] Node ID: 0000000000000000 Partition: system Value: 500
2026-09-26T00:47:16Z 2026-09-26T00:47:16.933Z [BRIDGE_CFG] [INFO] Node ID: 0000000000000000 Partition: system Value: 1000
2026-09-26T00:47:16Z 2026-09-26T00:47:16.937Z [BRIDGE_CFG] [INFO] Node ID: 0000000000000000 Partition: system Value: 0
2026-09-26T00:47:16Z 2026-09-26T00:47:16.941Z [BRIDGE_CFG] [INFO] Node ID: 0000000000000000 Partition: system Value: 30000
2026-09-26T00:47:16Z 2026-09-26T00:47:16.945Z [BRIDGE_CFG] [INFO] Node ID: 0000000000000000 Partition: hardware - Failed to decode value
2026-09-26T00:47:17Z 2026-09-26T00:47:17.847Z [BRIDGE_SYS] [INFO] Neighbor e6fe83ea6b4a2b7f added
2026-09-26T00:47:21Z 2026-09-26T00:47:21.816Z [BRIDGE_CFG] [INFO] Bridge topology in topology sampler:
2026-09-26T00:47:21Z SPOT-31593C > bridge cfg get 0e582dd12c1e1480 s sampleIntervalMs
2026-09-26T00:47:22Z bridge cfg get 0e582dd12c1e1480 s sampleIntervalMs
2026-09-26T00:47:22Z Message: Succesfully sent config get msg
2026-09-26T00:47:22Z 2026-09-26T00:47:22.703Z [BRIDGE_CFG] [INFO] Node ID: 0000000000000000 Partition: system Value: 1800000
2026-09-26T00:47:22Z 2026-09-26T00:47:22.988Z [MS] [DEBUG] Has message 15 expired? queuedTime: 18263361, now64: 18264264, remaining: 86399097
2026-09-26T00:47:22Z 2026-09-26T00:47:22.992Z [MS] [INFO] Queuing message 15 2000AF40
2026-09-26T00:47:22Z 2026-09-26T00:47:23.285Z [MS] [INFO] Setting GPS coordinates lat:37.758041, lon: -122.430824
2026-09-26T00:47:23Z 2026-09-26T00:47:23.566Z [MS] [DEBUG] Attempting to Sync.
2026-09-26T00:47:23Z 2026-09-26T00:47:23.582Z [MS] [DEBUG] Waiting for TX
2026-09-26T00:47:24Z SPOT-31593C > bridge cfg get 0e582dd12c1e1480 s sampleDurationMs
2026-09-26T00:47:25Z bridge cfg get 0e582dd12c1e1480 s sampleDurationMs
2026-09-26T00:47:25Z Succesfully sent config get msg
2026-09-26T00:47:25Z 2026-09-26T00:47:25.914Z [BRIDGE_CFG] [INFO] Node ID: 0000000000000000 Partition: system Value: 600000
2026-09-26T00:47:27Z SPOT-31593C > bridge cfg get 0e582dd12c1e1480 s bridgePowerControllerEnabled
2026-09-26T00:47:28Z bridge cfg get 0e582dd12c1e1480 s bridgePowerControllerEnabled
2026-09-26T00:47:28Z Succesfully sent config get msg
2026-09-26T00:47:28Z 2026-09-26T00:47:29.128Z [BRIDGE_CFG] [INFO] Node ID: 0000000000000000 Partition: system Value: 1
2026-09-26T00:47:31Z SPOT-31593C > bridge cfg get 0e582dd12c1e1480 s alignmentInterval5Min
2026-09-26T00:47:32Z bridge cfg get 0e582dd12c1e1480 s alignmentInterval5Min
2026-09-26T00:47:32Z Succesfully sent config get msg
2026-09-26T00:47:32Z 2026-09-26T00:47:32.339Z [BRIDGE_CFG] [INFO] Node ID: 0000000000000000 Partition: system Value: 1
