[SUP] ===== action 4 (trg) utc=2026-10-02T20:28:57Z =====
[SUP] trg media override: one still action on a video unit
[CMD] duplicate id=65014: original answer (console)
[SUP] boot drain: 1 command(s) applied this boot
[CMD] one-shot trigger id=65014 trg=2 (capture + send): window gate BYPASSED for this boot only
[SUP] trg id=65014: one action with {'mode.media': 'still', 'still.message_cap': 40} (not persisted)
[RC] cycle start: budget=480s pacing=1.3s/msg
[CMD] time-sync subscribe sent; waiting up to 60s (fresh read)
[CMD] spotter UTC decoded: 2026-10-02T20:29:08.855000+00:00
Fri  2 Oct 20:29:08 UTC 2026
[BOOT] spotter_utc_read uptime_s=544.10
[RC] schedule gate: Within transmit window 00:00-00:00 America/Los_Angeles; local_time=2026-10-02T13:29:08.855000-07:00 (window bypassed; time read only)
[DEBUG] Sent compact telemetry message (134 bytes): <WS v=1 a=cap cfg=12fd5a5b up=523 tz=America/Los_Angeles lt=na ws=0000 we=0000 rk=1000x562 q=20 ct=39.7 sha=34a6222ea94c hn=bmcam004>
[DEBUG] Applying requested focus camera controls: args=--autofocus-mode auto --lens-position 1.82 --sharpness 16 --denoise cdn_fast; requested={'camera_control_source': 'image_pipeline.camera_controls', 'camera_controls_enabled': True, 'requested_focus_enabled': True, 'requested_focus_mode': 'auto', 'requested_lens_position': 1.82, 'requested_white_balance_enabled': False, 'requested_exposure_enabled': False, 'requested_image_processing_enabled': True, 'requested_sharpness': 16.0, 'requested_denoise': 'cdn_fast'}
[DEBUG] Running native capture command attempt 1/4: /usr/bin/rpicam-still -n --timeout 2000 --width 4608 --height 2592 --quality 95 --metadata /home/pi/BM_Devel_Pi/images/2026-10-02T20:29:08Z_image_native_full.metadata.json --autofocus-mode auto --lens-position 1.82 --sharpness 16 --denoise cdn_fast -o /home/pi/BM_Devel_Pi/images/2026-10-02T20:29:08Z_image_native_full.jpg
[DEBUG] Native capture completed: output=/home/pi/BM_Devel_Pi/images/2026-10-02T20:29:08Z_image_native_full.jpg, bytes=2665825, duration_sec=3.33, attempt=1/4
[RC] native ready: /home/pi/BM_Devel_Pi/images/2026-10-02T20:29:08Z_image_native_full.jpg (2665825 B, elapsed=12.0s)
[RC] source prepared: 1000x562 (elapsed=12.9s)
[RC] attempt q20: 26957 B, 94 msgs, over_cap=True, budget_fit=True
[RC] attempt q15: 22498 B, 79 msgs, over_cap=True, budget_fit=True
[RC] attempt q11: 18304 B, 64 msgs, over_cap=True, budget_fit=True
[RC] attempt q9: 15932 B, 56 msgs, over_cap=True, budget_fit=True
[RC] selection: quality=9 attempts=4 fits=False reason=no_fit_cap
[RC] final JPEG: /home/pi/BM_Devel_Pi/images/2026-10-02T20:29:08Z_image_compressed.jpg (15932 B, 56 msgs, sha256=73ec85c1976ade95...)
[HEAL] wake plan: 0 pending heal(s), 0 chunk(s) this wake (cap 40)
[KEY] media key 0e4zkk from Spotter UTC 2026-10-02T20:29:08.855000+00:00 (spotter)
[KEY] sent record: /home/pi/BM_Devel_Pi/sent/2026-10-02T20:29:08Z_image_compressed.sent.json (56 msgs, chunks <I0e4zkk.n/56>)
[DEBUG] Runtime BM transfer settings: network=0x02 cellular-only; image_buffer_size=384; image_transmit_delay_seconds=1.3
[BOOT] transmit_start uptime_s=549.24
[RC] transmit done: sent=56/56 complete=False incomplete_emitted=True uart=76.5s
[DEBUG] Raw image size: 2665825 bytes
[DEBUG] Image quality: 9
[DEBUG] Compressed image size: 15932 bytes
[DEBUG] Buffers: 56
[DEBUG] Execution Time: 1.50 min
[DEBUG] Within Window: True
[DEBUG] CPU Temp: 39.20°C
[DEBUG]  
[DEBUG]  
[DEBUG]  
[CMD] console: 1 line(s) sent, 0 queued
[CMD] no listen tail: stay_on (the idle loop listens)
[SUP] action: media=video stage=None sent=56/56 elapsed=90.3s
[SUP] ===== action 4 done: stage=None skipped=False =====
