[SUP] ===== action 10 (trg) utc=2026-10-02T20:38:40Z =====
[SUP] trg media override: one still action on a video unit
[CMD] one-shot trigger id=65029 trg=2 (capture + send): window gate BYPASSED for this boot only
[SUP] trg id=65029: one action with {'mode.media': 'still', 'still.message_cap': 40} (not persisted)
[RC] cycle start: budget=480s pacing=1.3s/msg
[CMD] time-sync subscribe sent; waiting up to 60s (fresh read)
[CMD] spotter UTC decoded: 2026-10-02T20:38:48.753000+00:00
Fri  2 Oct 20:38:48 UTC 2026
[BOOT] spotter_utc_read uptime_s=1124.02
[RC] schedule gate: Within transmit window 00:00-00:00 America/Los_Angeles; local_time=2026-10-02T13:38:48.753000-07:00 (window bypassed; time read only)
[DEBUG] Sent compact telemetry message (135 bytes): <WS v=1 a=cap cfg=dd5c383e up=1103 tz=America/Los_Angeles lt=na ws=0000 we=0000 rk=1000x562 q=20 ct=39.2 sha=34a6222ea94c hn=bmcam004>
[DEBUG] Applying requested focus camera controls: args=--autofocus-mode auto --lens-position 1.82 --sharpness 1 --brightness 0.25 --denoise cdn_fast; requested={'camera_control_source': 'image_pipeline.camera_controls', 'camera_controls_enabled': True, 'requested_focus_enabled': True, 'requested_focus_mode': 'auto', 'requested_lens_position': 1.82, 'requested_white_balance_enabled': False, 'requested_exposure_enabled': False, 'requested_image_processing_enabled': True, 'requested_sharpness': 1.0, 'requested_brightness': 0.25, 'requested_denoise': 'cdn_fast'}
[DEBUG] Running native capture command attempt 1/4: /usr/bin/rpicam-still -n --timeout 2000 --width 4608 --height 2592 --quality 95 --metadata /home/pi/BM_Devel_Pi/images/2026-10-02T20:38:48Z_image_native_full.metadata.json --autofocus-mode auto --lens-position 1.82 --sharpness 1 --brightness 0.25 --denoise cdn_fast -o /home/pi/BM_Devel_Pi/images/2026-10-02T20:38:48Z_image_native_full.jpg
[DEBUG] Native capture completed: output=/home/pi/BM_Devel_Pi/images/2026-10-02T20:38:48Z_image_native_full.jpg, bytes=1822168, duration_sec=3.13, attempt=1/4
[RC] native ready: /home/pi/BM_Devel_Pi/images/2026-10-02T20:38:48Z_image_native_full.jpg (1822168 B, elapsed=8.9s)
[RC] source prepared: 1000x562 (elapsed=9.7s)
[RC] attempt q20: 16548 B, 58 msgs, over_cap=True, budget_fit=True
[RC] attempt q15: 13959 B, 49 msgs, over_cap=True, budget_fit=True
[RC] attempt q11: 11446 B, 40 msgs, over_cap=False, budget_fit=True
[RC] selection: quality=11 attempts=3 fits=True reason=fit
[RC] final JPEG: /home/pi/BM_Devel_Pi/images/2026-10-02T20:38:48Z_image_compressed.jpg (11446 B, 40 msgs, sha256=9563c8b894f8564b...)
[HEAL] wake plan: 0 pending heal(s), 0 chunk(s) this wake (cap 40)
[KEY] media key 0e500o from Spotter UTC 2026-10-02T20:38:48.753000+00:00 (spotter)
[KEY] sent record: /home/pi/BM_Devel_Pi/sent/2026-10-02T20:38:48Z_image_compressed.sent.json (40 msgs, chunks <I0e500o.n/40>)
[DEBUG] Runtime BM transfer settings: network=0x02 cellular-only; image_buffer_size=384; image_transmit_delay_seconds=1.3
[BOOT] transmit_start uptime_s=1128.32
[RC] transmit done: sent=40/40 complete=True incomplete_emitted=False uart=54.1s
[DEBUG] Raw image size: 1822168 bytes
[DEBUG] Image quality: 11
[DEBUG] Compressed image size: 11446 bytes
[DEBUG] Buffers: 40
[DEBUG] Execution Time: 1.07 min
[DEBUG] Within Window: True
[DEBUG] CPU Temp: 38.60°C
[DEBUG]  
[DEBUG]  
[DEBUG]  
[CMD] no listen tail: stay_on (the idle loop listens)
[SUP] action: media=video stage=None sent=40/40 elapsed=64.2s
[SUP] ===== action 10 done: stage=None skipped=False =====
