[BOOT] main_entry uptime_s=9252.83
[CMD] bm_commands enabled: topic=bmcam/cmd tail=150.0s defer_acks=False state=/home/pi/BM_Devel_Pi/bm_command_state.json (loaded from defaults)
[NET] network island: default=nereus_hq ap_fallback_s=90 ap_timeout_min=60
[NET] boot default already applied this boot; leaving the network alone (runtime restart)
[RC] Sprint08 progressive-JPEG RC — resolved settings
[RC] config_path=/home/pi/BM_Devel_Pi/camera_schedule.yaml
[RC] capture_mode=video (Sprint15 video path selected)
[RC] quality ladder (explicit): q_max=90 q_min=9 -> [90, 80, 70, 60, 50, 40, 30, 25, 20, 15, 13, 11, 9]
[RC] cycle budget: max_run_time_min=8 (480 s)
[RC] message cap: 195 msgs (field-tested hard cap)
[RC] pacing (bm_serial block, source=yaml): chunk_b64_chars=384 delay_s=1.3
[RC] derived (informational): transmit-only budget holds 369 paced msgs; M1 owns real accounting
[RC] power_halt: enabled=True dry_run=False mode=halt script=/home/pi/BM_Devel_Pi/tuned_halt.sh source=yaml
[RC] schedule: window=00:00-00:00 tz=America/Los_Angeles source=yaml
[RC] transmit_phase (C2): OFF (unscheduled transmit)
[RC] geometry (native coords, frozen): crop_xywh=(1504, 846, 1600, 900) output=1000x562 backend=rpicam
[VID] video island (source=yaml): clip_minutes=5.0 fps=15 (requested) bitrate_mbps=6.0 session_minutes=0
[VID] geometry preset=wide_1080p_lean (source=preset)
[VID] crop (NATIVE 4608x2592 px): (0, 0, 4608, 2592)
[VID] sensor mode: 2304x1296 (readout 2304x1296 px, field (0, 0, 4608, 2592) native px)
[VID] --roi (fractions of that mode's field): 0.000000,0.000000,1.000000,1.000000
[VID] available detail: 2304x1296 px -> output 1920x1080 px (scale 0.833x downscale)
[VID] fps: 15
[VID] bitrate 6.0 Mbps = 0.193 bits/px/frame (Hero8 class ~0.3); 64.8 GB/day, ring window ~1.34 days
[VID] encoder knobs: profile=default level=default intra=default denoise=default sharpness=1.0
[VID] storage ring: max_used_pct=75.0 min_free_gb=10.0 dry_run=False dir=/home/pi/BM_Devel_Pi/videos
[VID] ui: enabled=True port=8080
[VTX] video_tx: enabled=True send 5s (+2s lead-in) 480x270@10fps cap=126 msgs keyframe_repeat_max=30 preset=medium source=yaml
[VTX] cycle start: budget=480s pacing=1.3s/msg transmit=True
[CMD] shared UART open: /dev/ttyAMA0@115200 (single port owner)
[CMD] subscribed topic=bmcam/cmd frame_bytes=17
[CMD] reader thread started
[BOOT] cmd_subscribed uptime_s=9253.35
[CMD] time-sync subscribe sent; waiting up to 60s
[CMD] spotter UTC decoded: 2026-09-24T02:58:47.890000+00:00
Thu 24 Sep 02:58:47 UTC 2026
[BOOT] spotter_utc_read uptime_s=9262.21
[VTX] schedule gate: Within transmit window 00:00-00:00 America/Los_Angeles; local_time=2026-09-23T19:58:47.890000-07:00
[VID] boot sweep: no crash debris
[VID] clip start: 2026-09-24T02-58-47Z_video_1920x1080_15fps (7s nominal, 1920x1080@15fps 6.0Mbps, mode 2304x1296, 2304x1296 available px, scale 0.833x)
[VID] clip done: 2026-09-24T02-58-47Z_video_1920x1080_15fps.mp4 (2246445 B, encode=7.8s boundary=7.9s)
[VTX] message budget: cap=126 affordable_now=318 (after reserving 32) -> 126 chunk msgs (36288 B)
[VTX] encode try 1: 55.7 kbps -> 28708 B = 79% of 126 msgs
[VTX] encode try 2: 68.0 kbps -> 50813 B = 140% of 126 msgs
[VTX] encode try 3: 59.7 kbps -> 34705 B = 96% of 126 msgs
[VTX] payload: 34705 B = 121 msgs (95.6% of budget) 3 pass-2 tries, prescale 5.3s encode 5.8s
[HEAL] wake plan: 0 pending heal(s), 0 chunk(s) this wake (cap 40)
[KEY] media key 0dotlz from Spotter UTC 2026-09-24T02:58:47.890000+00:00 (spotter)
[KEY] sent record: /home/pi/BM_Devel_Pi/sent/2026-09-24T02-58-47Z_video_5s.sent.json (121 msgs)
[DEBUG] Runtime BM transfer settings: network=0x02 cellular-only; image_buffer_size=384; image_transmit_delay_seconds=1.3
[BOOT] transmit_start uptime_s=9289.31
[VTX][BENCH] NOT sending chunk(s) [63] (slots still paced)
[VTX] transmit done: sent=121/121 complete=True keyframe_repeat=26/26 uart=195.1s file=2026-09-24T02-58-47Z_video_5s.h264
[CMD] post-transmit listen window: 150s
[CMD] post-transmit listen window done: 0 command(s) processed, 0 ack(s) still queued
[CMD] stopped: applied=0 dup=0 rejected=0 unackable=0 acks=0 frames=0 sig_hits=0 crc_scan_fail=0 bad_start=0 read_err=0
[BOOT] halt uptime_s=9634.58
[RC][halt] executing: sudo -n /bin/bash /home/pi/BM_Devel_Pi/tuned_halt.sh (SSH/process death after this is SUCCESS)
[RC][halt] halt command returned 0; system shutdown in progress
[VTX] cycle end: stage=done elapsed=391.9s of 480s; halt=halt_initiated
