2026-10-07T20:15:08Z SPOT-31593C > cfg get onsp
2026-10-07T20:15:09Z cfg get onsp
2026-10-07T20:15:09Z ERR
2026-10-07T20:15:14Z SPOT-31593C > cfg get smrr
2026-10-07T20:15:15Z cfg get smrr
2026-10-07T20:15:15Z ERR
2026-10-07T20:15:21Z SPOT-33507C > cfg get onsp
2026-10-07T20:15:22Z cfg get onsp
2026-10-07T20:15:22Z ERR
2026-10-07T20:15:27Z SPOT-33507C > cfg get smrr
2026-10-07T20:15:28Z cfg get smrr
2026-10-07T20:15:28Z ERR
2026-10-07T20:15:43Z SPOT-31593C > cfg
2026-10-07T20:15:44Z cfg
2026-10-07T20:15:44Z      rstr = 16 (Read only) - "" (0,31)
2026-10-07T20:15:44Z     rctls = 0 (Read only) - "" (0,15)
2026-10-07T20:15:44Z       hwv = 12 (Read only) - "" (0,31)
2026-10-07T20:15:44Z    hbtldr = 1 (Read only) - "" (0,1)
2026-10-07T20:15:44Z      bhss = 1 (Read only) - "" (0,1)
2026-10-07T20:15:44Z      bhes = 0 (Read only) - "" (0,1)
2026-10-07T20:15:44Z     autup = 1 - "" (0,1)
2026-10-07T20:15:44Z      yolo = 0 - "" (0,1)
2026-10-07T20:15:44Z      imen = 0 - "" (0,1)
2026-10-07T20:15:44Z      imch = 24 - "" (1,32)
2026-10-07T20:15:44Z     imgto = 3 - "" (1,16)
2026-10-07T20:15:44Z     imito = 5 - "" (1,16)
2026-10-07T20:15:44Z       ima = 1 - "" (0,1)
2026-10-07T20:15:44Z  battcrit = 2900 - "" (2300,4300)
2026-10-07T20:15:44Z    batten = 3100 - "" (2300,4300)
2026-10-07T20:15:44Z       mod = 4 - "" (0,5)
2026-10-07T20:15:44Z       ali = 1 - "" (1,72)
2026-10-07T20:15:44Z       fmd = 60 - "" (1,60)
2026-10-07T20:15:44Z       dwl = 0 - "" (0,2047)
2026-10-07T20:15:44Z      smrr = 1 - "" (0,1)
2026-10-07T20:15:44Z      pmpb = 7 - "" (0,15)
2026-10-07T20:15:44Z       cde = 1 - "" (0,1)
2026-10-07T20:15:44Z     mfmet = 0 - "" (0,1)
2026-10-07T20:15:44Z       sde = 2 - "" (0,2)
2026-10-07T20:15:44Z   sddelay = 10 - "" (0,127)
2026-10-07T20:15:44Z     sdcgb = 31 (Read only) - "" (0,1024)
2026-10-07T20:15:44Z      sdup = 1 (Read only) - "" (0,100)
2026-10-07T20:15:44Z      gpsp = 400 - "" (25,65535)
2026-10-07T20:15:44Z    gpsasr = 50 - "" (0,255)
2026-10-07T20:15:44Z    gpsrtc = 1 - "" (0,1)
2026-10-07T20:15:44Z     gpsdt = 3 - "" (0,31)
2026-10-07T20:15:44Z      hcim = 60 - "" (0,1440)
2026-10-07T20:15:44Z       boc = 3500 - "" (0,8191)
2026-10-07T20:15:44Z       sov = 75 - "" (0,255)
2026-10-07T20:15:44Z       hac = 1 (Read only) - "" (0,1)
2026-10-07T20:15:44Z       cen = 1 - "" (0,1)
2026-10-07T20:15:44Z      cere = 1 - "" (0,24)
2026-10-07T20:15:44Z       cmr = 24 - "" (1,24)
2026-10-07T20:15:44Z     cdfut = 180 - "" (0,1023)
2026-10-07T20:15:44Z      nsku = 1 (Read only) - "" (0,5)
2026-10-07T20:15:44Z    cimeit = 86803206 (Read only) - "" (0,99999999)
2026-10-07T20:15:44Z   cimeisn = 1664987 (Read only) - "" (0,9999999)
2026-10-07T20:15:44Z      insp = 30 - "" (1,2048)
2026-10-07T20:15:44Z      onsp = 30 - "" (1,2048)
2026-10-07T20:15:44Z      hrpm = 1 - "" (0,6)
2026-10-07T20:15:44Z       hae = 0 - "" (0,1)
2026-10-07T20:15:44Z     hdrsf = 0 - "" (0,1)
2026-10-07T20:15:44Z    hdrssd = 300000 - "" (60000,4294967295)
2026-10-07T20:15:44Z    hdrssi = 3600000 - "" (0,4294967295)
2026-10-07T20:15:44Z    glpmen = 0 - "" (0,1)
2026-10-07T20:15:44Z     glpmw = 10 - "" (1,60)
2026-10-07T20:15:44Z       hab = 1 (Read only) - "" (0,1)
2026-10-07T20:15:44Z       bhv = 1 (Read only) - "" (0,15)
2026-10-07T20:15:44Z       bre = 1 - "" (0,1)
2026-10-07T20:15:44Z       bdt = 3350 - "" (3000,4000)
2026-10-07T20:15:44Z       brd = 150 - "" (1,512)
2026-10-07T20:15:44Z   maxmont = 180 - "" (1,1024)
2026-10-07T20:15:44Z   minmoft = 600 - "" (0,3600)
2026-10-07T20:15:44Z       ict = 0 - "" (0,1)
2026-10-07T20:15:44Z      imss = 0 - "" (0,4)
2026-10-07T20:15:44Z      ibhm = 60 - "" (0,1023)
2026-10-07T20:15:44Z      ibtv = 3500 - "" (3000,4500)
2026-10-07T20:15:44Z  maxcmont = 10 - "" (1,64)
2026-10-07T20:15:44Z  mincmoft = 10 - "" (0,127)
2026-10-07T20:15:44Z    cmfbtm = 30 - "" (0,2047)
2026-10-07T20:15:44Z     hasst = 0 (Read only) - "" (0,1)
2026-10-07T20:15:44Z      ssti = 1000 - "" (0,65535)
2026-10-07T20:15:44Z     sstlr = 60 - "" (1,4096)
2026-10-07T20:15:44Z    sstoff = 0 (Read only) - "" (-250,250)
2026-10-07T20:15:44Z      ssig = 0 (Read only) - "" (0,4294967295)
2026-10-07T20:15:44Z     ssigd = 0 (Read only) - "" (0,4294967295)
2026-10-07T20:15:44Z     scalt = 0 (Read only) - "" (0,4294967295)
2026-10-07T20:15:44Z     habar = 0 (Read only) - "" (0,1)
2026-10-07T20:15:44Z      bopa = -81 (Read only) - "" (-32768,32767)
2026-10-07T20:15:44Z      bsig = 2844759957 (Read only) - "" (0,4294967295)
2026-10-07T20:15:44Z     bsigd = 0 (Read only) - "" (0,4294967295)
2026-10-07T20:15:44Z     bcalt = 1705686100 (Read only) - "" (0,4294967295)
2026-10-07T20:15:44Z      bari = 200 - "" (0,65535)
2026-10-07T20:15:44Z     barfs = 200 - "" (1,512)
2026-10-07T20:15:44Z    barfds = 50 - "" (1,1024)
2026-10-07T20:15:44Z   barfpct = 10 - "" (0,100)
2026-10-07T20:15:44Z     barfa = 387 - "" (-8388608,8388607)
2026-10-07T20:15:44Z     barlr = 60 - "" (1,4096)
2026-10-07T20:15:44Z       bpe = 1 - "" (0,1)
2026-10-07T20:15:44Z      htui = 1000 - "" (0,65535)
2026-10-07T20:15:44Z     htulr = 60 - "" (1,4096)
2026-10-07T20:15:44Z     pwrlr = 30 - "" (1,4096)
2026-10-07T20:15:44Z       lsi = 60 - "" (0,3600)
2026-10-07T20:15:44Z     schki = 1800 - "" (0,65535)
2026-10-07T20:15:44Z       vle = 1 - "" (0,1)
2026-10-07T20:15:44Z  vledonms = 75 - "" (0,65535)
2026-10-07T20:15:44Z vledoffms = 2425 - "" (100,65535)
2026-10-07T20:15:44Z    vlednp = 1 - "" (0,255)
2026-10-07T20:15:44Z vledpgdms = 0 - "" (0,65535)
2026-10-07T20:15:44Z   vleimax = 500 - "" (50,500)
2026-10-07T20:15:44Z   vleimin = 180 - "" (50,500)
2026-10-07T20:15:44Z     lnmea = 4 - "" (0,29)
2026-10-07T20:15:44Z     lgpsc = 4 - "" (0,29)
2026-10-07T20:15:44Z     lgpsl = 28 - "" (0,29)
2026-10-07T20:15:44Z      lgmn = 20 - "" (0,29)
2026-10-07T20:15:44Z     lirid = 28 - "" (0,29)
2026-10-07T20:15:44Z     lpipe = 4 - "" (0,29)
2026-10-07T20:15:44Z     lfilt = 1 - "" (0,1)
2026-10-07T20:15:44Z      logn = 0 - "" (0,1)
2026-10-07T20:15:44Z      lfft = 0 - "" (0,1)
2026-10-07T20:15:44Z     lspec = 0 - "" (0,1)
2026-10-07T20:15:44Z    lspeca = 2 - "" (0,2)
2026-10-07T20:15:44Z   lhdrcsv = 0 - "" (0,1)
2026-10-07T20:15:44Z      lhdr = 28 - "" (0,29)
2026-10-07T20:15:44Z      lerr = 28 - "" (0,29)
2026-10-07T20:15:44Z      lbri = 20 - "" (0,29)
2026-10-07T20:15:44Z      lbsd = 20 - "" (0,29)
2026-10-07T20:15:44Z       lms = 29 - "" (0,29)
2026-10-07T20:15:44Z      lser = 11 - "" (0,29)
2026-10-07T20:15:44Z     ltask = 4 - "" (0,29)
2026-10-07T20:15:44Z      lmem = 4 - "" (0,29)
2026-10-07T20:15:44Z      lcfg = 28 - "" (0,29)
2026-10-07T20:15:44Z      li2c = 12 - "" (0,29)
2026-10-07T20:15:44Z      lspi = 12 - "" (0,29)
2026-10-07T20:15:44Z     lfdbg = 4 - "" (0,29)
2026-10-07T20:15:44Z      lsys = 28 - "" (0,29)
2026-10-07T20:15:44Z     lmflt = 4 - "" (0,29)
2026-10-07T20:15:44Z     lorch = 4 - "" (0,29)
2026-10-07T20:15:44Z      lgpm = 4 - "" (0,29)
2026-10-07T20:15:44Z    lbaror = 4 - "" (0,29)
2026-10-07T20:15:44Z    lbarof = 20 - "" (0,29)
2026-10-07T20:15:44Z      lmsg = 20 - "" (0,29)
2026-10-07T20:15:44Z      lubx = 12 - "" (0,29)
2026-10-07T20:15:44Z     lnote = 21 - "" (0,29)
2026-10-07T20:15:44Z     ncdcl = 1440 - "" (1,10080)
2026-10-07T20:15:44Z      plsl = 0 - "" (0,2)
2026-10-07T20:15:44Z      bmep = 1791338693 (Read only) - "" (0,4294967295)
2026-10-07T20:15:44Z     bmcrc = 2583407365 (Read only) - "" (0,4294967295)
2026-10-07T20:15:44Z    bmcmid = 40 (Read only) - "" (0,255)
2026-10-07T20:15:44Z    bsmpid = 0 (Read only) - "" (0,255)
2026-10-07T20:15:44Z      bhte = 1 - "" (0,1)
2026-10-07T20:15:44Z       apn = 0 (Read only) - "" (0,4294967295)
2026-10-07T20:15:44Z      simm = 1 - "" (0,3)
2026-10-07T20:15:44Z       ube = 0 - "" (0,1)
2026-10-07T20:15:44Z        sh = 0 - "" (0,32)
2026-10-07T20:15:44Z cfg end
2026-10-07T20:15:52Z 2026-10-07T20:15:54.394Z [GPS] [INFO] Max CNO changed from 37 to 40
2026-10-07T20:15:52Z SPOT-31593C > cfg list
2026-10-07T20:15:53Z cfg list
2026-10-07T20:15:53Z ERR
2026-10-07T20:16:07Z SPOT-33507C > cfg
2026-10-07T20:16:08Z cfg
2026-10-07T20:16:08Z      rstr = 9 (Read only) - "" (0,31)
2026-10-07T20:16:08Z     rctls = 7 (Read only) - "" (0,15)
2026-10-07T20:16:08Z       hwv = 12 (Read only) - "" (0,31)
2026-10-07T20:16:08Z    hbtldr = 1 (Read only) - "" (0,1)
2026-10-07T20:16:08Z      bhss = 1 (Read only) - "" (0,1)
2026-10-07T20:16:08Z      bhes = 0 (Read only) - "" (0,1)
2026-10-07T20:16:08Z     autup = 1 - "" (0,1)
2026-10-07T20:16:08Z      yolo = 0 - "" (0,1)
2026-10-07T20:16:08Z      imen = 0 - "" (0,1)
2026-10-07T20:16:08Z      imch = 24 - "" (1,32)
2026-10-07T20:16:08Z     imgto = 3 - "" (1,16)
2026-10-07T20:16:08Z     imito = 5 - "" (1,16)
2026-10-07T20:16:08Z       ima = 1 - "" (0,1)
2026-10-07T20:16:08Z  battcrit = 2900 - "" (2300,4300)
2026-10-07T20:16:08Z    batten = 3100 - "" (2300,4300)
2026-10-07T20:16:08Z       mod = 4 - "" (0,5)
2026-10-07T20:16:08Z       ali = 1 - "" (1,72)
2026-10-07T20:16:08Z       fmd = 60 - "" (1,60)
2026-10-07T20:16:08Z       dwl = 0 - "" (0,2047)
2026-10-07T20:16:08Z      smrr = 1 - "" (0,1)
2026-10-07T20:16:08Z      pmpb = 7 - "" (0,15)
2026-10-07T20:16:08Z       cde = 1 - "" (0,1)
2026-10-07T20:16:08Z     mfmet = 0 - "" (0,1)
2026-10-07T20:16:08Z       sde = 2 - "" (0,2)
2026-10-07T20:16:08Z   sddelay = 10 - "" (0,127)
2026-10-07T20:16:08Z     sdcgb = 15 (Read only) - "" (0,1024)
2026-10-07T20:16:08Z      sdup = 3 (Read only) - "" (0,100)
2026-10-07T20:16:08Z      gpsp = 400 - "" (25,65535)
2026-10-07T20:16:08Z    gpsasr = 50 - "" (0,255)
2026-10-07T20:16:08Z    gpsrtc = 1 - "" (0,1)
2026-10-07T20:16:08Z     gpsdt = 3 - "" (0,31)
2026-10-07T20:16:08Z      hcim = 60 - "" (0,1440)
2026-10-07T20:16:08Z       boc = 3500 - "" (0,8191)
2026-10-07T20:16:08Z       sov = 150 - "" (0,255)
2026-10-07T20:16:08Z       hac = 1 (Read only) - "" (0,1)
2026-10-07T20:16:08Z       cen = 1 - "" (0,1)
2026-10-07T20:16:08Z      cere = 1 - "" (0,24)
2026-10-07T20:16:08Z       cmr = 24 - "" (1,24)
2026-10-07T20:16:08Z     cdfut = 180 - "" (0,1023)
2026-10-07T20:16:08Z      nsku = 5 (Read only) - "" (0,5)
2026-10-07T20:16:08Z    cimeit = 35107745 (Read only) - "" (0,99999999)
2026-10-07T20:16:08Z   cimeisn = 4541593 (Read only) - "" (0,9999999)
2026-10-07T20:16:08Z      insp = 30 - "" (1,2048)
2026-10-07T20:16:08Z      onsp = 30 - "" (1,2048)
2026-10-07T20:16:08Z      hrpm = 1 - "" (0,6)
2026-10-07T20:16:08Z       hae = 0 - "" (0,1)
2026-10-07T20:16:08Z     hdrsf = 0 - "" (0,1)
2026-10-07T20:16:08Z    hdrssd = 300000 - "" (60000,4294967295)
2026-10-07T20:16:08Z    hdrssi = 3600000 - "" (0,4294967295)
2026-10-07T20:16:08Z    glpmen = 0 - "" (0,1)
2026-10-07T20:16:08Z     glpmw = 10 - "" (1,60)
2026-10-07T20:16:08Z       hab = 1 (Read only) - "" (0,1)
2026-10-07T20:16:08Z       bhv = 1 (Read only) - "" (0,15)
2026-10-07T20:16:08Z       bre = 1 - "" (0,1)
2026-10-07T20:16:08Z       bdt = 3350 - "" (3000,4000)
2026-10-07T20:16:08Z       brd = 150 - "" (1,512)
2026-10-07T20:16:08Z   maxmont = 180 - "" (1,1024)
2026-10-07T20:16:08Z   minmoft = 600 - "" (0,3600)
2026-10-07T20:16:08Z       ict = 0 - "" (0,1)
2026-10-07T20:16:08Z      imss = 0 - "" (0,4)
2026-10-07T20:16:08Z      ibhm = 60 - "" (0,1023)
2026-10-07T20:16:08Z      ibtv = 3500 - "" (3000,4500)
2026-10-07T20:16:08Z  maxcmont = 10 - "" (1,64)
2026-10-07T20:16:08Z  mincmoft = 10 - "" (0,127)
2026-10-07T20:16:08Z    cmfbtm = 30 - "" (0,2047)
2026-10-07T20:16:08Z     hasst = 0 (Read only) - "" (0,1)
2026-10-07T20:16:08Z      ssti = 1000 - "" (0,65535)
2026-10-07T20:16:08Z     sstlr = 60 - "" (1,4096)
2026-10-07T20:16:08Z    sstoff = 0 (Read only) - "" (-250,250)
2026-10-07T20:16:08Z      ssig = 0 (Read only) - "" (0,4294967295)
2026-10-07T20:16:08Z     ssigd = 0 (Read only) - "" (0,4294967295)
2026-10-07T20:16:08Z     scalt = 0 (Read only) - "" (0,4294967295)
2026-10-07T20:16:08Z     habar = 1 (Read only) - "" (0,1)
2026-10-07T20:16:08Z      bopa = -8 (Read only) - "" (-32768,32767)
2026-10-07T20:16:08Z      bsig = 2779203756 (Read only) - "" (0,4294967295)
2026-10-07T20:16:08Z     bsigd = 0 (Read only) - "" (0,4294967295)
2026-10-07T20:16:08Z     bcalt = 1782844809 (Read only) - "" (0,4294967295)
2026-10-07T20:16:08Z      bari = 200 - "" (0,65535)
2026-10-07T20:16:08Z     barfs = 200 - "" (1,512)
2026-10-07T20:16:08Z    barfds = 50 - "" (1,1024)
2026-10-07T20:16:08Z   barfpct = 10 - "" (0,100)
2026-10-07T20:16:08Z     barfa = 387 - "" (-8388608,8388607)
2026-10-07T20:16:08Z     barlr = 60 - "" (1,4096)
2026-10-07T20:16:08Z       bpe = 1 - "" (0,1)
2026-10-07T20:16:08Z      htui = 1000 - "" (0,65535)
2026-10-07T20:16:08Z     htulr = 60 - "" (1,4096)
2026-10-07T20:16:08Z     pwrlr = 30 - "" (1,4096)
2026-10-07T20:16:08Z       lsi = 60 - "" (0,3600)
2026-10-07T20:16:08Z     schki = 1800 - "" (0,65535)
2026-10-07T20:16:08Z       vle = 0 - "" (0,1)
2026-10-07T20:16:08Z  vledonms = 75 - "" (0,65535)
2026-10-07T20:16:08Z vledoffms = 2425 - "" (100,65535)
2026-10-07T20:16:08Z    vlednp = 1 - "" (0,255)
2026-10-07T20:16:08Z vledpgdms = 0 - "" (0,65535)
2026-10-07T20:16:08Z   vleimax = 500 - "" (50,500)
2026-10-07T20:16:08Z   vleimin = 180 - "" (50,500)
2026-10-07T20:16:08Z     lnmea = 4 - "" (0,29)
2026-10-07T20:16:08Z     lgpsc = 4 - "" (0,29)
2026-10-07T20:16:08Z     lgpsl = 28 - "" (0,29)
2026-10-07T20:16:08Z      lgmn = 20 - "" (0,29)
2026-10-07T20:16:08Z     lirid = 28 - "" (0,29)
2026-10-07T20:16:08Z     lpipe = 4 - "" (0,29)
2026-10-07T20:16:08Z     lfilt = 1 - "" (0,1)
2026-10-07T20:16:08Z      logn = 0 - "" (0,1)
2026-10-07T20:16:08Z      lfft = 0 - "" (0,1)
2026-10-07T20:16:08Z     lspec = 0 - "" (0,1)
2026-10-07T20:16:08Z    lspeca = 2 - "" (0,2)
2026-10-07T20:16:08Z   lhdrcsv = 0 - "" (0,1)
2026-10-07T20:16:08Z      lhdr = 28 - "" (0,29)
2026-10-07T20:16:08Z      lerr = 28 - "" (0,29)
2026-10-07T20:16:08Z      lbri = 20 - "" (0,29)
2026-10-07T20:16:08Z      lbsd = 20 - "" (0,29)
2026-10-07T20:16:08Z       lms = 29 - "" (0,29)
2026-10-07T20:16:08Z      lser = 11 - "" (0,29)
2026-10-07T20:16:08Z     ltask = 4 - "" (0,29)
2026-10-07T20:16:08Z      lmem = 4 - "" (0,29)
2026-10-07T20:16:08Z      lcfg = 28 - "" (0,29)
2026-10-07T20:16:08Z      li2c = 12 - "" (0,29)
2026-10-07T20:16:08Z      lspi = 12 - "" (0,29)
2026-10-07T20:16:08Z     lfdbg = 4 - "" (0,29)
2026-10-07T20:16:08Z      lsys = 28 - "" (0,29)
2026-10-07T20:16:08Z     lmflt = 4 - "" (0,29)
2026-10-07T20:16:08Z     lorch = 4 - "" (0,29)
2026-10-07T20:16:08Z      lgpm = 4 - "" (0,29)
2026-10-07T20:16:08Z    lbaror = 4 - "" (0,29)
2026-10-07T20:16:08Z    lbarof = 20 - "" (0,29)
2026-10-07T20:16:08Z      lmsg = 20 - "" (0,29)
2026-10-07T20:16:08Z      lubx = 12 - "" (0,29)
2026-10-07T20:16:08Z     lnote = 21 - "" (0,29)
2026-10-07T20:16:08Z     ncdcl = 1440 - "" (1,10080)
2026-10-07T20:16:08Z      plsl = 0 - "" (0,2)
2026-10-07T20:16:08Z      bmep = 1791332299 (Read only) - "" (0,4294967295)
2026-10-07T20:16:08Z     bmcrc = 2805485788 (Read only) - "" (0,4294967295)
2026-10-07T20:16:08Z    bmcmid = 31 (Read only) - "" (0,255)
2026-10-07T20:16:08Z    bsmpid = 0 (Read only) - "" (0,255)
2026-10-07T20:16:08Z      bhte = 1 - "" (0,1)
2026-10-07T20:16:08Z       apn = 0 (Read only) - "" (0,4294967295)
2026-10-07T20:16:08Z      simm = 1 - "" (0,3)
2026-10-07T20:16:08Z       ube = 0 - "" (0,1)
2026-10-07T20:16:08Z        sh = 0 - "" (0,32)
2026-10-07T20:16:08Z cfg end
2026-10-07T20:16:17Z SPOT-31593C > cfg
2026-10-07T20:16:17Z cfg
2026-10-07T20:16:17Z      rstr = 16 (Read only) - "" (0,31)
2026-10-07T20:16:17Z     rctls = 0 (Read only) - "" (0,15)
2026-10-07T20:16:17Z       hwv = 12 (Read only) - "" (0,31)
2026-10-07T20:16:17Z    hbtldr = 1 (Read only) - "" (0,1)
2026-10-07T20:16:17Z      bhss = 1 (Read only) - "" (0,1)
2026-10-07T20:16:17Z      bhes = 0 (Read only) - "" (0,1)
2026-10-07T20:16:17Z     autup = 1 - "" (0,1)
2026-10-07T20:16:17Z      yolo = 0 - "" (0,1)
2026-10-07T20:16:17Z      imen = 0 - "" (0,1)
2026-10-07T20:16:17Z      imch = 24 - "" (1,32)
2026-10-07T20:16:17Z     imgto = 3 - "" (1,16)
2026-10-07T20:16:17Z     imito = 5 - "" (1,16)
2026-10-07T20:16:17Z       ima = 1 - "" (0,1)
2026-10-07T20:16:17Z  battcrit = 2900 - "" (2300,4300)
2026-10-07T20:16:17Z    batten = 3100 - "" (2300,4300)
2026-10-07T20:16:17Z       mod = 4 - "" (0,5)
2026-10-07T20:16:17Z       ali = 1 - "" (1,72)
2026-10-07T20:16:17Z       fmd = 60 - "" (1,60)
2026-10-07T20:16:17Z       dwl = 0 - "" (0,2047)
2026-10-07T20:16:17Z      smrr = 1 - "" (0,1)
2026-10-07T20:16:17Z      pmpb = 7 - "" (0,15)
2026-10-07T20:16:17Z       cde = 1 - "" (0,1)
2026-10-07T20:16:17Z     mfmet = 0 - "" (0,1)
2026-10-07T20:16:17Z       sde = 2 - "" (0,2)
2026-10-07T20:16:17Z   sddelay = 10 - "" (0,127)
2026-10-07T20:16:17Z     sdcgb = 31 (Read only) - "" (0,1024)
2026-10-07T20:16:17Z      sdup = 1 (Read only) - "" (0,100)
2026-10-07T20:16:17Z      gpsp = 400 - "" (25,65535)
2026-10-07T20:16:17Z    gpsasr = 50 - "" (0,255)
2026-10-07T20:16:17Z    gpsrtc = 1 - "" (0,1)
2026-10-07T20:16:17Z     gpsdt = 3 - "" (0,31)
2026-10-07T20:16:17Z      hcim = 60 - "" (0,1440)
2026-10-07T20:16:17Z       boc = 3500 - "" (0,8191)
2026-10-07T20:16:17Z       sov = 75 - "" (0,255)
2026-10-07T20:16:17Z       hac = 1 (Read only) - "" (0,1)
2026-10-07T20:16:17Z       cen = 1 - "" (0,1)
2026-10-07T20:16:17Z      cere = 1 - "" (0,24)
2026-10-07T20:16:17Z       cmr = 24 - "" (1,24)
2026-10-07T20:16:17Z     cdfut = 180 - "" (0,1023)
2026-10-07T20:16:17Z      nsku = 1 (Read only) - "" (0,5)
2026-10-07T20:16:17Z    cimeit = 86803206 (Read only) - "" (0,99999999)
2026-10-07T20:16:17Z   cimeisn = 1664987 (Read only) - "" (0,9999999)
2026-10-07T20:16:17Z      insp = 30 - "" (1,2048)
2026-10-07T20:16:17Z      onsp = 30 - "" (1,2048)
2026-10-07T20:16:17Z      hrpm = 1 - "" (0,6)
2026-10-07T20:16:17Z       hae = 0 - "" (0,1)
2026-10-07T20:16:17Z     hdrsf = 0 - "" (0,1)
2026-10-07T20:16:17Z    hdrssd = 300000 - "" (60000,4294967295)
2026-10-07T20:16:17Z    hdrssi = 3600000 - "" (0,4294967295)
2026-10-07T20:16:17Z    glpmen = 0 - "" (0,1)
2026-10-07T20:16:17Z     glpmw = 10 - "" (1,60)
2026-10-07T20:16:17Z       hab = 1 (Read only) - "" (0,1)
2026-10-07T20:16:17Z       bhv = 1 (Read only) - "" (0,15)
2026-10-07T20:16:17Z       bre = 1 - "" (0,1)
2026-10-07T20:16:17Z       bdt = 3350 - "" (3000,4000)
2026-10-07T20:16:17Z       brd = 150 - "" (1,512)
2026-10-07T20:16:17Z   maxmont = 180 - "" (1,1024)
2026-10-07T20:16:17Z   minmoft = 600 - "" (0,3600)
2026-10-07T20:16:17Z       ict = 0 - "" (0,1)
2026-10-07T20:16:17Z      imss = 0 - "" (0,4)
2026-10-07T20:16:17Z      ibhm = 60 - "" (0,1023)
2026-10-07T20:16:17Z      ibtv = 3500 - "" (3000,4500)
2026-10-07T20:16:17Z  maxcmont = 10 - "" (1,64)
2026-10-07T20:16:17Z  mincmoft = 10 - "" (0,127)
2026-10-07T20:16:17Z    cmfbtm = 30 - "" (0,2047)
2026-10-07T20:16:17Z     hasst = 0 (Read only) - "" (0,1)
2026-10-07T20:16:17Z      ssti = 1000 - "" (0,65535)
2026-10-07T20:16:17Z     sstlr = 60 - "" (1,4096)
2026-10-07T20:16:17Z    sstoff = 0 (Read only) - "" (-250,250)
2026-10-07T20:16:17Z      ssig = 0 (Read only) - "" (0,4294967295)
2026-10-07T20:16:17Z     ssigd = 0 (Read only) - "" (0,4294967295)
2026-10-07T20:16:17Z     scalt = 0 (Read only) - "" (0,4294967295)
2026-10-07T20:16:17Z     habar = 0 (Read only) - "" (0,1)
2026-10-07T20:16:17Z      bopa = -81 (Read only) - "" (-32768,32767)
2026-10-07T20:16:17Z      bsig = 2844759957 (Read only) - "" (0,4294967295)
2026-10-07T20:16:17Z     bsigd = 0 (Read only) - "" (0,4294967295)
2026-10-07T20:16:17Z     bcalt = 1705686100 (Read only) - "" (0,4294967295)
2026-10-07T20:16:17Z      bari = 200 - "" (0,65535)
2026-10-07T20:16:17Z     barfs = 200 - "" (1,512)
2026-10-07T20:16:17Z    barfds = 50 - "" (1,1024)
2026-10-07T20:16:17Z   barfpct = 10 - "" (0,100)
2026-10-07T20:16:17Z     barfa = 387 - "" (-8388608,8388607)
2026-10-07T20:16:17Z     barlr = 60 - "" (1,4096)
2026-10-07T20:16:17Z       bpe = 1 - "" (0,1)
2026-10-07T20:16:17Z      htui = 1000 - "" (0,65535)
2026-10-07T20:16:17Z     htulr = 60 - "" (1,4096)
2026-10-07T20:16:17Z     pwrlr = 30 - "" (1,4096)
2026-10-07T20:16:17Z       lsi = 60 - "" (0,3600)
2026-10-07T20:16:17Z     schki = 1800 - "" (0,65535)
2026-10-07T20:16:17Z       vle = 1 - "" (0,1)
2026-10-07T20:16:17Z  vledonms = 75 - "" (0,65535)
2026-10-07T20:16:17Z vledoffms = 2425 - "" (100,65535)
2026-10-07T20:16:17Z    vlednp = 1 - "" (0,255)
2026-10-07T20:16:17Z vledpgdms = 0 - "" (0,65535)
2026-10-07T20:16:17Z   vleimax = 500 - "" (50,500)
2026-10-07T20:16:17Z   vleimin = 180 - "" (50,500)
2026-10-07T20:16:17Z     lnmea = 4 - "" (0,29)
2026-10-07T20:16:17Z     lgpsc = 4 - "" (0,29)
2026-10-07T20:16:17Z     lgpsl = 28 - "" (0,29)
2026-10-07T20:16:17Z      lgmn = 20 - "" (0,29)
2026-10-07T20:16:17Z     lirid = 28 - "" (0,29)
2026-10-07T20:16:17Z     lpipe = 4 - "" (0,29)
2026-10-07T20:16:17Z     lfilt = 1 - "" (0,1)
2026-10-07T20:16:17Z      logn = 0 - "" (0,1)
2026-10-07T20:16:17Z      lfft = 0 - "" (0,1)
2026-10-07T20:16:17Z     lspec = 0 - "" (0,1)
2026-10-07T20:16:17Z    lspeca = 2 - "" (0,2)
2026-10-07T20:16:17Z   lhdrcsv = 0 - "" (0,1)
2026-10-07T20:16:17Z      lhdr = 28 - "" (0,29)
2026-10-07T20:16:17Z      lerr = 28 - "" (0,29)
2026-10-07T20:16:17Z      lbri = 20 - "" (0,29)
2026-10-07T20:16:17Z      lbsd = 20 - "" (0,29)
2026-10-07T20:16:17Z       lms = 29 - "" (0,29)
2026-10-07T20:16:17Z      lser = 11 - "" (0,29)
2026-10-07T20:16:17Z     ltask = 4 - "" (0,29)
2026-10-07T20:16:17Z      lmem = 4 - "" (0,29)
2026-10-07T20:16:17Z      lcfg = 28 - "" (0,29)
2026-10-07T20:16:17Z      li2c = 12 - "" (0,29)
2026-10-07T20:16:17Z      lspi = 12 - "" (0,29)
2026-10-07T20:16:17Z     lfdbg = 4 - "" (0,29)
2026-10-07T20:16:17Z      lsys = 28 - "" (0,29)
2026-10-07T20:16:17Z     lmflt = 4 - "" (0,29)
2026-10-07T20:16:17Z     lorch = 4 - "" (0,29)
2026-10-07T20:16:17Z      lgpm = 4 - "" (0,29)
2026-10-07T20:16:17Z    lbaror = 4 - "" (0,29)
2026-10-07T20:16:17Z    lbarof = 20 - "" (0,29)
2026-10-07T20:16:17Z      lmsg = 20 - "" (0,29)
2026-10-07T20:16:17Z      lubx = 12 - "" (0,29)
2026-10-07T20:16:17Z     lnote = 21 - "" (0,29)
2026-10-07T20:16:17Z     ncdcl = 1440 - "" (1,10080)
2026-10-07T20:16:17Z      plsl = 0 - "" (0,2)
2026-10-07T20:16:17Z      bmep = 1791338693 (Read only) - "" (0,4294967295)
2026-10-07T20:16:18Z     bmcrc = 2583407365 (Read only) - "" (0,4294967295)
2026-10-07T20:16:18Z    bmcmid = 40 (Read only) - "" (0,255)
2026-10-07T20:16:18Z    bsmpid = 0 (Read only) - "" (0,255)
2026-10-07T20:16:18Z      bhte = 1 - "" (0,1)
2026-10-07T20:16:18Z       apn = 0 (Read only) - "" (0,4294967295)
2026-10-07T20:16:18Z      simm = 1 - "" (0,3)
2026-10-07T20:16:18Z       ube = 0 - "" (0,1)
2026-10-07T20:16:18Z        sh = 0 - "" (0,32)
2026-10-07T20:16:18Z cfg end
