[t1] host=bmcam003 bursts=27 count=120 size=384 gap=1.3s
[t1] t1a28800 A288 steady size=288 gap=1.3 start=2026-10-06T21:30:00+00:00 sent=122 wall=157.3s
[t1] t1a90001 A900 steady size=900 gap=1.3 start=2026-10-06T21:34:13+00:00 sent=39 wall=49.5s
[t1] t1a9602 A96 steady size=96 gap=1.3 start=2026-10-06T21:36:39+00:00 sent=365 wall=473.2s
[t1] t1a60003 A600 steady size=600 gap=1.3 start=2026-10-06T21:46:08+00:00 sent=58 wall=74.1s
[t1] t1a22404 A224 steady size=224 gap=1.3 start=2026-10-06T21:48:59+00:00 sent=156 wall=201.5s
[t1] t1a100005 A1000 steady size=1000 gap=1.3 start=2026-10-06T21:53:57+00:00 sent=35 wall=44.3s
[t1] t1a16006 A160 steady size=160 gap=1.3 start=2026-10-06T21:56:17+00:00 sent=219 wall=283.4s
[t1] t1a45007 A450 steady size=450 gap=1.3 start=2026-10-06T22:05:37+00:00 sent=78 wall=100.1s
[t1] t1a38408 A384 steady size=384 gap=1.3 start=2026-10-06T22:11:53+00:00 sent=91 wall=117.0s
[t1] t1f22409 F224 steady size=224 gap=0.6 start=2026-10-06T22:15:26+00:00 sent=156 wall=93.0s
[t1] t1f9610 F96 steady size=96 gap=0.6 start=2026-10-06T22:18:35+00:00 sent=365 wall=218.4s
[t1] t1f38411 F384 steady size=384 gap=0.6 start=2026-10-06T22:23:49+00:00 sent=91 wall=54.0s
[t1] t1f16012 F160 steady size=160 gap=0.6 start=2026-10-06T22:26:19+00:00 sent=219 wall=130.8s
[t1] t1f28813 F288 steady size=288 gap=0.6 start=2026-10-06T22:30:05+00:00 sent=122 wall=72.6s
[t1] t1s60014 S600 steady size=600 gap=6.0 start=2026-10-06T22:32:53+00:00 sent=58 wall=342.0s
[t1] t1s100015 S1000 steady size=1000 gap=6.0 start=2026-10-06T22:40:16+00:00 sent=35 wall=204.1s
[t1] t1s45016 S450 steady size=450 gap=6.0 start=2026-10-06T22:45:21+00:00 sent=78 wall=462.0s
[t1] t1s90017 S900 steady size=900 gap=6.0 start=2026-10-06T22:54:44+00:00 sent=39 wall=228.1s
[t1] t1r38418 R384 steady size=384 gap=1.3 start=2026-10-06T23:05:43+00:00 sent=91 wall=117.0s
[t1] t1r45019 R450 steady size=450 gap=1.3 start=2026-10-06T23:11:47+00:00 sent=78 wall=100.1s
[t1] t1r16020 R160 steady size=160 gap=1.3 start=2026-10-06T23:15:03+00:00 sent=219 wall=283.4s
[t1] t1r100021 R1000 steady size=1000 gap=1.3 start=2026-10-06T23:21:23+00:00 sent=35 wall=44.3s
[t1] t1r22422 R224 steady size=224 gap=1.3 start=2026-10-06T23:23:43+00:00 sent=156 wall=201.5s
[t1] t1r60023 R600 steady size=600 gap=1.3 start=2026-10-06T23:28:41+00:00 sent=58 wall=74.1s
[t1] t1r9624 R96 steady size=96 gap=1.3 start=2026-10-06T23:31:31+00:00 sent=365 wall=473.2s
[t1] t1r90025 R900 steady size=900 gap=1.3 start=2026-10-06T23:41:01+00:00 sent=39 wall=49.5s
[t1] t1r28826 R288 steady size=288 gap=1.3 start=2026-10-06T23:43:27+00:00 sent=122 wall=157.3s
