2026-09-26T21:44:05Z SPOT-33507C > bridge cfg get c3c564b91856226c s bridgePowerControllerEnabled
2026-09-26T21:44:07Z bridge cfg get c3c564b91856226c s bridgePowerControllerEnabled
2026-09-26T21:44:07Z Succesfully sent config get msg
2026-09-26T21:44:07Z 2026-09-26T21:44:10.582Z [BRIDGE_CFG] [INFO] Node ID: 0000000000000000 Partition: system Value: 1
2026-09-26T21:44:12Z SPOT-33507C > bridge cfg get c3c564b91856226c s sampleIntervalMs
2026-09-26T21:44:13Z bridge cfg get c3c564b91856226c s sampleIntervalMs
2026-09-26T21:44:13Z Succesfully sent config get msg
2026-09-26T21:44:13Z 2026-09-26T21:44:16.003Z [BRIDGE_CFG] [INFO] Node ID: 0000000000000000 Partition: system Value: 3600000
2026-09-26T21:44:34Z SPOT-33507C > bridge cfg set c3c564b91856226c s u bridgePowerControllerEnabled 0
2026-09-26T21:44:36Z bridge cfg set c3c564b91856226c s u bridgePowerControllerEnabled 0
2026-09-26T21:44:36Z Succesfully sent config set msg
2026-09-26T21:44:36Z 2026-09-26T21:44:39.515Z [BRIDGE_CFG] [INFO] Node ID: 0000000000000000 Partition: system Value: 0
2026-09-26T21:44:40Z SPOT-33507C > bridge cfg commit c3c564b91856226c s
2026-09-26T21:44:41Z bridge cfg commit c3c564b91856226c s
2026-09-26T21:44:41Z Succesfull config commit send
2026-09-26T21:44:43Z 2026-09-26T21:44:46.062Z [BRIDGE] [ERROR] Bridge RX Processing Packet Failure: -7
2026-09-26T21:44:43Z 2026-09-26T21:44:46.066Z [BRIDGE] [INFO] Setting negotiated baud rate to 1000000 from 1000000
2026-09-26T21:44:43Z 2026-09-26T21:44:46.070Z [BRIDGE_SYS] [INFO] Bridge State Init
2026-09-26T21:44:43Z 2026-09-26T21:44:46.070Z [BRIDGE] [INFO] Reboot info received from c3c564b91856226c - Reason: 5 gitSHA: 1595f804 Reboot cnt: 0 PC: 0x0 LR: 0x0
2026-09-26T21:44:43Z 2026-09-26T21:44:46.078Z [BRIDGE_SYS] [INFO] Bridge bus power: 1
2026-09-26T21:44:43Z 2026-09-26T21:44:46.128Z [BRIDGE_CFG] [INFO] Response msg -- Node Id: 0000000000000000, Partition: system, Commit Status: 0
2026-09-26T21:44:43Z 2026-09-26T21:44:46.128Z [BRIDGE_CFG] [INFO] Num Keys: 18
2026-09-26T21:44:43Z 2026-09-26T21:44:46.128Z [BRIDGE_CFG] [INFO] Key 0: sampleIntervalMs
2026-09-26T21:44:43Z 2026-09-26T21:44:46.128Z [BRIDGE_CFG] [INFO] Key 1: sampleDurationMs
2026-09-26T21:44:43Z 2026-09-26T21:44:46.128Z [BRIDGE_CFG] [INFO] Key 2: subsampleIntervalMs
2026-09-26T21:44:43Z 2026-09-26T21:44:46.128Z [BRIDGE_CFG] [INFO] Key 3: subsampleDurationMs
2026-09-26T21:44:43Z 2026-09-26T21:44:46.132Z [BRIDGE_CFG] [INFO] Key 4: subsampleEnabled
2026-09-26T21:44:43Z 2026-09-26T21:44:46.132Z [BRIDGE_CFG] [INFO] Key 5: bridgePowerControllerEnabled
2026-09-26T21:44:43Z 2026-09-26T21:44:46.132Z [BRIDGE_CFG] [INFO] Key 6: alignmentInterval5Min
2026-09-26T21:44:43Z 2026-09-26T21:44:46.132Z [BRIDGE_CFG] [INFO] Key 7: ticksSamplingEnabled
2026-09-26T21:44:43Z 2026-09-26T21:44:46.132Z [BRIDGE_CFG] [INFO] Key 8: samplesPerReport
2026-09-26T21:44:43Z 2026-09-26T21:44:46.132Z [BRIDGE_CFG] [INFO] Key 9: transmitAggregations
2026-09-26T21:44:43Z 2026-09-26T21:44:46.132Z [BRIDGE_CFG] [INFO] Key 10: currentReadingPeriodMs
2026-09-26T21:44:43Z 2026-09-26T21:44:46.132Z [BRIDGE_CFG] [INFO] Key 11: softReadingPeriodMs
2026-09-26T21:44:43Z 2026-09-26T21:44:46.132Z [BRIDGE_CFG] [INFO] Key 12: rbrCodaReadingPeriodMs
2026-09-26T21:44:43Z 2026-09-26T21:44:46.132Z [BRIDGE_CFG] [INFO] Key 13: turbidityReadingPeriodMs
2026-09-26T21:44:43Z 2026-09-26T21:44:46.132Z [BRIDGE_CFG] [INFO] Key 14: disableUnusedPortsTimeMs
2026-09-26T21:44:43Z 2026-09-26T21:44:46.132Z [BRIDGE_CFG] [INFO] Key 15: salinityReadingPeriodMs
2026-09-26T21:44:43Z 2026-09-26T21:44:46.132Z [BRIDGE_CFG] [INFO] Key 16: sensorsCheckIntervalS
2026-09-26T21:44:43Z 2026-09-26T21:44:46.132Z [BRIDGE_CFG] [INFO] Key 17: sensorsPollIntervalMs
2026-09-26T21:44:43Z 2026-09-26T21:44:46.132Z [BRIDGE_CFG] [INFO] Response msg -- Node Id: 0000000000000000, Partition: user, Commit Status: 0
2026-09-26T21:44:43Z 2026-09-26T21:44:46.136Z [BRIDGE_CFG] [INFO] Num Keys: 0
2026-09-26T21:44:43Z 2026-09-26T21:44:46.136Z [BRIDGE_CFG] [INFO] Response msg -- Node Id: 0000000000000000, Partition: hardware, Commit Status: 0
2026-09-26T21:44:43Z 2026-09-26T21:44:46.136Z [BRIDGE_CFG] [INFO] Num Keys: 1
2026-09-26T21:44:43Z 2026-09-26T21:44:46.136Z [BRIDGE_CFG] [INFO] Key 0: smConfigurationCrc
2026-09-26T21:44:43Z 2026-09-26T21:44:46.136Z [BRIDGE] [INFO] handle_power_states, power on for: 4294967295
2026-09-26T21:44:43Z 2026-09-26T21:44:46.140Z [BRIDGE_CFG] [INFO] Node ID: 0000000000000000 Partition: system Value: 3600000
2026-09-26T21:44:43Z 2026-09-26T21:44:46.144Z [BRIDGE_CFG] [INFO] Node ID: 0000000000000000 Partition: system Value: 600000
2026-09-26T21:44:43Z 2026-09-26T21:44:46.152Z [BRIDGE_CFG] [INFO] Node ID: 0000000000000000 Partition: system Value: 300000
2026-09-26T21:44:43Z 2026-09-26T21:44:46.156Z [BRIDGE_CFG] [INFO] Node ID: 0000000000000000 Partition: system Value: 30000
2026-09-26T21:44:43Z 2026-09-26T21:44:46.160Z [BRIDGE_CFG] [INFO] Node ID: 0000000000000000 Partition: system Value: 0
2026-09-26T21:44:43Z 2026-09-26T21:44:46.167Z [BRIDGE_CFG] [INFO] Node ID: 0000000000000000 Partition: system Value: 0
2026-09-26T21:44:43Z 2026-09-26T21:44:46.171Z [BRIDGE_CFG] [INFO] Node ID: 0000000000000000 Partition: system Value: 1
2026-09-26T21:44:43Z 2026-09-26T21:44:46.175Z [BRIDGE_CFG] [INFO] Node ID: 0000000000000000 Partition: system Value: 0
2026-09-26T21:44:43Z 2026-09-26T21:44:46.179Z [BRIDGE_CFG] [INFO] Node ID: 0000000000000000 Partition: system Value: 1
2026-09-26T21:44:43Z 2026-09-26T21:44:46.187Z [BRIDGE_CFG] [INFO] Node ID: 0000000000000000 Partition: system Value: 0
2026-09-26T21:44:43Z 2026-09-26T21:44:46.191Z [BRIDGE_CFG] [INFO] Node ID: 0000000000000000 Partition: system Value: 60000
2026-09-26T21:44:43Z 2026-09-26T21:44:46.195Z [BRIDGE_CFG] [INFO] Node ID: 0000000000000000 Partition: system Value: 500
2026-09-26T21:44:43Z 2026-09-26T21:44:46.199Z [BRIDGE_CFG] [INFO] Node ID: 0000000000000000 Partition: system Value: 500
2026-09-26T21:44:43Z 2026-09-26T21:44:46.207Z [BRIDGE_CFG] [INFO] Node ID: 0000000000000000 Partition: system Value: 1000
2026-09-26T21:44:43Z 2026-09-26T21:44:46.210Z [BRIDGE_CFG] [INFO] Node ID: 0000000000000000 Partition: system Value: 0
2026-09-26T21:44:43Z 2026-09-26T21:44:46.214Z [BRIDGE_CFG] [INFO] Node ID: 0000000000000000 Partition: system Value: 30000
2026-09-26T21:44:43Z 2026-09-26T21:44:46.222Z [BRIDGE_CFG] [INFO] Node ID: 0000000000000000 Partition: system Value: 60
2026-09-26T21:44:43Z 2026-09-26T21:44:46.226Z [BRIDGE_CFG] [INFO] Node ID: 0000000000000000 Partition: system Value: 10000
2026-09-26T21:44:43Z 2026-09-26T21:44:46.230Z [BRIDGE_CFG] [INFO] Node ID: 0000000000000000 Partition: hardware - Failed to decode value
2026-09-26T21:44:44Z 2026-09-26T21:44:47.109Z [BRIDGE_SYS] [INFO] Neighbor 53171fa3d81a8e6f added
2026-09-26T21:44:47Z Interpolated sample at: 1790459086.80
2026-09-26T21:44:47Z Interpolated sample at: 1790459087.20
2026-09-26T21:44:48Z 2026-09-26T21:44:51.074Z [BRIDGE_CFG] [INFO] Bridge topology in topology sampler:
2026-09-26T21:44:48Z 2026-09-26T21:44:51.085Z [BRIDGE_CFG] [INFO] c3c564b91856226c
2026-09-26T21:44:48Z 2026-09-26T21:44:51.085Z [BRIDGE_CFG] [INFO] 53171fa3d81a8e6f
2026-09-26T21:44:48Z 2026-09-26T21:44:51.089Z [BRIDGE_CFG] [INFO] Network configuration change detected! crc: 0xba829098 at UTC:1790459091
2026-09-26T21:44:48Z 2026-09-26T21:44:51.089Z [BRIDGE_CFG] [INFO] Stored CRCs:
2026-09-26T21:44:48Z 0xddf6e9b9
2026-09-26T21:44:48Z 0xa73850dc
2026-09-26T21:44:48Z 0xba829098
2026-09-26T21:44:48Z 0x1539bc17
2026-09-26T21:44:48Z 0x82e414ca
2026-09-26T21:44:48Z 0xf9cb90d5
2026-09-26T21:44:48Z 0x6e163808
2026-09-26T21:44:48Z 0x1614bd85
2026-09-26T21:44:48Z 0x24b9d688
2026-09-26T21:44:48Z 2026-09-26T21:44:51.113Z [BRIDGE_CFG] [INFO] Bridge network config: [[14106792153947972204, "bridge", 362149892, 3303883033, {"sampleIntervalMs": 3600000, "sampleDurationMs": 600000, "subsampleInterv
2026-09-26T21:44:48Z 2026-09-26T21:44:51.128Z [BRIDGE_CFG] [INFO] Bridge network info CRC: ba829098
2026-09-26T21:44:48Z 2026-09-26T21:44:51.132Z [BRIDGE_CFG] [INFO] Bridge FW Version: Major: 0 Minor: 13 Revision: 11
2026-09-26T21:44:48Z 2026-09-26T21:44:51.132Z [BRIDGE_CFG] [INFO] Bridge sys config partition CRC: c4ed4119
2026-09-26T21:44:48Z 2026-09-26T21:44:51.132Z [BRIDGE_CFG] [INFO] Bridge toplogy: c3c564b91856226c | 53171fa3d81a8e6f
2026-09-26T21:44:48Z 2026-09-26T21:44:51.132Z [BRIDGE_SYS] [INFO] Checking CRC in report builder!
2026-09-26T21:44:48Z No update available for 53171fa3d81a8e6f
2026-09-26T21:44:48Z 2026-09-26T21:44:51.136Z [BRIDGE_SYS] [INFO] Got CRC ba829098 OLD CRC 0
2026-09-26T21:44:48Z No update available for c3c564b91856226c
2026-09-26T21:44:48Z Current bit offset: 196
2026-09-26T21:44:48Z Rounded bit offset: 200
2026-09-26T21:44:48Z New bit offset: 2720
2026-09-26T21:44:48Z 2026-09-26T21:44:51.136Z [MS] [INFO] Added message(id: 47 len: 340) to queue MS_Q_LEGACY: (1)!
2026-09-26T21:44:48Z Message: Current bit offset: 20
2026-09-26T21:44:48Z Rounded bit offset: 24
2026-09-26T21:44:48Z New bit offset: 1672
2026-09-26T21:44:48Z 2026-09-26T21:44:51.136Z [BRIDGE_SYS] [INFO] Getting topology in report builder!
2026-09-26T21:44:48Z 2026-09-26T21:44:51.136Z [MS] [INFO] Added message(id: 48 len: 209) to queue MS_Q_LEGACY: (2)!
2026-09-26T21:44:48Z 2026-09-26T21:44:51.136Z [CFG] [INFO] Saving sysCfg
2026-09-26T21:44:48Z 2026-09-26T21:44:51.140Z [BRIDGE_SYS] [INFO] Got topology in report builder!
2026-09-26T21:44:48Z 2026-09-26T21:44:51.140Z [BRIDGE_SYS] [INFO] Updating CRC and topology in report builder!
2026-09-26T21:44:48Z 2026-09-26T21:44:51.144Z [BRIDGE_SYS] [INFO] Updated reportBuilders max network configuration CBOR map
2026-09-26T21:44:48Z 2026-09-26T21:44:51.148Z [BRIDGE_SYS] [INFO] Updated reportBuilders max network sensor type list
2026-09-26T21:44:48Z Message: Interpolated sample at: 1790459087.60
2026-09-26T21:44:48Z Interpolated sample at: 1790459088.00
2026-09-26T21:44:48Z 2026-09-26T21:44:51.207Z [CFG] [INFO] Saving sysCfg
2026-09-26T21:44:48Z 2026-09-26T21:44:51.222Z [MS] [DEBUG] Has message 47 expired? queuedTime: 93671929, now64: 93672016, remaining: 86399913
2026-09-26T21:44:48Z 2026-09-26T21:44:51.222Z [MS] [DEBUG] Sending legacy messages to Notecard.
2026-09-26T21:44:48Z 2026-09-26T21:44:51.261Z [MS] [DEBUG] Notecard is 5.000000 pct full.
2026-09-26T21:44:48Z 2026-09-26T21:44:51.261Z [MS] [INFO] Queuing message 47 20027520
2026-09-26T21:44:48Z 2026-09-26T21:44:51.847Z [MS] [DEBUG] Has message 48 expired? queuedTime: 93671930, now64: 93672639, remaining: 86399291
2026-09-26T21:44:48Z 2026-09-26T21:44:51.847Z [MS] [INFO] Queuing message 48 2002C178
2026-09-26T21:44:49Z 2026-09-26T21:44:52.148Z [MS] [INFO] Setting GPS coordinates lat:37.758373, lon: -122.429817
2026-09-26T21:44:49Z 2026-09-26T21:44:52.328Z [MS] [DEBUG] Attempting to Sync.
2026-09-26T21:44:49Z 2026-09-26T21:44:52.714Z [MS] [DEBUG] Waiting for TX
2026-09-26T21:44:50Z SPOT-33507C > bridge cfg get c3c564b91856226c s bridgePowerControllerEnabled
2026-09-26T21:44:51Z bridge cfg get c3c564b91856226c s bridgePowerControllerEnabled
2026-09-26T21:44:51Z Succesfully sent config get msg
2026-09-26T21:44:51Z 2026-09-26T21:44:54.199Z [BRIDGE_CFG] [INFO] Node ID: 0000000000000000 Partition: system Value: 0
2026-09-26T21:44:52Z 2026-09-26T21:44:55.156Z [ERR] [INFO] GpsErrorState changed from OK to NO_SIGNAL
2026-09-26T21:44:54Z 2026-09-26T21:44:57.132Z [ERR] [INFO] GpsErrorState changed from NO_SIGNAL to OK
2026-09-26T21:44:54Z Interpolated sample at: 1790459092.00
2026-09-26T21:44:54Z Interpolated sample at: 1790459092.40
2026-09-26T21:44:54Z Interpolated sample at: 1790459092.80
2026-09-26T21:44:54Z Interpolated sample at: 1790459093.20
2026-09-26T21:44:54Z Interpolated sample at: 1790459093.60
2026-09-26T21:44:54Z Interpolated sample at: 1790459094.00
2026-09-26T21:44:54Z 2026-09-26T21:44:57.546Z [ERR] [INFO] GpsErrorState changed from OK to NO_SIGNAL
2026-09-26T22:04:54Z SPOT-33507C > bm pub bmcam/cmd {"id":26303,"c":"ping"} 1 1
2026-09-26T22:04:56Z bm pub bmcam/cmd {"id":26303,"c":"ping"} 1 1
2026-09-26T22:04:57Z 2026-09-26T22:05:00.300Z [MS] [INFO] Added message(id: 11543 len: 240) to queue MS_Q_CELLULAR_ONLY: (1)!
2026-09-26T22:04:57Z 2026-09-26T22:05:00.300Z [BM_TX] [INFO] Submitted spotter/transmit-data message to cell-only queue, Len: 115
2026-09-26T22:04:57Z 2026-09-26T22:05:00.300Z [BM_TX] [DEBUG] Message:
2026-09-26T22:04:57Z  7b 22 69 64 22 3a 32 36
2026-09-26T22:04:57Z  33 30 33 2c 22 6f 6b 22
2026-09-26T22:04:57Z  3a 31 2c 22 73 74 22 3a
2026-09-26T22:04:57Z  7b 22 72 6f 69 22 3a 30
2026-09-26T22:04:57Z  2c 22 66 6f 63 22 3a 30
2026-09-26T22:04:57Z  2c 22 61 77 62 22 3a 30
2026-09-26T22:04:57Z  2c 22 65 78 70 22 3a 30
2026-09-26T22:04:57Z  2c 22 77 69 6e 22 3a 30
2026-09-26T22:04:57Z  2c 22 74 78 64 22 3a 30
2026-09-26T22:04:57Z  2c 22 63 61 70 22 3a 30
2026-09-26T22:04:57Z  2c 22 73 72 63 22 3a 30
2026-09-26T22:04:57Z  2c 22 68 6c 74 22 3a 30
2026-09-26T22:04:57Z  2c 22 74 77 6e 22 3a 30
2026-09-26T22:04:57Z  2c 22 74 6d 7a 22 3a 30
2026-09-26T22:04:57Z  7d 7d
2026-09-26T22:04:57Z 2026-09-26T22:05:00.335Z [MS] [DEBUG] Notecard is 20.000000 pct full.
2026-09-26T22:04:57Z 2026-09-26T22:05:00.335Z [MS] [DEBUG] Has message 11543 expired? queuedTime: 94881311, now64: 94881344, remaining: 86399967
2026-09-26T22:04:57Z 2026-09-26T22:05:00.335Z [MS] [INFO] Sending Cellular message to Notecard.
2026-09-26T22:04:57Z 2026-09-26T22:05:00.339Z [MS] [INFO] Queuing message 11543 2000DF20
2026-09-26T22:04:58Z 2026-09-26T22:05:01.636Z [MS] [INFO] Added message(id: 11544 len: 524) to queue MS_Q_CELLULAR_ONLY: (1)!
2026-09-26T22:04:58Z 2026-09-26T22:05:01.636Z [BM_TX] [INFO] Submitted spotter/transmit-data message to cell-only queue, Len: 398
2026-09-26T22:04:58Z 2026-09-26T22:05:01.636Z [BM_TX] [DEBUG] Message:
2026-09-26T22:04:58Z  3c 49 30 64 74 7a 78 34
2026-09-26T22:04:58Z  2e 38 36 3e 50 51 58 4c
2026-09-26T22:04:58Z  34 63 65 75 6f 48 62 33
2026-09-26T22:04:58Z  72 46 62 52 38 67 4e 76
2026-09-26T22:04:58Z  4a 69 41 30 6c 42 67 61
2026-09-26T22:04:58Z  6e 64 59 64 7a 47 5a 41
2026-09-26T22:04:58Z  62 72 4b 36 79 74 6e 72
2026-09-26T22:04:58Z  43 45 62 74 6b 38 4a 6f
2026-09-26T22:04:58Z  71 56 58 36 50 49 47 4f
2026-09-26T22:04:58Z  78 30 5a 30 5a 73 78 66
2026-09-26T22:04:58Z  4c 70 75 6d 33 36 47 62
2026-09-26T22:04:58Z  2f 77 44 38 4e 66 70 6b
2026-09-26T22:04:58Z  4a 68 48 33 55 50 30 57
2026-09-26T22:04:58Z  44 45 45 45 59 2b 6c 33
2026-09-26T22:04:58Z  54 6e 71 75 58 6f 74 54
2026-09-26T22:04:58Z  4c 41 69 52 34 52 62 36
2026-09-26T22:04:58Z  52 57 5a 30 49 37 51 77
2026-09-26T22:04:58Z  54 49 4f 30 34 67 4e 59
2026-09-26T22:04:58Z  6c 66 67 6c 48 66 51 51
2026-09-26T22:04:58Z  34 53 57 4d 4e 4c 76 68
2026-09-26T22:04:58Z  73 6d 2b 66 67 6f 4e 69
2026-09-26T22:04:58Z  58 4c 6a 39 67 35 63 32
2026-09-26T22:04:58Z  75 6d 37 36 54 69 47 71
2026-09-26T22:04:58Z  32 49 31 70 6b 78 2f 61
2026-09-26T22:04:58Z  46 39 6b 33 51 61 79 5a
2026-09-26T22:04:58Z  74 65 63 43 79 76 4d 71
2026-09-26T22:04:58Z  56 4b 4a 44 37 45 52 55
2026-09-26T22:04:58Z  58 69 77 4d 6f 6a 50 71
2026-09-26T22:04:58Z  43 5a 50 33 30 35 68 57
2026-09-26T22:04:58Z  78 64 31 47 6d 36 62 48
2026-09-26T22:04:58Z  6f 5a 76 2f 41 4b 45 6e
2026-09-26T22:04:58Z  37 74 56 34 47 69 49 47
2026-09-26T22:04:58Z  4c 47 66 65 36 48 36 49
2026-09-26T22:04:58Z  30 44 6d 4a 45 31 44 42
2026-09-26T22:04:58Z  4c 41 62 37 45 63 74 75
2026-09-26T22:04:58Z  5a 76 6c 44 6f 48 70 57
2026-09-26T22:04:58Z  68 6f 36 4f 38 4a 63 72
2026-09-26T22:04:58Z  47 68 59 6c 64 54 4b 41
2026-09-26T22:04:58Z  36 52 76 30 67 4e 61 44
2026-09-26T22:04:58Z  59 79 33 39 59 30 6a 4c
2026-09-26T22:04:58Z  79 59 54 35 6b 77 63 4a
2026-09-26T22:04:58Z  6b 50 56 72 36 51 31 66
2026-09-26T22:04:58Z  34 6e 54 52 31 34 54 54
2026-09-26T22:04:58Z  4e 4d 6f 4c 59 79 78 75
2026-09-26T22:04:58Z  34 2b 30 32 4b 6c 52 4e
2026-09-26T22:04:58Z  35 75 6b 35 37 51 72 77
2026-09-26T22:04:58Z  70 71 71 41 4e 6a 58 41
2026-09-26T22:04:58Z  4f 6b 4e 72 36 78 68 36
2026-09-26T22:04:58Z  44 44 62 30 4f 67 61 32
2026-09-26T22:04:58Z  44 64 59 37 0a
2026-09-26T22:04:58Z 2026-09-26T22:05:01.710Z [MS] [DEBUG] Notecard is 20.000000 pct full.
2026-09-26T22:04:58Z 2026-09-26T22:05:01.710Z [MS] [DEBUG] Has message 11544 expired? queuedTime: 94882645, now64: 94882721, remaining: 86399924
2026-09-26T22:04:58Z 2026-09-26T22:05:01.710Z [MS] [INFO] Sending Cellular message to Notecard.
2026-09-26T22:04:58Z 2026-09-26T22:05:01.710Z [MS] [INFO] Queuing message 11544 2000DF20
2026-09-26T22:04:59Z 2026-09-26T22:05:02.921Z [MS] [INFO] Added message(id: 11545 len: 240) to queue MS_Q_CELLULAR_ONLY: (1)!
2026-09-26T22:04:59Z 2026-09-26T22:05:02.921Z [BM_TX] [INFO] Submitted spotter/transmit-data message to cell-only queue, Len: 115
2026-09-26T22:04:59Z 2026-09-26T22:05:02.921Z [BM_TX] [DEBUG] Message:
2026-09-26T22:04:59Z  7b 22 69 64 22 3a 32 36
2026-09-26T22:04:59Z  33 30 33 2c 22 6f 6b 22
2026-09-26T22:04:59Z  3a 31 2c 22 73 74 22 3a
2026-09-26T22:04:59Z  7b 22 72 6f 69 22 3a 30
2026-09-26T22:04:59Z  2c 22 66 6f 63 22 3a 30
2026-09-26T22:04:59Z  2c 22 61 77 62 22 3a 30
2026-09-26T22:04:59Z  2c 22 65 78 70 22 3a 30
2026-09-26T22:04:59Z  2c 22 77 69 6e 22 3a 30
2026-09-26T22:04:59Z  2c 22 74 78 64 22 3a 30
2026-09-26T22:04:59Z  2c 22 63 61 70 22 3a 30
2026-09-26T22:04:59Z  2c 22 73 72 63 22 3a 30
2026-09-26T22:04:59Z  2c 22 68 6c 74 22 3a 30
2026-09-26T22:04:59Z  2c 22 74 77 6e 22 3a 30
2026-09-26T22:04:59Z  2c 22 74 6d 7a 22 3a 30
2026-09-26T22:04:59Z  7d 7d
2026-09-26T22:04:59Z 2026-09-26T22:05:02.953Z [MS] [DEBUG] Notecard is 21.000000 pct full.
2026-09-26T22:04:59Z 2026-09-26T22:05:02.953Z [MS] [DEBUG] Has message 11545 expired? queuedTime: 94883931, now64: 94883964, remaining: 86399967
2026-09-26T22:04:59Z 2026-09-26T22:05:02.957Z [MS] [INFO] Sending Cellular message to Notecard.
2026-09-26T22:04:59Z 2026-09-26T22:05:02.957Z [MS] [INFO] Queuing message 11545 2000DF20
2026-09-26T22:09:34Z SPOT-33507C > bm pub bmcam/cmd {"id":26301,"c":"ping"} 1 1
2026-09-26T22:09:36Z bm pub bmcam/cmd {"id":26301,"c":"ping"} 1 1
2026-09-26T22:11:45Z SPOT-33507C > bm pub bmcam/cmd {"id":26302,"c":"ping"} 1 1
2026-09-26T22:11:47Z bm pub bmcam/cmd {"id":26302,"c":"ping"} 1 1
2026-09-26T22:11:48Z 2026-09-26T22:11:51.003Z [BRIDGE_CFG] [INFO] Bridge topology in topology sampler:
2026-09-26T22:11:48Z 2026-09-26T22:11:51.011Z [BRIDGE_CFG] [INFO] c3c564b91856226c
2026-09-26T22:11:48Z 2026-09-26T22:11:51.011Z [BRIDGE_CFG] [INFO] 53171fa3d81a8e6f
2026-09-26T22:11:48Z 2026-09-26T22:11:51.015Z [BRIDGE_SYS] [INFO] Checking CRC in report builder!
2026-09-26T22:11:48Z 2026-09-26T22:11:51.015Z [BRIDGE_SYS] [INFO] Got CRC ba829098 OLD CRC ba829098
2026-09-26T22:11:48Z 2026-09-26T22:11:51.019Z [BRIDGE_SYS] [INFO] CRCs match, not updating
2026-09-26T22:11:48Z 2026-09-26T22:11:51.183Z [MS] [INFO] Added message(id: 11726 len: 524) to queue MS_Q_CELLULAR_ONLY: (1)!
2026-09-26T22:11:48Z 2026-09-26T22:11:51.183Z [BM_TX] [INFO] Submitted spotter/transmit-data message to cell-only queue, Len: 398
2026-09-26T22:11:48Z 2026-09-26T22:11:51.183Z [BM_TX] [DEBUG] Message:
2026-09-26T22:11:48Z  3c 49 30 64 75 30 38 69
2026-09-26T22:11:48Z  2e 38 34 3e 4a 63 51 72
2026-09-26T22:11:48Z  75 79 62 5a 4f 68 4a 77
2026-09-26T22:11:48Z  70 77 2b 34 68 74 77 55
2026-09-26T22:11:48Z  35 44 46 42 74 52 44 4a
2026-09-26T22:11:48Z  77 6d 5a 38 74 6d 4d 76
2026-09-26T22:11:48Z  51 52 46 34 4d 78 4e 45
2026-09-26T22:11:48Z  76 42 75 77 58 78 74 47
2026-09-26T22:11:48Z  54 6b 6f 69 64 33 49 6c
2026-09-26T22:11:48Z  55 6e 52 55 59 48 75 30
2026-09-26T22:11:48Z  52 70 57 54 4b 77 39 47
2026-09-26T22:11:48Z  31 6a 61 37 52 4b 61 6f
2026-09-26T22:11:48Z  5a 4b 6a 4b 63 72 61 71
2026-09-26T22:11:48Z  76 35 46 76 48 4a 42 42
2026-09-26T22:11:48Z  42 42 68 36 43 51 76 59
2026-09-26T22:11:48Z  4a 63 4b 47 51 31 6f 6d
2026-09-26T22:11:48Z  69 47 53 32 36 4d 32 4f
2026-09-26T22:11:48Z  49 56 52 43 6c 53 54 63
2026-09-26T22:11:48Z  43 62 61 71 6f 2b 74 47
2026-09-26T22:11:48Z  6b 45 64 55 6f 61 36 57
2026-09-26T22:11:48Z  4a 45 39 54 46 62 4f 45
2026-09-26T22:11:48Z  44 61 69 6d 72 48 4a 53
2026-09-26T22:11:48Z  4a 58 50 32 49 39 38 78
2026-09-26T22:11:48Z  64 4d 45 64 44 47 39 4a
2026-09-26T22:11:48Z  75 6f 4d 65 30 70 62 41
2026-09-26T22:11:48Z  37 37 30 68 75 46 38 6b
2026-09-26T22:11:48Z  79 71 38 43 35 59 67 53
2026-09-26T22:11:48Z  45 4e 30 50 73 4e 46 49
2026-09-26T22:11:48Z  6b 5a 69 4f 6b 68 6a 31
2026-09-26T22:11:48Z  56 47 52 68 43 6d 53 31
2026-09-26T22:11:48Z  68 47 4d 73 58 51 77 66
2026-09-26T22:11:48Z  7a 49 57 6d 53 69 4b 64
2026-09-26T22:11:48Z  50 4b 56 4a 77 6b 54 42
2026-09-26T22:11:48Z  54 4d 46 64 36 39 58 76
2026-09-26T22:11:48Z  48 56 55 74 6b 51 30 68
2026-09-26T22:11:48Z  4c 33 75 49 55 6c 59 54
2026-09-26T22:11:48Z  59 4d 6b 6e 71 5a 42 37
2026-09-26T22:11:48Z  4a 46 73 78 38 73 49 4b
2026-09-26T22:11:48Z  69 47 38 59 6b 56 66 51
2026-09-26T22:11:48Z  48 64 65 51 57 79 63 4a
2026-09-26T22:11:48Z  75 35 50 2b 79 66 37 73
2026-09-26T22:11:48Z  4f 58 38 30 71 42 2f 33
2026-09-26T22:11:48Z  42 42 63 38 47 41 58 79
2026-09-26T22:11:48Z  48 38 72 44 6f 71 65 43
2026-09-26T22:11:48Z  4e 53 4d 64 78 33 36 6c
2026-09-26T22:11:48Z  4c 39 45 76 6a 43 77 73
2026-09-26T22:11:48Z  71 4c 63 59 4d 43 62 63
2026-09-26T22:11:48Z  32 50 41 51 48 71 4d 49
2026-09-26T22:11:48Z  6c 43 47 69 38 33 75 4c
2026-09-26T22:11:48Z  39 43 51 6b 0a
2026-09-26T22:11:48Z 2026-09-26T22:11:51.257Z [MS] [DEBUG] Notecard is 34.000000 pct full.
2026-09-26T22:11:48Z 2026-09-26T22:11:51.257Z [MS] [DEBUG] Has message 11726 expired? queuedTime: 95292265, now64: 95292340, remaining: 86399925
2026-09-26T22:11:48Z 2026-09-26T22:11:51.261Z [MS] [INFO] Sending Cellular message to Notecard.
2026-09-26T22:11:48Z 2026-09-26T22:11:51.261Z [MS] [INFO] Queuing message 11726 2000DF20
2026-09-26T22:11:49Z 2026-09-26T22:11:52.503Z [MS] [INFO] Added message(id: 11727 len: 524) to queue MS_Q_CELLULAR_ONLY: (1)!
2026-09-26T22:11:49Z 2026-09-26T22:11:52.503Z [BM_TX] [INFO] Submitted spotter/transmit-data message to cell-only queue, Len: 398
2026-09-26T22:11:49Z 2026-09-26T22:11:52.503Z [BM_TX] [DEBUG] Message:
2026-09-26T22:11:49Z  3c 49 30 64 75 30 38 69
2026-09-26T22:11:49Z  2e 38 35 3e 73 44 76 39
2026-09-26T22:11:49Z  2b 4c 52 6c 67 6d 75 30
2026-09-26T22:11:49Z  43 45 61 69 50 49 78 43
2026-09-26T22:11:49Z  47 38 31 46 63 5a 33 59
2026-09-26T22:11:49Z  68 66 51 59 32 74 74 6a
2026-09-26T22:11:49Z  48 71 56 43 62 32 42 42
2026-09-26T22:11:49Z  42 32 4a 46 51 55 4a 6d
2026-09-26T22:11:49Z  70 6b 33 5a 41 4c 65 44
2026-09-26T22:11:49Z  55 59 72 55 30 72 4f 43
2026-09-26T22:11:49Z  4e 53 59 6f 46 76 6f 5a
2026-09-26T22:11:49Z  4f 71 39 57 31 79 6d 6d
2026-09-26T22:11:49Z  70 56 69 57 53 4e 36 44
2026-09-26T22:11:49Z  43 79 39 4a 43 63 79 56
2026-09-26T22:11:49Z  77 61 4c 63 2b 78 58 35
2026-09-26T22:11:49Z  33 4c 6f 4a 69 49 57 6b
2026-09-26T22:11:49Z  6f 34 44 57 54 2b 6c 30
2026-09-26T22:11:49Z  49 4c 75 78 33 4d 64 68
2026-09-26T22:11:49Z  55 4d 4d 4a 46 6b 4e 7a
2026-09-26T22:11:49Z  6d 4f 5a 48 49 68 67 39
2026-09-26T22:11:49Z  38 35 53 62 4a 45 6e 51
2026-09-26T22:11:49Z  79 53 73 52 6f 79 4f 69
2026-09-26T22:11:49Z  31 36 57 4e 45 71 72 56
2026-09-26T22:11:49Z  2f 51 59 6d 4c 56 31 44
2026-09-26T22:11:49Z  7a 32 74 4b 75 34 58 53
2026-09-26T22:11:49Z  61 34 70 73 4f 71 6f 49
2026-09-26T22:11:49Z  43 55 57 30 59 37 39 63
2026-09-26T22:11:49Z  48 6f 2f 42 35 38 48 6e
2026-09-26T22:11:49Z  77 51 2f 79 45 30 53 75
2026-09-26T22:11:49Z  66 42 50 66 77 54 33 38
2026-09-26T22:11:49Z  45 4f 66 42 44 6e 77 52
2026-09-26T22:11:49Z  35 38 45 65 66 42 48 6e
2026-09-26T22:11:49Z  77 64 7a 78 6f 54 4c 6e
2026-09-26T22:11:49Z  4d 50 63 46 75 48 43 4f
2026-09-26T22:11:49Z  49 63 51 6c 73 30 4d 59
2026-09-26T22:11:49Z  44 32 42 4b 33 52 48 59
2026-09-26T22:11:49Z  4b 71 70 6f 53 4a 59 63
2026-09-26T22:11:49Z  46 6e 75 78 43 2b 67 2b
2026-09-26T22:11:49Z  6a 4d 66 51 4c 79 71 4b
2026-09-26T22:11:49Z  36 45 4d 44 51 4f 65 42
2026-09-26T22:11:49Z  79 37 69 75 32 34 5a 2f
2026-09-26T22:11:49Z  6b 44 61 34 74 4d 70 52
2026-09-26T22:11:49Z  49 6b 77 7a 75 4e 57 4a
2026-09-26T22:11:49Z  4a 75 68 73 79 56 72 76
2026-09-26T22:11:49Z  71 7a 37 43 6a 51 62 64
2026-09-26T22:11:49Z  44 45 7a 4c 52 52 67 49
2026-09-26T22:11:49Z  6b 4a 74 4c 4f 34 77 52
2026-09-26T22:11:49Z  4e 55 31 78 45 35 45 78
2026-09-26T22:11:49Z  4c 2b 58 68 42 63 47 56
2026-09-26T22:11:49Z  43 43 4d 73 0a
2026-09-26T22:11:49Z 2026-09-26T22:11:52.585Z [MS] [DEBUG] Notecard is 34.000000 pct full.
2026-09-26T22:11:49Z 2026-09-26T22:11:52.585Z [MS] [DEBUG] Has message 11727 expired? queuedTime: 95293585, now64: 95293668, remaining: 86399917
2026-09-26T22:11:49Z 2026-09-26T22:11:52.585Z [MS] [INFO] Sending Cellular message to Notecard.
2026-09-26T22:11:49Z 2026-09-26T22:11:52.585Z [MS] [INFO] Queuing message 11727 2000DF20
2026-09-26T22:18:43Z SPOT-33507C > bridge cfg set c3c564b91856226c s u bridgePowerControllerEnabled 1
2026-09-26T22:18:46Z bridge cfg set c3c564b91856226c s u bridgePowerControllerEnabled 1
2026-09-26T22:18:46Z Succesfully sent config set msg
2026-09-26T22:18:46Z 2026-09-26T22:18:48.945Z [BRIDGE_CFG] [INFO] Node ID: 0000000000000000 Partition: system Value: 1
2026-09-26T22:18:48Z 2026-09-26T22:18:50.980Z [BRIDGE_CFG] [INFO] Bridge topology in topology sampler:
2026-09-26T22:18:48Z 2026-09-26T22:18:50.992Z [BRIDGE_CFG] [INFO] c3c564b91856226c
2026-09-26T22:18:48Z 2026-09-26T22:18:50.992Z [BRIDGE_CFG] [INFO] 53171fa3d81a8e6f
2026-09-26T22:18:48Z 2026-09-26T22:18:50.996Z [BRIDGE_CFG] [INFO] Network configuration change detected! crc: 0xa73850dc at UTC:1790461130
2026-09-26T22:18:48Z 2026-09-26T22:18:50.996Z [BRIDGE_CFG] [INFO] Stored CRCs:
2026-09-26T22:18:48Z 0xddf6e9b9
2026-09-26T22:18:48Z 0xa73850dc
2026-09-26T22:18:48Z 0xba829098
2026-09-26T22:18:48Z 0x1539bc17
2026-09-26T22:18:48Z 0x82e414ca
2026-09-26T22:18:48Z 0xf9cb90d5
2026-09-26T22:18:48Z 0x6e163808
2026-09-26T22:18:48Z 0x1614bd85
2026-09-26T22:18:48Z 0x24b9d688
2026-09-26T22:18:48Z 2026-09-26T22:18:51.015Z [BRIDGE_CFG] [INFO] Bridge network config: [[14106792153947972204, "bridge", 362149892, 4146432334, {"sampleIntervalMs": 3600000, "sampleDurationMs": 600000, "subsampleInterv
2026-09-26T22:18:48Z 2026-09-26T22:18:51.031Z [BRIDGE_SYS] [INFO] Checking CRC in report builder!
2026-09-26T22:18:48Z 2026-09-26T22:18:51.035Z [BRIDGE_SYS] [INFO] Got CRC a73850dc OLD CRC ba829098
2026-09-26T22:18:48Z 2026-09-26T22:18:51.035Z [BRIDGE_SYS] [INFO] Getting topology in report builder!
2026-09-26T22:18:48Z 2026-09-26T22:18:51.039Z [BRIDGE_SYS] [INFO] Got topology in report builder!
2026-09-26T22:18:48Z 2026-09-26T22:18:51.039Z [BRIDGE_SYS] [INFO] Updating CRC and topology in report builder!
2026-09-26T22:18:48Z 2026-09-26T22:18:51.042Z [BRIDGE_SYS] [INFO] Updated reportBuilders max network configuration CBOR map
2026-09-26T22:18:48Z 2026-09-26T22:18:51.046Z [BRIDGE_SYS] [INFO] Updated reportBuilders max network sensor type list
2026-09-26T22:18:50Z SPOT-33507C > bridge cfg commit c3c564b91856226c s
2026-09-26T22:18:51Z bridge cfg commit c3c564b91856226c s
2026-09-26T22:18:51Z Succesfull config commit send
2026-09-26T22:18:52Z 2026-09-26T22:18:55.292Z [BRIDGE] [ERROR] Bridge RX Processing Packet Failure: -7
2026-09-26T22:18:52Z 2026-09-26T22:18:55.296Z [BRIDGE] [INFO] Setting negotiated baud rate to 1000000 from 1000000
2026-09-26T22:18:52Z 2026-09-26T22:18:55.300Z [BRIDGE_SYS] [INFO] Bridge State Init
2026-09-26T22:18:52Z 2026-09-26T22:18:55.300Z [BRIDGE] [INFO] Reboot info received from c3c564b91856226c - Reason: 5 gitSHA: 1595f804 Reboot cnt: 0 PC: 0x0 LR: 0x0
2026-09-26T22:18:52Z 2026-09-26T22:18:55.308Z [BRIDGE_SYS] [INFO] Bridge bus power: 1
2026-09-26T22:18:52Z 2026-09-26T22:18:55.359Z [BRIDGE_CFG] [INFO] Response msg -- Node Id: 0000000000000000, Partition: system, Commit Status: 0
2026-09-26T22:18:52Z 2026-09-26T22:18:55.359Z [BRIDGE_CFG] [INFO] Num Keys: 18
2026-09-26T22:18:52Z 2026-09-26T22:18:55.359Z [BRIDGE_CFG] [INFO] Key 0: sampleIntervalMs
2026-09-26T22:18:52Z 2026-09-26T22:18:55.359Z [BRIDGE_CFG] [INFO] Key 1: sampleDurationMs
2026-09-26T22:18:52Z 2026-09-26T22:18:55.359Z [BRIDGE_CFG] [INFO] Key 2: subsampleIntervalMs
2026-09-26T22:18:52Z 2026-09-26T22:18:55.359Z [BRIDGE_CFG] [INFO] Key 3: subsampleDurationMs
2026-09-26T22:18:52Z 2026-09-26T22:18:55.359Z [BRIDGE_CFG] [INFO] Key 4: subsampleEnabled
2026-09-26T22:18:52Z 2026-09-26T22:18:55.359Z [BRIDGE_CFG] [INFO] Key 5: bridgePowerControllerEnabled
2026-09-26T22:18:52Z 2026-09-26T22:18:55.359Z [BRIDGE_CFG] [INFO] Key 6: alignmentInterval5Min
2026-09-26T22:18:52Z 2026-09-26T22:18:55.359Z [BRIDGE_CFG] [INFO] Key 7: ticksSamplingEnabled
2026-09-26T22:18:52Z 2026-09-26T22:18:55.359Z [BRIDGE_CFG] [INFO] Key 8: samplesPerReport
2026-09-26T22:18:52Z 2026-09-26T22:18:55.359Z [BRIDGE_CFG] [INFO] Key 9: transmitAggregations
2026-09-26T22:18:52Z 2026-09-26T22:18:55.359Z [BRIDGE_CFG] [INFO] Key 10: currentReadingPeriodMs
2026-09-26T22:18:52Z 2026-09-26T22:18:55.363Z [BRIDGE_CFG] [INFO] Key 11: softReadingPeriodMs
2026-09-26T22:18:52Z 2026-09-26T22:18:55.363Z [BRIDGE_CFG] [INFO] Key 12: rbrCodaReadingPeriodMs
2026-09-26T22:18:52Z 2026-09-26T22:18:55.363Z [BRIDGE_CFG] [INFO] Key 13: turbidityReadingPeriodMs
2026-09-26T22:18:52Z 2026-09-26T22:18:55.363Z [BRIDGE_CFG] [INFO] Key 14: disableUnusedPortsTimeMs
2026-09-26T22:18:52Z 2026-09-26T22:18:55.363Z [BRIDGE_CFG] [INFO] Key 15: salinityReadingPeriodMs
2026-09-26T22:18:52Z 2026-09-26T22:18:55.363Z [BRIDGE_CFG] [INFO] Key 16: sensorsCheckIntervalS
2026-09-26T22:18:52Z 2026-09-26T22:18:55.363Z [BRIDGE_CFG] [INFO] Key 17: sensorsPollIntervalMs
2026-09-26T22:18:52Z 2026-09-26T22:18:55.363Z [BRIDGE_CFG] [INFO] Response msg -- Node Id: 0000000000000000, Partition: user, Commit Status: 0
2026-09-26T22:18:52Z 2026-09-26T22:18:55.363Z [BRIDGE_CFG] [INFO] Num Keys: 0
2026-09-26T22:18:52Z 2026-09-26T22:18:55.363Z [BRIDGE_CFG] [INFO] Response msg -- Node Id: 0000000000000000, Partition: hardware, Commit Status: 0
2026-09-26T22:18:52Z 2026-09-26T22:18:55.363Z [BRIDGE_CFG] [INFO] Num Keys: 1
2026-09-26T22:18:52Z 2026-09-26T22:18:55.363Z [BRIDGE_CFG] [INFO] Key 0: smConfigurationCrc
2026-09-26T22:18:52Z 2026-09-26T22:18:55.363Z [BRIDGE] [INFO] handle_power_states, power on for: 120000
2026-09-26T22:18:52Z 2026-09-26T22:18:55.371Z [BRIDGE_CFG] [INFO] Node ID: 0000000000000000 Partition: system Value: 3600000
2026-09-26T22:18:52Z 2026-09-26T22:18:55.375Z [BRIDGE_CFG] [INFO] Node ID: 0000000000000000 Partition: system Value: 600000
2026-09-26T22:18:52Z 2026-09-26T22:18:55.378Z [BRIDGE_CFG] [INFO] Node ID: 0000000000000000 Partition: system Value: 300000
2026-09-26T22:18:52Z 2026-09-26T22:18:55.382Z [BRIDGE_CFG] [INFO] Node ID: 0000000000000000 Partition: system Value: 30000
2026-09-26T22:18:52Z 2026-09-26T22:18:55.390Z [BRIDGE_CFG] [INFO] Node ID: 0000000000000000 Partition: system Value: 0
2026-09-26T22:18:52Z 2026-09-26T22:18:55.394Z [BRIDGE_CFG] [INFO] Node ID: 0000000000000000 Partition: system Value: 1
2026-09-26T22:18:52Z 2026-09-26T22:18:55.398Z [BRIDGE_CFG] [INFO] Node ID: 0000000000000000 Partition: system Value: 1
2026-09-26T22:18:52Z 2026-09-26T22:18:55.406Z [BRIDGE_CFG] [INFO] Node ID: 0000000000000000 Partition: system Value: 0
2026-09-26T22:18:52Z 2026-09-26T22:18:55.410Z [BRIDGE_CFG] [INFO] Node ID: 0000000000000000 Partition: system Value: 1
2026-09-26T22:18:52Z 2026-09-26T22:18:55.414Z [BRIDGE_CFG] [INFO] Node ID: 0000000000000000 Partition: system Value: 0
2026-09-26T22:18:52Z 2026-09-26T22:18:55.417Z [BRIDGE_CFG] [INFO] Node ID: 0000000000000000 Partition: system Value: 60000
2026-09-26T22:18:52Z 2026-09-26T22:18:55.425Z [BRIDGE_CFG] [INFO] Node ID: 0000000000000000 Partition: system Value: 500
2026-09-26T22:18:52Z 2026-09-26T22:18:55.429Z [BRIDGE_CFG] [INFO] Node ID: 0000000000000000 Partition: system Value: 500
2026-09-26T22:18:52Z 2026-09-26T22:18:55.433Z [BRIDGE_CFG] [INFO] Node ID: 0000000000000000 Partition: system Value: 1000
2026-09-26T22:18:52Z 2026-09-26T22:18:55.441Z [BRIDGE_CFG] [INFO] Node ID: 0000000000000000 Partition: system Value: 0
2026-09-26T22:18:52Z 2026-09-26T22:18:55.445Z [BRIDGE_CFG] [INFO] Node ID: 0000000000000000 Partition: system Value: 30000
2026-09-26T22:18:52Z 2026-09-26T22:18:55.449Z [BRIDGE_CFG] [INFO] Node ID: 0000000000000000 Partition: system Value: 60
2026-09-26T22:18:52Z 2026-09-26T22:18:55.453Z [BRIDGE_CFG] [INFO] Node ID: 0000000000000000 Partition: system Value: 10000
2026-09-26T22:18:52Z 2026-09-26T22:18:55.460Z [BRIDGE_CFG] [INFO] Node ID: 0000000000000000 Partition: hardware - Failed to decode value
2026-09-26T22:18:53Z 2026-09-26T22:18:56.320Z [BRIDGE_SYS] [INFO] Neighbor 53171fa3d81a8e6f added
2026-09-26T22:18:57Z 2026-09-26T22:19:00.304Z [BRIDGE_CFG] [INFO] Bridge topology in topology sampler:
2026-09-26T22:18:57Z 2026-09-26T22:19:00.312Z [BRIDGE_CFG] [INFO] c3c564b91856226c
2026-09-26T22:18:57Z 2026-09-26T22:19:00.316Z [BRIDGE_CFG] [INFO] 53171fa3d81a8e6f
2026-09-26T22:18:57Z 2026-09-26T22:19:00.320Z [BRIDGE_CFG] [INFO] Network configuration change detected! crc: 0xa73850dc at UTC:1790461140
2026-09-26T22:18:57Z 2026-09-26T22:19:00.320Z [BRIDGE_CFG] [INFO] Stored CRCs:
2026-09-26T22:18:57Z 0xddf6e9b9
2026-09-26T22:18:57Z 0xa73850dc
2026-09-26T22:18:57Z 0xba829098
2026-09-26T22:18:57Z 0x1539bc17
2026-09-26T22:18:57Z 0x82e414ca
2026-09-26T22:18:57Z 0xf9cb90d5
2026-09-26T22:18:57Z 0x6e163808
2026-09-26T22:18:57Z 0x1614bd85
2026-09-26T22:18:57Z 0x24b9d688
2026-09-26T22:18:57Z 2026-09-26T22:19:00.343Z [BRIDGE_CFG] [INFO] Bridge network config: [[14106792153947972204, "bridge", 362149892, 4146432334, {"sampleIntervalMs": 3600000, "sampleDurationMs": 600000, "subsampleInterv
2026-09-26T22:18:57Z 2026-09-26T22:19:00.359Z [BRIDGE_CFG] [INFO] Bridge network info CRC: a73850dc
2026-09-26T22:18:57Z SPOT-33507C > bridge cfg get c3c564b91856226c s bridgePowerControllerEnabled
2026-09-26T22:18:58Z 2026-09-26T22:19:01.074Z [MS] [DEBUG] Has message 51 expired? queuedTime: 95721527, now64: 95722234, remaining: 86399293
2026-09-26T22:18:58Z 2026-09-26T22:19:01.074Z [MS] [INFO] Queuing message 51 20027488
2026-09-26T22:18:58Z bridge cfg get c3c564b91856226c s bridgePowerControllerEnabled
2026-09-26T22:18:58Z Message: Succesfully sent config get msg
2026-09-26T22:18:58Z 2026-09-26T22:19:01.210Z [BRIDGE_CFG] [INFO] Node ID: 0000000000000000 Partition: system Value: 1
2026-09-26T22:18:58Z 2026-09-26T22:19:01.378Z [MS] [INFO] Setting GPS coordinates lat:37.759182, lon: -122.431725
2026-09-26T22:18:58Z 2026-09-26T22:19:01.410Z [MS] [DEBUG] Attempting to Sync.
2026-09-26T22:19:01Z 2026-09-26T22:19:04.277Z [MS] [DEBUG] Waiting for TX
2026-09-26T22:20:25Z SPOT-33507C > bm pub bmcam/cmd {"id":26304,"c":"ping"} 1 1
2026-09-26T22:20:26Z bm pub bmcam/cmd {"id":26304,"c":"ping"} 1 1
2026-09-26T22:21:43Z SPOT-33507C > bm pub bmcam/cmd {"id":26305,"c":"ping"} 1 1
2026-09-26T22:21:44Z bm pub bmcam/cmd {"id":26305,"c":"ping"} 1 1
2026-09-26T22:21:44Z 2026-09-26T22:21:47.316Z [BRIDGE] [INFO] Queuing serial command: bm pub bmcam/cmd {"id":26305,"c":"ping"} 1 1
