[SUP] ===== action 11 (trg) utc=2026-10-02T06:45:13Z =====
[VTX] cycle start: budget=480s pacing=1.3s/msg transmit=True
[CMD] one-shot trigger id=64027 trg=2 (capture + send): window gate BYPASSED for this boot only
[SUP] trg id=64027: one action with {'video.send.message_cap': 80} (not persisted)
[CMD] time-sync subscribe sent; waiting up to 60s (fresh read)
[CMD] spotter UTC decoded: 2026-10-02T06:45:17.550000+00:00
[BOOT] spotter_utc_read uptime_s=2169.37
[VTX] schedule gate: Within transmit window 00:00-00:00 America/Los_Angeles; local_time=2026-10-01T23:45:17.550000-07:00
[VID] boot sweep: no crash debris
[VID] clip start: 2026-10-02T06-45-17Z_video_1280x720_15fps (10s nominal, 1280x720@15fps 6.0Mbps, mode 2304x1296, 2304x1296 available px, scale 0.556x)
[VID] clip done: 2026-10-02T06-45-17Z_video_1280x720_15fps.mp4 (2329908 B, encode=10.9s boundary=2.9s)
[VTX] message budget: cap=80 affordable_now=323 (after reserving 32) -> 80 chunk msgs (23040 B)
[VTX] encode try 1: 22.1 kbps -> 19281 B = 84% of 80 msgs
[VTX] encode try 2: 25.5 kbps -> 22561 B = 98% of 80 msgs
[VTX] payload: 22561 B = 79 msgs (97.9% of budget) 2 pass-2 tries, prescale 3.5s encode 11.4s
[HEAL] wake plan: 0 pending heal(s), 0 chunk(s) this wake (cap 40)
[KEY] media key 0e3xfh from Spotter UTC 2026-10-02T06:45:17.550000+00:00 (spotter)
[KEY] sent record: /home/pi/BM_Devel_Pi/sent/2026-10-02T06-45-17Z_video_8s.sent.json (79 msgs, chunks <I0e3xfh.n/79>)
[DEBUG] Runtime BM transfer settings: network=0x02 cellular-only; image_buffer_size=384; image_transmit_delay_seconds=1.3
[BOOT] transmit_start uptime_s=2198.46
[VTX] transmit done: sent=79/79 complete=True keyframe_repeat=30/30 uart=145.1s file=2026-10-02T06-45-17Z_video_8s.h264
[CMD] applied id=64028 set: video.send.fps: 8 -> 10 (next action)
[CMD] console: 1 line(s) sent, 0 queued
[CMD] no listen tail: stay_on (the idle loop listens)
[SUP] action: media=video stage=done sent=79/79 elapsed=178.4s
[SUP] ===== action 11 done: stage=done skipped=False =====
