[0:42:54.545441133] [1648]  INFO Camera camera_manager.cpp:340 libcamera v0.7.1+rpt20260609
[0:42:54.590284691] [1651]  WARN CameraSensorProperties camera_sensor_properties.cpp:548 No static properties available for 'imx708_wide'
[0:42:54.590400627] [1651]  WARN CameraSensorProperties camera_sensor_properties.cpp:550 Please consider updating the camera sensor properties database
[0:42:54.672998395] [1651]  INFO RPI pipeline_base.cpp:1133 Using configuration file '/usr/share/libcamera/pipeline/rpi/vc4/rpi_apps.yaml'
[0:42:54.751690009] [1651]  INFO IPAProxy ipa_proxy.cpp:184 Using tuning file /usr/share/libcamera/ipa/rpi/vc4/imx708_wide.json
[0:42:54.770470839] [1651]  WARN CameraSensor camera_sensor_legacy.cpp:502 'imx708_wide': No sensor delays found in static properties. Assuming unverified defaults.
[0:42:54.771697180] [1651]  INFO Camera camera_manager.cpp:223 Adding camera '/base/soc/i2c0mux/i2c@1/imx708@1a' for pipeline handler rpi/vc4
[0:42:54.771759992] [1651]  INFO RPI vc4.cpp:445 Registered camera /base/soc/i2c0mux/i2c@1/imx708@1a to Unicam device /dev/media0 and ISP device /dev/media1
Mode selection for 2304:1296:12:P
    SRGGB10_CSI2P,1536x864/0 - Score: 3400
    SRGGB10_CSI2P,2304x1296/0 - Score: 1000
    SRGGB10_CSI2P,4608x2592/0 - Score: 1900
[0:42:54.777022432] [1648]  INFO Camera camera.cpp:1216 configuring streams: (0) 2304x1296-YUV420/sYCC (1) 2304x1296-SBGGR10_CSI2P/RAW
[0:42:54.777655498] [1651]  INFO RPI vc4.cpp:620 Sensor: /base/soc/i2c0mux/i2c@1/imx708@1a - Selected sensor format: 2304x1296-SBGGR10_1X10/RAW - Selected unicam format: 2304x1296-pBAA/RAW
Mode selection for 4608:2592:12:P
    SRGGB10_CSI2P,1536x864/0 - Score: 10600
    SRGGB10_CSI2P,2304x1296/0 - Score: 8200
    SRGGB10_CSI2P,4608x2592/0 - Score: 1000
[0:42:56.877694358] [1648]  INFO Camera camera.cpp:1216 configuring streams: (0) 4608x2592-YUV420/sYCC (1) 4608x2592-SBGGR10_CSI2P/RAW
[0:42:56.878995072] [1651]  INFO RPI vc4.cpp:620 Sensor: /base/soc/i2c0mux/i2c@1/imx708@1a - Selected sensor format: 4608x2592-SBGGR10_1X10/RAW - Selected unicam format: 4608x2592-pBAA/RAW
Still capture image received
Bayer format is BGGR-10
