[BOOT] main_entry uptime_s=908.29
[CMD] bm_commands enabled: topic=bmcam/cmd tail=150.0s defer_acks=False state=/home/pi/s1bench/state_branch_stills.json (loaded from file)
[NET] network island: default=nereus_hq ap_fallback_s=90 ap_timeout_min=60
[NET] boot default already applied this boot; leaving the network alone (runtime restart)
[RC] Sprint08 progressive-JPEG RC — resolved settings
[RC] config_path=/home/pi/s1bench/cfg_branch_stills.yaml
[RC] capture_mode=progressive_jpeg (RC path selected)
[RC] quality ladder (explicit): q_max=90 q_min=9 -> [90, 80, 70, 60, 50, 40, 30, 25, 20, 15, 13, 11, 9]
[RC] cycle budget: max_run_time_min=8 (480 s)
[RC] message cap: 195 msgs (field-tested hard cap)
[RC] pacing (bm_serial block, source=yaml): chunk_b64_chars=384 delay_s=1.3
[RC] derived (informational): transmit-only budget holds 369 paced msgs; M1 owns real accounting
[RC] power_halt: enabled=True dry_run=True mode=halt script=/home/pi/BM_Devel_Pi/tuned_halt.sh source=yaml
[RC] schedule: window=00:00-00:00 tz=America/Los_Angeles source=yaml
[RC] transmit_phase (C2): OFF (unscheduled transmit)
[RC] geometry (native coords, frozen): crop_xywh=(1504, 846, 1600, 900) output=1000x562 backend=rpicam
[CMD] shared UART open: /dev/ttyAMA0@115200 (single port owner)
[CMD] subscribed topic=bmcam/cmd frame_bytes=17
[CMD] reader thread started
[BOOT] cmd_subscribed uptime_s=908.85
[RC] cycle start: budget=480s pacing=1.3s/msg
[DEBUG] Sent compact telemetry message (114 bytes): <WS v=1 a=cap tz=America/Los_Angeles lt=na ws=0000 we=0000 rk=1000x562 q=90 ct=39.7 sha=6f21533fc399 hn=bmcam003>
[DEBUG] Applying requested focus camera controls: args=--autofocus-mode auto --lens-position 1.82; requested={'camera_control_source': 'image_pipeline.camera_controls', 'camera_controls_enabled': True, 'requested_focus_enabled': True, 'requested_focus_mode': 'auto', 'requested_lens_position': 1.82, 'requested_white_balance_enabled': False, 'requested_exposure_enabled': False, 'requested_image_processing_enabled': False}
[DEBUG] Running native capture command attempt 1/4: /usr/bin/rpicam-still -n --timeout 2000 --width 4608 --height 2592 --quality 95 --metadata /home/pi/BM_Devel_Pi/images/2026-09-25T19:59:17Z_image_native_full.metadata.json --autofocus-mode auto --lens-position 1.82 -o /home/pi/BM_Devel_Pi/images/2026-09-25T19:59:17Z_image_native_full.jpg
[DEBUG] Native capture completed: output=/home/pi/BM_Devel_Pi/images/2026-09-25T19:59:17Z_image_native_full.jpg, bytes=2976236, duration_sec=4.08, attempt=1/4
[RC] native ready: /home/pi/BM_Devel_Pi/images/2026-09-25T19:59:17Z_image_native_full.jpg (2976236 B, elapsed=4.1s)
[RC] source prepared: 1000x562 (elapsed=5.3s)
[RC] attempt q90: 163034 B, 567 msgs, over_cap=True, budget_fit=False
[RC] attempt q80: 116101 B, 404 msgs, over_cap=True, budget_fit=False
[RC] attempt q70: 94574 B, 329 msgs, over_cap=True, budget_fit=True
[RC] attempt q60: 80836 B, 281 msgs, over_cap=True, budget_fit=True
[RC] attempt q50: 71552 B, 249 msgs, over_cap=True, budget_fit=True
[RC] attempt q40: 62891 B, 219 msgs, over_cap=True, budget_fit=True
[RC] attempt q30: 53533 B, 186 msgs, over_cap=False, budget_fit=True
[RC] selection: quality=30 attempts=7 fits=True reason=fit
[RC] final JPEG: /home/pi/BM_Devel_Pi/images/2026-09-25T19:59:17Z_image_compressed.jpg (53533 B, 186 msgs, sha256=0f6d8270af1216e5...)
[HEAL] wake plan: 0 pending heal(s), 0 chunk(s) this wake (cap 40)
[CMD] time-sync subscribe sent; waiting up to 20.0s
[CMD] spotter UTC decoded: 2026-09-25T19:59:19.867000+00:00
[KEY] media key 0drziv from Spotter UTC 2026-09-25T19:59:19.867000+00:00 (spotter_explicit)
[KEY] sent record: /home/pi/BM_Devel_Pi/sent/2026-09-25T19:59:17Z_image_compressed.sent.json (186 msgs)
[DEBUG] Runtime BM transfer settings: network=0x02 cellular-only; image_buffer_size=384; image_transmit_delay_seconds=1.3
[BOOT] transmit_start uptime_s=915.08
[RC] transmit done: sent=186/186 complete=True incomplete_emitted=False uart=246.5s
[DEBUG] Raw image size: 2976236 bytes
[DEBUG] Image quality: 30
[DEBUG] Compressed image size: 53533 bytes
[DEBUG] Buffers: 186
[DEBUG] Execution Time: 4.21 min
[DEBUG] Within Window: True
[DEBUG] CPU Temp: 38.10°C
[DEBUG]  
[DEBUG]  
[DEBUG]  
[CMD] post-transmit listen window: 150s
[CMD] post-transmit listen window done: 0 command(s) processed, 0 ack(s) still queued
[CMD] stopped: applied=0 dup=0 rejected=0 unackable=0 acks=0 frames=0 sig_hits=0 crc_scan_fail=0 bad_start=0 read_err=0
[BOOT] halt uptime_s=1311.83
[RC][halt] DRY RUN — would execute: sudo -n /bin/bash /home/pi/BM_Devel_Pi/tuned_halt.sh
[RC][halt] DRY RUN — script present; real run would drop SSH within ~15 s (that is success)
[RC] cycle end: elapsed=403.0s of 480s; halt=dry_run
[BENCH] exit=0 wall_s=404.3 maxrss_self_kb=133660 maxrss_children_kb=133660 cpu_self_s=4.6 cpu_children_s=1.2
