[SUP] ===== action 37 (trg) utc=2026-10-02T07:33:11Z =====
[SUP] trg media override: one still action on a video unit
[CMD] duplicate id=64151: original answer (console)
[CMD] duplicate id=64151: original answer (console)
[SUP] boot drain: 2 command(s) applied this boot
[CMD] one-shot trigger id=64151 trg=2 (capture + send): window gate BYPASSED for this boot only
[SUP] trg id=64151: one action with {'mode.media': 'still', 'still.message_cap': 40} (not persisted)
[RC] cycle start: budget=480s pacing=1.3s/msg
[CMD] time-sync subscribe sent; waiting up to 60s (fresh read)
[CMD] spotter UTC decoded: 2026-10-02T07:33:17.179000+00:00
[BOOT] spotter_utc_read uptime_s=5048.80
[RC] schedule gate: Within transmit window 00:00-00:00 America/Los_Angeles; local_time=2026-10-02T00:33:17.179000-07:00 (window bypassed; time read only)
[DEBUG] Sent compact telemetry message (134 bytes): <WS v=1 a=cap cfg=582b7bc9 up=2525 tz=America/Los_Angeles lt=na ws=0000 we=0000 rk=800x450 q=20 ct=37.6 sha=91a08f624011 hn=bmcam004>
[DEBUG] Applying requested focus camera controls: args=--autofocus-mode manual --lens-position 0.5 --awb custom --awbgains 1.8,1.6 --shutter 1 --gain 64 --ev -8 --denoise cdn_hq --hdr auto; requested={'camera_control_source': 'image_pipeline.camera_controls', 'camera_controls_enabled': True, 'requested_focus_enabled': True, 'requested_focus_mode': 'manual', 'requested_lens_position': 0.5, 'requested_white_balance_enabled': True, 'requested_white_balance_mode': 'manual', 'requested_red_gain': 1.8, 'requested_blue_gain': 1.6, 'requested_colour_gains': [1.8, 1.6], 'requested_exposure_enabled': True, 'requested_shutter_us': 1, 'requested_analogue_gain': 64.0, 'requested_ev': -8.0, 'requested_image_processing_enabled': True, 'requested_denoise': 'cdn_hq', 'requested_hdr': True}
[DEBUG] Running native capture command attempt 1/4: /usr/bin/rpicam-still -n --timeout 2000 --width 4608 --height 2592 --quality 95 --metadata /home/pi/BM_Devel_Pi/images/2026-10-02T07:33:17Z_image_native_full.metadata.json --autofocus-mode manual --lens-position 0.5 --awb custom --awbgains 1.8,1.6 --shutter 1 --gain 64 --ev -8 --denoise cdn_hq --hdr auto -o /home/pi/BM_Devel_Pi/images/2026-10-02T07:33:17Z_image_native_full.jpg
[DEBUG] Native capture completed: output=/home/pi/BM_Devel_Pi/images/2026-10-02T07:33:17Z_image_native_full.jpg, bytes=6294518, duration_sec=4.43, attempt=1/4
[RC] native ready: /home/pi/BM_Devel_Pi/images/2026-10-02T07:33:17Z_image_native_full.jpg (6294518 B, elapsed=10.0s)
[RC] source prepared: 800x450 (elapsed=10.7s)
[RC] attempt q20: 29784 B, 104 msgs, over_cap=True, budget_fit=True
[RC] attempt q15: 24089 B, 84 msgs, over_cap=True, budget_fit=True
[RC] attempt q11: 18733 B, 66 msgs, over_cap=True, budget_fit=True
[RC] attempt q9: 15575 B, 55 msgs, over_cap=True, budget_fit=True
[RC] selection: quality=9 attempts=4 fits=False reason=no_fit_cap
[RC] final JPEG: /home/pi/BM_Devel_Pi/images/2026-10-02T07:33:17Z_image_compressed.jpg (15575 B, 55 msgs, sha256=826d64e3c81503be...)
[HEAL] wake plan: 0 pending heal(s), 0 chunk(s) this wake (cap 40)
[KEY] media key 0e3znh from Spotter UTC 2026-10-02T07:33:17.179000+00:00 (spotter)
[KEY] sent record: /home/pi/BM_Devel_Pi/sent/2026-10-02T07:33:17Z_image_compressed.sent.json (55 msgs, chunks <I0e3znh.n/55>)
[DEBUG] Runtime BM transfer settings: network=0x02 cellular-only; image_buffer_size=384; image_transmit_delay_seconds=1.3
[BOOT] transmit_start uptime_s=5054.40
[RC] transmit done: sent=55/55 complete=False incomplete_emitted=True uart=75.1s
[DEBUG] Raw image size: 6294518 bytes
[DEBUG] Image quality: 9
[DEBUG] Compressed image size: 15575 bytes
[DEBUG] Buffers: 55
[DEBUG] Execution Time: 1.44 min
[DEBUG] Within Window: True
[DEBUG] CPU Temp: 38.60°C
[DEBUG]  
[DEBUG]  
[DEBUG]  
[CMD] console: 2 line(s) sent, 0 queued
[CMD] no listen tail: stay_on (the idle loop listens)
[SUP] action: media=video stage=None sent=55/55 elapsed=86.3s
[SUP] ===== action 37 done: stage=None skipped=False =====
