22:09:47.461 [BOOT] main_entry uptime_s=1495.98
22:09:47.694 [CFG] config v2 /home/pi/s3abench/cfg_stills/camera_config.yaml media=still hash=2ec3adc0 hv=1 registry=v2 overlay=0 key(s)
22:09:47.777 [CFG] legacy runtime reads the v1 render /dev/shm/bmcam/camera_schedule.yaml (level=v2)
22:09:47.782 [RUNTIME] supervisor (source=cli)
22:09:47.901 [CMD] bm_commands enabled: topic=bmcam/cmd tail=150.0s defer_acks=False state=/home/pi/s3abench/cfg_stills/bm_command_state_v2.json (loaded from file)
22:09:47.959 [CMD] overlay active: settings={'roi': 0, 'foc': 0, 'awb': 0, 'exp': 0, 'win': 0, 'txd': 0, 'cap': 0, 'src': 0, 'hlt': 0, 'twn': 0, 'tmz': 0} touched=['twn']
22:09:47.965 [NET] network island: default=nereus_hq ap_fallback_s=90 ap_timeout_min=60
22:09:47.970 [NET] boot default already applied this boot; leaving the network alone (runtime restart)
22:09:47.975 [RC] Sprint08 progressive-JPEG RC — resolved settings
22:09:47.980 [RC] config_path=/dev/shm/bmcam/camera_schedule.yaml
22:09:47.985 [RC] capture_mode=progressive_jpeg (RC path selected)
22:09:47.990 [RC] quality ladder (explicit): q_max=90 q_min=9 -> [90, 80, 70, 60, 50, 40, 30, 25, 20, 15, 13, 11, 9]
22:09:47.995 [RC] cycle budget: max_run_time_min=8 (480 s)
22:09:48.000 [RC] message cap: 195 msgs (field-tested hard cap)
22:09:48.006 [RC] pacing (bm_serial block, source=yaml): chunk_b64_chars=384 delay_s=1.3
22:09:48.011 [RC] derived (informational): transmit-only budget holds 369 paced msgs; M1 owns real accounting
22:09:48.016 [RC] power_halt: enabled=True dry_run=True mode=halt script=/home/pi/BM_Devel_Pi/tuned_halt.sh source=yaml
22:09:48.021 [RC] schedule: window=00:00-00:00 tz=America/Los_Angeles source=yaml
22:09:48.027 [RC] transmit_phase (C2): OFF (unscheduled transmit)
22:09:48.032 [RC] geometry (native coords, frozen): crop_xywh=(1504, 846, 1600, 900) output=1000x562 backend=rpicam
22:09:48.037 [SUP] per_boot: media=still transmit=True
22:09:48.094 [CMD] shared UART open: /dev/ttyAMA0@115200 (single port owner)
22:09:48.099 [CMD] subscribed topic=bmcam/cmd frame_bytes=17
22:09:48.104 [CMD] reader thread started
22:09:48.109 [BOOT] cmd_subscribed uptime_s=1496.62
22:09:48.113 [RC] cycle start: budget=480s pacing=1.3s/msg
22:09:48.118 [CMD] time-sync subscribe sent; waiting up to 60s (fresh read)
22:09:51.009 [CMD] spotter UTC decoded: 2026-09-26T22:09:54.046000+00:00
22:09:54.005 Sat 26 Sep 22:09:54 UTC 2026
22:09:54.014 [BOOT] spotter_utc_read uptime_s=1499.65
22:09:54.020 [RC] schedule gate: Within transmit window 00:00-00:00 America/Los_Angeles; local_time=2026-09-26T15:09:54.046000-07:00 (window bypassed; time read only)
22:09:54.025 [DEBUG] Sent compact telemetry message (114 bytes): <WS v=1 a=cap tz=America/Los_Angeles lt=na ws=0000 we=0000 rk=1000x562 q=90 ct=32.7 sha=fcd7bfd6be6f hn=bmcam003>
22:09:54.030 [DEBUG] Applying requested focus camera controls: args=--autofocus-mode auto --lens-position 1.82; requested={'camera_control_source': 'image_pipeline.camera_controls', 'camera_controls_enabled': True, 'requested_focus_enabled': True, 'requested_focus_mode': 'auto', 'requested_lens_position': 1.82, 'requested_white_balance_enabled': False, 'requested_exposure_enabled': False, 'requested_image_processing_enabled': False}
22:09:51.185 [DEBUG] Running native capture command attempt 1/4: /usr/bin/rpicam-still -n --timeout 2000 --width 4608 --height 2592 --quality 95 --metadata /home/pi/BM_Devel_Pi/images/2026-09-26T22:09:54Z_image_native_full.metadata.json --autofocus-mode auto --lens-position 1.82 -o /home/pi/BM_Devel_Pi/images/2026-09-26T22:09:54Z_image_native_full.jpg
22:09:54.548 [DEBUG] Native capture completed: output=/home/pi/BM_Devel_Pi/images/2026-09-26T22:09:54Z_image_native_full.jpg, bytes=1735788, duration_sec=3.38, attempt=1/4
22:09:54.553 [RC] native ready: /home/pi/BM_Devel_Pi/images/2026-09-26T22:09:54Z_image_native_full.jpg (1735788 B, elapsed=6.6s)
22:09:55.617 [RC] source prepared: 1000x562 (elapsed=7.6s)
22:09:55.787 [RC] attempt q90: 75822 B, 264 msgs, over_cap=True, budget_fit=True
22:09:55.792 [RC] attempt q80: 51771 B, 180 msgs, over_cap=False, budget_fit=True
22:09:55.797 [RC] selection: quality=80 attempts=2 fits=True reason=fit
22:09:55.802 [RC] final JPEG: /home/pi/BM_Devel_Pi/images/2026-09-26T22:09:54Z_image_compressed.jpg (51771 B, 180 msgs, sha256=84e2c3262863f65c...)
22:09:55.851 [HEAL] wake plan: 0 pending heal(s), 0 chunk(s) this wake (cap 40)
22:09:55.874 [KEY] media key 0du08i from Spotter UTC 2026-09-26T22:09:54.046000+00:00 (spotter)
22:09:55.886 [KEY] sent record: /home/pi/BM_Devel_Pi/sent/2026-09-26T22:09:54Z_image_compressed.sent.json (180 msgs)
22:09:55.945 [DEBUG] Runtime BM transfer settings: network=0x02 cellular-only; image_buffer_size=384; image_transmit_delay_seconds=1.3
22:09:55.950 [BOOT] transmit_start uptime_s=1504.44
22:11:48.050 [CMD] applied id=26302 ping=0 st={'roi': 0, 'foc': 0, 'awb': 0, 'exp': 0, 'win': 0, 'txd': 0, 'cap': 0, 'src': 0, 'hlt': 0, 'twn': 0, 'tmz': 0}
22:11:48.057 [CMD] duplicate id=26302 acked, not re-applied
22:11:48.064 [CMD] duplicate id=26302 acked, not re-applied
22:11:48.070 [CMD] duplicate id=26302 acked, not re-applied
22:11:48.077 [CMD] duplicate id=26302 acked, not re-applied
22:13:54.648 [RC] transmit done: sent=180/180 complete=True incomplete_emitted=False uart=238.7s
22:13:54.666 [DEBUG] Raw image size: 1735788 bytes
22:13:54.673 [DEBUG] Image quality: 80
22:13:54.680 [DEBUG] Compressed image size: 51771 bytes
22:13:54.687 [DEBUG] Buffers: 180
22:13:54.694 [DEBUG] Execution Time: 4.11 min
22:13:54.701 [DEBUG] Within Window: True
22:13:54.708 [DEBUG] CPU Temp: 32.20°C
22:13:54.715 [DEBUG]  
22:13:54.722 [DEBUG]  
22:13:54.729 [DEBUG]  
22:13:54.736 [CMD] ack sent: {"id":26302,"ok":1,"st":{"roi":0,"foc":0,"awb":0,"exp":0,"win":0,"txd":0,"cap":0,"src":0,"hlt":0,"twn":0,"tmz":0}}
22:13:55.671 [CMD] ack sent: {"id":26302,"ok":1,"st":{"roi":0,"foc":0,"awb":0,"exp":0,"win":0,"txd":0,"cap":0,"src":0,"hlt":0,"twn":0,"tmz":0}}
22:13:56.674 [CMD] ack sent: {"id":26302,"ok":1,"st":{"roi":0,"foc":0,"awb":0,"exp":0,"win":0,"txd":0,"cap":0,"src":0,"hlt":0,"twn":0,"tmz":0}}
22:13:57.676 [CMD] ack sent: {"id":26302,"ok":1,"st":{"roi":0,"foc":0,"awb":0,"exp":0,"win":0,"txd":0,"cap":0,"src":0,"hlt":0,"twn":0,"tmz":0}}
22:13:58.679 [CMD] ack sent: {"id":26302,"ok":1,"st":{"roi":0,"foc":0,"awb":0,"exp":0,"win":0,"txd":0,"cap":0,"src":0,"hlt":0,"twn":0,"tmz":0}}
22:13:58.686 [CMD] post-transmit listen window: 150s
22:16:28.791 [CMD] post-transmit listen window done: 0 command(s) processed, 0 ack(s) still queued
22:16:28.798 [SUP] action: media=still stage=None sent=180/180 elapsed=400.8s
22:16:28.874 [CMD] stopped: applied=1 dup=4 rejected=0 unackable=0 acks=5 frames=5 sig_hits=5 crc_scan_fail=0 bad_start=0 read_err=0
22:16:28.882 [BOOT] halt uptime_s=1897.36
22:16:28.890 [RC][halt] DRY RUN — would execute: sudo -n /bin/bash /home/pi/BM_Devel_Pi/tuned_halt.sh
22:16:28.898 [RC][halt] DRY RUN — script present; real run would drop SSH within ~15 s (that is success)
22:16:28.906 [RC] cycle end: elapsed=400.9s of 480s; halt=dry_run
22:16:28.915 [BENCH] exit=0 wall_s=402.0 maxrss_self_kb=134384 maxrss_children_kb=134384 cpu_self_s=3.9 cpu_children_s=1.2
