22:02:56.136 [BOOT] main_entry uptime_s=1084.66
22:02:56.389 [CFG] config v2 /home/pi/s3abench/cfg_stills/camera_config.yaml media=still hash=2ec3adc0 hv=1 registry=v2 overlay=0 key(s)
22:02:56.479 [CFG] legacy runtime reads the v1 render /dev/shm/bmcam/camera_schedule.yaml (level=v2)
22:02:56.496 [CFG] last-known-good saved /home/pi/s3abench/cfg_stills/camera_config.lkg.json
22:02:56.501 [RUNTIME] legacy (source=cli)
22:02:56.619 [CMD] bm_commands enabled: topic=bmcam/cmd tail=150.0s defer_acks=False state=/home/pi/s3abench/cfg_stills/bm_command_state_v2.json (loaded from file)
22:02:56.678 [CMD] overlay active: settings={'roi': 0, 'foc': 0, 'awb': 0, 'exp': 0, 'win': 0, 'txd': 0, 'cap': 0, 'src': 0, 'hlt': 0, 'twn': 0, 'tmz': 0} touched=['twn']
22:02:56.683 [NET] network island: default=nereus_hq ap_fallback_s=90 ap_timeout_min=60
22:02:56.688 [NET] boot default already applied this boot; leaving the network alone (runtime restart)
22:02:56.693 [RC] Sprint08 progressive-JPEG RC — resolved settings
22:02:56.698 [RC] config_path=/dev/shm/bmcam/camera_schedule.yaml
22:02:56.703 [RC] capture_mode=progressive_jpeg (RC path selected)
22:02:56.709 [RC] quality ladder (explicit): q_max=90 q_min=9 -> [90, 80, 70, 60, 50, 40, 30, 25, 20, 15, 13, 11, 9]
22:02:56.714 [RC] cycle budget: max_run_time_min=8 (480 s)
22:02:56.719 [RC] message cap: 195 msgs (field-tested hard cap)
22:02:56.724 [RC] pacing (bm_serial block, source=yaml): chunk_b64_chars=384 delay_s=1.3
22:02:56.729 [RC] derived (informational): transmit-only budget holds 369 paced msgs; M1 owns real accounting
22:02:56.734 [RC] power_halt: enabled=True dry_run=True mode=halt script=/home/pi/BM_Devel_Pi/tuned_halt.sh source=yaml
22:02:56.739 [RC] schedule: window=00:00-00:00 tz=America/Los_Angeles source=yaml
22:02:56.745 [RC] transmit_phase (C2): OFF (unscheduled transmit)
22:02:56.750 [RC] geometry (native coords, frozen): crop_xywh=(1504, 846, 1600, 900) output=1000x562 backend=rpicam
22:02:56.808 [CMD] shared UART open: /dev/ttyAMA0@115200 (single port owner)
22:02:56.813 [CMD] subscribed topic=bmcam/cmd frame_bytes=17
22:02:56.818 [CMD] reader thread started
22:02:56.823 [BOOT] cmd_subscribed uptime_s=1085.33
22:02:56.828 [RC] cycle start: budget=480s pacing=1.3s/msg
22:02:56.833 [DEBUG] Sent compact telemetry message (114 bytes): <WS v=1 a=cap tz=America/Los_Angeles lt=na ws=0000 we=0000 rk=1000x562 q=90 ct=33.8 sha=fcd7bfd6be6f hn=bmcam003>
22:02:56.839 [DEBUG] Applying requested focus camera controls: args=--autofocus-mode auto --lens-position 1.82; requested={'camera_control_source': 'image_pipeline.camera_controls', 'camera_controls_enabled': True, 'requested_focus_enabled': True, 'requested_focus_mode': 'auto', 'requested_lens_position': 1.82, 'requested_white_balance_enabled': False, 'requested_exposure_enabled': False, 'requested_image_processing_enabled': False}
22:02:56.844 [DEBUG] Running native capture command attempt 1/4: /usr/bin/rpicam-still -n --timeout 2000 --width 4608 --height 2592 --quality 95 --metadata /home/pi/BM_Devel_Pi/images/2026-09-26T22:02:56Z_image_native_full.metadata.json --autofocus-mode auto --lens-position 1.82 -o /home/pi/BM_Devel_Pi/images/2026-09-26T22:02:56Z_image_native_full.jpg
22:03:00.916 [DEBUG] Native capture completed: output=/home/pi/BM_Devel_Pi/images/2026-09-26T22:02:56Z_image_native_full.jpg, bytes=1743652, duration_sec=4.08, attempt=1/4
22:03:00.921 [RC] native ready: /home/pi/BM_Devel_Pi/images/2026-09-26T22:02:56Z_image_native_full.jpg (1743652 B, elapsed=4.1s)
22:03:02.047 [RC] source prepared: 1000x562 (elapsed=5.2s)
22:03:02.215 [RC] attempt q90: 75350 B, 262 msgs, over_cap=True, budget_fit=True
22:03:02.220 [RC] attempt q80: 51237 B, 178 msgs, over_cap=False, budget_fit=True
22:03:02.226 [RC] selection: quality=80 attempts=2 fits=True reason=fit
22:03:02.231 [RC] final JPEG: /home/pi/BM_Devel_Pi/images/2026-09-26T22:02:56Z_image_compressed.jpg (51237 B, 178 msgs, sha256=2d9c9086245f438d...)
22:03:02.349 [HEAL] wake plan: 0 pending heal(s), 0 chunk(s) this wake (cap 40)
22:03:02.357 [CMD] time-sync subscribe sent; waiting up to 20.0s
22:03:02.369 [CMD] spotter UTC decoded: 2026-09-26T22:03:04.121000+00:00
22:03:02.375 [KEY] media key 0dtzx4 from Spotter UTC 2026-09-26T22:03:04.121000+00:00 (spotter_explicit)
22:03:02.383 [KEY] sent record: /home/pi/BM_Devel_Pi/sent/2026-09-26T22:02:56Z_image_compressed.sent.json (178 msgs)
22:03:02.446 [DEBUG] Runtime BM transfer settings: network=0x02 cellular-only; image_buffer_size=384; image_transmit_delay_seconds=1.3
22:03:02.452 [BOOT] transmit_start uptime_s=1090.97
22:04:57.196 [CMD] applied id=26303 ping=0 st={'roi': 0, 'foc': 0, 'awb': 0, 'exp': 0, 'win': 0, 'txd': 0, 'cap': 0, 'src': 0, 'hlt': 0, 'twn': 0, 'tmz': 0}
22:04:57.203 [CMD] duplicate id=26303 acked, not re-applied
22:04:57.210 [CMD] duplicate id=26303 acked, not re-applied
22:04:57.217 [CMD] duplicate id=26303 acked, not re-applied
22:04:57.224 [CMD] ack sent: {"id":26303,"ok":1,"st":{"roi":0,"foc":0,"awb":0,"exp":0,"win":0,"txd":0,"cap":0,"src":0,"hlt":0,"twn":0,"tmz":0}}
22:04:59.819 [CMD] ack sent: {"id":26303,"ok":1,"st":{"roi":0,"foc":0,"awb":0,"exp":0,"win":0,"txd":0,"cap":0,"src":0,"hlt":0,"twn":0,"tmz":0}}
22:05:02.440 [CMD] ack sent: {"id":26303,"ok":1,"st":{"roi":0,"foc":0,"awb":0,"exp":0,"win":0,"txd":0,"cap":0,"src":0,"hlt":0,"twn":0,"tmz":0}}
22:05:05.060 [CMD] ack sent: {"id":26303,"ok":1,"st":{"roi":0,"foc":0,"awb":0,"exp":0,"win":0,"txd":0,"cap":0,"src":0,"hlt":0,"twn":0,"tmz":0}}
22:07:03.737 [RC] transmit done: sent=178/178 complete=True incomplete_emitted=False uart=241.3s
22:07:03.755 [DEBUG] Raw image size: 1743652 bytes
22:07:03.762 [DEBUG] Image quality: 80
22:07:03.769 [DEBUG] Compressed image size: 51237 bytes
22:07:03.776 [DEBUG] Buffers: 178
22:07:03.783 [DEBUG] Execution Time: 4.12 min
22:07:03.790 [DEBUG] Within Window: True
22:07:03.797 [DEBUG] CPU Temp: 31.60°C
22:07:03.804 [DEBUG]  
22:07:03.811 [DEBUG]  
22:07:03.818 [DEBUG]  
22:07:03.825 [CMD] post-transmit listen window: 150s
22:09:33.866 [CMD] post-transmit listen window done: 0 command(s) processed, 0 ack(s) still queued
22:09:33.968 [CMD] stopped: applied=1 dup=3 rejected=0 unackable=0 acks=4 frames=4 sig_hits=4 crc_scan_fail=0 bad_start=0 read_err=0
22:09:33.976 [BOOT] halt uptime_s=1482.49
22:09:33.984 [RC][halt] DRY RUN — would execute: sudo -n /bin/bash /home/pi/BM_Devel_Pi/tuned_halt.sh
22:09:33.993 [RC][halt] DRY RUN — script present; real run would drop SSH within ~15 s (that is success)
22:09:34.002 [RC] cycle end: elapsed=397.2s of 480s; halt=dry_run
22:09:34.010 [BENCH] exit=0 wall_s=398.6 maxrss_self_kb=134092 maxrss_children_kb=134092 cpu_self_s=4.0 cpu_children_s=1.2
