[SUP] ===== action 1 (trg) utc=2026-10-02T06:50:25Z =====
[CMD] duplicate id=64036: original answer (console)
[SUP] boot drain: 1 command(s) applied this boot
[CMD] one-shot trigger id=64036 trg=2 (capture + send): window gate BYPASSED for this boot only
[SUP] trg id=64036: one action with {'still.message_cap': 40} (not persisted)
[RC] cycle start: budget=480s pacing=1.3s/msg
[CMD] time-sync subscribe sent; waiting up to 60s (fresh read)
[CMD] spotter UTC decoded: 2026-10-02T06:50:27.539000+00:00
[BOOT] spotter_utc_read uptime_s=2479.24
[RC] schedule gate: Within transmit window 00:00-00:00 America/Los_Angeles; local_time=2026-10-01T23:50:27.539000-07:00 (window bypassed; time read only)
[DEBUG] Sent compact telemetry message (132 bytes): <WS v=1 a=cap cfg=ebee5b36 up=22 tz=America/Los_Angeles lt=na ws=0000 we=0000 rk=800x450 q=20 ct=37.6 sha=91a08f624011 hn=bmcam004>
[DEBUG] Applying requested focus camera controls: args=--autofocus-mode manual --lens-position 0.5 --awb custom --awbgains 1.8,1.6 --shutter 10000 --gain 2 --ev -1; requested={'camera_control_source': 'image_pipeline.camera_controls', 'camera_controls_enabled': True, 'requested_focus_enabled': True, 'requested_focus_mode': 'manual', 'requested_lens_position': 0.5, 'requested_white_balance_enabled': True, 'requested_white_balance_mode': 'manual', 'requested_red_gain': 1.8, 'requested_blue_gain': 1.6, 'requested_colour_gains': [1.8, 1.6], 'requested_exposure_enabled': True, 'requested_shutter_us': 10000, 'requested_analogue_gain': 2.0, 'requested_ev': -1.0, 'requested_image_processing_enabled': False}
[DEBUG] Running native capture command attempt 1/4: /usr/bin/rpicam-still -n --timeout 2000 --width 4608 --height 2592 --quality 95 --metadata /home/pi/BM_Devel_Pi/images/2026-10-02T06:50:27Z_image_native_full.metadata.json --autofocus-mode manual --lens-position 0.5 --awb custom --awbgains 1.8,1.6 --shutter 10000 --gain 2 --ev -1 -o /home/pi/BM_Devel_Pi/images/2026-10-02T06:50:27Z_image_native_full.jpg
[DEBUG] Native capture completed: output=/home/pi/BM_Devel_Pi/images/2026-10-02T06:50:27Z_image_native_full.jpg, bytes=1615557, duration_sec=4.08, attempt=1/4
[RC] native ready: /home/pi/BM_Devel_Pi/images/2026-10-02T06:50:27Z_image_native_full.jpg (1615557 B, elapsed=6.2s)
[RC] source prepared: 800x450 (elapsed=7.2s)
[RC] attempt q20: 3847 B, 14 msgs, over_cap=False, budget_fit=True
[RC] selection: quality=20 attempts=1 fits=True reason=fit
[RC] final JPEG: /home/pi/BM_Devel_Pi/images/2026-10-02T06:50:27Z_image_compressed.jpg (3847 B, 14 msgs, sha256=5b76e72a5c71dcec...)
[HEAL] wake plan: 0 pending heal(s), 0 chunk(s) this wake (cap 40)
[KEY] media key 0e3xo3 from Spotter UTC 2026-10-02T06:50:27.539000+00:00 (spotter)
[KEY] sent record: /home/pi/BM_Devel_Pi/sent/2026-10-02T06:50:27Z_image_compressed.sent.json (14 msgs, chunks <I0e3xo3.n/14>)
[DEBUG] Runtime BM transfer settings: network=0x02 cellular-only; image_buffer_size=384; image_transmit_delay_seconds=1.3
[BOOT] transmit_start uptime_s=2484.70
[RC] transmit done: sent=14/14 complete=True incomplete_emitted=False uart=19.8s
[DEBUG] Raw image size: 1615557 bytes
[DEBUG] Image quality: 20
[DEBUG] Compressed image size: 3847 bytes
[DEBUG] Buffers: 14
[DEBUG] Execution Time: 0.45 min
[DEBUG] Within Window: True
[DEBUG] CPU Temp: 37.60°C
[DEBUG]  
[DEBUG]  
[DEBUG]  
[CMD] console: 1 line(s) sent, 0 queued
[CMD] no listen tail: stay_on (the idle loop listens)
[SUP] action: media=still stage=None sent=14/14 elapsed=27.3s
[SUP] ===== action 1 done: stage=None skipped=False =====
