[SUP] ===== action 6 (trg) utc=2026-10-02T20:32:25Z =====
[SUP] trg media override: one still action on a video unit
[CMD] one-shot trigger id=65019 trg=2 (capture + send): window gate BYPASSED for this boot only
[SUP] trg id=65019: one action with {'mode.media': 'still', 'still.message_cap': 40} (not persisted)
[RC] cycle start: budget=480s pacing=1.3s/msg
[CMD] time-sync subscribe sent; waiting up to 60s (fresh read)
[CMD] spotter UTC decoded: 2026-10-02T20:32:28.820000+00:00
Fri  2 Oct 20:32:28 UTC 2026
[BOOT] spotter_utc_read uptime_s=744.14
[RC] schedule gate: Within transmit window 00:00-00:00 America/Los_Angeles; local_time=2026-10-02T13:32:28.820000-07:00 (window bypassed; time read only)
[DEBUG] Sent compact telemetry message (134 bytes): <WS v=1 a=cap cfg=aa3d07d3 up=723 tz=America/Los_Angeles lt=na ws=0000 we=0000 rk=1000x562 q=20 ct=39.7 sha=34a6222ea94c hn=bmcam004>
[DEBUG] Applying requested focus camera controls: args=--autofocus-mode auto --lens-position 1.82 --sharpness 1 --contrast 2 --denoise cdn_fast; requested={'camera_control_source': 'image_pipeline.camera_controls', 'camera_controls_enabled': True, 'requested_focus_enabled': True, 'requested_focus_mode': 'auto', 'requested_lens_position': 1.82, 'requested_white_balance_enabled': False, 'requested_exposure_enabled': False, 'requested_image_processing_enabled': True, 'requested_sharpness': 1.0, 'requested_contrast': 2.0, 'requested_denoise': 'cdn_fast'}
[DEBUG] Running native capture command attempt 1/4: /usr/bin/rpicam-still -n --timeout 2000 --width 4608 --height 2592 --quality 95 --metadata /home/pi/BM_Devel_Pi/images/2026-10-02T20:32:28Z_image_native_full.metadata.json --autofocus-mode auto --lens-position 1.82 --sharpness 1 --contrast 2 --denoise cdn_fast -o /home/pi/BM_Devel_Pi/images/2026-10-02T20:32:28Z_image_native_full.jpg
[DEBUG] Native capture completed: output=/home/pi/BM_Devel_Pi/images/2026-10-02T20:32:28Z_image_native_full.jpg, bytes=1890213, duration_sec=3.43, attempt=1/4
[RC] native ready: /home/pi/BM_Devel_Pi/images/2026-10-02T20:32:28Z_image_native_full.jpg (1890213 B, elapsed=4.8s)
[RC] source prepared: 1000x562 (elapsed=5.6s)
[RC] attempt q20: 19033 B, 67 msgs, over_cap=True, budget_fit=True
[RC] attempt q15: 16154 B, 57 msgs, over_cap=True, budget_fit=True
[RC] attempt q11: 13620 B, 48 msgs, over_cap=True, budget_fit=True
[RC] attempt q9: 12201 B, 43 msgs, over_cap=True, budget_fit=True
[RC] selection: quality=9 attempts=4 fits=False reason=no_fit_cap
[RC] final JPEG: /home/pi/BM_Devel_Pi/images/2026-10-02T20:32:28Z_image_compressed.jpg (12201 B, 43 msgs, sha256=7d8b51a33446038b...)
[HEAL] wake plan: 0 pending heal(s), 0 chunk(s) this wake (cap 40)
[KEY] media key 0e4zq4 from Spotter UTC 2026-10-02T20:32:28.820000+00:00 (spotter)
[KEY] sent record: /home/pi/BM_Devel_Pi/sent/2026-10-02T20:32:28Z_image_compressed.sent.json (43 msgs, chunks <I0e4zq4.n/43>)
[DEBUG] Runtime BM transfer settings: network=0x02 cellular-only; image_buffer_size=384; image_transmit_delay_seconds=1.3
[BOOT] transmit_start uptime_s=748.80
[RC] transmit done: sent=43/43 complete=False incomplete_emitted=True uart=59.3s
[DEBUG] Raw image size: 1890213 bytes
[DEBUG] Image quality: 9
[DEBUG] Compressed image size: 12201 bytes
[DEBUG] Buffers: 43
[DEBUG] Execution Time: 1.09 min
[DEBUG] Within Window: True
[DEBUG] CPU Temp: 39.70°C
[DEBUG]  
[DEBUG]  
[DEBUG]  
[CMD] no listen tail: stay_on (the idle loop listens)
[SUP] action: media=video stage=None sent=43/43 elapsed=65.4s
[SUP] ===== action 6 done: stage=None skipped=False =====
