BACKUP /home/pi/hil_backup/rc2_004_20261009T210048Z
EDIT camera_schedule.yaml: '^(\\s*image_transmit_delay_seconds:\\s*)[0-9.]+' -> '\\g<1>1.0'
EDIT camera_schedule.yaml: '^capture_mode:\\s*"?[a-z_]+"?' -> 'capture_mode: "progressive_jpeg"'
EDIT camera_schedule.yaml: '^(video_tx:\\s*\\n\\s+enabled:\\s*)(true|false)' -> '\\g<1>false'
EDIT camera_config.yaml: '^(  media:\\s*)"video"' -> '\\g<1>"still"'
EDIT camera_config.yaml: '^(  msg_interval_s:\\s*)1\\.3\\b' -> '\\g<1>1.0'
EDIT camera_config.yaml: inserted still.format nrjxl
STRICT LOAD OK base_hash 8fded2ea
2026-10-09T21:00:48Z [TE2] bmcam004 RC2 setup rc=0: BACKUP /home/pi/hil_backup/rc2_004_20261009T210048Z EDIT camera_schedule.yaml: '^(\\s*image_transmit_delay_seconds:\\s*)[0-9.]+' -> '\\g<1>1.0' EDIT camera_schedule.yaml: '^capture_mode:\\s*"?[a-z_]+"?' -> 'capture_mode: "progressive_jpeg"' EDIT camera_schedule.yaml: '^(video_tx:\\s*\\n\\s+enabled:\\s*)(true|false)' -> '\\g<1>false' EDIT camera_config.yaml: '^(  media:\\s*)"video"' -> '\\g<1>"still"' EDIT camera_config.yaml: '^(  msg_interval_s:\\s*)1\\.3\\b' -> '\\g<1>1.0' EDIT camera_config.yaml: inserted still.format nrjxl STRICT LOAD OK base_hash 8fded2ea 
# DISARMED_FOR_rc2 @reboot /usr/bin/flock -n /tmp/bmcam_rc_capture.lock /home/pi/BM_Devel_Pi/rc_run_capture_cycle.sh
2026-10-09T21:00:52Z [deploy-rc2 bmcam004] backup+disarm+stop TS=20261009T210049Z; RESTORE crontab: ssh pi@bmcam004 'crontab ~/hil_backup/20261009T210049Z/crontab_ARMED.txt'; runtime rollback = /home/pi/backups tar printed by rc_field_update
2026-10-09T21:00:57Z [deploy-rc2 bmcam004] snapshot before_rc2
2026-10-09T21:02:11Z [deploy-rc2 bmcam004] rc_field_update rc=0 (log runs/rc2_bmcam004_20261009/pulled/bmcam004_field_update_rc2_20261009T210049Z.log)
1:[FIELD-UPDATE] === stage 0: preflight ===
4:[FIELD-UPDATE] === stage 1: disarm (crontab backup + disable @reboot RC line) ===
6:[FIELD-UPDATE] === stage 2: repo sync ===
1764:[FIELD-UPDATE] === stage 3: runtime deploy (deploy_rc_runtime.sh, YAML+cron untouched) ===
1776:[PARITY] print-config text OK (14 lines)
1777:[RC-DEPLOY] print-config parity OK (old vs staged runtime, same unit config)
1848:[RC-DEPLOY] config smoke test: rc_progressive_jpeg.py --print-config
1870:[RC-DEPLOY]   cd /home/pi/BM_Devel_Pi && python3 rc_progressive_jpeg.py --print-config
1874:[FIELD-UPDATE] === stage 4: bm_serial value patch (from device profile) ===
1877:[FIELD-UPDATE]   uplink.msg_interval_s: unit=1.0 profile=1.3   <-- DIFFERS
1881:[FIELD-UPDATE] === stage 5: UART hygiene gate ===
1883:[FIELD-UPDATE] === stage 6: validation ladder (no quota) ===
1903:[FIELD-UPDATE] === stage 7: re-arm ===
2026-10-09T21:02:12Z [deploy-rc2 bmcam004] runtime sha now: 9ec4cb7ae7c1
@reboot /usr/bin/flock -n /tmp/bmcam_rc_capture.lock /home/pi/BM_Devel_Pi/rc_run_capture_cycle.sh
2026-10-09T21:02:12Z [deploy-rc2 bmcam004] RE-ARMED from the ARMED backup
2026-10-09T21:02:17Z [deploy-rc2 bmcam004] snapshot after_rc2
2026-10-09T21:02:17Z [deploy-rc2 bmcam004] POST hook: bash runs/rc2_bmcam004_20261009/post_21z.sh
BACKUP /home/pi/hil_backup/bm_command_state_v2.json.rc2_004_20261009T210217Z
OVERLAY before: {'mode.media': 'still', 'video.send.message_cap': 126, 'still.format': 'nrjxl'} {'mode.media': 1000072, 'video.send.message_cap': 1000049, 'still.format': 1000061}
OVERLAY cleared
EFFECTIVE {'mode.media': 'still', 'mode.run': 'per_boot', 'still.format': 'nrjxl', 'still.raw.layout': 'rgb', 'camera.exposure.profile': 'auto', 'uplink.msg_interval_s': 1.0, 'uplink.chunk_chars': 384, 'uplink.network_type': 2, 'uplink.lane.enabled': False, 'still.message_cap': 195, 'still.crop': [1504, 846, 1600, 900], 'still.output_width': 1000, 'camera.image_processing.contrast': None, 'schedule.window.start': '00:00', 'schedule.window.end': '00:00', 'power.halt.enabled': True, 'power.halt.dry_run': False} overlay {} dropped [] base_hash 8fded2ea
POST done
halt-issued
2026-10-09T21:02:48Z [deploy-rc2 bmcam004] bmcam004 dark (DEPLOYED)
RESULT=DEPLOYED sha=9ec4cb7ae7c1
CHAIN DONE 2026-10-09T21:02:48Z
