[FIELD-UPDATE] === stage 0: preflight ===
[FIELD-UPDATE] repo=/home/pi/repos/bm_cam_legacy ref=hil/prune143-on-104ee3c profile=bmcam004/live_20260925 dry_run=false
[FIELD-UPDATE] preflight OK (24195MB free, no cycle running)
[FIELD-UPDATE] === stage 1: disarm (crontab backup + disable @reboot RC line) ===
[FIELD-UPDATE] crontab backed up -> /home/pi/crontab_before_field_update_20261008T010050Z.txt; RC @reboot line disabled
[FIELD-UPDATE] === stage 2: repo sync ===
From https://github.com/nickraymond/bm_cam_legacy
   104ee3cd..7c3af5bc  feature/sprint28-b3a   -> origin/feature/sprint28-b3a
   bbda9bfb..132db5f3  development            -> origin/development
 * [new branch]        docs/cmd-burst-isolation -> origin/docs/cmd-burst-isolation
   c51f1b5e..da7da08a  feature/r1-hil-test-engineer -> origin/feature/r1-hil-test-engineer
 * [new branch]        fix/sent-prune-spotter-time -> origin/fix/sent-prune-spotter-time
 * [new branch]        hil/r2-delay-prototype -> origin/hil/r2-delay-prototype
 * [new branch]        hil/r2-l1-forced-heals -> origin/hil/r2-l1-forced-heals
Switched to a new branch 'hil/prune143-on-104ee3c'
branch 'hil/prune143-on-104ee3c' set up to track 'origin/hil/prune143-on-104ee3c'.
From https://github.com/nickraymond/bm_cam_legacy
 * branch              hil/prune143-on-104ee3c -> FETCH_HEAD
Already up to date.
[FIELD-UPDATE] repo: 104ee3cdbab0 -> 0a6e411d1e64 (hil/prune143-on-104ee3c)
[FIELD-UPDATE] === stage 3: runtime deploy (deploy_rc_runtime.sh, YAML+cron untouched) ===
[RC-DEPLOY] repo=/home/pi/repos/bm_cam_legacy
[RC-DEPLOY] manifest=/home/pi/repos/bm_cam_legacy/tools/rc_runtime_manifest.txt
[RC-DEPLOY] destination=/home/pi/BM_Devel_Pi (staging in /home/pi/BM_Devel_Pi.next)
[RC-DEPLOY] mode=field-update profile=none cron=false
[RC-DEPLOY] timestamp=20261008T010239Z hostname=bmcam004 python=/usr/bin/python3
[RC-DEPLOY] preflight: PyYAML present
[RC-DEPLOY] preflight: numpy present (nrjxl ok)
[RC-DEPLOY] preflight: cjxl present (cjxl v0.11.2 [NEON_WITHOUT_AES])
[RC-DEPLOY] preflight: boot cycle not armed
[RC-DEPLOY] staged 60 files in /home/pi/BM_Devel_Pi.next
[RC-DEPLOY] syntax check (py_compile 55 files, staged)
[PARITY] print-config text OK (27 lines)
[RC-DEPLOY] print-config parity OK (old vs staged runtime, same unit config)
[RC-DEPLOY] camera_config.yaml strict load OK, base hash c6232d9d
[PARITY][DIFF] config json differs in: resolved, transmit_phase
  resolved:
    A: {"budget_messages_if_transmit_only": 369, "budget_seconds": 480, "capture_backend": "rpicam", "capture_mode": "video", "config_path": "{CFG}", "crop_native_xywh": [1504, 846, 1600, 900], "enforce_time_window": true, "ladder_source": "explicit", "max_run_time_min": 8, "media_key_cfg": {"enabled": true, "retain_days": 14.0, "sent_dir": "/home/pi/BM_Devel_Pi.next/sent", "state_path": "/home/pi/BM_Devel_Pi.next/bm_media_key_last.txt"}, "message_cap": 195, "output_size": [1000, 562], "output_width": 1000, "pacing_chunk_b64_chars": 384, "pacing_delay_seconds": 1.3, "pacing_source": "yaml", "power_ha
    B: {"budget_messages_if_transmit_only": 369, "budget_seconds": 480, "capture_backend": "rpicam", "capture_mode": "video", "config_path": "{CFG}", "crop_native_xywh": [1504, 846, 1600, 900], "enforce_time_window": true, "ladder_source": "explicit", "max_run_time_min": 8, "media_key_cfg": {"enabled": true, "retain_days": 14.0, "sent_dir": "/home/pi/BM_Devel_Pi.next/sent", "state_path": "/home/pi/BM_Devel_Pi.next/bm_media_key_last.txt"}, "message_cap": 195, "output_size": [1000, 562], "output_width": 1000, "pacing_chunk_b64_chars": 384, "pacing_delay_seconds": 1.3, "pacing_source": "yaml", "power_ha
  transmit_phase:
    A: {"enabled": false, "grid_seconds": 300.0, "max_wait_s": 300.0, "post_boundary_guard_s": 30.0, "pre_boundary_guard_s": 20.0}
    B: {"enabled": true, "grid_seconds": 3600.0, "max_wait_s": 180.0, "post_boundary_guard_s": 375.0, "pre_boundary_guard_s": 20.0}
[RC-DEPLOY][ERROR] camera_config.yaml does not resolve like camera_schedule.yaml (above); nothing installed
[FIELD-UPDATE][FAIL] deploy_rc_runtime.sh failed — runtime backup + restore command are in its output above
[FIELD-UPDATE] unit left DISARMED — fix and re-run
