[SUP] ===== action 3 (trg) utc=2026-10-02T20:27:24Z =====
[SUP] trg media override: one still action on a video unit
[CMD] one-shot trigger id=65012 trg=2 (capture + send): window gate BYPASSED for this boot only
[SUP] trg id=65012: one action with {'mode.media': 'still', 'still.message_cap': 40} (not persisted)
[RC] cycle start: budget=480s pacing=1.3s/msg
[CMD] time-sync subscribe sent; waiting up to 60s (fresh read)
[CMD] spotter UTC decoded: 2026-10-02T20:27:28.875000+00:00
Fri  2 Oct 20:27:28 UTC 2026
[BOOT] spotter_utc_read uptime_s=444.14
[RC] schedule gate: Within transmit window 00:00-00:00 America/Los_Angeles; local_time=2026-10-02T13:27:28.875000-07:00 (window bypassed; time read only)
[DEBUG] Sent compact telemetry message (134 bytes): <WS v=1 a=cap cfg=ac04c5e0 up=423 tz=America/Los_Angeles lt=na ws=0000 we=0000 rk=1000x562 q=20 ct=38.6 sha=34a6222ea94c hn=bmcam004>
[DEBUG] Applying requested focus camera controls: args=--autofocus-mode auto --lens-position 1.82 --sharpness 0 --denoise cdn_fast; requested={'camera_control_source': 'image_pipeline.camera_controls', 'camera_controls_enabled': True, 'requested_focus_enabled': True, 'requested_focus_mode': 'auto', 'requested_lens_position': 1.82, 'requested_white_balance_enabled': False, 'requested_exposure_enabled': False, 'requested_image_processing_enabled': True, 'requested_sharpness': 0.0, 'requested_denoise': 'cdn_fast'}
[DEBUG] Running native capture command attempt 1/4: /usr/bin/rpicam-still -n --timeout 2000 --width 4608 --height 2592 --quality 95 --metadata /home/pi/BM_Devel_Pi/images/2026-10-02T20:27:28Z_image_native_full.metadata.json --autofocus-mode auto --lens-position 1.82 --sharpness 0 --denoise cdn_fast -o /home/pi/BM_Devel_Pi/images/2026-10-02T20:27:28Z_image_native_full.jpg
[DEBUG] Native capture completed: output=/home/pi/BM_Devel_Pi/images/2026-10-02T20:27:28Z_image_native_full.jpg, bytes=2052046, duration_sec=3.78, attempt=1/4
[RC] native ready: /home/pi/BM_Devel_Pi/images/2026-10-02T20:27:28Z_image_native_full.jpg (2052046 B, elapsed=6.0s)
[RC] source prepared: 1000x562 (elapsed=8.3s)
[RC] attempt q20: 16560 B, 58 msgs, over_cap=True, budget_fit=True
[RC] attempt q15: 13807 B, 48 msgs, over_cap=True, budget_fit=True
[RC] attempt q11: 11482 B, 40 msgs, over_cap=False, budget_fit=True
[RC] selection: quality=11 attempts=3 fits=True reason=fit
[RC] final JPEG: /home/pi/BM_Devel_Pi/images/2026-10-02T20:27:28Z_image_compressed.jpg (11482 B, 40 msgs, sha256=74b6901bbe4d0c42...)
[HEAL] wake plan: 0 pending heal(s), 0 chunk(s) this wake (cap 40)
[KEY] media key 0e4zhs from Spotter UTC 2026-10-02T20:27:28.875000+00:00 (spotter)
[KEY] sent record: /home/pi/BM_Devel_Pi/sent/2026-10-02T20:27:28Z_image_compressed.sent.json (40 msgs, chunks <I0e4zhs.n/40>)
[DEBUG] Runtime BM transfer settings: network=0x02 cellular-only; image_buffer_size=384; image_transmit_delay_seconds=1.3
[BOOT] transmit_start uptime_s=450.79
[RC] transmit done: sent=40/40 complete=True incomplete_emitted=False uart=54.1s
[DEBUG] Raw image size: 2052046 bytes
[DEBUG] Image quality: 11
[DEBUG] Compressed image size: 11482 bytes
[DEBUG] Buffers: 40
[DEBUG] Execution Time: 1.05 min
[DEBUG] Within Window: True
[DEBUG] CPU Temp: 38.60°C
[DEBUG]  
[DEBUG]  
[DEBUG]  
[CMD] no listen tail: stay_on (the idle loop listens)
[SUP] action: media=video stage=None sent=40/40 elapsed=63.0s
[SUP] ===== action 3 done: stage=None skipped=False =====
