[SUP] ===== action 22 (trg) utc=2026-10-02T20:58:37Z =====
[VTX] cycle start: budget=480s pacing=1.3s/msg transmit=True
[CMD] one-shot trigger id=65070 trg=2 (capture + send): window gate BYPASSED for this boot only
[SUP] trg id=65070: one action with {'video.send.message_cap': 80} (not persisted)
[CMD] time-sync subscribe sent; waiting up to 60s (fresh read)
[CMD] spotter UTC decoded: 2026-10-02T20:58:48.585000+00:00
Fri  2 Oct 20:58:48 UTC 2026
[BOOT] spotter_utc_read uptime_s=2323.69
[VTX] schedule gate: Within transmit window 00:00-00:00 America/Los_Angeles; local_time=2026-10-02T13:58:48.585000-07:00
[VID] boot sweep: no crash debris
[RING] over limit: used=75.0% (cap 75%) free=24.0GiB (floor 10GiB) — pruning oldest clips
[RING] deleted 2026-08-23T18-07-25Z_video_1920x1080_15fps (122390344 B, 3 files)
[VID] clip start: 2026-10-02T20-58-46Z_video_1920x1080_14fps (17s nominal, 1920x1080@14fps 6.0Mbps, mode 2304x1296, 2304x1296 available px, scale 0.833x)
[VID] clip done: 2026-10-02T20-58-46Z_video_1920x1080_14fps.mp4 (12266528 B, encode=17.8s boundary=8.5s)
[VTX] message budget: cap=80 affordable_now=309 (after reserving 32) -> 80 chunk msgs (23040 B)
[VTX] encode try 1: 11.8 kbps -> 18346 B = 80% of 80 msgs
[VTX] encode try 2: 14.3 kbps -> 24414 B = 106% of 80 msgs
[VTX] encode try 3: 13.4 kbps -> 22213 B = 96% of 80 msgs
[VTX] payload: 22213 B = 78 msgs (96.4% of budget) 3 pass-2 tries, prescale 12.1s encode 9.4s
[HEAL] wake plan: 0 pending heal(s), 0 chunk(s) this wake (cap 40)
[KEY] media key 0e50y0 from Spotter UTC 2026-10-02T20:58:48.585000+00:00 (spotter)
[KEY] sent record: /home/pi/BM_Devel_Pi/sent/2026-10-02T20-58-46Z_video_15s.sent.json (78 msgs, chunks <I0e50y0.n/78>)
[DEBUG] Runtime BM transfer settings: network=0x02 cellular-only; image_buffer_size=384; image_transmit_delay_seconds=1.3
[BOOT] transmit_start uptime_s=2372.32
[VTX] transmit done: sent=78/78 complete=True keyframe_repeat=28/28 uart=141.0s file=2026-10-02T20-58-46Z_video_15s.h264
[CMD] no listen tail: stay_on (the idle loop listens)
[SUP] action: media=video stage=done sent=78/78 elapsed=198.7s
[SUP] ===== action 22 done: stage=done skipped=False =====
