[SUP] ===== action 19 (trg) utc=2026-10-02T07:08:24Z =====
[SUP] trg media override: one still action on a video unit
[CMD] one-shot trigger id=64083 trg=2 (capture + send): window gate BYPASSED for this boot only
[SUP] trg id=64083: one action with {'mode.media': 'still', 'still.message_cap': 40} (not persisted)
[RC] cycle start: budget=480s pacing=1.3s/msg
[CMD] time-sync subscribe sent; waiting up to 60s (fresh read)
[CMD] spotter UTC decoded: 2026-10-02T07:08:27.410000+00:00
[BOOT] spotter_utc_read uptime_s=3559.15
[RC] schedule gate: Within transmit window 00:00-00:00 America/Los_Angeles; local_time=2026-10-02T00:08:27.410000-07:00 (window bypassed; time read only)
[DEBUG] Sent compact telemetry message (134 bytes): <WS v=1 a=cap cfg=6af1cee2 up=1035 tz=America/Los_Angeles lt=na ws=0000 we=0000 rk=800x450 q=20 ct=38.6 sha=91a08f624011 hn=bmcam004>
[DEBUG] Applying requested focus camera controls: args=--autofocus-mode manual --lens-position 0.5 --awb custom --awbgains 1.8,1.6 --shutter 10000 --gain 2 --ev -1 --contrast 32 --saturation 32 --brightness 1 --denoise cdn_off; requested={'camera_control_source': 'image_pipeline.camera_controls', 'camera_controls_enabled': True, 'requested_focus_enabled': True, 'requested_focus_mode': 'manual', 'requested_lens_position': 0.5, 'requested_white_balance_enabled': True, 'requested_white_balance_mode': 'manual', 'requested_red_gain': 1.8, 'requested_blue_gain': 1.6, 'requested_colour_gains': [1.8, 1.6], 'requested_exposure_enabled': True, 'requested_shutter_us': 10000, 'requested_analogue_gain': 2.0, 'requested_ev': -1.0, 'requested_image_processing_enabled': True, 'requested_contrast': 32.0, 'requested_saturation': 32.0, 'requested_brightness': 1.0, 'requested_denoise': 'cdn_off'}
[DEBUG] Running native capture command attempt 1/4: /usr/bin/rpicam-still -n --timeout 2000 --width 4608 --height 2592 --quality 95 --metadata /home/pi/BM_Devel_Pi/images/2026-10-02T07:08:27Z_image_native_full.metadata.json --autofocus-mode manual --lens-position 0.5 --awb custom --awbgains 1.8,1.6 --shutter 10000 --gain 2 --ev -1 --contrast 32 --saturation 32 --brightness 1 --denoise cdn_off -o /home/pi/BM_Devel_Pi/images/2026-10-02T07:08:27Z_image_native_full.jpg
[DEBUG] Native capture completed: output=/home/pi/BM_Devel_Pi/images/2026-10-02T07:08:27Z_image_native_full.jpg, bytes=189389, duration_sec=3.03, attempt=1/4
[RC] native ready: /home/pi/BM_Devel_Pi/images/2026-10-02T07:08:27Z_image_native_full.jpg (189389 B, elapsed=6.1s)
[RC] source prepared: 800x450 (elapsed=6.5s)
[RC] attempt q20: 2701 B, 10 msgs, over_cap=False, budget_fit=True
[RC] selection: quality=20 attempts=1 fits=True reason=fit
[RC] final JPEG: /home/pi/BM_Devel_Pi/images/2026-10-02T07:08:27Z_image_compressed.jpg (2701 B, 10 msgs, sha256=d5499676e67fda15...)
[HEAL] wake plan: 0 pending heal(s), 0 chunk(s) this wake (cap 40)
[KEY] media key 0e3yi3 from Spotter UTC 2026-10-02T07:08:27.410000+00:00 (spotter)
[KEY] sent record: /home/pi/BM_Devel_Pi/sent/2026-10-02T07:08:27Z_image_compressed.sent.json (10 msgs, chunks <I0e3yi3.n/10>)
[DEBUG] Runtime BM transfer settings: network=0x02 cellular-only; image_buffer_size=384; image_transmit_delay_seconds=1.3
[BOOT] transmit_start uptime_s=3562.87
[RC] transmit done: sent=10/10 complete=True incomplete_emitted=False uart=14.5s
[DEBUG] Raw image size: 189389 bytes
[DEBUG] Image quality: 20
[DEBUG] Compressed image size: 2701 bytes
[DEBUG] Buffers: 10
[DEBUG] Execution Time: 0.35 min
[DEBUG] Within Window: True
[DEBUG] CPU Temp: 39.20°C
[DEBUG]  
[DEBUG]  
[DEBUG]  
[CMD] no listen tail: stay_on (the idle loop listens)
[SUP] action: media=video stage=None sent=10/10 elapsed=21.3s
[SUP] ===== action 19 done: stage=None skipped=False =====
