[SUP] ===== action 5 (trg) utc=2026-10-02T06:32:02Z =====
[SUP] trg media override: one still action on a video unit
[CMD] duplicate id=64015: original answer (console)
[CMD] duplicate id=64015: original answer (console)
[SUP] boot drain: 2 command(s) applied this boot
[CMD] one-shot trigger id=64015 trg=2 (capture + send): window gate BYPASSED for this boot only
[SUP] trg id=64015: one action with {'mode.media': 'still', 'still.message_cap': 40} (not persisted)
[RC] cycle start: budget=480s pacing=1.3s/msg
[CMD] time-sync subscribe sent; waiting up to 60s (fresh read)
[CMD] spotter UTC decoded: 2026-10-02T06:32:07.625000+00:00
[BOOT] spotter_utc_read uptime_s=1379.46
[RC] schedule gate: Within transmit window 00:00-00:00 America/Los_Angeles; local_time=2026-10-01T23:32:07.625000-07:00 (window bypassed; time read only)
[STORE] over limit: used=75.0% (cap 75%) free=23.98GiB (floor 10GiB) — pruning old stills
[STORE] pruned {'natives': 1}, freed 1.7 MB; used 75.0% -> 75.0%
[STORE][FULL] limits still unmet after pruning every eligible still (heal payloads and the video ring are not the stills guard's to delete)
[STORE][WARN] SD still over its limit; a transmitting unit captures anyway (PLAN_S3c §5 C4)
[DEBUG] Sent compact telemetry message (135 bytes): <WS v=1 a=cap cfg=c8db3742 up=1359 tz=America/Los_Angeles lt=na ws=0000 we=0000 rk=1000x562 q=90 ct=37.6 sha=91a08f624011 hn=bmcam004>
[DEBUG] Applying requested focus camera controls: args=--autofocus-mode auto --lens-position 1.82 --awb custom --awbgains 1.8,1.6 --shutter 10000 --gain 2 --ev -1; requested={'camera_control_source': 'image_pipeline.camera_controls', 'camera_controls_enabled': True, 'requested_focus_enabled': True, 'requested_focus_mode': 'auto', 'requested_lens_position': 1.82, 'requested_white_balance_enabled': True, 'requested_white_balance_mode': 'manual', 'requested_red_gain': 1.8, 'requested_blue_gain': 1.6, 'requested_colour_gains': [1.8, 1.6], 'requested_exposure_enabled': True, 'requested_shutter_us': 10000, 'requested_analogue_gain': 2.0, 'requested_ev': -1.0, 'requested_image_processing_enabled': False}
[DEBUG] Running native capture command attempt 1/4: /usr/bin/rpicam-still -n --timeout 2000 --width 4608 --height 2592 --quality 95 --metadata /home/pi/BM_Devel_Pi/images/2026-10-02T06:32:08Z_image_native_full.metadata.json --autofocus-mode auto --lens-position 1.82 --awb custom --awbgains 1.8,1.6 --shutter 10000 --gain 2 --ev -1 -o /home/pi/BM_Devel_Pi/images/2026-10-02T06:32:08Z_image_native_full.jpg
[DEBUG] Native capture completed: output=/home/pi/BM_Devel_Pi/images/2026-10-02T06:32:08Z_image_native_full.jpg, bytes=1607308, duration_sec=3.28, attempt=1/4
[RC] native ready: /home/pi/BM_Devel_Pi/images/2026-10-02T06:32:08Z_image_native_full.jpg (1607308 B, elapsed=8.4s)
[RC] source prepared: 1000x562 (elapsed=9.1s)
[RC] attempt q90: 48855 B, 170 msgs, over_cap=True, budget_fit=True
[RC] attempt q80: 26565 B, 93 msgs, over_cap=True, budget_fit=True
[RC] attempt q70: 18736 B, 66 msgs, over_cap=True, budget_fit=True
[RC] attempt q60: 14620 B, 51 msgs, over_cap=True, budget_fit=True
[RC] attempt q50: 12429 B, 44 msgs, over_cap=True, budget_fit=True
[RC] attempt q40: 10677 B, 38 msgs, over_cap=False, budget_fit=True
[RC] selection: quality=40 attempts=6 fits=True reason=fit
[RC] final JPEG: /home/pi/BM_Devel_Pi/images/2026-10-02T06:32:08Z_image_compressed.jpg (10677 B, 38 msgs, sha256=20e5c8a22a5a4348...)
[HEAL] wake plan: 0 pending heal(s), 0 chunk(s) this wake (cap 40)
[KEY] media key 0e3wtj from Spotter UTC 2026-10-02T06:32:07.625000+00:00 (spotter)
[KEY] sent record: /home/pi/BM_Devel_Pi/sent/2026-10-02T06:32:08Z_image_compressed.sent.json (38 msgs, chunks <I0e3wtj.n/38>)
[DEBUG] Runtime BM transfer settings: network=0x02 cellular-only; image_buffer_size=384; image_transmit_delay_seconds=1.3
[BOOT] transmit_start uptime_s=1384.24
[RC] transmit done: sent=38/38 complete=True incomplete_emitted=False uart=51.4s
[DEBUG] Raw image size: 1607308 bytes
[DEBUG] Image quality: 40
[DEBUG] Compressed image size: 10677 bytes
[DEBUG] Buffers: 38
[DEBUG] Execution Time: 1.02 min
[DEBUG] Within Window: True
[DEBUG] CPU Temp: 37.00°C
[DEBUG]  
[DEBUG]  
[DEBUG]  
[CMD] console: 2 line(s) sent, 0 queued
[CMD] no listen tail: stay_on (the idle loop listens)
[SUP] action: media=video stage=None sent=38/38 elapsed=61.2s
[SUP] ===== action 5 done: stage=None skipped=False =====
