[1:31:00.140413891] [2147]  INFO Camera camera_manager.cpp:340 libcamera v0.7.1+rpt20260609
[1:31:00.187696052] [2150]  WARN CameraSensorProperties camera_sensor_properties.cpp:548 No static properties available for 'imx708_wide'
[1:31:00.187811105] [2150]  WARN CameraSensorProperties camera_sensor_properties.cpp:550 Please consider updating the camera sensor properties database
[1:31:00.270837610] [2150]  INFO RPI pipeline_base.cpp:1133 Using configuration file '/usr/share/libcamera/pipeline/rpi/vc4/rpi_apps.yaml'
[1:31:00.361808876] [2150]  INFO IPAProxy ipa_proxy.cpp:184 Using tuning file /usr/share/libcamera/ipa/rpi/vc4/imx708_wide.json
[1:31:00.377763139] [2150]  WARN CameraSensor camera_sensor_legacy.cpp:502 'imx708_wide': No sensor delays found in static properties. Assuming unverified defaults.
[1:31:00.378985495] [2150]  INFO Camera camera_manager.cpp:223 Adding camera '/base/soc/i2c0mux/i2c@1/imx708@1a' for pipeline handler rpi/vc4
[1:31:00.379044401] [2150]  INFO RPI vc4.cpp:445 Registered camera /base/soc/i2c0mux/i2c@1/imx708@1a to Unicam device /dev/media0 and ISP device /dev/media1
Mode selection for 2304:1296:12:P
    SRGGB10_CSI2P,1536x864/0 - Score: 3400
    SRGGB10_CSI2P,2304x1296/0 - Score: 1000
    SRGGB10_CSI2P,4608x2592/0 - Score: 1900
[1:31:00.384551953] [2147]  INFO Camera camera.cpp:1216 configuring streams: (0) 2304x1296-YUV420/sYCC (1) 2304x1296-SBGGR10_CSI2P/RAW
[1:31:00.385205344] [2150]  INFO RPI vc4.cpp:620 Sensor: /base/soc/i2c0mux/i2c@1/imx708@1a - Selected sensor format: 2304x1296-SBGGR10_1X10/RAW - Selected unicam format: 2304x1296-pBAA/RAW
Mode selection for 4608:2592:12:P
    SRGGB10_CSI2P,1536x864/0 - Score: 10600
    SRGGB10_CSI2P,2304x1296/0 - Score: 8200
    SRGGB10_CSI2P,4608x2592/0 - Score: 1000
[1:31:02.483642931] [2147]  INFO Camera camera.cpp:1216 configuring streams: (0) 4608x2592-YUV420/sYCC (1) 4608x2592-SBGGR10_CSI2P/RAW
[1:31:02.485008777] [2150]  INFO RPI vc4.cpp:620 Sensor: /base/soc/i2c0mux/i2c@1/imx708@1a - Selected sensor format: 4608x2592-SBGGR10_1X10/RAW - Selected unicam format: 4608x2592-pBAA/RAW
Still capture image received
Bayer format is BGGR-10
