2026-10-06T21:10:41Z SPOT-33507C > bridge cfg get c3c564b91856226c s bridgePowerControllerEnabled
2026-10-06T21:10:42Z bridge cfg get c3c564b91856226c s bridgePowerControllerEnabled
2026-10-06T21:10:42Z Succesfully sent config get msg
2026-10-06T21:10:42Z 2026-10-06T21:10:42.750Z [BRIDGE_CFG] [INFO] Node ID: 0000000000000000 Partition: system Value: 1
2026-10-06T21:10:43Z 2026-10-06T21:10:43.964Z [ORC] [INFO] Message 110 transmitted successfully!
2026-10-06T21:10:43Z 2026-10-06T21:10:43.992Z [MS] [DEBUG] Notecard is 20.000000 pct full.
2026-10-06T21:10:43Z 2026-10-06T21:10:43.992Z [MS] [INFO] All messages sent successfully!
2026-10-06T21:10:43Z 2026-10-06T21:10:43.992Z [MS] [DEBUG] Checking for Rx Messages
2026-10-06T21:10:45Z SPOT-33507C > bridge cfg set c3c564b91856226c s u bridgePowerControllerEnabled 0
2026-10-06T21:10:46Z bridge cfg set c3c564b91856226c s u bridgePowerControllerEnabled 0
2026-10-06T21:10:46Z Succesfully sent config set msg
2026-10-06T21:10:46Z 2026-10-06T21:10:46.964Z [BRIDGE_CFG] [INFO] Node ID: 0000000000000000 Partition: system Value: 0
2026-10-06T21:10:50Z SPOT-33507C > bridge cfg commit c3c564b91856226c s
2026-10-06T21:10:52Z bridge cfg commit c3c564b91856226c s
2026-10-06T21:10:52Z Succesfull config commit send
2026-10-06T21:10:53Z 2026-10-06T21:10:53.742Z [GPS] [INFO] Max CNO changed from 40 to 45
2026-10-06T21:10:53Z 2026-10-06T21:10:53.902Z [BRIDGE] [ERROR] Bridge RX Processing Packet Failure: -7
2026-10-06T21:10:53Z 2026-10-06T21:10:53.906Z [BRIDGE] [INFO] Setting negotiated baud rate to 1000000 from 1000000
2026-10-06T21:10:53Z 2026-10-06T21:10:53.910Z [BRIDGE_SYS] [INFO] Bridge State Init
2026-10-06T21:10:53Z 2026-10-06T21:10:53.910Z [BRIDGE] [INFO] Reboot info received from c3c564b91856226c - Reason: 5 gitSHA: 1595f804 Reboot cnt: 0 PC: 0x0 LR: 0x0
2026-10-06T21:10:53Z 2026-10-06T21:10:53.917Z [BRIDGE_SYS] [INFO] Bridge bus power: 1
2026-10-06T21:10:53Z 2026-10-06T21:10:53.968Z [BRIDGE_CFG] [INFO] Response msg -- Node Id: 0000000000000000, Partition: system, Commit Status: 0
2026-10-06T21:10:53Z 2026-10-06T21:10:53.968Z [BRIDGE_CFG] [INFO] Num Keys: 18
2026-10-06T21:10:53Z 2026-10-06T21:10:53.968Z [BRIDGE_CFG] [INFO] Key 0: sampleIntervalMs
2026-10-06T21:10:53Z 2026-10-06T21:10:53.968Z [BRIDGE_CFG] [INFO] Key 1: sampleDurationMs
2026-10-06T21:10:53Z 2026-10-06T21:10:53.968Z [BRIDGE_CFG] [INFO] Key 2: subsampleIntervalMs
2026-10-06T21:10:53Z 2026-10-06T21:10:53.968Z [BRIDGE_CFG] [INFO] Key 3: subsampleDurationMs
2026-10-06T21:10:53Z 2026-10-06T21:10:53.968Z [BRIDGE_CFG] [INFO] Key 4: subsampleEnabled
2026-10-06T21:10:53Z 2026-10-06T21:10:53.968Z [BRIDGE_CFG] [INFO] Key 5: bridgePowerControllerEnabled
2026-10-06T21:10:53Z 2026-10-06T21:10:53.968Z [BRIDGE_CFG] [INFO] Key 6: alignmentInterval5Min
2026-10-06T21:10:53Z 2026-10-06T21:10:53.968Z [BRIDGE_CFG] [INFO] Key 7: ticksSamplingEnabled
2026-10-06T21:10:53Z 2026-10-06T21:10:53.972Z [BRIDGE_CFG] [INFO] Key 8: samplesPerReport
2026-10-06T21:10:53Z 2026-10-06T21:10:53.972Z [BRIDGE_CFG] [INFO] Key 9: transmitAggregations
2026-10-06T21:10:53Z 2026-10-06T21:10:53.972Z [BRIDGE_CFG] [INFO] Key 10: currentReadingPeriodMs
2026-10-06T21:10:53Z 2026-10-06T21:10:53.972Z [BRIDGE_CFG] [INFO] Key 11: softReadingPeriodMs
2026-10-06T21:10:53Z 2026-10-06T21:10:53.972Z [BRIDGE_CFG] [INFO] Key 12: rbrCodaReadingPeriodMs
2026-10-06T21:10:53Z 2026-10-06T21:10:53.972Z [BRIDGE_CFG] [INFO] Key 13: turbidityReadingPeriodMs
2026-10-06T21:10:53Z 2026-10-06T21:10:53.972Z [BRIDGE_CFG] [INFO] Key 14: disableUnusedPortsTimeMs
2026-10-06T21:10:53Z 2026-10-06T21:10:53.972Z [BRIDGE_CFG] [INFO] Key 15: salinityReadingPeriodMs
2026-10-06T21:10:53Z 2026-10-06T21:10:53.972Z [BRIDGE_CFG] [INFO] Key 16: sensorsCheckIntervalS
2026-10-06T21:10:53Z 2026-10-06T21:10:53.972Z [BRIDGE_CFG] [INFO] Key 17: sensorsPollIntervalMs
2026-10-06T21:10:53Z 2026-10-06T21:10:53.972Z [BRIDGE_CFG] [INFO] Response msg -- Node Id: 0000000000000000, Partition: user, Commit Status: 0
2026-10-06T21:10:53Z 2026-10-06T21:10:53.972Z [BRIDGE_CFG] [INFO] Num Keys: 0
2026-10-06T21:10:53Z 2026-10-06T21:10:53.972Z [BRIDGE_CFG] [INFO] Response msg -- Node Id: 0000000000000000, Partition: hardware, Commit Status: 0
2026-10-06T21:10:53Z 2026-10-06T21:10:53.972Z [BRIDGE_CFG] [INFO] Num Keys: 1
2026-10-06T21:10:53Z 2026-10-06T21:10:53.972Z [BRIDGE_CFG] [INFO] Key 0: smConfigurationCrc
2026-10-06T21:10:53Z 2026-10-06T21:10:53.976Z [BRIDGE] [INFO] handle_power_states, power on for: 4294967295
2026-10-06T21:10:53Z 2026-10-06T21:10:53.980Z [BRIDGE_CFG] [INFO] Node ID: 0000000000000000 Partition: system Value: 3600000
2026-10-06T21:10:53Z 2026-10-06T21:10:53.984Z [BRIDGE_CFG] [INFO] Node ID: 0000000000000000 Partition: system Value: 600000
2026-10-06T21:10:53Z 2026-10-06T21:10:53.988Z [BRIDGE_CFG] [INFO] Node ID: 0000000000000000 Partition: system Value: 300000
2026-10-06T21:10:53Z 2026-10-06T21:10:53.992Z [BRIDGE_CFG] [INFO] Node ID: 0000000000000000 Partition: system Value: 30000
2026-10-06T21:10:53Z 2026-10-06T21:10:53.996Z [BRIDGE_CFG] [INFO] Node ID: 0000000000000000 Partition: system Value: 0
2026-10-06T21:10:53Z 2026-10-06T21:10:54.003Z [BRIDGE_CFG] [INFO] Node ID: 0000000000000000 Partition: system Value: 0
2026-10-06T21:10:53Z 2026-10-06T21:10:54.007Z [BRIDGE_CFG] [INFO] Node ID: 0000000000000000 Partition: system Value: 1
2026-10-06T21:10:53Z 2026-10-06T21:10:54.011Z [BRIDGE_CFG] [INFO] Node ID: 0000000000000000 Partition: system Value: 0
2026-10-06T21:10:53Z 2026-10-06T21:10:54.015Z [BRIDGE_CFG] [INFO] Node ID: 0000000000000000 Partition: system Value: 1
2026-10-06T21:10:53Z 2026-10-06T21:10:54.023Z [BRIDGE_CFG] [INFO] Node ID: 0000000000000000 Partition: system Value: 0
2026-10-06T21:10:53Z 2026-10-06T21:10:54.027Z [BRIDGE_CFG] [INFO] Node ID: 0000000000000000 Partition: system Value: 60000
2026-10-06T21:10:53Z 2026-10-06T21:10:54.031Z [BRIDGE_CFG] [INFO] Node ID: 0000000000000000 Partition: system Value: 500
2026-10-06T21:10:53Z 2026-10-06T21:10:54.035Z [BRIDGE_CFG] [INFO] Node ID: 0000000000000000 Partition: system Value: 500
2026-10-06T21:10:53Z 2026-10-06T21:10:54.042Z [BRIDGE_CFG] [INFO] Node ID: 0000000000000000 Partition: system Value: 1000
2026-10-06T21:10:53Z 2026-10-06T21:10:54.046Z [BRIDGE_CFG] [INFO] Node ID: 0000000000000000 Partition: system Value: 0
2026-10-06T21:10:53Z 2026-10-06T21:10:54.050Z [BRIDGE_CFG] [INFO] Node ID: 0000000000000000 Partition: system Value: 30000
2026-10-06T21:10:53Z 2026-10-06T21:10:54.058Z [BRIDGE_CFG] [INFO] Node ID: 0000000000000000 Partition: system Value: 60
2026-10-06T21:10:53Z 2026-10-06T21:10:54.062Z [BRIDGE_CFG] [INFO] Node ID: 0000000000000000 Partition: system Value: 10000
2026-10-06T21:10:53Z 2026-10-06T21:10:54.066Z [BRIDGE_CFG] [INFO] Node ID: 0000000000000000 Partition: hardware - Failed to decode value
2026-10-06T21:10:54Z 2026-10-06T21:10:54.949Z [BRIDGE_SYS] [INFO] Neighbor 53171fa3d81a8e6f added
2026-10-06T21:11:45Z SPOT-33507C > bridge cfg get c3c564b91856226c s bridgePowerControllerEnabled
2026-10-06T21:11:48Z .bridge cfg get c3c564b91856226c s bridgePowerControllerEnabled
2026-10-06T21:11:48Z Succesfully sent config get msg
2026-10-06T21:11:48Z 2026-10-06T21:11:48.617Z [BRIDGE_CFG] [INFO] Node ID: 0000000000000000 Partition: system Value: 0
2026-10-07T00:16:44Z SPOT-33507C > bridge cfg get c3c564b91856226c s bridgePowerControllerEnabled
2026-10-07T00:16:55Z bridge cfg get c3c564b91856226c s bridgePowerControllerEnabled
2026-10-07T00:16:55Z Succesfully sent config get msg
2026-10-07T00:16:55Z 2026-10-07T00:16:56.136Z [BRIDGE_CFG] [INFO] Node ID: 0000000000000000 Partition: system Value: 0
2026-10-07T00:16:57Z 2026-10-07T00:16:58.273Z [BRIDGE_CFG] [INFO] Bridge topology in topology sampler:
2026-10-07T00:16:57Z 2026-10-07T00:16:58.281Z [BRIDGE_CFG] [INFO] c3c564b91856226c
2026-10-07T00:16:57Z 2026-10-07T00:16:58.281Z [BRIDGE_CFG] [INFO] 53171fa3d81a8e6f
2026-10-07T00:16:57Z 2026-10-07T00:16:58.285Z [BRIDGE_SYS] [INFO] Checking CRC in report builder!
2026-10-07T00:16:57Z 2026-10-07T00:16:58.289Z [BRIDGE_SYS] [INFO] Got CRC ba829098 OLD CRC ba829098
2026-10-07T00:16:57Z 2026-10-07T00:16:58.289Z [BRIDGE_SYS] [INFO] CRCs match, not updating
2026-10-07T00:16:58Z SPOT-33507C > bridge cfg get c3c564b91856226c s sampleIntervalMs
2026-10-07T00:16:59Z bridge cfg get c3c564b91856226c s sampleIntervalMs
2026-10-07T00:16:59Z Succesfully sent config get msg
2026-10-07T00:16:59Z 2026-10-07T00:17:00.351Z [BRIDGE_CFG] [INFO] Node ID: 0000000000000000 Partition: system Value: 3600000
2026-10-07T00:17:03Z SPOT-33507C > bridge cfg get c3c564b91856226c s sampleDurationMs
2026-10-07T00:17:04Z bridge cfg get c3c564b91856226c s sampleDurationMs
2026-10-07T00:17:04Z Succesfully sent config get msg
2026-10-07T00:17:04Z 2026-10-07T00:17:04.765Z [BRIDGE_CFG] [INFO] Node ID: 0000000000000000 Partition: system Value: 600000
2026-10-07T00:17:07Z SPOT-33507C > bridge cfg get c3c564b91856226c s bridgePowerControllerEnabled
2026-10-07T00:17:08Z bridge cfg get c3c564b91856226c s bridgePowerControllerEnabled
2026-10-07T00:17:08Z Succesfully sent config get msg
2026-10-07T00:17:08Z 2026-10-07T00:17:08.984Z [BRIDGE_CFG] [INFO] Node ID: 0000000000000000 Partition: system Value: 0
2026-10-07T00:17:11Z SPOT-33507C > bridge cfg get c3c564b91856226c s sampleIntervalMs
2026-10-07T00:17:12Z bridge cfg get c3c564b91856226c s sampleIntervalMs
2026-10-07T00:17:12Z Succesfully sent config get msg
2026-10-07T00:17:12Z 2026-10-07T00:17:13.406Z [BRIDGE_CFG] [INFO] Node ID: 0000000000000000 Partition: system Value: 3600000
2026-10-07T00:17:15Z SPOT-33507C > bridge cfg get c3c564b91856226c s sampleDurationMs
2026-10-07T00:17:16Z bridge cfg get c3c564b91856226c s sampleDurationMs
2026-10-07T00:17:16Z Succesfully sent config get msg
2026-10-07T00:17:16Z 2026-10-07T00:17:17.621Z [BRIDGE_CFG] [INFO] Node ID: 0000000000000000 Partition: system Value: 600000
2026-10-07T00:17:20Z SPOT-33507C > bridge cfg set c3c564b91856226c s u bridgePowerControllerEnabled 1
2026-10-07T00:17:21Z bridge cfg set c3c564b91856226c s u bridgePowerControllerEnabled 1
2026-10-07T00:17:21Z Succesfully sent config set msg
2026-10-07T00:17:21Z 2026-10-07T00:17:22.039Z [BRIDGE_CFG] [INFO] Node ID: 0000000000000000 Partition: system Value: 1
2026-10-07T00:17:25Z SPOT-33507C > bridge cfg commit c3c564b91856226c s
2026-10-07T00:17:26Z bridge cfg commit c3c564b91856226c s
2026-10-07T00:17:26Z Succesfull config commit send
2026-10-07T00:17:28Z 2026-10-07T00:17:28.781Z [BRIDGE] [ERROR] Bridge RX Processing Packet Failure: -7
2026-10-07T00:17:28Z 2026-10-07T00:17:28.785Z [BRIDGE] [INFO] Setting negotiated baud rate to 1000000 from 1000000
2026-10-07T00:17:28Z 2026-10-07T00:17:28.789Z [BRIDGE_SYS] [INFO] Bridge State Init
2026-10-07T00:17:28Z 2026-10-07T00:17:28.789Z [BRIDGE] [INFO] Reboot info received from c3c564b91856226c - Reason: 5 gitSHA: 1595f804 Reboot cnt: 0 PC: 0x0 LR: 0x0
2026-10-07T00:17:28Z 2026-10-07T00:17:28.796Z [BRIDGE_SYS] [INFO] Bridge bus power: 1
2026-10-07T00:17:28Z 2026-10-07T00:17:28.847Z [BRIDGE_CFG] [INFO] Response msg -- Node Id: 0000000000000000, Partition: system, Commit Status: 0
2026-10-07T00:17:28Z 2026-10-07T00:17:28.847Z [BRIDGE_CFG] [INFO] Num Keys: 18
2026-10-07T00:17:28Z 2026-10-07T00:17:28.847Z [BRIDGE_CFG] [INFO] Key 0: sampleIntervalMs
2026-10-07T00:17:28Z 2026-10-07T00:17:28.847Z [BRIDGE_CFG] [INFO] Key 1: sampleDurationMs
2026-10-07T00:17:28Z 2026-10-07T00:17:28.847Z [BRIDGE_CFG] [INFO] Key 2: subsampleIntervalMs
2026-10-07T00:17:28Z 2026-10-07T00:17:28.851Z [BRIDGE_CFG] [INFO] Key 3: subsampleDurationMs
2026-10-07T00:17:28Z 2026-10-07T00:17:28.851Z [BRIDGE_CFG] [INFO] Key 4: subsampleEnabled
2026-10-07T00:17:28Z 2026-10-07T00:17:28.851Z [BRIDGE_CFG] [INFO] Key 5: bridgePowerControllerEnabled
2026-10-07T00:17:28Z 2026-10-07T00:17:28.851Z [BRIDGE_CFG] [INFO] Key 6: alignmentInterval5Min
2026-10-07T00:17:28Z 2026-10-07T00:17:28.851Z [BRIDGE_CFG] [INFO] Key 7: ticksSamplingEnabled
2026-10-07T00:17:28Z 2026-10-07T00:17:28.851Z [BRIDGE_CFG] [INFO] Key 8: samplesPerReport
2026-10-07T00:17:28Z 2026-10-07T00:17:28.851Z [BRIDGE_CFG] [INFO] Key 9: transmitAggregations
2026-10-07T00:17:28Z 2026-10-07T00:17:28.851Z [BRIDGE_CFG] [INFO] Key 10: currentReadingPeriodMs
2026-10-07T00:17:28Z 2026-10-07T00:17:28.851Z [BRIDGE_CFG] [INFO] Key 11: softReadingPeriodMs
2026-10-07T00:17:28Z 2026-10-07T00:17:28.851Z [BRIDGE_CFG] [INFO] Key 12: rbrCodaReadingPeriodMs
2026-10-07T00:17:28Z 2026-10-07T00:17:28.851Z [BRIDGE_CFG] [INFO] Key 13: turbidityReadingPeriodMs
2026-10-07T00:17:28Z 2026-10-07T00:17:28.851Z [BRIDGE_CFG] [INFO] Key 14: disableUnusedPortsTimeMs
2026-10-07T00:17:28Z 2026-10-07T00:17:28.851Z [BRIDGE_CFG] [INFO] Key 15: salinityReadingPeriodMs
2026-10-07T00:17:28Z 2026-10-07T00:17:28.851Z [BRIDGE_CFG] [INFO] Key 16: sensorsCheckIntervalS
2026-10-07T00:17:28Z 2026-10-07T00:17:28.855Z [BRIDGE_CFG] [INFO] Key 17: sensorsPollIntervalMs
2026-10-07T00:17:28Z 2026-10-07T00:17:28.855Z [BRIDGE_CFG] [INFO] Response msg -- Node Id: 0000000000000000, Partition: user, Commit Status: 0
2026-10-07T00:17:28Z 2026-10-07T00:17:28.855Z [BRIDGE_CFG] [INFO] Num Keys: 0
2026-10-07T00:17:28Z 2026-10-07T00:17:28.855Z [BRIDGE_CFG] [INFO] Response msg -- Node Id: 0000000000000000, Partition: hardware, Commit Status: 0
2026-10-07T00:17:28Z 2026-10-07T00:17:28.855Z [BRIDGE_CFG] [INFO] Num Keys: 1
2026-10-07T00:17:28Z 2026-10-07T00:17:28.855Z [BRIDGE_CFG] [INFO] Key 0: smConfigurationCrc
2026-10-07T00:17:28Z 2026-10-07T00:17:28.855Z [BRIDGE] [INFO] handle_power_states, power on for: 120000
2026-10-07T00:17:28Z 2026-10-07T00:17:28.859Z [BRIDGE_CFG] [INFO] Node ID: 0000000000000000 Partition: system Value: 3600000
2026-10-07T00:17:28Z 2026-10-07T00:17:28.863Z [BRIDGE_CFG] [INFO] Node ID: 0000000000000000 Partition: system Value: 600000
2026-10-07T00:17:28Z 2026-10-07T00:17:28.871Z [BRIDGE_CFG] [INFO] Node ID: 0000000000000000 Partition: system Value: 300000
2026-10-07T00:17:28Z 2026-10-07T00:17:28.875Z [BRIDGE_CFG] [INFO] Node ID: 0000000000000000 Partition: system Value: 30000
2026-10-07T00:17:28Z 2026-10-07T00:17:28.878Z [BRIDGE_CFG] [INFO] Node ID: 0000000000000000 Partition: system Value: 0
2026-10-07T00:17:28Z 2026-10-07T00:17:28.886Z [BRIDGE_CFG] [INFO] Node ID: 0000000000000000 Partition: system Value: 1
2026-10-07T00:17:28Z 2026-10-07T00:17:28.890Z [BRIDGE_CFG] [INFO] Node ID: 0000000000000000 Partition: system Value: 1
2026-10-07T00:17:28Z 2026-10-07T00:17:28.894Z [BRIDGE_CFG] [INFO] Node ID: 0000000000000000 Partition: system Value: 0
2026-10-07T00:17:28Z 2026-10-07T00:17:28.898Z [BRIDGE_CFG] [INFO] Node ID: 0000000000000000 Partition: system Value: 1
2026-10-07T00:17:28Z 2026-10-07T00:17:28.906Z [BRIDGE_CFG] [INFO] Node ID: 0000000000000000 Partition: system Value: 0
2026-10-07T00:17:28Z 2026-10-07T00:17:28.910Z [BRIDGE_CFG] [INFO] Node ID: 0000000000000000 Partition: system Value: 60000
2026-10-07T00:17:28Z 2026-10-07T00:17:28.914Z [BRIDGE_CFG] [INFO] Node ID: 0000000000000000 Partition: system Value: 500
2026-10-07T00:17:28Z 2026-10-07T00:17:28.921Z [BRIDGE_CFG] [INFO] Node ID: 0000000000000000 Partition: system Value: 500
2026-10-07T00:17:28Z 2026-10-07T00:17:28.925Z [BRIDGE_CFG] [INFO] Node ID: 0000000000000000 Partition: system Value: 1000
2026-10-07T00:17:28Z 2026-10-07T00:17:28.929Z [BRIDGE_CFG] [INFO] Node ID: 0000000000000000 Partition: system Value: 0
2026-10-07T00:17:28Z 2026-10-07T00:17:28.933Z [BRIDGE_CFG] [INFO] Node ID: 0000000000000000 Partition: system Value: 30000
2026-10-07T00:17:28Z 2026-10-07T00:17:28.941Z [BRIDGE_CFG] [INFO] Node ID: 0000000000000000 Partition: system Value: 60
2026-10-07T00:17:28Z 2026-10-07T00:17:28.945Z [BRIDGE_CFG] [INFO] Node ID: 0000000000000000 Partition: system Value: 10000
2026-10-07T00:17:28Z 2026-10-07T00:17:28.949Z [BRIDGE_CFG] [INFO] Node ID: 0000000000000000 Partition: hardware - Failed to decode value
2026-10-07T00:17:29Z 2026-10-07T00:17:29.808Z [BRIDGE_SYS] [INFO] Neighbor 53171fa3d81a8e6f added
2026-10-07T00:18:48Z SPOT-33507C > bridge cfg get c3c564b91856226c s bridgePowerControllerEnabled
2026-10-07T00:18:50Z bridge cfg get c3c564b91856226c s bridgePowerControllerEnabled
2026-10-07T00:18:50Z Succesfully sent config get msg
2026-10-07T00:18:50Z 2026-10-07T00:18:51.648Z [BRIDGE_CFG] [INFO] Node ID: 0000000000000000 Partition: system Value: 1
2026-10-07T00:18:54Z SPOT-33507C > bridge cfg get c3c564b91856226c s sampleIntervalMs
2026-10-07T00:18:55Z bridge cfg get c3c564b91856226c s sampleIntervalMs
2026-10-07T00:18:55Z Succesfully sent config get msg
2026-10-07T00:18:55Z 2026-10-07T00:18:55.863Z [BRIDGE_CFG] [INFO] Node ID: 0000000000000000 Partition: system Value: 3600000
2026-10-07T00:18:58Z SPOT-33507C > bridge cfg get c3c564b91856226c s sampleDurationMs
2026-10-07T00:18:59Z bridge cfg get c3c564b91856226c s sampleDurationMs
2026-10-07T00:18:59Z Succesfully sent config get msg
2026-10-07T00:18:59Z 2026-10-07T00:19:00.078Z [BRIDGE_CFG] [INFO] Node ID: 0000000000000000 Partition: system Value: 600000
