COMMAND: rpicam-vid -n -v 2 -t 20000 --codec h264 --inline --width 1600 --height 898 --framerate 15 --bitrate 6000000 --roi 0.326389,0.326389,0.347222,0.347222 -o /home/pi/sprint17_probe_shortlist_20260818T193005Z/s_stills_roi_1600p.h264 --mode 4608:2592:10:P
[11:28:23.380441359] [9503]  INFO Camera camera_manager.cpp:340 libcamera v0.7.1+rpt20260609
[11:28:23.430279182] [9507]  WARN CameraSensorProperties camera_sensor_properties.cpp:548 No static properties available for 'imx708_wide'
[11:28:23.430395847] [9507]  WARN CameraSensorProperties camera_sensor_properties.cpp:550 Please consider updating the camera sensor properties database
[11:28:23.514822082] [9507]  INFO RPI pipeline_base.cpp:1133 Using configuration file '/usr/share/libcamera/pipeline/rpi/vc4/rpi_apps.yaml'
[11:28:23.617125824] [9507]  INFO IPAProxy ipa_proxy.cpp:184 Using tuning file /usr/share/libcamera/ipa/rpi/vc4/imx708_wide.json
[11:28:23.631390611] [9507]  WARN CameraSensor camera_sensor_legacy.cpp:502 'imx708_wide': No sensor delays found in static properties. Assuming unverified defaults.
[11:28:23.632721481] [9507]  INFO Camera camera_manager.cpp:223 Adding camera '/base/soc/i2c0mux/i2c@1/imx708@1a' for pipeline handler rpi/vc4
[11:28:23.632825126] [9507]  INFO RPI vc4.cpp:445 Registered camera /base/soc/i2c0mux/i2c@1/imx708@1a to Unicam device /dev/media2 and ISP device /dev/media0
Options:
    verbose: 2
    info_text:
    timeout: 20000ms
    width: 1600
    height: 898
    output: /home/pi/sprint17_probe_shortlist_20260818T193005Z/s_stills_roi_1600p.h264
    post_process_file: 
    post_process_libs: 
    preview: none
    qt-preview: 0
    transform: identity
    roi: 0.326389,0.326389,0.347222,0.347222
    metering: centre
    exposure: normal
    ev: 0
    awb: auto
    flush: false
    wrap: 0
    brightness: 0
    contrast: 1
    saturation: 1
    sharpness: 1
    framerate: 15
    denoise: auto
    viewfinder-width: 0
    viewfinder-height: 0
    tuning-file: (libcamera)
    lores-width: 0
    lores-height: 0
    lores-par: 0
    autofocus-range: normal
    autofocus-speed: normal
    autofocus-window: all
    hdr: off
    mode: 4608:2592:10:P
    viewfinder-mode: unspecified
    metadata: 
    metadata-format: json
Running without preview window
Opening camera...
Acquired camera /base/soc/i2c0mux/i2c@1/imx708@1a
Configuring video...
Mode selection for 4608:2592:10:P(15)
    SRGGB10_CSI2P,1536x864/120.135 - Score: 9600
    SRGGB10_CSI2P,2304x1296/56.0255 - Score: 7200
    SRGGB10_CSI2P,4608x2592/14.3536 - Score: 1292.83
[11:28:23.646248516] [9503]  INFO Camera camera.cpp:1216 configuring streams: (0) 1600x898-YUV420/Rec709 (1) 4608x2592-SBGGR10_CSI2P/RAW
[11:28:23.646777521] [9507]  INFO RPI vc4.cpp:620 Sensor: /base/soc/i2c0mux/i2c@1/imx708@1a - Selected sensor format: 4608x2592-SBGGR10_1X10/RAW - Selected unicam format: 4608x2592-pBAA/RAW
Camera streams configured
Available controls:
    AwbEnable : [false..true]
    NoiseReductionMode : [0..4]
    ColourGains : [0.000000..32.000000]
    AwbMode : [0..7]
    ColourTemperature : [100..100000]
    Saturation : [0.000000..32.000000]
    SyncMode : [0..2]
    AeEnable : [false..true]
    CnnEnableInputTensor : [false..true]
    AeExposureMode : [0..3]
    HdrMode : [0..4]
    AeConstraintMode : [0..3]
    AfTrigger : [0..1]
    LensPosition : [0.000000..35.000000]
    Contrast : [0.000000..32.000000]
    AfWindows : [(0, 0)/0x0..(65535, 65535)/65535x65535]
    AeFlickerPeriod : [100..1000000]
    AfSpeed : [0..1]
    StatsOutputEnable : [false..true]
    AfMetering : [0..1]
    AeMeteringMode : [0..3]
    AfRange : [0..2]
    FrameDurationLimits : [69669..220535845]
    AfMode : [0..2]
    AnalogueGainMode : [0..1]
    AfPause : [0..2]
    AnalogueGain : [1.122807..16.000000]
    ColourCorrectionMatrix : [0.000000..8.000000]
    Brightness : [-1.000000..1.000000]
    ExposureTime : [26..220416802]
    AeFlickerMode : [0..1]
    ExposureValue : [-8.000000..8.000000]
    ExposureTimeMode : [0..1]
    SyncFrames : [100..100000]
    Sharpness : [0.000000..16.000000]
    ScalerCrop : [(0, 0)/64x64..(0, 0)/4608x2592]
Buffers allocated and mapped
Video setup complete
Opened H264Encoder on /dev/video11 as fd 30
Got 6 output buffers
Got 12 capture buffers
Codec streaming started
Requests created
Using crop (main) (1504, 846)/1599x899
Camera started!
Viewfinder frame 0
FileOutput: opened output file /home/pi/sprint17_probe_shortlist_20260818T193005Z/s_stills_roi_1600p.h264
FileOutput: output buffer 0x7f91528000 size 14428
Viewfinder frame 1
FileOutput: output buffer 0x7f91468000 size 3352
Viewfinder frame 2
FileOutput: output buffer 0x7f913a8000 size 1947
Viewfinder frame 3
FileOutput: output buffer 0x7f912e8000 size 3860
Viewfinder frame 4
FileOutput: output buffer 0x7f91228000 size 6237
Viewfinder frame 5
FileOutput: output buffer 0x7f91168000 size 7940
Viewfinder frame 6
FileOutput: output buffer 0x7f910a8000 size 11494
Viewfinder frame 7
FileOutput: output buffer 0x7f90fe8000 size 15483
Viewfinder frame 8
FileOutput: output buffer 0x7f90f28000 size 19429
Viewfinder frame 9
FileOutput: output buffer 0x7f90e68000 size 27972
Viewfinder frame 10
FileOutput: output buffer 0x7f90da8000 size 28816
Viewfinder frame 11
FileOutput: output buffer 0x7f90ce8000 size 27652
Viewfinder frame 12
FileOutput: output buffer 0x7f91528000 size 27562
Viewfinder frame 13
FileOutput: output buffer 0x7f91468000 size 27529
Viewfinder frame 14
FileOutput: output buffer 0x7f913a8000 size 26928
Viewfinder frame 15
FileOutput: output buffer 0x7f912e8000 size 26811
Viewfinder frame 16
FileOutput: output buffer 0x7f91228000 size 26881
Viewfinder frame 17
FileOutput: output buffer 0x7f91168000 size 27181
Viewfinder frame 18
FileOutput: output buffer 0x7f910a8000 size 26941
Viewfinder frame 19
FileOutput: output buffer 0x7f90fe8000 size 26788
Viewfinder frame 20
FileOutput: output buffer 0x7f90f28000 size 26975
Viewfinder frame 21
FileOutput: output buffer 0x7f90e68000 size 27604
Viewfinder frame 22
FileOutput: output buffer 0x7f90da8000 size 27078
Viewfinder frame 23
FileOutput: output buffer 0x7f90ce8000 size 27133
Viewfinder frame 24
FileOutput: output buffer 0x7f91528000 size 27053
Viewfinder frame 25
FileOutput: output buffer 0x7f91468000 size 27260
Viewfinder frame 26
FileOutput: output buffer 0x7f913a8000 size 26965
Viewfinder frame 27
FileOutput: output buffer 0x7f912e8000 size 26880
Viewfinder frame 28
FileOutput: output buffer 0x7f91228000 size 27162
Viewfinder frame 29
FileOutput: output buffer 0x7f91168000 size 27036
Viewfinder frame 30
FileOutput: output buffer 0x7f910a8000 size 27305
Viewfinder frame 31
FileOutput: output buffer 0x7f90fe8000 size 27194
Viewfinder frame 32
FileOutput: output buffer 0x7f90f28000 size 27011
Viewfinder frame 33
FileOutput: output buffer 0x7f90e68000 size 26942
Viewfinder frame 34
FileOutput: output buffer 0x7f90da8000 size 27554
Viewfinder frame 35
FileOutput: output buffer 0x7f90ce8000 size 27221
Viewfinder frame 36
FileOutput: output buffer 0x7f91528000 size 27156
Viewfinder frame 37
FileOutput: output buffer 0x7f91468000 size 27156
Viewfinder frame 38
FileOutput: output buffer 0x7f913a8000 size 27020
Viewfinder frame 39
FileOutput: output buffer 0x7f912e8000 size 27143
Viewfinder frame 40
FileOutput: output buffer 0x7f91228000 size 27109
Viewfinder frame 41
FileOutput: output buffer 0x7f91168000 size 27304
Viewfinder frame 42
FileOutput: output buffer 0x7f910a8000 size 27377
Viewfinder frame 43
FileOutput: output buffer 0x7f90fe8000 size 27323
Viewfinder frame 44
FileOutput: output buffer 0x7f90f28000 size 27204
Viewfinder frame 45
FileOutput: output buffer 0x7f90e68000 size 27203
Viewfinder frame 46
FileOutput: output buffer 0x7f90da8000 size 26961
Viewfinder frame 47
FileOutput: output buffer 0x7f90ce8000 size 27217
Viewfinder frame 48
FileOutput: output buffer 0x7f91528000 size 27258
Viewfinder frame 49
FileOutput: output buffer 0x7f91468000 size 27154
Viewfinder frame 50
FileOutput: output buffer 0x7f913a8000 size 27309
Viewfinder frame 51
FileOutput: output buffer 0x7f912e8000 size 27197
Viewfinder frame 52
FileOutput: output buffer 0x7f91228000 size 27300
Viewfinder frame 53
FileOutput: output buffer 0x7f91168000 size 27329
Viewfinder frame 54
FileOutput: output buffer 0x7f910a8000 size 27204
Viewfinder frame 55
FileOutput: output buffer 0x7f90fe8000 size 27177
Viewfinder frame 56
FileOutput: output buffer 0x7f90f28000 size 27297
Viewfinder frame 57
FileOutput: output buffer 0x7f90e68000 size 27217
Viewfinder frame 58
FileOutput: output buffer 0x7f90da8000 size 27313
Viewfinder frame 59
FileOutput: output buffer 0x7f90ce8000 size 26941
Viewfinder frame 60
FileOutput: output buffer 0x7f91528000 size 64965
Viewfinder frame 61
FileOutput: output buffer 0x7f91468000 size 30324
Viewfinder frame 62
FileOutput: output buffer 0x7f913a8000 size 28183
Viewfinder frame 63
FileOutput: output buffer 0x7f912e8000 size 27325
Viewfinder frame 64
FileOutput: output buffer 0x7f91228000 size 27039
Viewfinder frame 65
FileOutput: output buffer 0x7f91168000 size 27042
Viewfinder frame 66
FileOutput: output buffer 0x7f910a8000 size 27006
Viewfinder frame 67
FileOutput: output buffer 0x7f90fe8000 size 27050
Viewfinder frame 68
FileOutput: output buffer 0x7f90f28000 size 26952
Viewfinder frame 69
FileOutput: output buffer 0x7f90e68000 size 27124
Viewfinder frame 70
FileOutput: output buffer 0x7f90da8000 size 27040
Viewfinder frame 71
FileOutput: output buffer 0x7f90ce8000 size 27063
Viewfinder frame 72
FileOutput: output buffer 0x7f91528000 size 26732
Viewfinder frame 73
FileOutput: output buffer 0x7f91468000 size 26910
Viewfinder frame 74
FileOutput: output buffer 0x7f913a8000 size 26864
Viewfinder frame 75
FileOutput: output buffer 0x7f912e8000 size 27044
Viewfinder frame 76
FileOutput: output buffer 0x7f91228000 size 27112
Viewfinder frame 77
FileOutput: output buffer 0x7f91168000 size 26918
Viewfinder frame 78
FileOutput: output buffer 0x7f910a8000 size 27242
Viewfinder frame 79
FileOutput: output buffer 0x7f90fe8000 size 27212
Viewfinder frame 80
FileOutput: output buffer 0x7f90f28000 size 26887
Viewfinder frame 81
FileOutput: output buffer 0x7f90e68000 size 27012
Viewfinder frame 82
FileOutput: output buffer 0x7f90da8000 size 26823
Viewfinder frame 83
FileOutput: output buffer 0x7f90ce8000 size 26838
Viewfinder frame 84
FileOutput: output buffer 0x7f91528000 size 26784
Viewfinder frame 85
FileOutput: output buffer 0x7f91468000 size 27052
Viewfinder frame 86
FileOutput: output buffer 0x7f913a8000 size 26977
Viewfinder frame 87
FileOutput: output buffer 0x7f912e8000 size 27203
Viewfinder frame 88
FileOutput: output buffer 0x7f91228000 size 27238
Viewfinder frame 89
FileOutput: output buffer 0x7f91168000 size 26660
Viewfinder frame 90
FileOutput: output buffer 0x7f910a8000 size 27001
Viewfinder frame 91
FileOutput: output buffer 0x7f90fe8000 size 27015
Viewfinder frame 92
FileOutput: output buffer 0x7f90f28000 size 26886
Viewfinder frame 93
FileOutput: output buffer 0x7f90e68000 size 27004
Viewfinder frame 94
FileOutput: output buffer 0x7f90da8000 size 26955
Viewfinder frame 95
FileOutput: output buffer 0x7f90ce8000 size 26989
Viewfinder frame 96
FileOutput: output buffer 0x7f91528000 size 27070
Viewfinder frame 97
FileOutput: output buffer 0x7f91468000 size 27168
Viewfinder frame 98
FileOutput: output buffer 0x7f913a8000 size 27039
Viewfinder frame 99
FileOutput: output buffer 0x7f912e8000 size 26984
Viewfinder frame 100
FileOutput: output buffer 0x7f91228000 size 27139
Viewfinder frame 101
FileOutput: output buffer 0x7f91168000 size 26984
Viewfinder frame 102
FileOutput: output buffer 0x7f910a8000 size 26799
Viewfinder frame 103
FileOutput: output buffer 0x7f90fe8000 size 27145
Viewfinder frame 104
FileOutput: output buffer 0x7f90f28000 size 27016
Viewfinder frame 105
FileOutput: output buffer 0x7f90e68000 size 27043
Viewfinder frame 106
FileOutput: output buffer 0x7f90da8000 size 26993
Viewfinder frame 107
FileOutput: output buffer 0x7f90ce8000 size 27025
Viewfinder frame 108
FileOutput: output buffer 0x7f91528000 size 26638
Viewfinder frame 109
FileOutput: output buffer 0x7f91468000 size 26878
Viewfinder frame 110
FileOutput: output buffer 0x7f913a8000 size 26994
Viewfinder frame 111
FileOutput: output buffer 0x7f912e8000 size 27111
Viewfinder frame 112
FileOutput: output buffer 0x7f91228000 size 26854
Viewfinder frame 113
FileOutput: output buffer 0x7f91168000 size 27065
Viewfinder frame 114
FileOutput: output buffer 0x7f910a8000 size 26887
Viewfinder frame 115
FileOutput: output buffer 0x7f90fe8000 size 26863
Viewfinder frame 116
FileOutput: output buffer 0x7f90f28000 size 26567
Viewfinder frame 117
FileOutput: output buffer 0x7f90e68000 size 26889
Viewfinder frame 118
FileOutput: output buffer 0x7f90da8000 size 27017
Viewfinder frame 119
FileOutput: output buffer 0x7f90ce8000 size 26833
Viewfinder frame 120
FileOutput: output buffer 0x7f91528000 size 64461
Viewfinder frame 121
FileOutput: output buffer 0x7f91468000 size 29908
Viewfinder frame 122
FileOutput: output buffer 0x7f913a8000 size 27582
Viewfinder frame 123
FileOutput: output buffer 0x7f912e8000 size 27062
Viewfinder frame 124
FileOutput: output buffer 0x7f91228000 size 27159
Viewfinder frame 125
FileOutput: output buffer 0x7f91168000 size 26865
Viewfinder frame 126
FileOutput: output buffer 0x7f910a8000 size 26763
Viewfinder frame 127
FileOutput: output buffer 0x7f90fe8000 size 26711
Viewfinder frame 128
FileOutput: output buffer 0x7f90f28000 size 26632
Viewfinder frame 129
FileOutput: output buffer 0x7f90e68000 size 26696
Viewfinder frame 130
FileOutput: output buffer 0x7f90da8000 size 26781
Viewfinder frame 131
FileOutput: output buffer 0x7f90ce8000 size 26843
Viewfinder frame 132
FileOutput: output buffer 0x7f91528000 size 26717
Viewfinder frame 133
FileOutput: output buffer 0x7f91468000 size 26816
Viewfinder frame 134
FileOutput: output buffer 0x7f913a8000 size 27063
Viewfinder frame 135
FileOutput: output buffer 0x7f912e8000 size 26569
Viewfinder frame 136
FileOutput: output buffer 0x7f91228000 size 26412
Viewfinder frame 137
FileOutput: output buffer 0x7f91168000 size 26770
Viewfinder frame 138
FileOutput: output buffer 0x7f910a8000 size 26551
Viewfinder frame 139
FileOutput: output buffer 0x7f90fe8000 size 26790
Viewfinder frame 140
FileOutput: output buffer 0x7f90f28000 size 26626
Viewfinder frame 141
FileOutput: output buffer 0x7f90e68000 size 26722
Viewfinder frame 142
FileOutput: output buffer 0x7f90da8000 size 26718
Viewfinder frame 143
FileOutput: output buffer 0x7f90ce8000 size 26883
Viewfinder frame 144
FileOutput: output buffer 0x7f91528000 size 27057
Viewfinder frame 145
FileOutput: output buffer 0x7f91468000 size 26941
Viewfinder frame 146
FileOutput: output buffer 0x7f913a8000 size 26626
Viewfinder frame 147
FileOutput: output buffer 0x7f912e8000 size 26772
Viewfinder frame 148
FileOutput: output buffer 0x7f91228000 size 26912
Viewfinder frame 149
FileOutput: output buffer 0x7f91168000 size 26788
Viewfinder frame 150
FileOutput: output buffer 0x7f910a8000 size 26945
Viewfinder frame 151
FileOutput: output buffer 0x7f90fe8000 size 26759
Viewfinder frame 152
FileOutput: output buffer 0x7f90f28000 size 26926
Viewfinder frame 153
FileOutput: output buffer 0x7f90e68000 size 26785
Viewfinder frame 154
FileOutput: output buffer 0x7f90da8000 size 26738
Viewfinder frame 155
FileOutput: output buffer 0x7f90ce8000 size 26736
Viewfinder frame 156
FileOutput: output buffer 0x7f91528000 size 26931
Viewfinder frame 157
FileOutput: output buffer 0x7f91468000 size 26918
Viewfinder frame 158
FileOutput: output buffer 0x7f913a8000 size 26886
Viewfinder frame 159
FileOutput: output buffer 0x7f912e8000 size 26745
Viewfinder frame 160
FileOutput: output buffer 0x7f91228000 size 26778
Viewfinder frame 161
FileOutput: output buffer 0x7f91168000 size 26617
Viewfinder frame 162
FileOutput: output buffer 0x7f910a8000 size 26831
Viewfinder frame 163
FileOutput: output buffer 0x7f90fe8000 size 26815
Viewfinder frame 164
FileOutput: output buffer 0x7f90f28000 size 26702
Viewfinder frame 165
FileOutput: output buffer 0x7f90e68000 size 26815
Viewfinder frame 166
FileOutput: output buffer 0x7f90da8000 size 26815
Viewfinder frame 167
FileOutput: output buffer 0x7f90ce8000 size 27006
Viewfinder frame 168
FileOutput: output buffer 0x7f91528000 size 26602
Viewfinder frame 169
FileOutput: output buffer 0x7f91468000 size 26767
Viewfinder frame 170
FileOutput: output buffer 0x7f913a8000 size 26739
Viewfinder frame 171
FileOutput: output buffer 0x7f912e8000 size 26384
Viewfinder frame 172
FileOutput: output buffer 0x7f91228000 size 26809
Viewfinder frame 173
FileOutput: output buffer 0x7f91168000 size 26865
Viewfinder frame 174
FileOutput: output buffer 0x7f910a8000 size 26790
Viewfinder frame 175
FileOutput: output buffer 0x7f90fe8000 size 26882
Viewfinder frame 176
FileOutput: output buffer 0x7f90f28000 size 26637
Viewfinder frame 177
FileOutput: output buffer 0x7f90e68000 size 26450
Viewfinder frame 178
FileOutput: output buffer 0x7f90da8000 size 26680
Viewfinder frame 179
FileOutput: output buffer 0x7f90ce8000 size 27101
Viewfinder frame 180
FileOutput: output buffer 0x7f91528000 size 64350
Viewfinder frame 181
FileOutput: output buffer 0x7f91468000 size 29518
Viewfinder frame 182
FileOutput: output buffer 0x7f913a8000 size 27583
Viewfinder frame 183
FileOutput: output buffer 0x7f912e8000 size 26843
Viewfinder frame 184
FileOutput: output buffer 0x7f91228000 size 27043
Viewfinder frame 185
FileOutput: output buffer 0x7f91168000 size 26749
Viewfinder frame 186
FileOutput: output buffer 0x7f910a8000 size 26829
Viewfinder frame 187
FileOutput: output buffer 0x7f90fe8000 size 26876
Viewfinder frame 188
FileOutput: output buffer 0x7f90f28000 size 26756
Viewfinder frame 189
FileOutput: output buffer 0x7f90e68000 size 28889
Viewfinder frame 190
FileOutput: output buffer 0x7f90da8000 size 27317
Viewfinder frame 191
FileOutput: output buffer 0x7f90ce8000 size 26827
Viewfinder frame 192
FileOutput: output buffer 0x7f91528000 size 26465
Viewfinder frame 193
FileOutput: output buffer 0x7f91468000 size 26596
Viewfinder frame 194
FileOutput: output buffer 0x7f913a8000 size 27005
Viewfinder frame 195
FileOutput: output buffer 0x7f912e8000 size 26970
Viewfinder frame 196
FileOutput: output buffer 0x7f91228000 size 27035
Viewfinder frame 197
FileOutput: output buffer 0x7f91168000 size 26589
Viewfinder frame 198
FileOutput: output buffer 0x7f910a8000 size 26975
Viewfinder frame 199
FileOutput: output buffer 0x7f90fe8000 size 26417
Viewfinder frame 200
FileOutput: output buffer 0x7f90f28000 size 26726
Viewfinder frame 201
FileOutput: output buffer 0x7f90e68000 size 26842
Viewfinder frame 202
FileOutput: output buffer 0x7f90da8000 size 26821
Viewfinder frame 203
FileOutput: output buffer 0x7f90ce8000 size 26684
Viewfinder frame 204
FileOutput: output buffer 0x7f91528000 size 26822
Viewfinder frame 205
FileOutput: output buffer 0x7f91468000 size 26749
Viewfinder frame 206
FileOutput: output buffer 0x7f913a8000 size 27061
Viewfinder frame 207
FileOutput: output buffer 0x7f912e8000 size 26847
Viewfinder frame 208
FileOutput: output buffer 0x7f91228000 size 26714
Viewfinder frame 209
FileOutput: output buffer 0x7f91168000 size 26827
Viewfinder frame 210
FileOutput: output buffer 0x7f910a8000 size 27024
Viewfinder frame 211
FileOutput: output buffer 0x7f90fe8000 size 26638
Viewfinder frame 212
FileOutput: output buffer 0x7f90f28000 size 29173
Viewfinder frame 213
FileOutput: output buffer 0x7f90e68000 size 27151
Viewfinder frame 214
FileOutput: output buffer 0x7f90da8000 size 26686
Viewfinder frame 215
FileOutput: output buffer 0x7f90ce8000 size 26738
Viewfinder frame 216
FileOutput: output buffer 0x7f91528000 size 26829
Viewfinder frame 217
FileOutput: output buffer 0x7f91468000 size 27028
Viewfinder frame 218
FileOutput: output buffer 0x7f913a8000 size 26873
Viewfinder frame 219
FileOutput: output buffer 0x7f912e8000 size 27066
Viewfinder frame 220
FileOutput: output buffer 0x7f91228000 size 26831
Viewfinder frame 221
FileOutput: output buffer 0x7f91168000 size 26845
Viewfinder frame 222
FileOutput: output buffer 0x7f910a8000 size 26913
Viewfinder frame 223
FileOutput: output buffer 0x7f90fe8000 size 26431
Viewfinder frame 224
FileOutput: output buffer 0x7f90f28000 size 26794
Viewfinder frame 225
FileOutput: output buffer 0x7f90e68000 size 26794
Viewfinder frame 226
FileOutput: output buffer 0x7f90da8000 size 26593
Viewfinder frame 227
FileOutput: output buffer 0x7f90ce8000 size 26725
Viewfinder frame 228
FileOutput: output buffer 0x7f91528000 size 26808
Viewfinder frame 229
FileOutput: output buffer 0x7f91468000 size 26836
Viewfinder frame 230
FileOutput: output buffer 0x7f913a8000 size 27024
Viewfinder frame 231
FileOutput: output buffer 0x7f912e8000 size 26546
Viewfinder frame 232
FileOutput: output buffer 0x7f91228000 size 28645
Viewfinder frame 233
FileOutput: output buffer 0x7f91168000 size 26971
Viewfinder frame 234
FileOutput: output buffer 0x7f910a8000 size 26838
Viewfinder frame 235
FileOutput: output buffer 0x7f90fe8000 size 26833
Viewfinder frame 236
FileOutput: output buffer 0x7f90f28000 size 26856
Viewfinder frame 237
FileOutput: output buffer 0x7f90e68000 size 26698
Viewfinder frame 238
FileOutput: output buffer 0x7f90da8000 size 26251
Viewfinder frame 239
FileOutput: output buffer 0x7f90ce8000 size 26615
Viewfinder frame 240
FileOutput: output buffer 0x7f91528000 size 64286
Viewfinder frame 241
FileOutput: output buffer 0x7f91468000 size 31514
Viewfinder frame 242
FileOutput: output buffer 0x7f913a8000 size 27810
Viewfinder frame 243
FileOutput: output buffer 0x7f912e8000 size 26894
Viewfinder frame 244
FileOutput: output buffer 0x7f91228000 size 26750
Viewfinder frame 245
FileOutput: output buffer 0x7f91168000 size 26731
Viewfinder frame 246
FileOutput: output buffer 0x7f910a8000 size 26705
Viewfinder frame 247
FileOutput: output buffer 0x7f90fe8000 size 26905
Viewfinder frame 248
FileOutput: output buffer 0x7f90f28000 size 26578
Viewfinder frame 249
FileOutput: output buffer 0x7f90e68000 size 26748
Viewfinder frame 250
FileOutput: output buffer 0x7f90da8000 size 26604
Viewfinder frame 251
FileOutput: output buffer 0x7f90ce8000 size 26706
Viewfinder frame 252
FileOutput: output buffer 0x7f91528000 size 26658
Viewfinder frame 253
FileOutput: output buffer 0x7f91468000 size 26751
Viewfinder frame 254
FileOutput: output buffer 0x7f913a8000 size 26722
Viewfinder frame 255
FileOutput: output buffer 0x7f912e8000 size 26655
Viewfinder frame 256
FileOutput: output buffer 0x7f91228000 size 26532
Viewfinder frame 257
FileOutput: output buffer 0x7f91168000 size 26695
Viewfinder frame 258
FileOutput: output buffer 0x7f910a8000 size 26756
Viewfinder frame 259
FileOutput: output buffer 0x7f90fe8000 size 26679
Viewfinder frame 260
FileOutput: output buffer 0x7f90f28000 size 27005
Viewfinder frame 261
FileOutput: output buffer 0x7f90e68000 size 28844
Viewfinder frame 262
FileOutput: output buffer 0x7f90da8000 size 26982
Viewfinder frame 263
FileOutput: output buffer 0x7f90ce8000 size 26451
Viewfinder frame 264
FileOutput: output buffer 0x7f91528000 size 26575
Viewfinder frame 265
FileOutput: output buffer 0x7f91468000 size 26552
Viewfinder frame 266
FileOutput: output buffer 0x7f913a8000 size 26618
Viewfinder frame 267
FileOutput: output buffer 0x7f912e8000 size 26777
Viewfinder frame 268
FileOutput: output buffer 0x7f91228000 size 29066
Viewfinder frame 269
FileOutput: output buffer 0x7f91168000 size 27214
Viewfinder frame 270
FileOutput: output buffer 0x7f910a8000 size 26818
Viewfinder frame 271
FileOutput: output buffer 0x7f90fe8000 size 26713
Viewfinder frame 272
FileOutput: output buffer 0x7f90f28000 size 26664
Viewfinder frame 273
FileOutput: output buffer 0x7f90e68000 size 26815
Viewfinder frame 274
FileOutput: output buffer 0x7f90da8000 size 26388
Viewfinder frame 275
FileOutput: output buffer 0x7f90ce8000 size 26807
Viewfinder frame 276
FileOutput: output buffer 0x7f91528000 size 26425
Viewfinder frame 277
Halting: reached timeout of 20000 milliseconds.
Camera stopped!
H264Encoder closed
Closing RPiCam application(frames displayed 277, dropped 0)
Camera stopped!
Tearing down requests, buffers and configuration
Camera closed
