COMMAND: rpicam-vid -n -v 2 -t 20000 --codec h264 --inline --width 1920 --height 1080 --framerate 12 --bitrate 8000000 --roi 0.291667,0.291667,0.416667,0.416667 -o /home/pi/sprint17_probe_shortlist_20260818T193005Z/s_tight_1080p12_full.h264 --mode 4608:2592:10:P
[11:26:31.827901451] [9273]  INFO Camera camera_manager.cpp:340 libcamera v0.7.1+rpt20260609
[11:26:31.872914318] [9277]  WARN CameraSensorProperties camera_sensor_properties.cpp:548 No static properties available for 'imx708_wide'
[11:26:31.873029369] [9277]  WARN CameraSensorProperties camera_sensor_properties.cpp:550 Please consider updating the camera sensor properties database
[11:26:31.958790417] [9277]  INFO RPI pipeline_base.cpp:1133 Using configuration file '/usr/share/libcamera/pipeline/rpi/vc4/rpi_apps.yaml'
[11:26:32.048544383] [9277]  INFO IPAProxy ipa_proxy.cpp:184 Using tuning file /usr/share/libcamera/ipa/rpi/vc4/imx708_wide.json
[11:26:32.062764411] [9277]  WARN CameraSensor camera_sensor_legacy.cpp:502 'imx708_wide': No sensor delays found in static properties. Assuming unverified defaults.
[11:26:32.064081217] [9277]  INFO Camera camera_manager.cpp:223 Adding camera '/base/soc/i2c0mux/i2c@1/imx708@1a' for pipeline handler rpi/vc4
[11:26:32.064183143] [9277]  INFO RPI vc4.cpp:445 Registered camera /base/soc/i2c0mux/i2c@1/imx708@1a to Unicam device /dev/media2 and ISP device /dev/media0
Options:
    verbose: 2
    info_text:
    timeout: 20000ms
    width: 1920
    height: 1080
    output: /home/pi/sprint17_probe_shortlist_20260818T193005Z/s_tight_1080p12_full.h264
    post_process_file: 
    post_process_libs: 
    preview: none
    qt-preview: 0
    transform: identity
    roi: 0.291667,0.291667,0.416667,0.416667
    metering: centre
    exposure: normal
    ev: 0
    awb: auto
    flush: false
    wrap: 0
    brightness: 0
    contrast: 1
    saturation: 1
    sharpness: 1
    framerate: 12
    denoise: auto
    viewfinder-width: 0
    viewfinder-height: 0
    tuning-file: (libcamera)
    lores-width: 0
    lores-height: 0
    lores-par: 0
    autofocus-range: normal
    autofocus-speed: normal
    autofocus-window: all
    hdr: off
    mode: 4608:2592:10:P
    viewfinder-mode: unspecified
    metadata: 
    metadata-format: json
Running without preview window
Opening camera...
Acquired camera /base/soc/i2c0mux/i2c@1/imx708@1a
Configuring video...
Mode selection for 4608:2592:10:P(12)
    SRGGB10_CSI2P,1536x864/120.135 - Score: 9600
    SRGGB10_CSI2P,2304x1296/56.0255 - Score: 7200
    SRGGB10_CSI2P,4608x2592/14.3536 - Score: 0
[11:26:32.077894271] [9273]  INFO Camera camera.cpp:1216 configuring streams: (0) 1920x1080-YUV420/Rec709 (1) 4608x2592-SBGGR10_CSI2P/RAW
[11:26:32.078420254] [9277]  INFO RPI vc4.cpp:620 Sensor: /base/soc/i2c0mux/i2c@1/imx708@1a - Selected sensor format: 4608x2592-SBGGR10_1X10/RAW - Selected unicam format: 4608x2592-pBAA/RAW
Camera streams configured
Available controls:
    AwbEnable : [false..true]
    NoiseReductionMode : [0..4]
    ColourGains : [0.000000..32.000000]
    AwbMode : [0..7]
    ColourTemperature : [100..100000]
    Saturation : [0.000000..32.000000]
    SyncMode : [0..2]
    AeEnable : [false..true]
    CnnEnableInputTensor : [false..true]
    AeExposureMode : [0..3]
    HdrMode : [0..4]
    AeConstraintMode : [0..3]
    AfTrigger : [0..1]
    LensPosition : [0.000000..35.000000]
    Contrast : [0.000000..32.000000]
    AfWindows : [(0, 0)/0x0..(65535, 65535)/65535x65535]
    AeFlickerPeriod : [100..1000000]
    AfSpeed : [0..1]
    StatsOutputEnable : [false..true]
    AfMetering : [0..1]
    AeMeteringMode : [0..3]
    AfRange : [0..2]
    FrameDurationLimits : [69669..220535845]
    AfMode : [0..2]
    AnalogueGainMode : [0..1]
    AfPause : [0..2]
    AnalogueGain : [1.122807..16.000000]
    ColourCorrectionMatrix : [0.000000..8.000000]
    Brightness : [-1.000000..1.000000]
    ExposureTime : [26..220416802]
    AeFlickerMode : [0..1]
    ExposureValue : [-8.000000..8.000000]
    ExposureTimeMode : [0..1]
    SyncFrames : [100..100000]
    Sharpness : [0.000000..16.000000]
    ScalerCrop : [(0, 0)/64x64..(0, 0)/4608x2592]
Buffers allocated and mapped
Video setup complete
Opened H264Encoder on /dev/video11 as fd 30
Got 6 output buffers
Got 12 capture buffers
Codec streaming started
Requests created
Using crop (main) (1344, 756)/1920x1080
Camera started!
Viewfinder frame 0
FileOutput: opened output file /home/pi/sprint17_probe_shortlist_20260818T193005Z/s_tight_1080p12_full.h264
FileOutput: output buffer 0x7fabc32000 size 17924
Viewfinder frame 1
FileOutput: output buffer 0x7fabb72000 size 3423
Viewfinder frame 2
FileOutput: output buffer 0x7fabab2000 size 2824
Viewfinder frame 3
FileOutput: output buffer 0x7fab9f2000 size 5576
Viewfinder frame 4
FileOutput: output buffer 0x7fab932000 size 9054
Viewfinder frame 5
FileOutput: output buffer 0x7fab872000 size 10908
Viewfinder frame 6
FileOutput: output buffer 0x7fab7b2000 size 15087
Viewfinder frame 7
FileOutput: output buffer 0x7fab6f2000 size 19740
Viewfinder frame 8
FileOutput: output buffer 0x7fab632000 size 24277
Viewfinder frame 9
FileOutput: output buffer 0x7fab572000 size 35114
Viewfinder frame 10
FileOutput: output buffer 0x7fab4b2000 size 34911
Viewfinder frame 11
FileOutput: output buffer 0x7fab3f2000 size 32510
Viewfinder frame 12
FileOutput: output buffer 0x7fabc32000 size 31683
Viewfinder frame 13
FileOutput: output buffer 0x7fabb72000 size 30854
Viewfinder frame 14
FileOutput: output buffer 0x7fabab2000 size 31936
Viewfinder frame 15
FileOutput: output buffer 0x7fab9f2000 size 31118
Viewfinder frame 16
FileOutput: output buffer 0x7fab932000 size 31195
Viewfinder frame 17
FileOutput: output buffer 0x7fab872000 size 31395
Viewfinder frame 18
FileOutput: output buffer 0x7fab7b2000 size 30803
Viewfinder frame 19
FileOutput: output buffer 0x7fab6f2000 size 30729
Viewfinder frame 20
FileOutput: output buffer 0x7fab632000 size 30786
Viewfinder frame 21
FileOutput: output buffer 0x7fab572000 size 31406
Viewfinder frame 22
FileOutput: output buffer 0x7fab4b2000 size 31053
Viewfinder frame 23
FileOutput: output buffer 0x7fab3f2000 size 31402
Viewfinder frame 24
FileOutput: output buffer 0x7fabc32000 size 30852
Viewfinder frame 25
FileOutput: output buffer 0x7fabb72000 size 31108
Viewfinder frame 26
FileOutput: output buffer 0x7fabab2000 size 30567
Viewfinder frame 27
FileOutput: output buffer 0x7fab9f2000 size 30138
Viewfinder frame 28
FileOutput: output buffer 0x7fab932000 size 31226
Viewfinder frame 29
FileOutput: output buffer 0x7fab872000 size 30833
Viewfinder frame 30
FileOutput: output buffer 0x7fab7b2000 size 30876
Viewfinder frame 31
FileOutput: output buffer 0x7fab6f2000 size 30534
Viewfinder frame 32
FileOutput: output buffer 0x7fab632000 size 30841
Viewfinder frame 33
FileOutput: output buffer 0x7fab572000 size 30243
Viewfinder frame 34
FileOutput: output buffer 0x7fab4b2000 size 30472
Viewfinder frame 35
FileOutput: output buffer 0x7fab3f2000 size 30440
Viewfinder frame 36
FileOutput: output buffer 0x7fabc32000 size 30429
Viewfinder frame 37
FileOutput: output buffer 0x7fabb72000 size 30792
Viewfinder frame 38
FileOutput: output buffer 0x7fabab2000 size 30088
Viewfinder frame 39
FileOutput: output buffer 0x7fab9f2000 size 30116
Viewfinder frame 40
FileOutput: output buffer 0x7fab932000 size 30232
Viewfinder frame 41
FileOutput: output buffer 0x7fab872000 size 29974
Viewfinder frame 42
FileOutput: output buffer 0x7fab7b2000 size 30436
Viewfinder frame 43
FileOutput: output buffer 0x7fab6f2000 size 30235
Viewfinder frame 44
FileOutput: output buffer 0x7fab632000 size 29943
Viewfinder frame 45
FileOutput: output buffer 0x7fab572000 size 30023
Viewfinder frame 46
FileOutput: output buffer 0x7fab4b2000 size 30298
Viewfinder frame 47
FileOutput: output buffer 0x7fab3f2000 size 29854
Viewfinder frame 48
FileOutput: output buffer 0x7fabc32000 size 30169
Viewfinder frame 49
FileOutput: output buffer 0x7fabb72000 size 30176
Viewfinder frame 50
FileOutput: output buffer 0x7fabab2000 size 30174
Viewfinder frame 51
FileOutput: output buffer 0x7fab9f2000 size 30491
Viewfinder frame 52
FileOutput: output buffer 0x7fab932000 size 30060
Viewfinder frame 53
FileOutput: output buffer 0x7fab872000 size 29694
Viewfinder frame 54
FileOutput: output buffer 0x7fab7b2000 size 29811
Viewfinder frame 55
FileOutput: output buffer 0x7fab6f2000 size 30022
Viewfinder frame 56
FileOutput: output buffer 0x7fab632000 size 30316
Viewfinder frame 57
FileOutput: output buffer 0x7fab572000 size 30465
Viewfinder frame 58
FileOutput: output buffer 0x7fab4b2000 size 30189
Viewfinder frame 59
FileOutput: output buffer 0x7fab3f2000 size 30371
Viewfinder frame 60
FileOutput: output buffer 0x7fabc32000 size 76771
Viewfinder frame 61
FileOutput: output buffer 0x7fabb72000 size 33110
Viewfinder frame 62
FileOutput: output buffer 0x7fabab2000 size 30766
Viewfinder frame 63
FileOutput: output buffer 0x7fab9f2000 size 29877
Viewfinder frame 64
FileOutput: output buffer 0x7fab932000 size 29901
Viewfinder frame 65
FileOutput: output buffer 0x7fab872000 size 29736
Viewfinder frame 66
FileOutput: output buffer 0x7fab7b2000 size 29699
Viewfinder frame 67
FileOutput: output buffer 0x7fab6f2000 size 29827
Viewfinder frame 68
FileOutput: output buffer 0x7fab632000 size 29623
Viewfinder frame 69
FileOutput: output buffer 0x7fab572000 size 30153
Viewfinder frame 70
FileOutput: output buffer 0x7fab4b2000 size 29964
Viewfinder frame 71
FileOutput: output buffer 0x7fab3f2000 size 29665
Viewfinder frame 72
FileOutput: output buffer 0x7fabc32000 size 29626
Viewfinder frame 73
FileOutput: output buffer 0x7fabb72000 size 29638
Viewfinder frame 74
FileOutput: output buffer 0x7fabab2000 size 29771
Viewfinder frame 75
FileOutput: output buffer 0x7fab9f2000 size 29962
Viewfinder frame 76
FileOutput: output buffer 0x7fab932000 size 29656
Viewfinder frame 77
FileOutput: output buffer 0x7fab872000 size 29664
Viewfinder frame 78
FileOutput: output buffer 0x7fab7b2000 size 29496
Viewfinder frame 79
FileOutput: output buffer 0x7fab6f2000 size 29976
Viewfinder frame 80
FileOutput: output buffer 0x7fab632000 size 29708
Viewfinder frame 81
FileOutput: output buffer 0x7fab572000 size 29857
Viewfinder frame 82
FileOutput: output buffer 0x7fab4b2000 size 29754
Viewfinder frame 83
FileOutput: output buffer 0x7fab3f2000 size 29776
Viewfinder frame 84
FileOutput: output buffer 0x7fabc32000 size 29702
Viewfinder frame 85
FileOutput: output buffer 0x7fabb72000 size 29780
Viewfinder frame 86
FileOutput: output buffer 0x7fabab2000 size 29917
Viewfinder frame 87
FileOutput: output buffer 0x7fab9f2000 size 29844
Viewfinder frame 88
FileOutput: output buffer 0x7fab932000 size 29641
Viewfinder frame 89
FileOutput: output buffer 0x7fab872000 size 29569
Viewfinder frame 90
FileOutput: output buffer 0x7fab7b2000 size 29746
Viewfinder frame 91
FileOutput: output buffer 0x7fab6f2000 size 29995
Viewfinder frame 92
FileOutput: output buffer 0x7fab632000 size 29712
Viewfinder frame 93
FileOutput: output buffer 0x7fab572000 size 29532
Viewfinder frame 94
FileOutput: output buffer 0x7fab4b2000 size 29606
Viewfinder frame 95
FileOutput: output buffer 0x7fab3f2000 size 29754
Viewfinder frame 96
FileOutput: output buffer 0x7fabc32000 size 29768
Viewfinder frame 97
FileOutput: output buffer 0x7fabb72000 size 29492
Viewfinder frame 98
FileOutput: output buffer 0x7fabab2000 size 29699
Viewfinder frame 99
FileOutput: output buffer 0x7fab9f2000 size 34134
Viewfinder frame 100
FileOutput: output buffer 0x7fab932000 size 31198
Viewfinder frame 101
FileOutput: output buffer 0x7fab872000 size 30670
Viewfinder frame 102
FileOutput: output buffer 0x7fab7b2000 size 30113
Viewfinder frame 103
FileOutput: output buffer 0x7fab6f2000 size 29873
Viewfinder frame 104
FileOutput: output buffer 0x7fab632000 size 30185
Viewfinder frame 105
FileOutput: output buffer 0x7fab572000 size 30145
Viewfinder frame 106
FileOutput: output buffer 0x7fab4b2000 size 30319
Viewfinder frame 107
FileOutput: output buffer 0x7fab3f2000 size 30047
Viewfinder frame 108
FileOutput: output buffer 0x7fabc32000 size 29966
Viewfinder frame 109
FileOutput: output buffer 0x7fabb72000 size 30135
Viewfinder frame 110
FileOutput: output buffer 0x7fabab2000 size 29999
Viewfinder frame 111
FileOutput: output buffer 0x7fab9f2000 size 30395
Viewfinder frame 112
FileOutput: output buffer 0x7fab932000 size 30017
Viewfinder frame 113
FileOutput: output buffer 0x7fab872000 size 30081
Viewfinder frame 114
FileOutput: output buffer 0x7fab7b2000 size 30173
Viewfinder frame 115
FileOutput: output buffer 0x7fab6f2000 size 30413
Viewfinder frame 116
FileOutput: output buffer 0x7fab632000 size 30421
Viewfinder frame 117
FileOutput: output buffer 0x7fab572000 size 30284
Viewfinder frame 118
FileOutput: output buffer 0x7fab4b2000 size 30265
Viewfinder frame 119
FileOutput: output buffer 0x7fab3f2000 size 30544
Viewfinder frame 120
FileOutput: output buffer 0x7fabc32000 size 76894
Viewfinder frame 121
FileOutput: output buffer 0x7fabb72000 size 33893
Viewfinder frame 122
FileOutput: output buffer 0x7fabab2000 size 31267
Viewfinder frame 123
FileOutput: output buffer 0x7fab9f2000 size 30357
Viewfinder frame 124
FileOutput: output buffer 0x7fab932000 size 30159
Viewfinder frame 125
FileOutput: output buffer 0x7fab872000 size 30399
Viewfinder frame 126
FileOutput: output buffer 0x7fab7b2000 size 30669
Viewfinder frame 127
FileOutput: output buffer 0x7fab6f2000 size 30290
Viewfinder frame 128
FileOutput: output buffer 0x7fab632000 size 30283
Viewfinder frame 129
FileOutput: output buffer 0x7fab572000 size 30279
Viewfinder frame 130
FileOutput: output buffer 0x7fab4b2000 size 30432
Viewfinder frame 131
FileOutput: output buffer 0x7fab3f2000 size 30816
Viewfinder frame 132
FileOutput: output buffer 0x7fabc32000 size 30585
Viewfinder frame 133
FileOutput: output buffer 0x7fabb72000 size 30325
Viewfinder frame 134
FileOutput: output buffer 0x7fabab2000 size 30394
Viewfinder frame 135
FileOutput: output buffer 0x7fab9f2000 size 30423
Viewfinder frame 136
FileOutput: output buffer 0x7fab932000 size 30508
Viewfinder frame 137
FileOutput: output buffer 0x7fab872000 size 30664
Viewfinder frame 138
FileOutput: output buffer 0x7fab7b2000 size 30593
Viewfinder frame 139
FileOutput: output buffer 0x7fab6f2000 size 30731
Viewfinder frame 140
FileOutput: output buffer 0x7fab632000 size 30746
Viewfinder frame 141
FileOutput: output buffer 0x7fab572000 size 30198
Viewfinder frame 142
FileOutput: output buffer 0x7fab4b2000 size 30441
Viewfinder frame 143
FileOutput: output buffer 0x7fab3f2000 size 30455
Viewfinder frame 144
FileOutput: output buffer 0x7fabc32000 size 30121
Viewfinder frame 145
FileOutput: output buffer 0x7fabb72000 size 30150
Viewfinder frame 146
FileOutput: output buffer 0x7fabab2000 size 30171
Viewfinder frame 147
FileOutput: output buffer 0x7fab9f2000 size 30056
Viewfinder frame 148
FileOutput: output buffer 0x7fab932000 size 29907
Viewfinder frame 149
FileOutput: output buffer 0x7fab872000 size 30190
Viewfinder frame 150
FileOutput: output buffer 0x7fab7b2000 size 30215
Viewfinder frame 151
FileOutput: output buffer 0x7fab6f2000 size 30500
Viewfinder frame 152
FileOutput: output buffer 0x7fab632000 size 30181
Viewfinder frame 153
FileOutput: output buffer 0x7fab572000 size 29946
Viewfinder frame 154
FileOutput: output buffer 0x7fab4b2000 size 30332
Viewfinder frame 155
FileOutput: output buffer 0x7fab3f2000 size 30133
Viewfinder frame 156
FileOutput: output buffer 0x7fabc32000 size 30453
Viewfinder frame 157
FileOutput: output buffer 0x7fabb72000 size 30163
Viewfinder frame 158
FileOutput: output buffer 0x7fabab2000 size 30148
Viewfinder frame 159
FileOutput: output buffer 0x7fab9f2000 size 30137
Viewfinder frame 160
FileOutput: output buffer 0x7fab932000 size 30290
Viewfinder frame 161
FileOutput: output buffer 0x7fab872000 size 30524
Viewfinder frame 162
FileOutput: output buffer 0x7fab7b2000 size 30165
Viewfinder frame 163
FileOutput: output buffer 0x7fab6f2000 size 30185
Viewfinder frame 164
FileOutput: output buffer 0x7fab632000 size 30304
Viewfinder frame 165
FileOutput: output buffer 0x7fab572000 size 30609
Viewfinder frame 166
FileOutput: output buffer 0x7fab4b2000 size 30477
Viewfinder frame 167
FileOutput: output buffer 0x7fab3f2000 size 30526
Viewfinder frame 168
FileOutput: output buffer 0x7fabc32000 size 30597
Viewfinder frame 169
FileOutput: output buffer 0x7fabb72000 size 30623
Viewfinder frame 170
FileOutput: output buffer 0x7fabab2000 size 30636
Viewfinder frame 171
FileOutput: output buffer 0x7fab9f2000 size 30648
Viewfinder frame 172
FileOutput: output buffer 0x7fab932000 size 30578
Viewfinder frame 173
FileOutput: output buffer 0x7fab872000 size 30674
Viewfinder frame 174
FileOutput: output buffer 0x7fab7b2000 size 30360
Viewfinder frame 175
FileOutput: output buffer 0x7fab6f2000 size 30508
Viewfinder frame 176
FileOutput: output buffer 0x7fab632000 size 30149
Viewfinder frame 177
FileOutput: output buffer 0x7fab572000 size 30268
Viewfinder frame 178
FileOutput: output buffer 0x7fab4b2000 size 30324
Viewfinder frame 179
FileOutput: output buffer 0x7fab3f2000 size 30369
Viewfinder frame 180
FileOutput: output buffer 0x7fabc32000 size 75718
Viewfinder frame 181
FileOutput: output buffer 0x7fabb72000 size 33523
Viewfinder frame 182
FileOutput: output buffer 0x7fabab2000 size 31135
Viewfinder frame 183
FileOutput: output buffer 0x7fab9f2000 size 30348
Viewfinder frame 184
FileOutput: output buffer 0x7fab932000 size 30038
Viewfinder frame 185
FileOutput: output buffer 0x7fab872000 size 31372
Viewfinder frame 186
FileOutput: output buffer 0x7fab7b2000 size 30314
Viewfinder frame 187
FileOutput: output buffer 0x7fab6f2000 size 30199
Viewfinder frame 188
FileOutput: output buffer 0x7fab632000 size 30388
Viewfinder frame 189
FileOutput: output buffer 0x7fab572000 size 30187
Viewfinder frame 190
FileOutput: output buffer 0x7fab4b2000 size 30050
Viewfinder frame 191
FileOutput: output buffer 0x7fab3f2000 size 30055
Viewfinder frame 192
FileOutput: output buffer 0x7fabc32000 size 30697
Viewfinder frame 193
FileOutput: output buffer 0x7fabb72000 size 30298
Viewfinder frame 194
FileOutput: output buffer 0x7fabab2000 size 29898
Viewfinder frame 195
FileOutput: output buffer 0x7fab9f2000 size 30661
Viewfinder frame 196
FileOutput: output buffer 0x7fab932000 size 31081
Viewfinder frame 197
FileOutput: output buffer 0x7fab872000 size 30466
Viewfinder frame 198
FileOutput: output buffer 0x7fab7b2000 size 30171
Viewfinder frame 199
FileOutput: output buffer 0x7fab6f2000 size 29825
Viewfinder frame 200
FileOutput: output buffer 0x7fab632000 size 30074
Viewfinder frame 201
FileOutput: output buffer 0x7fab572000 size 29976
Viewfinder frame 202
FileOutput: output buffer 0x7fab4b2000 size 30546
Viewfinder frame 203
FileOutput: output buffer 0x7fab3f2000 size 30321
Viewfinder frame 204
FileOutput: output buffer 0x7fabc32000 size 30133
Viewfinder frame 205
FileOutput: output buffer 0x7fabb72000 size 30082
Viewfinder frame 206
FileOutput: output buffer 0x7fabab2000 size 30230
Viewfinder frame 207
FileOutput: output buffer 0x7fab9f2000 size 30247
Viewfinder frame 208
FileOutput: output buffer 0x7fab932000 size 30183
Viewfinder frame 209
FileOutput: output buffer 0x7fab872000 size 30132
Viewfinder frame 210
FileOutput: output buffer 0x7fab7b2000 size 30001
Viewfinder frame 211
FileOutput: output buffer 0x7fab6f2000 size 29965
Viewfinder frame 212
FileOutput: output buffer 0x7fab632000 size 29875
Viewfinder frame 213
FileOutput: output buffer 0x7fab572000 size 29806
Viewfinder frame 214
FileOutput: output buffer 0x7fab4b2000 size 30274
Viewfinder frame 215
FileOutput: output buffer 0x7fab3f2000 size 30101
Viewfinder frame 216
FileOutput: output buffer 0x7fabc32000 size 30221
Viewfinder frame 217
FileOutput: output buffer 0x7fabb72000 size 30086
Viewfinder frame 218
FileOutput: output buffer 0x7fabab2000 size 29929
Viewfinder frame 219
FileOutput: output buffer 0x7fab9f2000 size 29894
Viewfinder frame 220
FileOutput: output buffer 0x7fab932000 size 30586
Viewfinder frame 221
FileOutput: output buffer 0x7fab872000 size 30563
Viewfinder frame 222
FileOutput: output buffer 0x7fab7b2000 size 30422
Viewfinder frame 223
FileOutput: output buffer 0x7fab6f2000 size 30164
Viewfinder frame 224
FileOutput: output buffer 0x7fab632000 size 30438
Viewfinder frame 225
FileOutput: output buffer 0x7fab572000 size 30155
Viewfinder frame 226
FileOutput: output buffer 0x7fab4b2000 size 30589
Viewfinder frame 227
FileOutput: output buffer 0x7fab3f2000 size 30761
Viewfinder frame 228
FileOutput: output buffer 0x7fabc32000 size 30136
Viewfinder frame 229
FileOutput: output buffer 0x7fabb72000 size 30066
Viewfinder frame 230
Halting: reached timeout of 20000 milliseconds.
Camera stopped!
H264Encoder closed
Closing RPiCam application(frames displayed 230, dropped 0)
Camera stopped!
Tearing down requests, buffers and configuration
Camera closed
