COMMAND: rpicam-vid -n -v 2 -t 20000 --codec h264 --inline --width 1920 --height 1080 --framerate 15 --bitrate 8000000 --roi 0,0,1,1 -o /home/pi/sprint17_probe_shortlist_20260818T193005Z/s_wide_1080p15.h264 --mode 2304:1296:10:P
[11:23:22.431137862] [8966]  INFO Camera camera_manager.cpp:340 libcamera v0.7.1+rpt20260609
[11:23:22.478836583] [8970]  WARN CameraSensorProperties camera_sensor_properties.cpp:548 No static properties available for 'imx708_wide'
[11:23:22.478950696] [8970]  WARN CameraSensorProperties camera_sensor_properties.cpp:550 Please consider updating the camera sensor properties database
[11:23:22.562798894] [8970]  INFO RPI pipeline_base.cpp:1133 Using configuration file '/usr/share/libcamera/pipeline/rpi/vc4/rpi_apps.yaml'
[11:23:22.652454656] [8970]  INFO IPAProxy ipa_proxy.cpp:184 Using tuning file /usr/share/libcamera/ipa/rpi/vc4/imx708_wide.json
[11:23:22.666712920] [8970]  WARN CameraSensor camera_sensor_legacy.cpp:502 'imx708_wide': No sensor delays found in static properties. Assuming unverified defaults.
[11:23:22.667951962] [8970]  INFO Camera camera_manager.cpp:223 Adding camera '/base/soc/i2c0mux/i2c@1/imx708@1a' for pipeline handler rpi/vc4
[11:23:22.668079356] [8970]  INFO RPI vc4.cpp:445 Registered camera /base/soc/i2c0mux/i2c@1/imx708@1a to Unicam device /dev/media2 and ISP device /dev/media0
Options:
    verbose: 2
    info_text:
    timeout: 20000ms
    width: 1920
    height: 1080
    output: /home/pi/sprint17_probe_shortlist_20260818T193005Z/s_wide_1080p15.h264
    post_process_file: 
    post_process_libs: 
    preview: none
    qt-preview: 0
    transform: identity
    roi: 0,0,1,1
    metering: centre
    exposure: normal
    ev: 0
    awb: auto
    flush: false
    wrap: 0
    brightness: 0
    contrast: 1
    saturation: 1
    sharpness: 1
    framerate: 15
    denoise: auto
    viewfinder-width: 0
    viewfinder-height: 0
    tuning-file: (libcamera)
    lores-width: 0
    lores-height: 0
    lores-par: 0
    autofocus-range: normal
    autofocus-speed: normal
    autofocus-window: all
    hdr: off
    mode: 2304:1296:10:P
    viewfinder-mode: unspecified
    metadata: 
    metadata-format: json
Running without preview window
Opening camera...
Acquired camera /base/soc/i2c0mux/i2c@1/imx708@1a
Configuring video...
Mode selection for 2304:1296:10:P(15)
    SRGGB10_CSI2P,1536x864/120.135 - Score: 2400
    SRGGB10_CSI2P,2304x1296/56.0255 - Score: 0
    SRGGB10_CSI2P,4608x2592/14.3536 - Score: 2192.83
[11:23:22.681329771] [8966]  INFO Camera camera.cpp:1216 configuring streams: (0) 1920x1080-YUV420/Rec709 (1) 2304x1296-SBGGR10_CSI2P/RAW
[11:23:22.681876585] [8970]  INFO RPI vc4.cpp:620 Sensor: /base/soc/i2c0mux/i2c@1/imx708@1a - Selected sensor format: 2304x1296-SBGGR10_1X10/RAW - Selected unicam format: 2304x1296-pBAA/RAW
Camera streams configured
Available controls:
    AwbEnable : [false..true]
    NoiseReductionMode : [0..4]
    ColourGains : [0.000000..32.000000]
    AwbMode : [0..7]
    ColourTemperature : [100..100000]
    Saturation : [0.000000..32.000000]
    SyncMode : [0..2]
    AeEnable : [false..true]
    CnnEnableInputTensor : [false..true]
    AeExposureMode : [0..3]
    HdrMode : [0..4]
    AeConstraintMode : [0..3]
    AfTrigger : [0..1]
    LensPosition : [0.000000..35.000000]
    Contrast : [0.000000..32.000000]
    AfWindows : [(0, 0)/0x0..(65535, 65535)/65535x65535]
    AeFlickerPeriod : [100..1000000]
    AfSpeed : [0..1]
    StatsOutputEnable : [false..true]
    AfMetering : [0..1]
    AeMeteringMode : [0..3]
    AfRange : [0..2]
    FrameDurationLimits : [17849..112075593]
    AfMode : [0..2]
    AnalogueGainMode : [0..1]
    AfPause : [0..2]
    AnalogueGain : [1.122807..16.000000]
    ColourCorrectionMatrix : [0.000000..8.000000]
    Brightness : [-1.000000..1.000000]
    ExposureTime : [13..112015096]
    AeFlickerMode : [0..1]
    ExposureValue : [-8.000000..8.000000]
    ExposureTimeMode : [0..1]
    SyncFrames : [100..100000]
    Sharpness : [0.000000..16.000000]
    ScalerCrop : [(0, 0)/128x128..(0, 0)/4608x2592]
Buffers allocated and mapped
Video setup complete
Opened H264Encoder on /dev/video11 as fd 30
Got 6 output buffers
Got 12 capture buffers
Codec streaming started
Requests created
Using crop (main) (0, 0)/4608x2592
Camera started!
Viewfinder frame 0
FileOutput: opened output file /home/pi/sprint17_probe_shortlist_20260818T193005Z/s_wide_1080p15.h264
FileOutput: output buffer 0x7f7c0a8000 size 19839
Viewfinder frame 1
FileOutput: output buffer 0x7f752f8000 size 2589
Viewfinder frame 2
FileOutput: output buffer 0x7f75238000 size 2007
Viewfinder frame 3
FileOutput: output buffer 0x7f75178000 size 5001
Viewfinder frame 4
FileOutput: output buffer 0x7f750b8000 size 8395
Viewfinder frame 5
FileOutput: output buffer 0x7f74ff8000 size 10489
Viewfinder frame 6
FileOutput: output buffer 0x7f74f38000 size 14811
Viewfinder frame 7
FileOutput: output buffer 0x7f74e78000 size 18137
Viewfinder frame 8
FileOutput: output buffer 0x7f74db8000 size 23450
Viewfinder frame 9
FileOutput: output buffer 0x7f74cf8000 size 34951
Viewfinder frame 10
FileOutput: output buffer 0x7f74c38000 size 33609
Viewfinder frame 11
FileOutput: output buffer 0x7f74b78000 size 30402
Viewfinder frame 12
FileOutput: output buffer 0x7f7c0a8000 size 29640
Viewfinder frame 13
FileOutput: output buffer 0x7f752f8000 size 30696
Viewfinder frame 14
FileOutput: output buffer 0x7f75238000 size 28077
Viewfinder frame 15
FileOutput: output buffer 0x7f75178000 size 28070
Viewfinder frame 16
FileOutput: output buffer 0x7f750b8000 size 29191
Viewfinder frame 17
FileOutput: output buffer 0x7f74ff8000 size 27392
Viewfinder frame 18
FileOutput: output buffer 0x7f74f38000 size 27592
Viewfinder frame 19
FileOutput: output buffer 0x7f74e78000 size 29739
Viewfinder frame 20
FileOutput: output buffer 0x7f74db8000 size 27027
Viewfinder frame 21
FileOutput: output buffer 0x7f74cf8000 size 26958
Viewfinder frame 22
FileOutput: output buffer 0x7f74c38000 size 27027
Viewfinder frame 23
FileOutput: output buffer 0x7f74b78000 size 30196
Viewfinder frame 24
FileOutput: output buffer 0x7f7c0a8000 size 27185
Viewfinder frame 25
FileOutput: output buffer 0x7f752f8000 size 26731
Viewfinder frame 26
FileOutput: output buffer 0x7f75238000 size 27275
Viewfinder frame 27
FileOutput: output buffer 0x7f75178000 size 29308
Viewfinder frame 28
FileOutput: output buffer 0x7f750b8000 size 26713
Viewfinder frame 29
FileOutput: output buffer 0x7f74ff8000 size 27007
Viewfinder frame 30
FileOutput: output buffer 0x7f74f38000 size 27180
Viewfinder frame 31
FileOutput: output buffer 0x7f74e78000 size 28677
Viewfinder frame 32
FileOutput: output buffer 0x7f74db8000 size 26994
Viewfinder frame 33
FileOutput: output buffer 0x7f74cf8000 size 27251
Viewfinder frame 34
FileOutput: output buffer 0x7f74c38000 size 28648
Viewfinder frame 35
FileOutput: output buffer 0x7f74b78000 size 26910
Viewfinder frame 36
FileOutput: output buffer 0x7f7c0a8000 size 26898
Viewfinder frame 37
FileOutput: output buffer 0x7f752f8000 size 29284
Viewfinder frame 38
FileOutput: output buffer 0x7f75238000 size 27028
Viewfinder frame 39
FileOutput: output buffer 0x7f75178000 size 26656
Viewfinder frame 40
FileOutput: output buffer 0x7f750b8000 size 26685
Viewfinder frame 41
FileOutput: output buffer 0x7f74ff8000 size 31381
Viewfinder frame 42
FileOutput: output buffer 0x7f74f38000 size 27389
Viewfinder frame 43
FileOutput: output buffer 0x7f74e78000 size 26923
Viewfinder frame 44
FileOutput: output buffer 0x7f74db8000 size 26605
Viewfinder frame 45
FileOutput: output buffer 0x7f74cf8000 size 26459
Viewfinder frame 46
FileOutput: output buffer 0x7f74c38000 size 26681
Viewfinder frame 47
FileOutput: output buffer 0x7f74b78000 size 26771
Viewfinder frame 48
FileOutput: output buffer 0x7f7c0a8000 size 26589
Viewfinder frame 49
FileOutput: output buffer 0x7f752f8000 size 26774
Viewfinder frame 50
FileOutput: output buffer 0x7f75238000 size 26614
Viewfinder frame 51
FileOutput: output buffer 0x7f75178000 size 26811
Viewfinder frame 52
FileOutput: output buffer 0x7f750b8000 size 26676
Viewfinder frame 53
FileOutput: output buffer 0x7f74ff8000 size 30461
Viewfinder frame 54
FileOutput: output buffer 0x7f74f38000 size 27032
Viewfinder frame 55
FileOutput: output buffer 0x7f74e78000 size 27199
Viewfinder frame 56
FileOutput: output buffer 0x7f74db8000 size 27621
Viewfinder frame 57
FileOutput: output buffer 0x7f74cf8000 size 26955
Viewfinder frame 58
FileOutput: output buffer 0x7f74c38000 size 26781
Viewfinder frame 59
FileOutput: output buffer 0x7f74b78000 size 26965
Viewfinder frame 60
FileOutput: output buffer 0x7f7c0a8000 size 93894
Viewfinder frame 61
FileOutput: output buffer 0x7f752f8000 size 30489
Viewfinder frame 62
FileOutput: output buffer 0x7f75238000 size 29708
Viewfinder frame 63
FileOutput: output buffer 0x7f75178000 size 27101
Viewfinder frame 64
FileOutput: output buffer 0x7f750b8000 size 27204
Viewfinder frame 65
FileOutput: output buffer 0x7f74ff8000 size 27436
Viewfinder frame 66
FileOutput: output buffer 0x7f74f38000 size 27437
Viewfinder frame 67
FileOutput: output buffer 0x7f74e78000 size 26802
Viewfinder frame 68
FileOutput: output buffer 0x7f74db8000 size 27261
Viewfinder frame 69
FileOutput: output buffer 0x7f74cf8000 size 28388
Viewfinder frame 70
FileOutput: output buffer 0x7f74c38000 size 26396
Viewfinder frame 71
FileOutput: output buffer 0x7f74b78000 size 26892
Viewfinder frame 72
FileOutput: output buffer 0x7f7c0a8000 size 29917
Viewfinder frame 73
FileOutput: output buffer 0x7f752f8000 size 26555
Viewfinder frame 74
FileOutput: output buffer 0x7f75238000 size 26541
Viewfinder frame 75
FileOutput: output buffer 0x7f75178000 size 30017
Viewfinder frame 76
FileOutput: output buffer 0x7f750b8000 size 26535
Viewfinder frame 77
FileOutput: output buffer 0x7f74ff8000 size 26307
Viewfinder frame 78
FileOutput: output buffer 0x7f74f38000 size 26274
Viewfinder frame 79
FileOutput: output buffer 0x7f74e78000 size 26220
Viewfinder frame 80
FileOutput: output buffer 0x7f74db8000 size 29978
Viewfinder frame 81
FileOutput: output buffer 0x7f74cf8000 size 27042
Viewfinder frame 82
FileOutput: output buffer 0x7f74c38000 size 26629
Viewfinder frame 83
FileOutput: output buffer 0x7f74b78000 size 26891
Viewfinder frame 84
FileOutput: output buffer 0x7f7c0a8000 size 27531
Viewfinder frame 85
FileOutput: output buffer 0x7f752f8000 size 27077
Viewfinder frame 86
FileOutput: output buffer 0x7f75238000 size 27039
Viewfinder frame 87
FileOutput: output buffer 0x7f75178000 size 26803
Viewfinder frame 88
FileOutput: output buffer 0x7f750b8000 size 26789
Viewfinder frame 89
FileOutput: output buffer 0x7f74ff8000 size 26933
Viewfinder frame 90
FileOutput: output buffer 0x7f74f38000 size 26630
Viewfinder frame 91
FileOutput: output buffer 0x7f74e78000 size 26659
Viewfinder frame 92
FileOutput: output buffer 0x7f74db8000 size 26797
Viewfinder frame 93
FileOutput: output buffer 0x7f74cf8000 size 27039
Viewfinder frame 94
FileOutput: output buffer 0x7f74c38000 size 27365
Viewfinder frame 95
FileOutput: output buffer 0x7f74b78000 size 27447
Viewfinder frame 96
FileOutput: output buffer 0x7f7c0a8000 size 29669
Viewfinder frame 97
FileOutput: output buffer 0x7f752f8000 size 29742
Viewfinder frame 98
FileOutput: output buffer 0x7f75238000 size 28792
Viewfinder frame 99
FileOutput: output buffer 0x7f75178000 size 28823
Viewfinder frame 100
FileOutput: output buffer 0x7f750b8000 size 29050
Viewfinder frame 101
FileOutput: output buffer 0x7f74ff8000 size 29356
Viewfinder frame 102
FileOutput: output buffer 0x7f74f38000 size 28804
Viewfinder frame 103
FileOutput: output buffer 0x7f74e78000 size 31978
Viewfinder frame 104
FileOutput: output buffer 0x7f74db8000 size 30493
Viewfinder frame 105
FileOutput: output buffer 0x7f74cf8000 size 29822
Viewfinder frame 106
FileOutput: output buffer 0x7f74c38000 size 31171
Viewfinder frame 107
FileOutput: output buffer 0x7f74b78000 size 29669
Viewfinder frame 108
FileOutput: output buffer 0x7f7c0a8000 size 29441
Viewfinder frame 109
FileOutput: output buffer 0x7f752f8000 size 29757
Viewfinder frame 110
FileOutput: output buffer 0x7f75238000 size 28563
Viewfinder frame 111
FileOutput: output buffer 0x7f75178000 size 27480
Viewfinder frame 112
FileOutput: output buffer 0x7f750b8000 size 27894
Viewfinder frame 113
FileOutput: output buffer 0x7f74ff8000 size 28419
Viewfinder frame 114
FileOutput: output buffer 0x7f74f38000 size 28043
Viewfinder frame 115
FileOutput: output buffer 0x7f74e78000 size 27854
Viewfinder frame 116
FileOutput: output buffer 0x7f74db8000 size 28327
Viewfinder frame 117
FileOutput: output buffer 0x7f74cf8000 size 29111
Viewfinder frame 118
FileOutput: output buffer 0x7f74c38000 size 27582
Viewfinder frame 119
FileOutput: output buffer 0x7f74b78000 size 27895
Viewfinder frame 120
FileOutput: output buffer 0x7f7c0a8000 size 93004
Viewfinder frame 121
FileOutput: output buffer 0x7f752f8000 size 30755
Viewfinder frame 122
FileOutput: output buffer 0x7f75238000 size 29133
Viewfinder frame 123
FileOutput: output buffer 0x7f75178000 size 28424
Viewfinder frame 124
FileOutput: output buffer 0x7f750b8000 size 27709
Viewfinder frame 125
FileOutput: output buffer 0x7f74ff8000 size 27088
Viewfinder frame 126
FileOutput: output buffer 0x7f74f38000 size 27952
Viewfinder frame 127
FileOutput: output buffer 0x7f74e78000 size 28540
Viewfinder frame 128
FileOutput: output buffer 0x7f74db8000 size 27032
Viewfinder frame 129
FileOutput: output buffer 0x7f74cf8000 size 28171
Viewfinder frame 130
FileOutput: output buffer 0x7f74c38000 size 27986
Viewfinder frame 131
FileOutput: output buffer 0x7f74b78000 size 28140
Viewfinder frame 132
FileOutput: output buffer 0x7f7c0a8000 size 28982
Viewfinder frame 133
FileOutput: output buffer 0x7f752f8000 size 27715
Viewfinder frame 134
FileOutput: output buffer 0x7f75238000 size 27940
Viewfinder frame 135
FileOutput: output buffer 0x7f75178000 size 27120
Viewfinder frame 136
FileOutput: output buffer 0x7f750b8000 size 27903
Viewfinder frame 137
FileOutput: output buffer 0x7f74ff8000 size 28993
Viewfinder frame 138
FileOutput: output buffer 0x7f74f38000 size 27874
Viewfinder frame 139
FileOutput: output buffer 0x7f74e78000 size 28226
Viewfinder frame 140
FileOutput: output buffer 0x7f74db8000 size 28160
Viewfinder frame 141
FileOutput: output buffer 0x7f74cf8000 size 27245
Viewfinder frame 142
FileOutput: output buffer 0x7f74c38000 size 28340
Viewfinder frame 143
FileOutput: output buffer 0x7f74b78000 size 27365
Viewfinder frame 144
FileOutput: output buffer 0x7f7c0a8000 size 27465
Viewfinder frame 145
FileOutput: output buffer 0x7f752f8000 size 27594
Viewfinder frame 146
FileOutput: output buffer 0x7f75238000 size 28103
Viewfinder frame 147
FileOutput: output buffer 0x7f75178000 size 28994
Viewfinder frame 148
FileOutput: output buffer 0x7f750b8000 size 28992
Viewfinder frame 149
FileOutput: output buffer 0x7f74ff8000 size 27995
Viewfinder frame 150
FileOutput: output buffer 0x7f74f38000 size 28754
Viewfinder frame 151
FileOutput: output buffer 0x7f74e78000 size 28474
Viewfinder frame 152
FileOutput: output buffer 0x7f74db8000 size 27716
Viewfinder frame 153
FileOutput: output buffer 0x7f74cf8000 size 28707
Viewfinder frame 154
FileOutput: output buffer 0x7f74c38000 size 28031
Viewfinder frame 155
FileOutput: output buffer 0x7f74b78000 size 27992
Viewfinder frame 156
FileOutput: output buffer 0x7f7c0a8000 size 28558
Viewfinder frame 157
FileOutput: output buffer 0x7f752f8000 size 28969
Viewfinder frame 158
FileOutput: output buffer 0x7f75238000 size 29388
Viewfinder frame 159
FileOutput: output buffer 0x7f75178000 size 28591
Viewfinder frame 160
FileOutput: output buffer 0x7f750b8000 size 29067
Viewfinder frame 161
FileOutput: output buffer 0x7f74ff8000 size 29561
Viewfinder frame 162
FileOutput: output buffer 0x7f74f38000 size 29981
Viewfinder frame 163
FileOutput: output buffer 0x7f74e78000 size 28994
Viewfinder frame 164
FileOutput: output buffer 0x7f74db8000 size 29057
Viewfinder frame 165
FileOutput: output buffer 0x7f74cf8000 size 28346
Viewfinder frame 166
FileOutput: output buffer 0x7f74c38000 size 29024
Viewfinder frame 167
FileOutput: output buffer 0x7f74b78000 size 27638
Viewfinder frame 168
FileOutput: output buffer 0x7f7c0a8000 size 27722
Viewfinder frame 169
FileOutput: output buffer 0x7f752f8000 size 27748
Viewfinder frame 170
FileOutput: output buffer 0x7f75238000 size 27537
Viewfinder frame 171
FileOutput: output buffer 0x7f75178000 size 27743
Viewfinder frame 172
FileOutput: output buffer 0x7f750b8000 size 27956
Viewfinder frame 173
FileOutput: output buffer 0x7f74ff8000 size 27740
Viewfinder frame 174
FileOutput: output buffer 0x7f74f38000 size 27838
Viewfinder frame 175
FileOutput: output buffer 0x7f74e78000 size 27755
Viewfinder frame 176
FileOutput: output buffer 0x7f74db8000 size 29779
Viewfinder frame 177
FileOutput: output buffer 0x7f74cf8000 size 28008
Viewfinder frame 178
FileOutput: output buffer 0x7f74c38000 size 28112
Viewfinder frame 179
FileOutput: output buffer 0x7f74b78000 size 28527
Viewfinder frame 180
FileOutput: output buffer 0x7f7c0a8000 size 95808
Viewfinder frame 181
FileOutput: output buffer 0x7f752f8000 size 31046
Viewfinder frame 182
FileOutput: output buffer 0x7f75238000 size 28717
Viewfinder frame 183
FileOutput: output buffer 0x7f75178000 size 28481
Viewfinder frame 184
FileOutput: output buffer 0x7f750b8000 size 27309
Viewfinder frame 185
FileOutput: output buffer 0x7f74ff8000 size 27532
Viewfinder frame 186
FileOutput: output buffer 0x7f74f38000 size 27542
Viewfinder frame 187
FileOutput: output buffer 0x7f74e78000 size 27913
Viewfinder frame 188
FileOutput: output buffer 0x7f74db8000 size 29707
Viewfinder frame 189
FileOutput: output buffer 0x7f74cf8000 size 27413
Viewfinder frame 190
FileOutput: output buffer 0x7f74c38000 size 27522
Viewfinder frame 191
FileOutput: output buffer 0x7f74b78000 size 27853
Viewfinder frame 192
FileOutput: output buffer 0x7f7c0a8000 size 28028
Viewfinder frame 193
FileOutput: output buffer 0x7f752f8000 size 28202
Viewfinder frame 194
FileOutput: output buffer 0x7f75238000 size 28221
Viewfinder frame 195
FileOutput: output buffer 0x7f75178000 size 29235
Viewfinder frame 196
FileOutput: output buffer 0x7f750b8000 size 27688
Viewfinder frame 197
FileOutput: output buffer 0x7f74ff8000 size 27421
Viewfinder frame 198
FileOutput: output buffer 0x7f74f38000 size 27684
Viewfinder frame 199
FileOutput: output buffer 0x7f74e78000 size 27775
Viewfinder frame 200
FileOutput: output buffer 0x7f74db8000 size 27458
Viewfinder frame 201
FileOutput: output buffer 0x7f74cf8000 size 27863
Viewfinder frame 202
FileOutput: output buffer 0x7f74c38000 size 28302
Viewfinder frame 203
FileOutput: output buffer 0x7f74b78000 size 28818
Viewfinder frame 204
FileOutput: output buffer 0x7f7c0a8000 size 27505
Viewfinder frame 205
FileOutput: output buffer 0x7f752f8000 size 28129
Viewfinder frame 206
FileOutput: output buffer 0x7f75238000 size 28266
Viewfinder frame 207
FileOutput: output buffer 0x7f75178000 size 27909
Viewfinder frame 208
FileOutput: output buffer 0x7f750b8000 size 28097
Viewfinder frame 209
FileOutput: output buffer 0x7f74ff8000 size 28481
Viewfinder frame 210
FileOutput: output buffer 0x7f74f38000 size 28669
Viewfinder frame 211
FileOutput: output buffer 0x7f74e78000 size 28300
Viewfinder frame 212
FileOutput: output buffer 0x7f74db8000 size 28003
Viewfinder frame 213
FileOutput: output buffer 0x7f74cf8000 size 29422
Viewfinder frame 214
FileOutput: output buffer 0x7f74c38000 size 28289
Viewfinder frame 215
FileOutput: output buffer 0x7f74b78000 size 27714
Viewfinder frame 216
FileOutput: output buffer 0x7f7c0a8000 size 27411
Viewfinder frame 217
FileOutput: output buffer 0x7f752f8000 size 27818
Viewfinder frame 218
FileOutput: output buffer 0x7f75238000 size 28231
Viewfinder frame 219
FileOutput: output buffer 0x7f75178000 size 28040
Viewfinder frame 220
FileOutput: output buffer 0x7f750b8000 size 27674
Viewfinder frame 221
FileOutput: output buffer 0x7f74ff8000 size 27877
Viewfinder frame 222
FileOutput: output buffer 0x7f74f38000 size 28288
Viewfinder frame 223
FileOutput: output buffer 0x7f74e78000 size 27976
Viewfinder frame 224
FileOutput: output buffer 0x7f74db8000 size 29668
Viewfinder frame 225
FileOutput: output buffer 0x7f74cf8000 size 27517
Viewfinder frame 226
FileOutput: output buffer 0x7f74c38000 size 28185
Viewfinder frame 227
FileOutput: output buffer 0x7f74b78000 size 28335
Viewfinder frame 228
FileOutput: output buffer 0x7f7c0a8000 size 27743
Viewfinder frame 229
FileOutput: output buffer 0x7f752f8000 size 27863
Viewfinder frame 230
FileOutput: output buffer 0x7f75238000 size 27952
Viewfinder frame 231
FileOutput: output buffer 0x7f75178000 size 28021
Viewfinder frame 232
FileOutput: output buffer 0x7f750b8000 size 28022
Viewfinder frame 233
FileOutput: output buffer 0x7f74ff8000 size 27751
Viewfinder frame 234
FileOutput: output buffer 0x7f74f38000 size 28099
Viewfinder frame 235
FileOutput: output buffer 0x7f74e78000 size 27926
Viewfinder frame 236
FileOutput: output buffer 0x7f74db8000 size 27888
Viewfinder frame 237
FileOutput: output buffer 0x7f74cf8000 size 27599
Viewfinder frame 238
FileOutput: output buffer 0x7f74c38000 size 27755
Viewfinder frame 239
FileOutput: output buffer 0x7f74b78000 size 27746
Viewfinder frame 240
FileOutput: output buffer 0x7f7c0a8000 size 95938
Viewfinder frame 241
FileOutput: output buffer 0x7f752f8000 size 30526
Viewfinder frame 242
FileOutput: output buffer 0x7f75238000 size 28067
Viewfinder frame 243
FileOutput: output buffer 0x7f75178000 size 27559
Viewfinder frame 244
FileOutput: output buffer 0x7f750b8000 size 27222
Viewfinder frame 245
FileOutput: output buffer 0x7f74ff8000 size 27275
Viewfinder frame 246
FileOutput: output buffer 0x7f74f38000 size 27464
Viewfinder frame 247
FileOutput: output buffer 0x7f74e78000 size 27049
Viewfinder frame 248
FileOutput: output buffer 0x7f74db8000 size 27502
Viewfinder frame 249
FileOutput: output buffer 0x7f74cf8000 size 27459
Viewfinder frame 250
FileOutput: output buffer 0x7f74c38000 size 27480
Viewfinder frame 251
FileOutput: output buffer 0x7f74b78000 size 27748
Viewfinder frame 252
FileOutput: output buffer 0x7f7c0a8000 size 27589
Viewfinder frame 253
FileOutput: output buffer 0x7f752f8000 size 27684
Viewfinder frame 254
FileOutput: output buffer 0x7f75238000 size 27262
Viewfinder frame 255
FileOutput: output buffer 0x7f75178000 size 27301
Viewfinder frame 256
FileOutput: output buffer 0x7f750b8000 size 27148
Viewfinder frame 257
FileOutput: output buffer 0x7f74ff8000 size 27500
Viewfinder frame 258
FileOutput: output buffer 0x7f74f38000 size 27822
Viewfinder frame 259
FileOutput: output buffer 0x7f74e78000 size 27467
Viewfinder frame 260
FileOutput: output buffer 0x7f74db8000 size 27366
Viewfinder frame 261
FileOutput: output buffer 0x7f74cf8000 size 27649
Viewfinder frame 262
FileOutput: output buffer 0x7f74c38000 size 27712
Viewfinder frame 263
FileOutput: output buffer 0x7f74b78000 size 27632
Viewfinder frame 264
FileOutput: output buffer 0x7f7c0a8000 size 29805
Viewfinder frame 265
FileOutput: output buffer 0x7f752f8000 size 27663
Viewfinder frame 266
FileOutput: output buffer 0x7f75238000 size 27464
Viewfinder frame 267
FileOutput: output buffer 0x7f75178000 size 27687
Viewfinder frame 268
FileOutput: output buffer 0x7f750b8000 size 27579
Viewfinder frame 269
FileOutput: output buffer 0x7f74ff8000 size 27825
Viewfinder frame 270
FileOutput: output buffer 0x7f74f38000 size 27756
Viewfinder frame 271
FileOutput: output buffer 0x7f74e78000 size 27800
Viewfinder frame 272
FileOutput: output buffer 0x7f74db8000 size 27712
Viewfinder frame 273
FileOutput: output buffer 0x7f74cf8000 size 27683
Viewfinder frame 274
FileOutput: output buffer 0x7f74c38000 size 27704
Viewfinder frame 275
FileOutput: output buffer 0x7f74b78000 size 28050
Viewfinder frame 276
FileOutput: output buffer 0x7f7c0a8000 size 28221
Viewfinder frame 277
FileOutput: output buffer 0x7f752f8000 size 28159
Viewfinder frame 278
FileOutput: output buffer 0x7f75238000 size 27957
Viewfinder frame 279
FileOutput: output buffer 0x7f75178000 size 27989
Viewfinder frame 280
FileOutput: output buffer 0x7f750b8000 size 28109
Viewfinder frame 281
FileOutput: output buffer 0x7f74ff8000 size 27951
Viewfinder frame 282
FileOutput: output buffer 0x7f74f38000 size 28054
Viewfinder frame 283
FileOutput: output buffer 0x7f74e78000 size 28224
Viewfinder frame 284
FileOutput: output buffer 0x7f74db8000 size 28272
Viewfinder frame 285
FileOutput: output buffer 0x7f74cf8000 size 27939
Viewfinder frame 286
FileOutput: output buffer 0x7f74c38000 size 30696
Viewfinder frame 287
FileOutput: output buffer 0x7f74b78000 size 28425
Viewfinder frame 288
FileOutput: output buffer 0x7f7c0a8000 size 28049
Viewfinder frame 289
FileOutput: output buffer 0x7f752f8000 size 28140
Viewfinder frame 290
FileOutput: output buffer 0x7f75238000 size 28040
Viewfinder frame 291
Halting: reached timeout of 20000 milliseconds.
Camera stopped!
H264Encoder closed
Closing RPiCam application(frames displayed 291, dropped 0)
Camera stopped!
Tearing down requests, buffers and configuration
Camera closed
