[SUP] ===== action 1 (trg) utc=2026-10-02T20:21:28Z =====
[SUP] trg media override: one still action on a video unit
[CMD] duplicate id=65004: original answer (console)
[SUP] boot drain: 1 command(s) applied this boot
[CMD] one-shot trigger id=65004 trg=2 (capture + send): window gate BYPASSED for this boot only
[SUP] trg id=65004: one action with {'mode.media': 'still', 'still.message_cap': 40} (not persisted)
[RC] cycle start: budget=480s pacing=1.3s/msg
[CMD] time-sync subscribe sent; waiting up to 60s (fresh read)
[CMD] spotter UTC decoded: 2026-10-02T20:21:38.937000+00:00
Fri  2 Oct 20:21:38 UTC 2026
[BOOT] spotter_utc_read uptime_s=94.10
[RC] schedule gate: Within transmit window 00:00-00:00 America/Los_Angeles; local_time=2026-10-02T13:21:38.937000-07:00 (window bypassed; time read only)
[DEBUG] Sent compact telemetry message (133 bytes): <WS v=1 a=cap cfg=c1dd83fa up=73 tz=America/Los_Angeles lt=na ws=0000 we=0000 rk=1000x562 q=20 ct=38.6 sha=34a6222ea94c hn=bmcam004>
[DEBUG] Applying requested focus camera controls: args=--autofocus-mode auto --lens-position 1.82 --sharpness 2 --denoise cdn_fast; requested={'camera_control_source': 'image_pipeline.camera_controls', 'camera_controls_enabled': True, 'requested_focus_enabled': True, 'requested_focus_mode': 'auto', 'requested_lens_position': 1.82, 'requested_white_balance_enabled': False, 'requested_exposure_enabled': False, 'requested_image_processing_enabled': True, 'requested_sharpness': 2.0, 'requested_denoise': 'cdn_fast'}
[DEBUG] Running native capture command attempt 1/4: /usr/bin/rpicam-still -n --timeout 2000 --width 4608 --height 2592 --quality 95 --metadata /home/pi/BM_Devel_Pi/images/2026-10-02T20:21:38Z_image_native_full.metadata.json --autofocus-mode auto --lens-position 1.82 --sharpness 2 --denoise cdn_fast -o /home/pi/BM_Devel_Pi/images/2026-10-02T20:21:38Z_image_native_full.jpg
[DEBUG] Native capture completed: output=/home/pi/BM_Devel_Pi/images/2026-10-02T20:21:38Z_image_native_full.jpg, bytes=2229485, duration_sec=4.09, attempt=1/4
[RC] native ready: /home/pi/BM_Devel_Pi/images/2026-10-02T20:21:38Z_image_native_full.jpg (2229485 B, elapsed=11.7s)
[RC] source prepared: 1000x562 (elapsed=12.9s)
[RC] attempt q20: 19433 B, 68 msgs, over_cap=True, budget_fit=True
[RC] attempt q15: 16166 B, 57 msgs, over_cap=True, budget_fit=True
[RC] attempt q11: 13181 B, 46 msgs, over_cap=True, budget_fit=True
[RC] attempt q9: 11677 B, 41 msgs, over_cap=True, budget_fit=True
[RC] selection: quality=9 attempts=4 fits=False reason=no_fit_cap
[RC] final JPEG: /home/pi/BM_Devel_Pi/images/2026-10-02T20:21:38Z_image_compressed.jpg (11677 B, 41 msgs, sha256=dd782f842698439f...)
[HEAL] wake plan: 0 pending heal(s), 0 chunk(s) this wake (cap 40)
[KEY] media key 0e4z82 from Spotter UTC 2026-10-02T20:21:38.937000+00:00 (spotter)
[KEY] sent record: /home/pi/BM_Devel_Pi/sent/2026-10-02T20:21:38Z_image_compressed.sent.json (41 msgs, chunks <I0e4z82.n/41>)
[DEBUG] Runtime BM transfer settings: network=0x02 cellular-only; image_buffer_size=384; image_transmit_delay_seconds=1.3
[BOOT] transmit_start uptime_s=99.93
[RC] transmit done: sent=41/41 complete=False incomplete_emitted=True uart=56.7s
[DEBUG] Raw image size: 2229485 bytes
[DEBUG] Image quality: 9
[DEBUG] Compressed image size: 11677 bytes
[DEBUG] Buffers: 41
[DEBUG] Execution Time: 1.17 min
[DEBUG] Within Window: True
[DEBUG] CPU Temp: 38.10°C
[DEBUG]  
[DEBUG]  
[DEBUG]  
[CMD] console: 1 line(s) sent, 0 queued
[CMD] no listen tail: stay_on (the idle loop listens)
[SUP] action: media=video stage=None sent=41/41 elapsed=70.1s
[SUP] ===== action 1 done: stage=None skipped=False =====
