[SUP] ===== action 5 (trg) utc=2026-10-02T20:31:05Z =====
[SUP] trg media override: one still action on a video unit
[CMD] duplicate id=65017: original answer (console)
[SUP] boot drain: 1 command(s) applied this boot
[CMD] one-shot trigger id=65017 trg=2 (capture + send): window gate BYPASSED for this boot only
[SUP] trg id=65017: one action with {'mode.media': 'still', 'still.message_cap': 40} (not persisted)
[RC] cycle start: budget=480s pacing=1.3s/msg
[CMD] time-sync subscribe sent; waiting up to 60s (fresh read)
[CMD] spotter UTC decoded: 2026-10-02T20:31:08.832000+00:00
Fri  2 Oct 20:31:08 UTC 2026
[BOOT] spotter_utc_read uptime_s=664.16
[RC] schedule gate: Within transmit window 00:00-00:00 America/Los_Angeles; local_time=2026-10-02T13:31:08.832000-07:00 (window bypassed; time read only)
[DEBUG] Sent compact telemetry message (134 bytes): <WS v=1 a=cap cfg=48a13b4f up=643 tz=America/Los_Angeles lt=na ws=0000 we=0000 rk=1000x562 q=20 ct=39.2 sha=34a6222ea94c hn=bmcam004>
[DEBUG] Applying requested focus camera controls: args=--autofocus-mode auto --lens-position 1.82 --sharpness 1 --contrast 0.5 --denoise cdn_fast; requested={'camera_control_source': 'image_pipeline.camera_controls', 'camera_controls_enabled': True, 'requested_focus_enabled': True, 'requested_focus_mode': 'auto', 'requested_lens_position': 1.82, 'requested_white_balance_enabled': False, 'requested_exposure_enabled': False, 'requested_image_processing_enabled': True, 'requested_sharpness': 1.0, 'requested_contrast': 0.5, 'requested_denoise': 'cdn_fast'}
[DEBUG] Running native capture command attempt 1/4: /usr/bin/rpicam-still -n --timeout 2000 --width 4608 --height 2592 --quality 95 --metadata /home/pi/BM_Devel_Pi/images/2026-10-02T20:31:08Z_image_native_full.metadata.json --autofocus-mode auto --lens-position 1.82 --sharpness 1 --contrast 0.5 --denoise cdn_fast -o /home/pi/BM_Devel_Pi/images/2026-10-02T20:31:08Z_image_native_full.jpg
[DEBUG] Native capture completed: output=/home/pi/BM_Devel_Pi/images/2026-10-02T20:31:08Z_image_native_full.jpg, bytes=1797218, duration_sec=4.03, attempt=1/4
[RC] native ready: /home/pi/BM_Devel_Pi/images/2026-10-02T20:31:08Z_image_native_full.jpg (1797218 B, elapsed=5.2s)
[RC] source prepared: 1000x562 (elapsed=6.0s)
[RC] attempt q20: 12080 B, 42 msgs, over_cap=True, budget_fit=True
[RC] attempt q15: 10060 B, 35 msgs, over_cap=False, budget_fit=True
[RC] selection: quality=15 attempts=2 fits=True reason=fit
[RC] final JPEG: /home/pi/BM_Devel_Pi/images/2026-10-02T20:31:08Z_image_compressed.jpg (10060 B, 35 msgs, sha256=a201d76b54a2640a...)
[HEAL] wake plan: 0 pending heal(s), 0 chunk(s) this wake (cap 40)
[KEY] media key 0e4znw from Spotter UTC 2026-10-02T20:31:08.832000+00:00 (spotter)
[KEY] sent record: /home/pi/BM_Devel_Pi/sent/2026-10-02T20:31:08Z_image_compressed.sent.json (35 msgs, chunks <I0e4znw.n/35>)
[DEBUG] Runtime BM transfer settings: network=0x02 cellular-only; image_buffer_size=384; image_transmit_delay_seconds=1.3
[BOOT] transmit_start uptime_s=669.38
[RC] transmit done: sent=35/35 complete=True incomplete_emitted=False uart=47.5s
[DEBUG] Raw image size: 1797218 bytes
[DEBUG] Image quality: 15
[DEBUG] Compressed image size: 10060 bytes
[DEBUG] Buffers: 35
[DEBUG] Execution Time: 0.90 min
[DEBUG] Within Window: True
[DEBUG] CPU Temp: 39.70°C
[DEBUG]  
[DEBUG]  
[DEBUG]  
[CMD] console: 1 line(s) sent, 0 queued
[CMD] no listen tail: stay_on (the idle loop listens)
[SUP] action: media=video stage=None sent=35/35 elapsed=53.8s
[SUP] ===== action 5 done: stage=None skipped=False =====
