[SUP] ===== action 21 (trg) utc=2026-10-02T20:55:21Z =====
[SUP] trg media override: one still action on a video unit
[CMD] one-shot trigger id=65052 trg=2 (capture + send): window gate BYPASSED for this boot only
[SUP] trg id=65052: one action with {'mode.media': 'still', 'still.message_cap': 40} (not persisted)
[RC] cycle start: budget=480s pacing=1.3s/msg
[CMD] time-sync subscribe sent; waiting up to 60s (fresh read)
[CMD] spotter UTC decoded: 2026-10-02T20:55:28.589000+00:00
Fri  2 Oct 20:55:28 UTC 2026
[BOOT] spotter_utc_read uptime_s=2123.72
[RC] schedule gate: Within transmit window 00:00-00:00 America/Los_Angeles; local_time=2026-10-02T13:55:28.589000-07:00 (window bypassed; time read only)
[STORE] over limit: used=75.0% (cap 75%) free=23.98GiB (floor 10GiB) — pruning old stills
[STORE] pruned {'natives': 1}, freed 0.2 MB; used 75.0% -> 75.0%
[DEBUG] Sent compact telemetry message (135 bytes): <WS v=1 a=cap cfg=e99d3ccd up=2103 tz=America/Los_Angeles lt=na ws=0000 we=0000 rk=1000x562 q=20 ct=39.7 sha=34a6222ea94c hn=bmcam004>
[DEBUG] Applying requested focus camera controls: args=--autofocus-mode auto --lens-position 1.82 --sharpness 1 --denoise cdn_hq --hdr auto; requested={'camera_control_source': 'image_pipeline.camera_controls', 'camera_controls_enabled': True, 'requested_focus_enabled': True, 'requested_focus_mode': 'auto', 'requested_lens_position': 1.82, 'requested_white_balance_enabled': False, 'requested_exposure_enabled': False, 'requested_image_processing_enabled': True, 'requested_sharpness': 1.0, 'requested_denoise': 'cdn_hq', 'requested_hdr': True}
[DEBUG] Running native capture command attempt 1/4: /usr/bin/rpicam-still -n --timeout 2000 --width 4608 --height 2592 --quality 95 --metadata /home/pi/BM_Devel_Pi/images/2026-10-02T20:55:26Z_image_native_full.metadata.json --autofocus-mode auto --lens-position 1.82 --sharpness 1 --denoise cdn_hq --hdr auto -o /home/pi/BM_Devel_Pi/images/2026-10-02T20:55:26Z_image_native_full.jpg
[DEBUG] Native capture completed: output=/home/pi/BM_Devel_Pi/images/2026-10-02T20:55:26Z_image_native_full.jpg, bytes=2015879, duration_sec=3.78, attempt=1/4
[RC] native ready: /home/pi/BM_Devel_Pi/images/2026-10-02T20:55:26Z_image_native_full.jpg (2015879 B, elapsed=8.7s)
[RC] source prepared: 1000x562 (elapsed=9.5s)
[RC] attempt q20: 19792 B, 69 msgs, over_cap=True, budget_fit=True
[RC] attempt q15: 16544 B, 58 msgs, over_cap=True, budget_fit=True
[RC] attempt q11: 13779 B, 48 msgs, over_cap=True, budget_fit=True
[RC] attempt q9: 12188 B, 43 msgs, over_cap=True, budget_fit=True
[RC] selection: quality=9 attempts=4 fits=False reason=no_fit_cap
[RC] final JPEG: /home/pi/BM_Devel_Pi/images/2026-10-02T20:55:26Z_image_compressed.jpg (12188 B, 43 msgs, sha256=225b1e51b0231851...)
[HEAL] wake plan: 0 pending heal(s), 0 chunk(s) this wake (cap 40)
[KEY] media key 0e50sg from Spotter UTC 2026-10-02T20:55:28.589000+00:00 (spotter)
[KEY] sent record: /home/pi/BM_Devel_Pi/sent/2026-10-02T20:55:26Z_image_compressed.sent.json (43 msgs, chunks <I0e50sg.n/43>)
[DEBUG] Runtime BM transfer settings: network=0x02 cellular-only; image_buffer_size=384; image_transmit_delay_seconds=1.3
[BOOT] transmit_start uptime_s=2128.98
[RC] transmit done: sent=43/43 complete=False incomplete_emitted=True uart=59.3s
[DEBUG] Raw image size: 2015879 bytes
[DEBUG] Image quality: 9
[DEBUG] Compressed image size: 12188 bytes
[DEBUG] Buffers: 43
[DEBUG] Execution Time: 1.15 min
[DEBUG] Within Window: True
[DEBUG] CPU Temp: 39.70°C
[DEBUG]  
[DEBUG]  
[DEBUG]  
[CMD] no listen tail: stay_on (the idle loop listens)
[SUP] action: media=video stage=None sent=43/43 elapsed=69.3s
[SUP] ===== action 21 done: stage=None skipped=False =====
