[FIELD-UPDATE] === stage 0: preflight ===
[FIELD-UPDATE] repo=/home/pi/repos/bm_cam_legacy ref=fix/sent-prune-spotter-time profile=bmcam003/live_20260925 dry_run=false
[FIELD-UPDATE] preflight OK (24560MB free, no cycle running)
[FIELD-UPDATE] === stage 1: disarm (crontab backup + disable @reboot RC line) ===
[FIELD-UPDATE] crontab backed up -> /home/pi/crontab_before_field_update_20261008T060105Z.txt; RC @reboot line disabled
[FIELD-UPDATE] === stage 2: repo sync ===
From https://github.com/nickraymond/bm_cam_legacy
   706eca46..02d98dd2  feature/r1-hil-test-engineer -> origin/feature/r1-hil-test-engineer
Your branch is up to date with 'origin/fix/sent-prune-spotter-time'.
Already on 'fix/sent-prune-spotter-time'
From https://github.com/nickraymond/bm_cam_legacy
 * branch              fix/sent-prune-spotter-time -> FETCH_HEAD
Already up to date.
[FIELD-UPDATE] repo: c8bea4de50a8 -> c8bea4de50a8 (fix/sent-prune-spotter-time)
[FIELD-UPDATE] === stage 3: runtime deploy (deploy_rc_runtime.sh, YAML+cron untouched) ===
[RC-DEPLOY] repo=/home/pi/repos/bm_cam_legacy
[RC-DEPLOY] manifest=/home/pi/repos/bm_cam_legacy/tools/rc_runtime_manifest.txt
[RC-DEPLOY] destination=/home/pi/BM_Devel_Pi (staging in /home/pi/BM_Devel_Pi.next)
[RC-DEPLOY] mode=field-update profile=none cron=false
[RC-DEPLOY] timestamp=20261008T060111Z hostname=bmcam003 python=/usr/bin/python3
[RC-DEPLOY] preflight: PyYAML present
[RC-DEPLOY] preflight: numpy present (nrjxl ok)
[RC-DEPLOY] preflight: WARN cjxl missing (nrjxl refused / pjpg rfb=enc; sudo apt-get install -y libjxl-tools)
[RC-DEPLOY] preflight: boot cycle not armed
[RC-DEPLOY] staged 59 files in /home/pi/BM_Devel_Pi.next
[RC-DEPLOY] syntax check (py_compile 54 files, staged)
[PARITY] print-config text OK (14 lines)
[RC-DEPLOY] print-config parity OK (old vs staged runtime, same unit config)
[RC-DEPLOY] camera_config.yaml strict load OK, base hash 4977d70a
[PARITY] config json OK (13 loader outputs equal)
[RC-DEPLOY] config v2 parity OK (v2 file vs the v1 file it came from)
[RC-DEPLOY] backing up runtime code/config to /home/pi/backups/BM_Devel_Pi_before_rc_deploy_bmcam003_20261008T060111Z.tgz (images/buffers/logs/videos excluded)
[RC-DEPLOY] restore command: tar xzf /home/pi/backups/BM_Devel_Pi_before_rc_deploy_bmcam003_20261008T060111Z.tgz -C /home/pi
[RC-DEPLOY] copy rc_progressive_jpeg.py
[RC-DEPLOY] copy rc_time_budget.py
[RC-DEPLOY] copy rc_jpeg_encoder.py
[RC-DEPLOY] copy rc_quality_selector.py
[RC-DEPLOY] copy rc_uplink_messages.py
[RC-DEPLOY] copy rc_transmit.py
[RC-DEPLOY] copy rc_transmit_phase.py
[RC-DEPLOY] copy rc_power_halt.py
[RC-DEPLOY] copy rc_run_capture_cycle.sh
[RC-DEPLOY] copy spotter_time_sync.py
[RC-DEPLOY] copy bm_serial.py
[RC-DEPLOY] copy bm_codec.py
[RC-DEPLOY] copy bm_port.py
[RC-DEPLOY] copy rc_capture.py
[RC-DEPLOY] copy rc_telemetry.py
[RC-DEPLOY] copy rc_port_owner.py
[RC-DEPLOY] copy rc_supervisor.py
[RC-DEPLOY] copy rc_stay_on_guard.py
[RC-DEPLOY] copy rc_still_storage.py
[RC-DEPLOY] copy command_tables.py
[RC-DEPLOY] copy command_messages.py
[RC-DEPLOY] copy command_state.py
[RC-DEPLOY] copy command_bindings.py
[RC-DEPLOY] copy command_daemon.py
[RC-DEPLOY] copy command_help.py
[RC-DEPLOY] copy bm_frame_decoder.py
[RC-DEPLOY] copy rc_command_hooks.py
[RC-DEPLOY] copy rc_media_key.py
[RC-DEPLOY] copy rc_heal.py
[RC-DEPLOY] copy rc_raw_jxl.py
[RC-DEPLOY] copy config_registry.py
[RC-DEPLOY] copy config_v1_reader.py
[RC-DEPLOY] copy config_dump.py
[RC-DEPLOY] copy config_migrate.py
[RC-DEPLOY] copy atomic_io.py
[RC-DEPLOY] copy config_v2.py
[RC-DEPLOY] copy config_journal.py
[RC-DEPLOY] copy config_validate.py
[RC-DEPLOY] copy command_wire.py
[RC-DEPLOY] copy command_state_v9.py
[RC-DEPLOY] copy command_inbox.py
[RC-DEPLOY] copy supervisor_config.py
[RC-DEPLOY] copy command_replies.py
[RC-DEPLOY] copy command_v9.py
[RC-DEPLOY] copy command_guards.py
[RC-DEPLOY] copy command_trigger.py
[RC-DEPLOY] copy video_geometry.py
[RC-DEPLOY] copy video_recorder.py
[RC-DEPLOY] copy video_ring.py
[RC-DEPLOY] copy video_manifest.py
[RC-DEPLOY] copy videoui_server.py
[RC-DEPLOY] copy video_settings.py
[RC-DEPLOY] copy rc_video_clip.py
[RC-DEPLOY] copy rc_video_tx.py
[RC-DEPLOY] copy network_ap.sh
[RC-DEPLOY] copy network_config.py
[RC-DEPLOY] copy tuned_halt.sh
[RC-DEPLOY] copy reference_images/prepared/P7071008/synthetic_native_4608x2592.jpg
[RC-DEPLOY] copy reference_images/reference_card_native_imx708.jpg
[RC-DEPLOY] installed 59 files; staging dir removed
[RC-DEPLOY] camera_schedule.yaml untouched (device-specific; use --profile to install one)
[RC-DEPLOY] crontab untouched (use --install-cron to arm the boot cycle)
[RC-DEPLOY] config v2 effective hash: a1c489d9
[RC-DEPLOY] write software_sha.txt=c8bea4de50a8
[RC-DEPLOY] config smoke test: rc_progressive_jpeg.py --print-config
[BOOT] main_entry uptime_s=87.87
[CFG] config v2 /home/pi/BM_Devel_Pi/camera_config.yaml media=still hash=a1c489d9 hv=1 registry=v8 overlay=2 key(s)
[CFG] legacy runtime reads the v1 render /dev/shm/bmcam/camera_schedule.yaml (level=v2)
[CMD] bm_commands enabled: topic=bmcam/cmd tail=150.0s defer_acks=False state=/home/pi/BM_Devel_Pi/bm_command_state_v2.json (loaded from file)
[CMD] overlay active: settings={'roi': 0, 'foc': 0, 'awb': 0, 'exp': 0, 'win': 0, 'txd': 0, 'cap': 0, 'src': 0, 'hlt': 0, 'twn': 0, 'tmz': 0} touched=['twn']
[RC] Sprint08 progressive-JPEG RC — resolved settings
[RC] config_path=/dev/shm/bmcam/camera_schedule.yaml
[RC] capture_mode=progressive_jpeg (RC path selected)
[RC] quality ladder (explicit): q_max=90 q_min=9 -> [90, 80, 70, 60, 50, 40, 30, 25, 20, 15, 13, 11, 9]
[RC] cycle budget: max_run_time_min=8 (480 s)
[RC] message cap: 195 msgs (field-tested hard cap)
[RC] pacing (bm_serial block, source=yaml): chunk_b64_chars=384 delay_s=1.0
[RC] derived (informational): transmit-only budget holds 480 paced msgs; M1 owns real accounting
[RC] power_halt: enabled=True dry_run=False mode=halt script=/home/pi/BM_Devel_Pi/tuned_halt.sh source=yaml
[RC] schedule: window=00:00-00:00 tz=America/Los_Angeles source=yaml
[RC] transmit_phase (C2): OFF (unscheduled transmit)
[RC] geometry (native coords, frozen): crop_xywh=(1504, 846, 1600, 900) output=1000x562 backend=rpicam
[RC-DEPLOY] UART check: /dev/serial0 -> ttyAMA0, no serial console (BM-transmit-capable)
[RC-DEPLOY] deploy complete
[RC-DEPLOY] next (new unit validation ladder — NOTE: with power_halt enabled, ANY cycle HALTS the box at cycle end):
[RC-DEPLOY]   cd /home/pi/repos/bm_cam_legacy && ./tools/setup_bm_uart.sh --check   # UART transmit-capable gate
[RC-DEPLOY]   cd /home/pi/BM_Devel_Pi && python3 rc_progressive_jpeg.py --print-config
[RC-DEPLOY]   cd /home/pi/BM_Devel_Pi && python3 rc_progressive_jpeg.py --capture-only
[RC-DEPLOY]   cd /home/pi/BM_Devel_Pi && python3 rc_progressive_jpeg.py --compress-only <native.jpg>
[RC-DEPLOY]   cd /home/pi/BM_Devel_Pi && python3 -u rc_progressive_jpeg.py --transmit
[FIELD-UPDATE] === stage 4: bm_serial value patch (from device profile) ===
[FIELD-UPDATE] config v2 unit (/home/pi/BM_Devel_Pi/camera_config.yaml): camera_schedule.yaml is NOT patched
[FIELD-UPDATE]   uplink.chunk_chars: unit=384 profile=384
[FIELD-UPDATE]   uplink.msg_interval_s: unit=1.0 profile=1.3   <-- DIFFERS
[FIELD-UPDATE]   uplink.network_type: unit=2 profile=2
[FIELD-UPDATE]   to adopt the profile, re-migrate it (backs up the v2 files first):
[FIELD-UPDATE]     cp /home/pi/repos/bm_cam_legacy/device_profiles/bmcam003/live_20260925/camera_schedule.yaml /home/pi/BM_Devel_Pi/camera_schedule.yaml && python3 /home/pi/repos/bm_cam_legacy/tools/config_migrate_v1_v2.py --app /home/pi/BM_Devel_Pi --write --force
[FIELD-UPDATE] === stage 5: UART hygiene gate ===
[FIELD-UPDATE] UART OK: serial0 -> ttyAMA0, no kernel console on the link
[FIELD-UPDATE] === stage 6: validation ladder (no quota) ===
[BOOT] main_entry uptime_s=91.37
[CFG] config v2 /home/pi/BM_Devel_Pi/camera_config.yaml media=still hash=a1c489d9 hv=1 registry=v8 overlay=2 key(s)
[CFG] legacy runtime reads the v1 render /dev/shm/bmcam/camera_schedule.yaml (level=v2)
[CMD] bm_commands enabled: topic=bmcam/cmd tail=150.0s defer_acks=False state=/home/pi/BM_Devel_Pi/bm_command_state_v2.json (loaded from file)
[CMD] overlay active: settings={'roi': 0, 'foc': 0, 'awb': 0, 'exp': 0, 'win': 0, 'txd': 0, 'cap': 0, 'src': 0, 'hlt': 0, 'twn': 0, 'tmz': 0} touched=['twn']
[RC] Sprint08 progressive-JPEG RC — resolved settings
[RC] config_path=/dev/shm/bmcam/camera_schedule.yaml
[RC] capture_mode=progressive_jpeg (RC path selected)
[RC] quality ladder (explicit): q_max=90 q_min=9 -> [90, 80, 70, 60, 50, 40, 30, 25, 20, 15, 13, 11, 9]
[RC] cycle budget: max_run_time_min=8 (480 s)
[RC] message cap: 195 msgs (field-tested hard cap)
[RC] pacing (bm_serial block, source=yaml): chunk_b64_chars=384 delay_s=1.0
[RC] derived (informational): transmit-only budget holds 480 paced msgs; M1 owns real accounting
[RC] power_halt: enabled=True dry_run=False mode=halt script=/home/pi/BM_Devel_Pi/tuned_halt.sh source=yaml
[RC] schedule: window=00:00-00:00 tz=America/Los_Angeles source=yaml
[RC] transmit_phase (C2): OFF (unscheduled transmit)
[RC] geometry (native coords, frozen): crop_xywh=(1504, 846, 1600, 900) output=1000x562 backend=rpicam
[FIELD-UPDATE] UART open OK: /dev/ttyAMA0 @ 115200, network 0x02 cellular-only
[FIELD-UPDATE] validation OK (real-transmit check is a manual step — see summary)
[FIELD-UPDATE] === stage 7: re-arm ===
[FIELD-UPDATE] crontab left DISARMED (--leave-disarmed); restore with: crontab /home/pi/crontab_before_field_update_20261008T060105Z.txt
[FIELD-UPDATE] power_halt state (verify matches intent for this unit): config v2 (effective, incl. command overlay): enabled=True dry_run=False level=v2
[FIELD-UPDATE] === SUMMARY: PASS ===
[FIELD-UPDATE] sha: c8bea4de50a8 -> c8bea4de50a8 | values: chunk=384 delay=1.0
[FIELD-UPDATE] rollback: crontab /home/pi/crontab_before_field_update_20261008T060105Z.txt; cp /home/pi/BM_Devel_Pi/camera_schedule.yaml.before_field_update_20261008T060105Z /home/pi/BM_Devel_Pi/camera_schedule.yaml; runtime tar in /home/pi/backups (see deploy output)
[FIELD-UPDATE] recommended live check (SPENDS QUOTA; with power_halt enabled the box HALTS after):
[FIELD-UPDATE]   cd /home/pi/BM_Devel_Pi && python3 -u rc_progressive_jpeg.py --transmit --skip-time-window
