LOG cron_logs/rc_cycle_20261008T100832Z.log
c8bea4de50a8

============================================================
[RC-CRON] Sprint08 progressive-JPEG RC cycle starting
[RC-CRON] start_utc=2026-10-08T10:08:32+00:00
[RC-CRON] uptime_s=17.70
[RC-CRON] user=pi
[RC-CRON] hostname=bmcam003
[RC-CRON] app_dir=/home/pi/BM_Devel_Pi
[RC-CRON] log_file=/home/pi/BM_Devel_Pi/cron_logs/rc_cycle_20261008T100832Z.log
[RC-CRON] disk: /dev/mmcblk0p2  115G   87G   24G  79% /
[RC-CRON] images_dir: 656M
[RC-CRON] running RC capture/transmit cycle (halt at end per power_halt YAML)...
[BOOT] main_entry uptime_s=19.51
[CFG] config v2 /home/pi/BM_Devel_Pi/camera_config.yaml media=still hash=bc8c7591 hv=1 registry=v8 overlay=1 key(s)
[CFG] legacy runtime reads the v1 render /dev/shm/bmcam/camera_schedule.yaml (level=v2)
[CFG] supervisor runs the effective config: base ⊕ 1 overlay key(s) hash=bc8c7591 (render /dev/shm/bmcam/camera_schedule.yaml)
[GUARD] boot 164: 0 guarded key(s) pending
[RUNTIME] supervisor (source=config (v2))
[CMD] bm_commands enabled: topic=bmcam/cmd tail=150.0s defer_acks=False state=/home/pi/BM_Devel_Pi/bm_command_state_v2.json (loaded from file)
[NET] network island: default=nereus_hq ap_fallback_s=90 ap_timeout_min=60
[NET] applying boot default: sudo -n /home/pi/BM_Devel_Pi/network_ap.sh default nereus_hq 90
[RC] Sprint08 progressive-JPEG RC — resolved settings
[RC] config_path=/dev/shm/bmcam/camera_schedule.yaml
[RC] capture_mode=progressive_jpeg (RC path selected)
[RC] quality ladder (explicit): q_max=90 q_min=9 -> [90, 80, 70, 60, 50, 40, 30, 25, 20, 15, 13, 11, 9]
[RC] cycle budget: max_run_time_min=8 (480 s)
[RC] message cap: 195 msgs (field-tested hard cap)
[RC] pacing (bm_serial block, source=yaml): chunk_b64_chars=384 delay_s=1.0
[RC] derived (informational): transmit-only budget holds 480 paced msgs; M1 owns real accounting
[RC] power_halt: enabled=True dry_run=False mode=halt script=/home/pi/BM_Devel_Pi/tuned_halt.sh source=yaml
[RC] schedule: window=00:00-00:00 tz=America/Los_Angeles source=yaml
[RC] transmit_phase (C2): OFF (unscheduled transmit)
[RC] geometry (native coords, frozen): crop_xywh=(1504, 846, 1600, 900) output=1000x562 backend=rpicam
[SUP] per_boot: media=still transmit=True
[CMD] shared UART open: /dev/ttyAMA0@115200 (single port owner)
[CMD] subscribed topic=bmcam/cmd frame_bytes=17
[CMD] reader thread started
[BOOT] cmd_subscribed uptime_s=20.35
[RC] cycle start: budget=480s pacing=1.0s/msg
[CMD] time-sync subscribe sent; waiting up to 60s (fresh read)
[CMD] spotter UTC decoded: 2026-10-08T11:00:38.433000+00:00
Thu  8 Oct 11:00:38 UTC 2026
[BOOT] spotter_utc_read uptime_s=29.46
[CMD] ack re-send: 1 answer(s) from the last boots as d:1 (ids [1000160]; 1 paced msg(s) from the wake budget)
[CMD] ack re-sent: {"id":1000160,"ok":1,"h":"bc8c7591","d":1}
[RC] schedule gate: Within transmit window 00:00-00:00 America/Los_Angeles; local_time=2026-10-08T04:00:38.433000-07:00
[STORE] over limit: used=75.0% (cap 75%) free=23.98GiB (floor 10GiB) — pruning old stills
[STORE] pruned {'natives': 1}, freed 1.5 MB; used 75.0% -> 75.0%
[DEBUG] Sent compact telemetry message (133 bytes): <WS v=1 a=cap cfg=bc8c7591 up=10 tz=America/Los_Angeles lt=na ws=0000 we=0000 rk=1000x562 q=90 ct=26.8 sha=c8bea4de50a8 hn=bmcam003>
[DEBUG] Applying requested focus camera controls: args=--autofocus-mode auto --lens-position 1.82; requested={'camera_control_source': 'image_pipeline.camera_controls', 'camera_controls_enabled': True, 'requested_focus_enabled': True, 'requested_focus_mode': 'auto', 'requested_lens_position': 1.82, 'requested_white_balance_enabled': False, 'requested_exposure_enabled': False, 'requested_image_processing_enabled': False}
[DEBUG] Running native capture command attempt 1/4: /usr/bin/rpicam-still -n --timeout 2000 --width 4608 --height 2592 --quality 95 --metadata /home/pi/BM_Devel_Pi/images/2026-10-08T11:00:39Z_image_native_full.metadata.json --autofocus-mode auto --lens-position 1.82 -o /home/pi/BM_Devel_Pi/images/2026-10-08T11:00:39Z_image_native_full.jpg
[NET] 2026-10-08T11:00:44Z client WiFi UP: profile=nereus-hq
[DEBUG] Native capture completed: output=/home/pi/BM_Devel_Pi/images/2026-10-08T11:00:39Z_image_native_full.jpg, bytes=1730330, duration_sec=5.07, attempt=1/4
[RC] native ready: /home/pi/BM_Devel_Pi/images/2026-10-08T11:00:39Z_image_native_full.jpg (1730330 B, elapsed=15.8s)
[RC] source prepared: 1000x562 (elapsed=17.0s)
[RC] attempt q90: 30646 B, 107 msgs, over_cap=False, budget_fit=True
[RC] selection: quality=90 attempts=1 fits=True reason=fit
[RC] final JPEG: /home/pi/BM_Devel_Pi/images/2026-10-08T11:00:39Z_image_compressed.jpg (30646 B, 107 msgs, sha256=5d5a4461f8b5c09b...)
[HEAL] wake plan: 7 pending heal(s), 36 chunk(s) this wake (cap 40)
[KEY] media key 0efd92 from Spotter UTC 2026-10-08T11:00:38.433000+00:00 (spotter)
[KEY] pruned 8 sent file(s) older than 14 d (by key time) from /home/pi/BM_Devel_Pi/sent
[KEY] sent record: /home/pi/BM_Devel_Pi/sent/2026-10-08T11:00:39Z_image_compressed.sent.json (107 msgs, chunks <I0efd92.n/107>)
[DEBUG] Runtime BM transfer settings: network=0x02 cellular-only; image_buffer_size=384; image_transmit_delay_seconds=1.0
[BOOT] transmit_start uptime_s=38.29
[HEAL] sent 36 heal chunk(s) before START: 0ef24u:[34, 40, 41, 42, 43, 44, 45, 46, 47, 48, 49, 149], 0eetsw:[18], 0eer0x:[12, 139, 185], 0eeo8y:[77, 78, 79, 80, 81, 82, 83, 174, 175, 176, 177], 0eelgy:[168, 169, 170, 171, 172, 173, 174], 0eefx0:[138], 0edtou:[33]
[HEAL] pending after this wake: none
[RC] transmit done: sent=107/107 complete=True incomplete_emitted=False uart=110.0s
[DEBUG] Raw image size: 1730330 bytes
[DEBUG] Image quality: 90
[DEBUG] Compressed image size: 30646 bytes
[DEBUG] Buffers: 107
[DEBUG] Execution Time: 2.75 min
[DEBUG] Within Window: True
[DEBUG] CPU Temp: 24.60°C
[DEBUG]  
[DEBUG]  
[DEBUG]  
[CMD] rsd id=100223 key=0ef4wu n=10: accepted
[CMD] rsd id=100223 key=0eeioz n=12: accepted
[CMD] rsd id=100223 key=0eed50 n=7: accepted
[CMD] rsd id=100223 key=0eead1 n=11: accepted
[CMD] applied id=100223 rsd: rsd: 4 heal(s) queued (<HL> reports each)
[CMD] applied id=1000161 set: camera.image_processing.contrast: 1.1 -> 1.0 (next action)
[CMD] console: 2 line(s) sent, 0 queued
[CMD] ack sent: {"id":1000161,"ok":1,"h":"28527962"}
[CMD] ack sent: <CF v=1 h=28527962 camera.image_processing.contrast=1.0@c1000161>
[HEAL] status: <HL v=1 key=0ef24u a=sent n=12 r=ok id=100222 w=0efd92>
[HEAL] status: <HL v=1 key=0eetsw a=sent n=1 r=ok id=100222 w=0efd92>
[HEAL] status: <HL v=1 key=0eer0x a=sent n=3 r=ok id=100222 w=0efd92>
[HEAL] status: <HL v=1 key=0eeo8y a=sent n=11 r=ok id=100222 w=0efd92>
[HEAL] status: <HL v=1 key=0eelgy a=sent n=7 r=ok id=100222 w=0efd92>
[HEAL] status: <HL v=1 key=0eefx0 a=sent n=1 r=ok id=100222 w=0efd92>
[HEAL] status: <HL v=1 key=0edtou a=sent n=1 r=ok id=100222 w=0efd92>
[HEAL] status: <HL v=1 key=0ef4wu a=requested n=10 r=ok id=100223 w=0efd92>
[HEAL] status: <HL v=1 key=0eeioz a=requested n=12 r=ok id=100223 w=0efd92>
[HEAL] status: <HL v=1 key=0eed50 a=requested n=7 r=ok id=100223 w=0efd92>
[HEAL] status: <HL v=1 key=0eead1 a=requested n=11 r=ok id=100223 w=0efd92>
[CMD] post-transmit listen window: 150s
[CMD] post-transmit listen window done: 0 command(s) processed, 0 ack(s) still queued
[SUP] staying awake 133s (hld=False, keep-alive after a command)
[SUP] action: media=still stage=None sent=107/107 elapsed=460.0s
[CMD] stopped: applied=2 dup=0 rejected=0 unackable=0 acks=2 frames=2 sig_hits=3 crc_scan_fail=0 bad_start=0 read_err=0
[BOOT] halt uptime_s=480.33
[RC][halt] executing: sudo -n /bin/bash /home/pi/BM_Devel_Pi/tuned_halt.sh (SSH/process death after this is SUCCESS)
