LOG cron_logs/rc_cycle_20261008T060217Z.log
c8bea4de50a8

============================================================
[RC-CRON] Sprint08 progressive-JPEG RC cycle starting
[RC-CRON] start_utc=2026-10-08T06:02:17+00:00
[RC-CRON] uptime_s=17.73
[RC-CRON] user=pi
[RC-CRON] hostname=bmcam003
[RC-CRON] app_dir=/home/pi/BM_Devel_Pi
[RC-CRON] log_file=/home/pi/BM_Devel_Pi/cron_logs/rc_cycle_20261008T060217Z.log
[RC-CRON] disk: /dev/mmcblk0p2  115G   87G   24G  79% /
[RC-CRON] images_dir: 668M
[RC-CRON] running RC capture/transmit cycle (halt at end per power_halt YAML)...
[BOOT] main_entry uptime_s=19.54
[CFG] config v2 /home/pi/BM_Devel_Pi/camera_config.yaml media=still hash=4977d70a hv=1 registry=v8 overlay=0 key(s)
[CFG] legacy runtime reads the v1 render /dev/shm/bmcam/camera_schedule.yaml (level=v2)
[CFG] last-known-good saved /home/pi/BM_Devel_Pi/camera_config.lkg.json
[CFG] supervisor runs the effective config: base ⊕ 0 overlay key(s) hash=4977d70a (render /dev/shm/bmcam/camera_schedule.yaml)
[GUARD] boot 160: 0 guarded key(s) pending
[RUNTIME] supervisor (source=config (v2))
[CMD] bm_commands enabled: topic=bmcam/cmd tail=150.0s defer_acks=False state=/home/pi/BM_Devel_Pi/bm_command_state_v2.json (loaded from file)
[NET] network island: default=nereus_hq ap_fallback_s=90 ap_timeout_min=60
[NET] applying boot default: sudo -n /home/pi/BM_Devel_Pi/network_ap.sh default nereus_hq 90
[RC] Sprint08 progressive-JPEG RC — resolved settings
[RC] config_path=/dev/shm/bmcam/camera_schedule.yaml
[RC] capture_mode=progressive_jpeg (RC path selected)
[RC] quality ladder (explicit): q_max=90 q_min=9 -> [90, 80, 70, 60, 50, 40, 30, 25, 20, 15, 13, 11, 9]
[RC] cycle budget: max_run_time_min=8 (480 s)
[RC] message cap: 195 msgs (field-tested hard cap)
[RC] pacing (bm_serial block, source=yaml): chunk_b64_chars=384 delay_s=1.0
[RC] derived (informational): transmit-only budget holds 480 paced msgs; M1 owns real accounting
[RC] power_halt: enabled=True dry_run=False mode=halt script=/home/pi/BM_Devel_Pi/tuned_halt.sh source=yaml
[RC] schedule: window=00:00-00:00 tz=America/Los_Angeles source=yaml
[RC] transmit_phase (C2): OFF (unscheduled transmit)
[RC] geometry (native coords, frozen): crop_xywh=(1504, 846, 1600, 900) output=1000x562 backend=rpicam
[SUP] per_boot: media=still transmit=True
[CMD] shared UART open: /dev/ttyAMA0@115200 (single port owner)
[CMD] subscribed topic=bmcam/cmd frame_bytes=17
[CMD] reader thread started
[BOOT] cmd_subscribed uptime_s=20.67
[RC] cycle start: budget=480s pacing=1.0s/msg
[CMD] time-sync subscribe sent; waiting up to 60s (fresh read)
[CMD] spotter UTC decoded: 2026-10-08T07:00:30.964000+00:00
Thu  8 Oct 07:00:30 UTC 2026
[BOOT] spotter_utc_read uptime_s=21.76
[RC] schedule gate: Within transmit window 00:00-00:00 America/Los_Angeles; local_time=2026-10-08T00:00:30.964000-07:00
[STORE] over limit: used=75.0% (cap 75%) free=23.97GiB (floor 10GiB) — pruning old stills
[STORE] pruned {'natives': 7}, freed 14.4 MB; used 75.0% -> 75.0%
[DEBUG] Sent compact telemetry message (132 bytes): <WS v=1 a=cap cfg=4977d70a up=2 tz=America/Los_Angeles lt=na ws=0000 we=0000 rk=1000x562 q=90 ct=26.8 sha=c8bea4de50a8 hn=bmcam003>
[DEBUG] Applying requested focus camera controls: args=--autofocus-mode auto --lens-position 1.82; requested={'camera_control_source': 'image_pipeline.camera_controls', 'camera_controls_enabled': True, 'requested_focus_enabled': True, 'requested_focus_mode': 'auto', 'requested_lens_position': 1.82, 'requested_white_balance_enabled': False, 'requested_exposure_enabled': False, 'requested_image_processing_enabled': False}
[DEBUG] Running native capture command attempt 1/4: /usr/bin/rpicam-still -n --timeout 2000 --width 4608 --height 2592 --quality 95 --metadata /home/pi/BM_Devel_Pi/images/2026-10-08T07:00:31Z_image_native_full.metadata.json --autofocus-mode auto --lens-position 1.82 -o /home/pi/BM_Devel_Pi/images/2026-10-08T07:00:31Z_image_native_full.jpg
[DEBUG] Native capture completed: output=/home/pi/BM_Devel_Pi/images/2026-10-08T07:00:31Z_image_native_full.jpg, bytes=2042440, duration_sec=4.45, attempt=1/4
[RC] native ready: /home/pi/BM_Devel_Pi/images/2026-10-08T07:00:31Z_image_native_full.jpg (2042440 B, elapsed=7.1s)
[RC] source prepared: 1000x562 (elapsed=8.3s)
[RC] attempt q90: 47276 B, 165 msgs, over_cap=False, budget_fit=True
[RC] selection: quality=90 attempts=1 fits=True reason=fit
[RC] final JPEG: /home/pi/BM_Devel_Pi/images/2026-10-08T07:00:31Z_image_compressed.jpg (47276 B, 165 msgs, sha256=af1ecb0050efb3f3...)
[HEAL] wake plan: 0 pending heal(s), 0 chunk(s) this wake (cap 40)
[KEY] media key 0ef24u from Spotter UTC 2026-10-08T07:00:30.964000+00:00 (spotter)
[KEY] pruned 8 sent file(s) older than 14 d (by key time) from /home/pi/BM_Devel_Pi/sent
[KEY] sent record: /home/pi/BM_Devel_Pi/sent/2026-10-08T07:00:31Z_image_compressed.sent.json (165 msgs, chunks <I0ef24u.n/165>)
[DEBUG] Runtime BM transfer settings: network=0x02 cellular-only; image_buffer_size=384; image_transmit_delay_seconds=1.0
[BOOT] transmit_start uptime_s=29.65
[NET] 2026-10-08T07:00:44Z client WiFi UP: profile=nereus-hq
[RC] transmit done: sent=165/165 complete=True incomplete_emitted=False uart=169.1s
[DEBUG] Raw image size: 2042440 bytes
[DEBUG] Image quality: 90
[DEBUG] Compressed image size: 47276 bytes
[DEBUG] Buffers: 165
[DEBUG] Execution Time: 2.97 min
[DEBUG] Within Window: True
[DEBUG] CPU Temp: 24.10°C
[DEBUG]  
[DEBUG]  
[DEBUG]  
[CMD] post-transmit listen window: 150s
