LOG cron_logs/rc_cycle_20261008T170832Z.log
c8bea4de50a8

============================================================
[RC-CRON] Sprint08 progressive-JPEG RC cycle starting
[RC-CRON] start_utc=2026-10-08T17:08:32+00:00
[RC-CRON] uptime_s=17.71
[RC-CRON] user=pi
[RC-CRON] hostname=bmcam003
[RC-CRON] app_dir=/home/pi/BM_Devel_Pi
[RC-CRON] log_file=/home/pi/BM_Devel_Pi/cron_logs/rc_cycle_20261008T170832Z.log
[RC-CRON] disk: /dev/mmcblk0p2  115G   87G   24G  79% /
[RC-CRON] images_dir: 658M
[RC-CRON] running RC capture/transmit cycle (halt at end per power_halt YAML)...
[BOOT] main_entry uptime_s=19.51
[CFG] config v2 /home/pi/BM_Devel_Pi/camera_config.yaml media=still hash=28527962 hv=1 registry=v8 overlay=1 key(s)
[CFG] legacy runtime reads the v1 render /dev/shm/bmcam/camera_schedule.yaml (level=v2)
[CFG] supervisor runs the effective config: base ⊕ 1 overlay key(s) hash=28527962 (render /dev/shm/bmcam/camera_schedule.yaml)
[GUARD] boot 171: 0 guarded key(s) pending
[RUNTIME] supervisor (source=config (v2))
[CMD] bm_commands enabled: topic=bmcam/cmd tail=150.0s defer_acks=False state=/home/pi/BM_Devel_Pi/bm_command_state_v2.json (loaded from file)
[NET] network island: default=nereus_hq ap_fallback_s=90 ap_timeout_min=60
[NET] applying boot default: sudo -n /home/pi/BM_Devel_Pi/network_ap.sh default nereus_hq 90
[RC] Sprint08 progressive-JPEG RC — resolved settings
[RC] config_path=/dev/shm/bmcam/camera_schedule.yaml
[RC] capture_mode=progressive_jpeg (RC path selected)
[RC] quality ladder (explicit): q_max=90 q_min=9 -> [90, 80, 70, 60, 50, 40, 30, 25, 20, 15, 13, 11, 9]
[RC] cycle budget: max_run_time_min=8 (480 s)
[RC] message cap: 195 msgs (field-tested hard cap)
[RC] pacing (bm_serial block, source=yaml): chunk_b64_chars=384 delay_s=1.0
[RC] derived (informational): transmit-only budget holds 480 paced msgs; M1 owns real accounting
[RC] power_halt: enabled=True dry_run=False mode=halt script=/home/pi/BM_Devel_Pi/tuned_halt.sh source=yaml
[RC] schedule: window=00:00-00:00 tz=America/Los_Angeles source=yaml
[RC] transmit_phase (C2): OFF (unscheduled transmit)
[RC] geometry (native coords, frozen): crop_xywh=(1504, 846, 1600, 900) output=1000x562 backend=rpicam
[SUP] per_boot: media=still transmit=True
[CMD] shared UART open: /dev/ttyAMA0@115200 (single port owner)
[CMD] subscribed topic=bmcam/cmd frame_bytes=17
[CMD] reader thread started
[BOOT] cmd_subscribed uptime_s=20.37
[RC] cycle start: budget=480s pacing=1.0s/msg
[CMD] time-sync subscribe sent; waiting up to 60s (fresh read)
[CMD] spotter UTC decoded: 2026-10-08T18:00:34.089000+00:00
Thu  8 Oct 18:00:34 UTC 2026
[BOOT] spotter_utc_read uptime_s=25.56
[CMD] ack re-send: 1 answer(s) from the last boots as d:1 (ids [1000163]; 1 paced msg(s) from the wake budget)
[CMD] ack re-sent: {"id":1000163,"ok":1,"h":"28527962","d":1}
[RC] schedule gate: Within transmit window 00:00-00:00 America/Los_Angeles; local_time=2026-10-08T11:00:34.089000-07:00
[STORE] over limit: used=75.0% (cap 75%) free=23.98GiB (floor 10GiB) — pruning old stills
[STORE] pruned {'natives': 2}, freed 2.8 MB; used 75.0% -> 75.0%
[DEBUG] Sent compact telemetry message (132 bytes): <WS v=1 a=cap cfg=28527962 up=6 tz=America/Los_Angeles lt=na ws=0000 we=0000 rk=1000x562 q=90 ct=32.2 sha=c8bea4de50a8 hn=bmcam003>
[DEBUG] Applying requested focus camera controls: args=--autofocus-mode auto --lens-position 1.82; requested={'camera_control_source': 'image_pipeline.camera_controls', 'camera_controls_enabled': True, 'requested_focus_enabled': True, 'requested_focus_mode': 'auto', 'requested_lens_position': 1.82, 'requested_white_balance_enabled': False, 'requested_exposure_enabled': False, 'requested_image_processing_enabled': False}
[DEBUG] Running native capture command attempt 1/4: /usr/bin/rpicam-still -n --timeout 2000 --width 4608 --height 2592 --quality 95 --metadata /home/pi/BM_Devel_Pi/images/2026-10-08T18:00:35Z_image_native_full.metadata.json --autofocus-mode auto --lens-position 1.82 -o /home/pi/BM_Devel_Pi/images/2026-10-08T18:00:35Z_image_native_full.jpg
[DEBUG] Native capture completed: output=/home/pi/BM_Devel_Pi/images/2026-10-08T18:00:35Z_image_native_full.jpg, bytes=3017928, duration_sec=4.24, attempt=1/4
[RC] native ready: /home/pi/BM_Devel_Pi/images/2026-10-08T18:00:35Z_image_native_full.jpg (3017928 B, elapsed=11.0s)
[RC] source prepared: 1000x562 (elapsed=12.4s)
[RC] attempt q90: 130721 B, 454 msgs, over_cap=True, budget_fit=True
[RC] attempt q80: 92672 B, 322 msgs, over_cap=True, budget_fit=True
[RC] attempt q70: 75284 B, 262 msgs, over_cap=True, budget_fit=True
[RC] attempt q60: 64291 B, 224 msgs, over_cap=True, budget_fit=True
[RC] attempt q50: 56913 B, 198 msgs, over_cap=True, budget_fit=True
[RC] attempt q40: 49987 B, 174 msgs, over_cap=False, budget_fit=True
[RC] selection: quality=40 attempts=6 fits=True reason=fit
[RC] final JPEG: /home/pi/BM_Devel_Pi/images/2026-10-08T18:00:35Z_image_compressed.jpg (49987 B, 174 msgs, sha256=6176b0f18e77d34b...)
[HEAL] wake plan: 1 pending heal(s), 29 chunk(s) this wake (cap 40)
[KEY] media key 0efwoy from Spotter UTC 2026-10-08T18:00:34.089000+00:00 (spotter)
[KEY] pruned 8 sent file(s) older than 14 d (by key time) from /home/pi/BM_Devel_Pi/sent
[KEY] sent record: /home/pi/BM_Devel_Pi/sent/2026-10-08T18:00:35Z_image_compressed.sent.json (174 msgs, chunks <I0efwoy.n/174>)
[DEBUG] Runtime BM transfer settings: network=0x02 cellular-only; image_buffer_size=384; image_transmit_delay_seconds=1.0
[BOOT] transmit_start uptime_s=33.68
[NET] 2026-10-08T18:00:48Z client WiFi UP: profile=nereus-hq
[HEAL] sent 29 heal chunk(s) before START: 0efll0:[0, 1, 2, 3, 4, 5, 6, 7, 75, 76, 77, 78, 79, 80, 81, 82, 83, 84, 147, 155, 156, 157, 158, 159, 160, 161, 162, 163, 164]
[HEAL] pending after this wake: none
[RC] transmit done: sent=174/174 complete=True incomplete_emitted=False uart=178.3s
[DEBUG] Raw image size: 3017928 bytes
[DEBUG] Image quality: 40
[DEBUG] Compressed image size: 49987 bytes
[DEBUG] Buffers: 174
[DEBUG] Execution Time: 3.69 min
[DEBUG] Within Window: True
[DEBUG] CPU Temp: 30.00°C
[DEBUG]  
[DEBUG]  
[DEBUG]  
[CMD] rsd id=100230 key=0efr4z n=20: accepted
[CMD] rsd id=100230 key=0efocz n=6: accepted
[CMD] rsd id=100230 key=0efg11 n=10: accepted
[CMD] rsd id=100230 key=0ee4t2 n=3: accepted
[CMD] applied id=100230 rsd: rsd: 4 heal(s) queued (<HL> reports each)
[CMD] console: 1 line(s) sent, 0 queued
[HEAL] status: <HL v=1 key=0efll0 a=sent n=29 r=ok id=100229 w=0efwoy>
[HEAL] status: <HL v=1 key=0efr4z a=requested n=20 r=ok id=100230 w=0efwoy>
[HEAL] status: <HL v=1 key=0efocz a=requested n=6 r=ok id=100230 w=0efwoy>
[HEAL] status: <HL v=1 key=0efg11 a=requested n=10 r=ok id=100230 w=0efwoy>
[HEAL] status: <HL v=1 key=0ee4t2 a=requested n=3 r=ok id=100230 w=0efwoy>
[CMD] post-transmit listen window: 150s
[CMD] post-transmit listen window done: 0 command(s) processed, 0 ack(s) still queued
[SUP] staying awake 83s (hld=False, keep-alive after a command)
[SUP] action: media=still stage=None sent=174/174 elapsed=460.1s
[CMD] stopped: applied=1 dup=0 rejected=0 unackable=0 acks=0 frames=1 sig_hits=1 crc_scan_fail=0 bad_start=0 read_err=0
[BOOT] halt uptime_s=480.32
[RC][halt] executing: sudo -n /bin/bash /home/pi/BM_Devel_Pi/tuned_halt.sh (SSH/process death after this is SUCCESS)
