LOG cron_logs/rc_cycle_20261008T070621Z.log
c8bea4de50a8

============================================================
[RC-CRON] Sprint08 progressive-JPEG RC cycle starting
[RC-CRON] start_utc=2026-10-08T07:06:21+00:00
[RC-CRON] uptime_s=17.74
[RC-CRON] user=pi
[RC-CRON] hostname=bmcam003
[RC-CRON] app_dir=/home/pi/BM_Devel_Pi
[RC-CRON] log_file=/home/pi/BM_Devel_Pi/cron_logs/rc_cycle_20261008T070621Z.log
[RC-CRON] disk: /dev/mmcblk0p2  115G   87G   24G  79% /
[RC-CRON] images_dir: 657M
[RC-CRON] running RC capture/transmit cycle (halt at end per power_halt YAML)...
[BOOT] main_entry uptime_s=19.53
[CFG] config v2 /home/pi/BM_Devel_Pi/camera_config.yaml media=still hash=4977d70a hv=1 registry=v8 overlay=0 key(s)
[CFG] legacy runtime reads the v1 render /dev/shm/bmcam/camera_schedule.yaml (level=v2)
[CFG] supervisor runs the effective config: base ⊕ 0 overlay key(s) hash=4977d70a (render /dev/shm/bmcam/camera_schedule.yaml)
[GUARD] boot 161: 0 guarded key(s) pending
[RUNTIME] supervisor (source=config (v2))
[CMD] bm_commands enabled: topic=bmcam/cmd tail=150.0s defer_acks=False state=/home/pi/BM_Devel_Pi/bm_command_state_v2.json (loaded from file)
[NET] network island: default=nereus_hq ap_fallback_s=90 ap_timeout_min=60
[NET] applying boot default: sudo -n /home/pi/BM_Devel_Pi/network_ap.sh default nereus_hq 90
[RC] Sprint08 progressive-JPEG RC — resolved settings
[RC] config_path=/dev/shm/bmcam/camera_schedule.yaml
[RC] capture_mode=progressive_jpeg (RC path selected)
[RC] quality ladder (explicit): q_max=90 q_min=9 -> [90, 80, 70, 60, 50, 40, 30, 25, 20, 15, 13, 11, 9]
[RC] cycle budget: max_run_time_min=8 (480 s)
[RC] message cap: 195 msgs (field-tested hard cap)
[RC] pacing (bm_serial block, source=yaml): chunk_b64_chars=384 delay_s=1.0
[RC] derived (informational): transmit-only budget holds 480 paced msgs; M1 owns real accounting
[RC] power_halt: enabled=True dry_run=False mode=halt script=/home/pi/BM_Devel_Pi/tuned_halt.sh source=yaml
[RC] schedule: window=00:00-00:00 tz=America/Los_Angeles source=yaml
[RC] transmit_phase (C2): OFF (unscheduled transmit)
[RC] geometry (native coords, frozen): crop_xywh=(1504, 846, 1600, 900) output=1000x562 backend=rpicam
[SUP] per_boot: media=still transmit=True
[CMD] shared UART open: /dev/ttyAMA0@115200 (single port owner)
[CMD] subscribed topic=bmcam/cmd frame_bytes=17
[CMD] reader thread started
[BOOT] cmd_subscribed uptime_s=20.37
[RC] cycle start: budget=480s pacing=1.0s/msg
[CMD] time-sync subscribe sent; waiting up to 60s (fresh read)
[CMD] spotter UTC decoded: 2026-10-08T08:00:30.320000+00:00
Thu  8 Oct 08:00:30 UTC 2026
[BOOT] spotter_utc_read uptime_s=21.15
[RC] schedule gate: Within transmit window 00:00-00:00 America/Los_Angeles; local_time=2026-10-08T01:00:30.320000-07:00
[STORE] over limit: used=75.0% (cap 75%) free=23.98GiB (floor 10GiB) — pruning old stills
[STORE] pruned {'natives': 1}, freed 2.4 MB; used 75.0% -> 75.0%
[DEBUG] Sent compact telemetry message (132 bytes): <WS v=1 a=cap cfg=4977d70a up=1 tz=America/Los_Angeles lt=na ws=0000 we=0000 rk=1000x562 q=90 ct=26.8 sha=c8bea4de50a8 hn=bmcam003>
[DEBUG] Applying requested focus camera controls: args=--autofocus-mode auto --lens-position 1.82; requested={'camera_control_source': 'image_pipeline.camera_controls', 'camera_controls_enabled': True, 'requested_focus_enabled': True, 'requested_focus_mode': 'auto', 'requested_lens_position': 1.82, 'requested_white_balance_enabled': False, 'requested_exposure_enabled': False, 'requested_image_processing_enabled': False}
[DEBUG] Running native capture command attempt 1/4: /usr/bin/rpicam-still -n --timeout 2000 --width 4608 --height 2592 --quality 95 --metadata /home/pi/BM_Devel_Pi/images/2026-10-08T08:00:31Z_image_native_full.metadata.json --autofocus-mode auto --lens-position 1.82 -o /home/pi/BM_Devel_Pi/images/2026-10-08T08:00:31Z_image_native_full.jpg
[DEBUG] Native capture completed: output=/home/pi/BM_Devel_Pi/images/2026-10-08T08:00:31Z_image_native_full.jpg, bytes=1724563, duration_sec=4.34, attempt=1/4
[RC] native ready: /home/pi/BM_Devel_Pi/images/2026-10-08T08:00:31Z_image_native_full.jpg (1724563 B, elapsed=6.5s)
[RC] source prepared: 1000x562 (elapsed=7.8s)
[RC] attempt q90: 31214 B, 109 msgs, over_cap=False, budget_fit=True
[RC] selection: quality=90 attempts=1 fits=True reason=fit
[RC] final JPEG: /home/pi/BM_Devel_Pi/images/2026-10-08T08:00:31Z_image_compressed.jpg (31214 B, 109 msgs, sha256=1d860e5f2f1f836c...)
[HEAL] wake plan: 0 pending heal(s), 0 chunk(s) this wake (cap 40)
[KEY] media key 0ef4wu from Spotter UTC 2026-10-08T08:00:30.320000+00:00 (spotter)
[KEY] pruned 8 sent file(s) older than 14 d (by key time) from /home/pi/BM_Devel_Pi/sent
[KEY] sent record: /home/pi/BM_Devel_Pi/sent/2026-10-08T08:00:31Z_image_compressed.sent.json (109 msgs, chunks <I0ef4wu.n/109>)
[DEBUG] Runtime BM transfer settings: network=0x02 cellular-only; image_buffer_size=384; image_transmit_delay_seconds=1.0
[BOOT] transmit_start uptime_s=28.42
[NET] 2026-10-08T08:00:44Z client WiFi UP: profile=nereus-hq
[RC] transmit done: sent=109/109 complete=True incomplete_emitted=False uart=112.0s
[DEBUG] Raw image size: 1724563 bytes
[DEBUG] Image quality: 90
[DEBUG] Compressed image size: 31214 bytes
[DEBUG] Buffers: 109
[DEBUG] Execution Time: 2.00 min
[DEBUG] Within Window: True
[DEBUG] CPU Temp: 25.20°C
[DEBUG]  
[DEBUG]  
[DEBUG]  
[CMD] rsd id=100220 key=0eewkw n=40: accepted
[CMD] applied id=100220 rsd: rsd: 1 heal(s) queued (<HL> reports each)
[CMD] rsd id=100221 key=0eezcv n=40: accepted
[CMD] applied id=100221 rsd: rsd: 1 heal(s) queued (<HL> reports each)
[CMD] console: 2 line(s) sent, 0 queued
[HEAL] status: <HL v=1 key=0eewkw a=requested n=40 r=ok id=100220 w=0ef4wu>
[HEAL] status: <HL v=1 key=0eezcv a=requested n=40 r=ok id=100221 w=0ef4wu>
[CMD] post-transmit listen window: 150s
[CMD] post-transmit listen window done: 0 command(s) processed, 0 ack(s) still queued
[SUP] staying awake 148s (hld=False, keep-alive after a command)
[SUP] action: media=still stage=None sent=109/109 elapsed=420.5s
[CMD] stopped: applied=2 dup=0 rejected=0 unackable=0 acks=0 frames=2 sig_hits=2 crc_scan_fail=0 bad_start=0 read_err=0
[BOOT] halt uptime_s=440.77
[RC][halt] executing: sudo -n /bin/bash /home/pi/BM_Devel_Pi/tuned_halt.sh (SSH/process death after this is SUCCESS)
