LOG cron_logs/rc_cycle_20261008T140832Z.log
c8bea4de50a8

============================================================
[RC-CRON] Sprint08 progressive-JPEG RC cycle starting
[RC-CRON] start_utc=2026-10-08T14:08:32+00:00
[RC-CRON] uptime_s=17.62
[RC-CRON] user=pi
[RC-CRON] hostname=bmcam003
[RC-CRON] app_dir=/home/pi/BM_Devel_Pi
[RC-CRON] log_file=/home/pi/BM_Devel_Pi/cron_logs/rc_cycle_20261008T140832Z.log
[RC-CRON] disk: /dev/mmcblk0p2  115G   87G   24G  79% /
[RC-CRON] images_dir: 657M
[RC-CRON] running RC capture/transmit cycle (halt at end per power_halt YAML)...
[BOOT] main_entry uptime_s=19.42
[CFG] config v2 /home/pi/BM_Devel_Pi/camera_config.yaml media=still hash=bc8c7591 hv=1 registry=v8 overlay=1 key(s)
[CFG] legacy runtime reads the v1 render /dev/shm/bmcam/camera_schedule.yaml (level=v2)
[CFG] supervisor runs the effective config: base ⊕ 1 overlay key(s) hash=bc8c7591 (render /dev/shm/bmcam/camera_schedule.yaml)
[GUARD] boot 168: 0 guarded key(s) pending
[RUNTIME] supervisor (source=config (v2))
[CMD] bm_commands enabled: topic=bmcam/cmd tail=150.0s defer_acks=False state=/home/pi/BM_Devel_Pi/bm_command_state_v2.json (loaded from file)
[NET] network island: default=nereus_hq ap_fallback_s=90 ap_timeout_min=60
[NET] applying boot default: sudo -n /home/pi/BM_Devel_Pi/network_ap.sh default nereus_hq 90
[RC] Sprint08 progressive-JPEG RC — resolved settings
[RC] config_path=/dev/shm/bmcam/camera_schedule.yaml
[RC] capture_mode=progressive_jpeg (RC path selected)
[RC] quality ladder (explicit): q_max=90 q_min=9 -> [90, 80, 70, 60, 50, 40, 30, 25, 20, 15, 13, 11, 9]
[RC] cycle budget: max_run_time_min=8 (480 s)
[RC] message cap: 195 msgs (field-tested hard cap)
[RC] pacing (bm_serial block, source=yaml): chunk_b64_chars=384 delay_s=1.0
[RC] derived (informational): transmit-only budget holds 480 paced msgs; M1 owns real accounting
[RC] power_halt: enabled=True dry_run=False mode=halt script=/home/pi/BM_Devel_Pi/tuned_halt.sh source=yaml
[RC] schedule: window=00:00-00:00 tz=America/Los_Angeles source=yaml
[RC] transmit_phase (C2): OFF (unscheduled transmit)
[RC] geometry (native coords, frozen): crop_xywh=(1504, 846, 1600, 900) output=1000x562 backend=rpicam
[SUP] per_boot: media=still transmit=True
[CMD] shared UART open: /dev/ttyAMA0@115200 (single port owner)
[CMD] subscribed topic=bmcam/cmd frame_bytes=17
[CMD] reader thread started
[BOOT] cmd_subscribed uptime_s=20.27
[RC] cycle start: budget=480s pacing=1.0s/msg
[CMD] time-sync subscribe sent; waiting up to 60s (fresh read)
[CMD] spotter UTC decoded: 2026-10-08T15:00:35.917000+00:00
Thu  8 Oct 15:00:35 UTC 2026
[BOOT] spotter_utc_read uptime_s=27.06
[CMD] ack re-send: 1 answer(s) from the last boots as d:1 (ids [1000162]; 1 paced msg(s) from the wake budget)
[CMD] ack re-sent: {"id":1000162,"ok":1,"h":"bc8c7591","d":1}
[RC] schedule gate: Within transmit window 00:00-00:00 America/Los_Angeles; local_time=2026-10-08T08:00:35.917000-07:00
[STORE] over limit: used=75.0% (cap 75%) free=23.98GiB (floor 10GiB) — pruning old stills
[STORE] pruned {'natives': 1}, freed 1.4 MB; used 75.0% -> 75.0%
[DEBUG] Sent compact telemetry message (132 bytes): <WS v=1 a=cap cfg=bc8c7591 up=7 tz=America/Los_Angeles lt=na ws=0000 we=0000 rk=1000x562 q=90 ct=26.3 sha=c8bea4de50a8 hn=bmcam003>
[DEBUG] Applying requested focus camera controls: args=--autofocus-mode auto --lens-position 1.82; requested={'camera_control_source': 'image_pipeline.camera_controls', 'camera_controls_enabled': True, 'requested_focus_enabled': True, 'requested_focus_mode': 'auto', 'requested_lens_position': 1.82, 'requested_white_balance_enabled': False, 'requested_exposure_enabled': False, 'requested_image_processing_enabled': False}
[DEBUG] Running native capture command attempt 1/4: /usr/bin/rpicam-still -n --timeout 2000 --width 4608 --height 2592 --quality 95 --metadata /home/pi/BM_Devel_Pi/images/2026-10-08T15:00:36Z_image_native_full.metadata.json --autofocus-mode auto --lens-position 1.82 -o /home/pi/BM_Devel_Pi/images/2026-10-08T15:00:36Z_image_native_full.jpg
[DEBUG] Native capture completed: output=/home/pi/BM_Devel_Pi/images/2026-10-08T15:00:36Z_image_native_full.jpg, bytes=2686718, duration_sec=4.39, attempt=1/4
[RC] native ready: /home/pi/BM_Devel_Pi/images/2026-10-08T15:00:36Z_image_native_full.jpg (2686718 B, elapsed=12.6s)
[RC] source prepared: 1000x562 (elapsed=14.3s)
[RC] attempt q90: 148693 B, 517 msgs, over_cap=True, budget_fit=False
[RC] attempt q80: 103829 B, 361 msgs, over_cap=True, budget_fit=True
[RC] attempt q70: 83851 B, 292 msgs, over_cap=True, budget_fit=True
[RC] attempt q60: 70986 B, 247 msgs, over_cap=True, budget_fit=True
[RC] attempt q50: 62153 B, 216 msgs, over_cap=True, budget_fit=True
[RC] attempt q40: 53868 B, 188 msgs, over_cap=False, budget_fit=True
[RC] selection: quality=40 attempts=6 fits=True reason=fit
[RC] final JPEG: /home/pi/BM_Devel_Pi/images/2026-10-08T15:00:36Z_image_compressed.jpg (53868 B, 188 msgs, sha256=6b396aedabf400c7...)
[NET] 2026-10-08T15:00:43Z client WiFi UP: profile=nereus-hq
[HEAL] wake plan: 4 pending heal(s), 36 chunk(s) this wake (cap 40)
[KEY] media key 0efocz from Spotter UTC 2026-10-08T15:00:35.917000+00:00 (spotter)
[KEY] pruned 8 sent file(s) older than 14 d (by key time) from /home/pi/BM_Devel_Pi/sent
[KEY] sent record: /home/pi/BM_Devel_Pi/sent/2026-10-08T15:00:36Z_image_compressed.sent.json (188 msgs, chunks <I0efocz.n/188>)
[DEBUG] Runtime BM transfer settings: network=0x02 cellular-only; image_buffer_size=384; image_transmit_delay_seconds=1.0
[BOOT] transmit_start uptime_s=36.59
[HEAL] sent 36 heal chunk(s) before START: 0efd92:[105, 106], 0ef7ot:[4, 78], 0ee7l1:[7, 8, 9, 10, 11, 12, 13, 14, 15, 16, 87], 0ee4t2:[4, 5, 6, 7, 8, 9, 10, 11, 12, 13, 24, 115, 116, 117, 118, 119, 120, 121, 122, 123, 124]
[HEAL] pending after this wake: none
[RC] transmit done: sent=188/188 complete=True incomplete_emitted=False uart=192.5s
[DEBUG] Raw image size: 2686718 bytes
[DEBUG] Image quality: 40
[DEBUG] Compressed image size: 53868 bytes
[DEBUG] Buffers: 188
[DEBUG] Execution Time: 4.09 min
[DEBUG] Within Window: True
[DEBUG] CPU Temp: 24.60°C
[DEBUG]  
[DEBUG]  
[DEBUG]  
[CMD] rsd id=100227 key=0efg11 n=20: accepted
[CMD] rsd id=100227 key=0efah3 n=11: accepted
[CMD] applied id=100227 rsd: rsd: 2 heal(s) queued (<HL> reports each)
[CMD] console: 1 line(s) sent, 0 queued
[HEAL] status: <HL v=1 key=0efd92 a=sent n=2 r=ok id=100226 w=0efocz>
[HEAL] status: <HL v=1 key=0ef7ot a=sent n=2 r=ok id=100226 w=0efocz>
[HEAL] status: <HL v=1 key=0ee7l1 a=sent n=11 r=ok id=100226 w=0efocz>
[HEAL] status: <HL v=1 key=0ee4t2 a=sent n=21 r=ok id=100226 w=0efocz>
[HEAL] status: <HL v=1 key=0efg11 a=requested n=20 r=ok id=100227 w=0efocz>
[HEAL] status: <HL v=1 key=0efah3 a=requested n=11 r=ok id=100227 w=0efocz>
[CMD] post-transmit listen window: 150s
[CMD] post-transmit listen window done: 0 command(s) processed, 0 ack(s) still queued
[SUP] staying awake 58s (hld=False, keep-alive after a command)
[SUP] action: media=still stage=None sent=188/188 elapsed=460.0s
[CMD] stopped: applied=1 dup=0 rejected=0 unackable=0 acks=0 frames=1 sig_hits=1 crc_scan_fail=0 bad_start=0 read_err=0
[BOOT] halt uptime_s=480.28
[RC][halt] executing: sudo -n /bin/bash /home/pi/BM_Devel_Pi/tuned_halt.sh (SSH/process death after this is SUCCESS)
